
> medical-claims-timeline-viewer@0.0.1 test
> vitest run

[33mThe CJS build of Vite's Node API is deprecated. See https://vite.dev/guide/troubleshooting.html#vite-cjs-node-api-deprecated for more details.[39m

 RUN  v1.6.1 /home/pk/git/vscode-json-viewer

stdout | src/webview-communication-comprehensive.test.ts > Comprehensive Webview Communication Tests - Requirement 2.4 > Message Protocol Implementation > should handle ready message and send initial data
=== DIAGNOSTIC: TimelineRenderer.createPanel started ===

stdout | src/webview-communication-comprehensive.test.ts > Comprehensive Webview Communication Tests - Requirement 2.4 > Message Protocol Implementation > should handle claim selection with valid ID
=== DIAGNOSTIC: TimelineRenderer.createPanel started ===

stdout | src/webview-communication-comprehensive.test.ts > Comprehensive Webview Communication Tests - Requirement 2.4 > Message Protocol Implementation > should handle claim selection with invalid ID
=== DIAGNOSTIC: TimelineRenderer.createPanel started ===

stdout | src/webview-communication-comprehensive.test.ts > Comprehensive Webview Communication Tests - Requirement 2.4 > Message Protocol Implementation > should handle error messages from webview
=== DIAGNOSTIC: TimelineRenderer.createPanel started ===

stderr | src/webview-communication-comprehensive.test.ts > Comprehensive Webview Communication Tests - Requirement 2.4 > Message Protocol Implementation > should handle error messages from webview
Webview error: {
  message: 'D3.js failed to render timeline',
  type: 'RENDER_ERROR',
  details: { error: 'SVG element not found' }
}

stdout | src/webview-communication-comprehensive.test.ts > Comprehensive Webview Communication Tests - Requirement 2.4 > Message Protocol Implementation > should handle unknown message commands gracefully
=== DIAGNOSTIC: TimelineRenderer.createPanel started ===

stderr | src/webview-communication-comprehensive.test.ts > Comprehensive Webview Communication Tests - Requirement 2.4 > Message Protocol Implementation > should handle unknown message commands gracefully
Unknown message command: unknown
Unknown message command: invalid
Unknown message command: custom

stdout | src/webview-communication-comprehensive.test.ts > Comprehensive Webview Communication Tests - Requirement 2.4 > Message Protocol Implementation > should handle malformed messages safely
=== DIAGNOSTIC: TimelineRenderer.createPanel started ===

stderr | src/webview-communication-comprehensive.test.ts > Comprehensive Webview Communication Tests - Requirement 2.4 > Message Protocol Implementation > should handle malformed messages safely
Unknown message command: undefined
Unknown message command: undefined
Unknown message command: test

stdout | src/webview-communication-comprehensive.test.ts > Comprehensive Webview Communication Tests - Requirement 2.4 > Message Protocol Implementation > should handle multiple rapid messages
=== DIAGNOSTIC: TimelineRenderer.createPanel started ===

stdout | src/webview-communication-comprehensive.test.ts > Comprehensive Webview Communication Tests - Requirement 2.4 > Data Serialization and Communication > should serialize dates to ISO strings for webview
=== DIAGNOSTIC: TimelineRenderer.createPanel started ===

stdout | src/webview-communication-comprehensive.test.ts > Comprehensive Webview Communication Tests - Requirement 2.4 > Data Serialization and Communication > should preserve all claim properties during serialization
=== DIAGNOSTIC: TimelineRenderer.createPanel started ===

 ✓ src/error-handling-fallback.test.ts  (27 tests) 124ms
stderr | src/error-handling-fallback.test.ts > Error Handling and Fallback Mechanisms - Requirements 2.1 & 2.2 > Date Parsing Error Handling - Requirement 2.1 > should handle date parsing context information
Missing daysSupply for rxTba claim rx1, using default of 30 days
Could not parse date for rxTba claim rx2, using default date
Missing daysSupply for rxTba claim rx2, using default of 30 days
Missing daysSupply for rxTba claim rx3, using default of 30 days

stderr | src/error-handling-fallback.test.ts > Error Handling and Fallback Mechanisms - Requirements 2.1 & 2.2 > Date Parsing Error Handling - Requirement 2.1 > should handle timezone and locale-specific date issues
Missing daysSupply for rxTba claim rx1, using default of 30 days
Missing daysSupply for rxTba claim rx1, using default of 30 days
Missing daysSupply for rxTba claim rx1, using default of 30 days
Missing daysSupply for rxTba claim rx1, using default of 30 days

stderr | src/error-handling-fallback.test.ts > Error Handling and Fallback Mechanisms - Requirements 2.1 & 2.2 > Hybrid Parser Fallback Mechanisms - Requirement 2.2 > should attempt multiple parsing strategies in order
Missing daysSupply for rxTba claim rx1, using default of 30 days

stderr | src/error-handling-fallback.test.ts > Error Handling and Fallback Mechanisms - Requirements 2.1 & 2.2 > Hybrid Parser Fallback Mechanisms - Requirement 2.2 > should determine appropriate parsing strategy based on data structure
Missing daysSupply for rxTba claim rx1, using default of 30 days

stderr | src/error-handling-fallback.test.ts > Error Handling and Fallback Mechanisms - Requirements 2.1 & 2.2 > Hybrid Parser Fallback Mechanisms - Requirement 2.2 > should handle fallback strategy failures gracefully
No array found at path 'rxHistory' for claim type 'rxHistory'
No array found at path 'medHistory.claims' for claim type 'medHistory'

stderr | src/error-handling-fallback.test.ts > Error Handling and Fallback Mechanisms - Requirements 2.1 & 2.2 > Hybrid Parser Fallback Mechanisms - Requirement 2.2 > should track parsing attempts and performance
Missing daysSupply for rxTba claim rx1, using default of 30 days

stderr | src/error-handling-fallback.test.ts > Error Handling and Fallback Mechanisms - Requirements 2.1 & 2.2 > Graceful Degradation - Requirement 2.1 > should handle missing optional fields with fallbacks
Missing daysSupply for rxTba claim 0, using default of 30 days
Missing dos field for rxTba claim rx2, using fallback date
Missing daysSupply for rxTba claim rx2, using default of 30 days
Missing daysSupply for rxTba claim rx3, using default of 30 days

stderr | src/error-handling-fallback.test.ts > Error Handling and Fallback Mechanisms - Requirements 2.1 & 2.2 > Graceful Degradation - Requirement 2.1 > should handle partial data corruption
Missing daysSupply for rxTba claim rx1, using default of 30 days
Could not parse date for rxTba claim rx2, using default date
Missing daysSupply for rxTba claim rx2, using default of 30 days
Missing daysSupply for rxTba claim rx3, using default of 30 days

stderr | src/error-handling-fallback.test.ts > Error Handling and Fallback Mechanisms - Requirements 2.1 & 2.2 > Graceful Degradation - Requirement 2.1 > should handle mixed valid and invalid claim types
Missing daysSupply for rxTba claim rx1, using default of 30 days

stderr | src/error-handling-fallback.test.ts > Error Handling and Fallback Mechanisms - Requirements 2.1 & 2.2 > Error Context and Debugging - Requirement 2.1 > should include parsing performance metrics
Missing daysSupply for rxTba claim rx0, using default of 30 days
Missing daysSupply for rxTba claim rx1, using default of 30 days
Missing daysSupply for rxTba claim rx2, using default of 30 days
Missing daysSupply for rxTba claim rx3, using default of 30 days
Missing daysSupply for rxTba claim rx4, using default of 30 days
Missing daysSupply for rxTba claim rx5, using default of 30 days
Missing daysSupply for rxTba claim rx6, using default of 30 days
Missing daysSupply for rxTba claim rx7, using default of 30 days
Missing daysSupply for rxTba claim rx8, using default of 30 days
Missing daysSupply for rxTba claim rx9, using default of 30 days
Missing daysSupply for rxTba claim rx10, using default of 30 days
Missing daysSupply for rxTba claim rx11, using default of 30 days
Missing daysSupply for rxTba claim rx12, using default of 30 days
Missing daysSupply for rxTba claim rx13, using default of 30 days
Missing daysSupply for rxTba claim rx14, using default of 30 days
Missing daysSupply for rxTba claim rx15, using default of 30 days
Missing daysSupply for rxTba claim rx16, using default of 30 days
Missing daysSupply for rxTba claim rx17, using default of 30 days
Missing daysSupply for rxTba claim rx18, using default of 30 days
Missing daysSupply for rxTba claim rx19, using default of 30 days
Missing daysSupply for rxTba claim rx20, using default of 30 days
Missing daysSupply for rxTba claim rx21, using default of 30 days
Missing daysSupply for rxTba claim rx22, using default of 30 days
Missing daysSupply for rxTba claim rx23, using default of 30 days
Missing daysSupply for rxTba claim rx24, using default of 30 days
Missing daysSupply for rxTba claim rx25, using default of 30 days
Missing daysSupply for rxTba claim rx26, using default of 30 days
Missing daysSupply for rxTba claim rx27, using default of 30 days
Missing daysSupply for rxTba claim rx28, using default of 30 days
Missing daysSupply for rxTba claim rx29, using default of 30 days
Missing daysSupply for rxTba claim rx30, using default of 30 days
Missing daysSupply for rxTba claim rx31, using default of 30 days
Missing daysSupply for rxTba claim rx32, using default of 30 days
Missing daysSupply for rxTba claim rx33, using default of 30 days
Missing daysSupply for rxTba claim rx34, using default of 30 days
Missing daysSupply for rxTba claim rx35, using default of 30 days
Missing daysSupply for rxTba claim rx36, using default of 30 days
Missing daysSupply for rxTba claim rx37, using default of 30 days
Missing daysSupply for rxTba claim rx38, using default of 30 days
Missing daysSupply for rxTba claim rx39, using default of 30 days
Missing daysSupply for rxTba claim rx40, using default of 30 days
Missing daysSupply for rxTba claim rx41, using default of 30 days
Missing daysSupply for rxTba claim rx42, using default of 30 days
Missing daysSupply for rxTba claim rx43, using default of 30 days
Missing daysSupply for rxTba claim rx44, using default of 30 days
Missing daysSupply for rxTba claim rx45, using default of 30 days
Missing daysSupply for rxTba claim rx46, using default of 30 days
Missing daysSupply for rxTba claim rx47, using default of 30 days
Missing daysSupply for rxTba claim rx48, using default of 30 days
Missing daysSupply for rxTba claim rx49, using default of 30 days
Missing daysSupply for rxTba claim rx50, using default of 30 days
Missing daysSupply for rxTba claim rx51, using default of 30 days
Missing daysSupply for rxTba claim rx52, using default of 30 days
Missing daysSupply for rxTba claim rx53, using default of 30 days
Missing daysSupply for rxTba claim rx54, using default of 30 days
Missing daysSupply for rxTba claim rx55, using default of 30 days
Missing daysSupply for rxTba claim rx56, using default of 30 days
Missing daysSupply for rxTba claim rx57, using default of 30 days
Missing daysSupply for rxTba claim rx58, using default of 30 days
Missing daysSupply for rxTba claim rx59, using default of 30 days
Missing daysSupply for rxTba claim rx60, using default of 30 days
Missing daysSupply for rxTba claim rx61, using default of 30 days
Missing daysSupply for rxTba claim rx62, using default of 30 days
Missing daysSupply for rxTba claim rx63, using default of 30 days
Missing daysSupply for rxTba claim rx64, using default of 30 days
Missing daysSupply for rxTba claim rx65, using default of 30 days
Missing daysSupply for rxTba claim rx66, using default of 30 days
Missing daysSupply for rxTba claim rx67, using default of 30 days
Missing daysSupply for rxTba claim rx68, using default of 30 days
Missing daysSupply for rxTba claim rx69, using default of 30 days
Missing daysSupply for rxTba claim rx70, using default of 30 days
Missing daysSupply for rxTba claim rx71, using default of 30 days
Missing daysSupply for rxTba claim rx72, using default of 30 days
Missing daysSupply for rxTba claim rx73, using default of 30 days
Missing daysSupply for rxTba claim rx74, using default of 30 days
Missing daysSupply for rxTba claim rx75, using default of 30 days
Missing daysSupply for rxTba claim rx76, using default of 30 days
Missing daysSupply for rxTba claim rx77, using default of 30 days
Missing daysSupply for rxTba claim rx78, using default of 30 days
Missing daysSupply for rxTba claim rx79, using default of 30 days
Missing daysSupply for rxTba claim rx80, using default of 30 days
Missing daysSupply for rxTba claim rx81, using default of 30 days
Missing daysSupply for rxTba claim rx82, using default of 30 days
Missing daysSupply for rxTba claim rx83, using default of 30 days
Missing daysSupply for rxTba claim rx84, using default of 30 days
Missing daysSupply for rxTba claim rx85, using default of 30 days
Missing daysSupply for rxTba claim rx86, using default of 30 days
Missing daysSupply for rxTba claim rx87, using default of 30 days
Missing daysSupply for rxTba claim rx88, using default of 30 days
Missing daysSupply for rxTba claim rx89, using default of 30 days
Missing daysSupply for rxTba claim rx90, using default of 30 days
Missing daysSupply for rxTba claim rx91, using default of 30 days
Missing daysSupply for rxTba claim rx92, using default of 30 days
Missing daysSupply for rxTba claim rx93, using default of 30 days
Missing daysSupply for rxTba claim rx94, using default of 30 days
Missing daysSupply for rxTba claim rx95, using default of 30 days
Missing daysSupply for rxTba claim rx96, using default of 30 days
Missing daysSupply for rxTba claim rx97, using default of 30 days
Missing daysSupply for rxTba claim rx98, using default of 30 days
Missing daysSupply for rxTba claim rx99, using default of 30 days
Missing daysSupply for rxTba claim rx0, using default of 30 days
Missing daysSupply for rxTba claim rx1, using default of 30 days
Missing daysSupply for rxTba claim rx2, using default of 30 days
Missing daysSupply for rxTba claim rx3, using default of 30 days
Missing daysSupply for rxTba claim rx4, using default of 30 days
Missing daysSupply for rxTba claim rx5, using default of 30 days
Missing daysSupply for rxTba claim rx6, using default of 30 days
Missing daysSupply for rxTba claim rx7, using default of 30 days
Missing daysSupply for rxTba claim rx8, using default of 30 days
Missing daysSupply for rxTba claim rx9, using default of 30 days
Missing daysSupply for rxTba claim rx10, using default of 30 days
Missing daysSupply for rxTba claim rx11, using default of 30 days
Missing daysSupply for rxTba claim rx12, using default of 30 days
Missing daysSupply for rxTba claim rx13, using default of 30 days
Missing daysSupply for rxTba claim rx14, using default of 30 days
Missing daysSupply for rxTba claim rx15, using default of 30 days
Missing daysSupply for rxTba claim rx16, using default of 30 days
Missing daysSupply for rxTba claim rx17, using default of 30 days
Missing daysSupply for rxTba claim rx18, using default of 30 days
Missing daysSupply for rxTba claim rx19, using default of 30 days
Missing daysSupply for rxTba claim rx20, using default of 30 days
Missing daysSupply for rxTba claim rx21, using default of 30 days
Missing daysSupply for rxTba claim rx22, using default of 30 days
Missing daysSupply for rxTba claim rx23, using default of 30 days
Missing daysSupply for rxTba claim rx24, using default of 30 days
Missing daysSupply for rxTba claim rx25, using default of 30 days
Missing daysSupply for rxTba claim rx26, using default of 30 days
Missing daysSupply for rxTba claim rx27, using default of 30 days
Missing daysSupply for rxTba claim rx28, using default of 30 days
Missing daysSupply for rxTba claim rx29, using default of 30 days
Missing daysSupply for rxTba claim rx30, using default of 30 days
Missing daysSupply for rxTba claim rx31, using default of 30 days
Missing daysSupply for rxTba claim rx32, using default of 30 days
Missing daysSupply for rxTba claim rx33, using default of 30 days
Missing daysSupply for rxTba claim rx34, using default of 30 days
Missing daysSupply for rxTba claim rx35, using default of 30 days
Missing daysSupply for rxTba claim rx36, using default of 30 days
Missing daysSupply for rxTba claim rx37, using default of 30 days
Missing daysSupply for rxTba claim rx38, using default of 30 days
Missing daysSupply for rxTba claim rx39, using default of 30 days
Missing daysSupply for rxTba claim rx40, using default of 30 days
Missing daysSupply for rxTba claim rx41, using default of 30 days
Missing daysSupply for rxTba claim rx42, using default of 30 days
Missing daysSupply for rxTba claim rx43, using default of 30 days
Missing daysSupply for rxTba claim rx44, using default of 30 days
Missing daysSupply for rxTba claim rx45, using default of 30 days
Missing daysSupply for rxTba claim rx46, using default of 30 days
Missing daysSupply for rxTba claim rx47, using default of 30 days
Missing daysSupply for rxTba claim rx48, using default of 30 days
Missing daysSupply for rxTba claim rx49, using default of 30 days
Missing daysSupply for rxTba claim rx50, using default of 30 days
Missing daysSupply for rxTba claim rx51, using default of 30 days
Missing daysSupply for rxTba claim rx52, using default of 30 days
Missing daysSupply for rxTba claim rx53, using default of 30 days
Missing daysSupply for rxTba claim rx54, using default of 30 days
Missing daysSupply for rxTba claim rx55, using default of 30 days
Missing daysSupply for rxTba claim rx56, using default of 30 days
Missing daysSupply for rxTba claim rx57, using default of 30 days
Missing daysSupply for rxTba claim rx58, using default of 30 days
Missing daysSupply for rxTba claim rx59, using default of 30 days
Missing daysSupply for rxTba claim rx60, using default of 30 days
Missing daysSupply for rxTba claim rx61, using default of 30 days
Missing daysSupply for rxTba claim rx62, using default of 30 days
Missing daysSupply for rxTba claim rx63, using default of 30 days
Missing daysSupply for rxTba claim rx64, using default of 30 days
Missing daysSupply for rxTba claim rx65, using default of 30 days
Missing daysSupply for rxTba claim rx66, using default of 30 days
Missing daysSupply for rxTba claim rx67, using default of 30 days
Missing daysSupply for rxTba claim rx68, using default of 30 days
Missing daysSupply for rxTba claim rx69, using default of 30 days
Missing daysSupply for rxTba claim rx70, using default of 30 days
Missing daysSupply for rxTba claim rx71, using default of 30 days
Missing daysSupply for rxTba claim rx72, using default of 30 days
Missing daysSupply for rxTba claim rx73, using default of 30 days
Missing daysSupply for rxTba claim rx74, using default of 30 days
Missing daysSupply for rxTba claim rx75, using default of 30 days
Missing daysSupply for rxTba claim rx76, using default of 30 days
Missing daysSupply for rxTba claim rx77, using default of 30 days
Missing daysSupply for rxTba claim rx78, using default of 30 days
Missing daysSupply for rxTba claim rx79, using default of 30 days
Missing daysSupply for rxTba claim rx80, using default of 30 days
Missing daysSupply for rxTba claim rx81, using default of 30 days
Missing daysSupply for rxTba claim rx82, using default of 30 days
Missing daysSupply for rxTba claim rx83, using default of 30 days
Missing daysSupply for rxTba claim rx84, using default of 30 days
Missing daysSupply for rxTba claim rx85, using default of 30 days
Missing daysSupply for rxTba claim rx86, using default of 30 days
Missing daysSupply for rxTba claim rx87, using default of 30 days
Missing daysSupply for rxTba claim rx88, using default of 30 days
Missing daysSupply for rxTba claim rx89, using default of 30 days
Missing daysSupply for rxTba claim rx90, using default of 30 days
Missing daysSupply for rxTba claim rx91, using default of 30 days
Missing daysSupply for rxTba claim rx92, using default of 30 days
Missing daysSupply for rxTba claim rx93, using default of 30 days
Missing daysSupply for rxTba claim rx94, using default of 30 days
Missing daysSupply for rxTba claim rx95, using default of 30 days
Missing daysSupply for rxTba claim rx96, using default of 30 days
Missing daysSupply for rxTba claim rx97, using default of 30 days
Missing daysSupply for rxTba claim rx98, using default of 30 days
Missing daysSupply for rxTba claim rx99, using default of 30 days

stderr | src/error-handling-fallback.test.ts > Error Handling and Fallback Mechanisms - Requirements 2.1 & 2.2 > Error Context and Debugging - Requirement 2.1 > should provide detailed error summaries
Could not parse date for rxTba claim rx1, using default date
Missing daysSupply for rxTba claim rx1, using default of 30 days
Could not parse date for rxTba claim rx2, using default date
Missing daysSupply for rxTba claim rx2, using default of 30 days
Missing daysSupply for rxTba claim rx3, using default of 30 days

stdout | src/webview-communication-comprehensive.test.ts > Comprehensive Webview Communication Tests - Requirement 2.4 > Data Serialization and Communication > should handle complex nested data structures
=== DIAGNOSTIC: TimelineRenderer.createPanel started ===

stderr | src/regression.test.ts > Regression Tests - Parser Validation Fixes > Standardized parser output format > should maintain consistent output format across all claim types
Missing daysSupply for rxTba claim rx1, using default of 30 days
Missing daysSupply for rxHistory claim rxh1, using default of 30 days

stdout | src/regression.test.ts > Regression Tests - Full Data Flow Integration > End-to-end data flow > should process test-claims.json through complete pipeline
=== DIAGNOSTIC: TimelineRenderer.createPanel started ===

stdout | src/regression.test.ts > Regression Tests - Webview Communication > Fixed webview data communication > should send data immediately without waiting for ready message
=== DIAGNOSTIC: TimelineRenderer.createPanel started ===

stdout | src/regression.test.ts > Regression Tests - Webview Communication > Fixed webview data communication > should handle ready message by sending current data
=== DIAGNOSTIC: TimelineRenderer.createPanel started ===

stdout | src/regression.test.ts > Regression Tests - Webview Communication > Fixed webview data communication > should serialize dates correctly for webview
=== DIAGNOSTIC: TimelineRenderer.createPanel started ===

stdout | src/regression.test.ts > Regression Tests - Webview Communication > Fixed webview data communication > should handle webview error messages
=== DIAGNOSTIC: TimelineRenderer.createPanel started ===

stderr | src/regression.test.ts > Regression Tests - Webview Communication > Fixed webview data communication > should handle webview error messages
Webview error: { message: 'D3.js rendering failed' }

stdout | src/regression.test.ts > Regression Tests - Webview Communication > Fixed webview data communication > should handle claim selection messages
=== DIAGNOSTIC: TimelineRenderer.createPanel started ===

stdout | src/regression.test.ts > Regression Tests - Webview Communication > Webview HTML generation > should generate correct HTML structure
=== DIAGNOSTIC: TimelineRenderer.createPanel started ===

stdout | src/regression.test.ts > Regression Tests - Webview Communication > Webview HTML generation > should include proper error handling in webview JavaScript
=== DIAGNOSTIC: TimelineRenderer.createPanel started ===

stderr | src/regression.test.ts > Regression Tests - Error Handling and Fallback Mechanisms > Fallback to simple parsing > should fall back to simple parsing when complex parsing fails
Could not parse date for rxTba claim 0, using default date
Missing daysSupply for rxTba claim 0, using default of 30 days

stderr | src/regression.test.ts > Regression Tests - Error Handling and Fallback Mechanisms > Fallback to simple parsing > should preserve basic functionality in fallback mode
Missing daysSupply for rxTba claim rx1, using default of 30 days

stderr | src/regression.test.ts > Regression Tests - Error Handling and Fallback Mechanisms > Data validation and recovery > should handle missing required fields gracefully
Missing daysSupply for rxTba claim 0, using default of 30 days
Missing dos field for rxTba claim rx2, using fallback date
Missing daysSupply for rxTba claim rx2, using default of 30 days

stderr | src/regression.test.ts > Regression Tests - Error Handling and Fallback Mechanisms > Data validation and recovery > should handle invalid date formats with fallbacks
Could not parse date for rxTba claim rx1, using default date
Missing daysSupply for rxTba claim rx1, using default of 30 days

 ❯ src/regression.test.ts  (27 tests | 3 failed) 190ms
   ❯ src/regression.test.ts > Regression Tests - Webview Communication > Fixed webview data communication > should send data immediately without waiting for ready message
     → expected "spy" to be called with arguments: [ { command: 'updateData', …(1) } ]

Received: 



Number of calls: 0

   ❯ src/regression.test.ts > Regression Tests - Webview Communication > Fixed webview data communication > should handle ready message by sending current data
     → Cannot read properties of undefined (reading '0')
   ❯ src/regression.test.ts > Regression Tests - Webview Communication > Fixed webview data communication > should serialize dates correctly for webview
     → Cannot read properties of undefined (reading '0')
stdout | src/webview-communication-comprehensive.test.ts > Comprehensive Webview Communication Tests - Requirement 2.4 > Data Serialization and Communication > should handle large datasets without data loss
=== DIAGNOSTIC: TimelineRenderer.createPanel started ===

stdout | src/webview-communication-comprehensive.test.ts > Comprehensive Webview Communication Tests - Requirement 2.4 > Data Serialization and Communication > should handle special characters and unicode in data
=== DIAGNOSTIC: TimelineRenderer.createPanel started ===

stdout | src/webview-communication-comprehensive.test.ts > Comprehensive Webview Communication Tests - Requirement 2.4 > Data Serialization and Communication > should maintain data consistency across multiple updates
=== DIAGNOSTIC: TimelineRenderer.createPanel started ===

stdout | src/webview-communication-comprehensive.test.ts > Comprehensive Webview Communication Tests - Requirement 2.4 > Panel Lifecycle Management > should create panel with correct configuration
=== DIAGNOSTIC: TimelineRenderer.createPanel started ===

stdout | src/webview-communication-comprehensive.test.ts > Comprehensive Webview Communication Tests - Requirement 2.4 > Panel Lifecycle Management > should reuse existing panel when creating multiple times
=== DIAGNOSTIC: TimelineRenderer.createPanel started ===
=== DIAGNOSTIC: TimelineRenderer.createPanel started ===

stdout | src/webview-communication-comprehensive.test.ts > Comprehensive Webview Communication Tests - Requirement 2.4 > Panel Lifecycle Management > should handle panel disposal and recreation
=== DIAGNOSTIC: TimelineRenderer.createPanel started ===
=== DIAGNOSTIC: TimelineRenderer.createPanel started ===

stdout | src/webview-communication-comprehensive.test.ts > Comprehensive Webview Communication Tests - Requirement 2.4 > Panel Lifecycle Management > should dispose panel when renderer is disposed
=== DIAGNOSTIC: TimelineRenderer.createPanel started ===

stdout | src/webview-communication-comprehensive.test.ts > Comprehensive Webview Communication Tests - Requirement 2.4 > Panel Lifecycle Management > should handle multiple panel operations safely
=== DIAGNOSTIC: TimelineRenderer.createPanel started ===
=== DIAGNOSTIC: TimelineRenderer.createPanel started ===
=== DIAGNOSTIC: TimelineRenderer.createPanel started ===

stdout | src/webview-communication-comprehensive.test.ts > Comprehensive Webview Communication Tests - Requirement 2.4 > HTML Generation and Content > should generate valid HTML structure
=== DIAGNOSTIC: TimelineRenderer.createPanel started ===

stdout | src/webview-communication-comprehensive.test.ts > Comprehensive Webview Communication Tests - Requirement 2.4 > HTML Generation and Content > should include D3.js library
=== DIAGNOSTIC: TimelineRenderer.createPanel started ===

stdout | src/webview-communication-comprehensive.test.ts > Comprehensive Webview Communication Tests - Requirement 2.4 > HTML Generation and Content > should include comprehensive error handling JavaScript
=== DIAGNOSTIC: TimelineRenderer.createPanel started ===

stdout | src/webview-communication-comprehensive.test.ts > Comprehensive Webview Communication Tests - Requirement 2.4 > HTML Generation and Content > should include message listener setup
=== DIAGNOSTIC: TimelineRenderer.createPanel started ===

stdout | src/webview-communication-comprehensive.test.ts > Comprehensive Webview Communication Tests - Requirement 2.4 > HTML Generation and Content > should include diagnostic logging
=== DIAGNOSTIC: TimelineRenderer.createPanel started ===

stdout | src/webview-communication-comprehensive.test.ts > Comprehensive Webview Communication Tests - Requirement 2.4 > Error Handling and Recovery > should handle webview creation failure gracefully
=== DIAGNOSTIC: TimelineRenderer.createPanel started ===

stderr | src/webview-communication-comprehensive.test.ts > Comprehensive Webview Communication Tests - Requirement 2.4 > Error Handling and Recovery > should handle webview creation failure gracefully
Failed to create webview panel

stdout | src/webview-communication-comprehensive.test.ts > Comprehensive Webview Communication Tests - Requirement 2.4 > Error Handling and Recovery > should handle postMessage failures gracefully
=== DIAGNOSTIC: TimelineRenderer.createPanel started ===

stderr | src/webview-communication-comprehensive.test.ts > Comprehensive Webview Communication Tests - Requirement 2.4 > Error Handling and Recovery > should handle postMessage failures gracefully
Error updating webview data: Error: postMessage failed
    at Object.<anonymous> (/home/pk/git/vscode-json-viewer/src/webview-communication-comprehensive.test.ts:509:23)
    at Object.mockCall (file:///home/pk/git/vscode-json-viewer/node_modules/@vitest/spy/dist/index.js:50:17)
    at Object.spy [as postMessage] (file:///home/pk/git/vscode-json-viewer/node_modules/tinyspy/dist/index.js:42:80)
    at TimelineRenderer.updateData (/home/pk/git/vscode-json-viewer/src/timelineRenderer.ts:122:36)
    at /home/pk/git/vscode-json-viewer/src/webview-communication-comprehensive.test.ts:516:26
    at Proxy.assertThrows (/home/pk/git/vscode-json-viewer/node_modules/chai/lib/chai/core/assertions.js:2644:7)
    at Proxy.methodWrapper (/home/pk/git/vscode-json-viewer/node_modules/chai/lib/chai/utils/addMethod.js:57:25)
    at Proxy.<anonymous> (file:///home/pk/git/vscode-json-viewer/node_modules/@vitest/expect/dist/index.js:850:16)
    at Proxy.overwritingMethodWrapper (/home/pk/git/vscode-json-viewer/node_modules/chai/lib/chai/utils/overwriteMethod.js:78:33)
    at Proxy.<anonymous> (file:///home/pk/git/vscode-json-viewer/node_modules/@vitest/expect/dist/index.js:1324:19)

stdout | src/webview-communication-comprehensive.test.ts > Comprehensive Webview Communication Tests - Requirement 2.4 > Error Handling and Recovery > should handle message handler registration failure
=== DIAGNOSTIC: TimelineRenderer.createPanel started ===

stderr | src/webview-communication-comprehensive.test.ts > Comprehensive Webview Communication Tests - Requirement 2.4 > Error Handling and Recovery > should handle message handler registration failure
Error creating webview panel: Error: Handler registration failed
    at Object.<anonymous> (/home/pk/git/vscode-json-viewer/src/webview-communication-comprehensive.test.ts:522:23)
    at Object.mockCall (file:///home/pk/git/vscode-json-viewer/node_modules/@vitest/spy/dist/index.js:50:17)
    at Object.spy [as onDidReceiveMessage] (file:///home/pk/git/vscode-json-viewer/node_modules/tinyspy/dist/index.js:42:80)
    at TimelineRenderer.createPanel (/home/pk/git/vscode-json-viewer/src/timelineRenderer.ts:71:32)
    at /home/pk/git/vscode-json-viewer/src/webview-communication-comprehensive.test.ts:528:37
    at file:///home/pk/git/vscode-json-viewer/node_modules/@vitest/runner/dist/index.js:135:14
    at file:///home/pk/git/vscode-json-viewer/node_modules/@vitest/runner/dist/index.js:60:26
    at runTest (file:///home/pk/git/vscode-json-viewer/node_modules/@vitest/runner/dist/index.js:781:17)
    at runSuite (file:///home/pk/git/vscode-json-viewer/node_modules/@vitest/runner/dist/index.js:909:15)
    at runSuite (file:///home/pk/git/vscode-json-viewer/node_modules/@vitest/runner/dist/index.js:909:15)

stdout | src/webview-communication-comprehensive.test.ts > Comprehensive Webview Communication Tests - Requirement 2.4 > Error Handling and Recovery > should handle dispose handler registration failure
=== DIAGNOSTIC: TimelineRenderer.createPanel started ===

stderr | src/webview-communication-comprehensive.test.ts > Comprehensive Webview Communication Tests - Requirement 2.4 > Error Handling and Recovery > should handle dispose handler registration failure
Error creating webview panel: Error: Dispose handler registration failed
    at Object.<anonymous> (/home/pk/git/vscode-json-viewer/src/webview-communication-comprehensive.test.ts:534:23)
    at Object.mockCall (file:///home/pk/git/vscode-json-viewer/node_modules/@vitest/spy/dist/index.js:50:17)
    at Object.spy [as onDidDispose] (file:///home/pk/git/vscode-json-viewer/node_modules/tinyspy/dist/index.js:42:80)
    at TimelineRenderer.createPanel (/home/pk/git/vscode-json-viewer/src/timelineRenderer.ts:80:24)
    at /home/pk/git/vscode-json-viewer/src/webview-communication-comprehensive.test.ts:540:37
    at file:///home/pk/git/vscode-json-viewer/node_modules/@vitest/runner/dist/index.js:135:14
    at file:///home/pk/git/vscode-json-viewer/node_modules/@vitest/runner/dist/index.js:60:26
    at runTest (file:///home/pk/git/vscode-json-viewer/node_modules/@vitest/runner/dist/index.js:781:17)
    at runSuite (file:///home/pk/git/vscode-json-viewer/node_modules/@vitest/runner/dist/index.js:909:15)
    at runSuite (file:///home/pk/git/vscode-json-viewer/node_modules/@vitest/runner/dist/index.js:909:15)

 ✓ src/webview-communication-comprehensive.test.ts  (27 tests) 653ms
 ✓ src/packaging.test.ts  (17 tests) 44ms
 ✓ src/integration.test.ts  (18 tests) 90ms
stdout | src/integration.test.ts > Integration Tests - Complete Extension Workflow > Extension Activation and Command Registration > should activate extension and register commands successfully
Simple Medical Claims Timeline extension activated

stdout | src/integration.test.ts > Integration Tests - Complete Extension Workflow > Extension Activation and Command Registration > should handle activation without errors
Simple Medical Claims Timeline extension activated

stdout | src/integration.test.ts > Integration Tests - Complete Extension Workflow > Complete File Processing Workflow > should process valid rxTba file end-to-end
Simple Medical Claims Timeline extension activated
=== HYBRID PARSER: claimsTimeline.viewTimeline command started ===
Command triggered with URI: /test/file.json
Resolved file URI: /test/file.json
HYBRID PARSER: Starting hybrid parsing approach for: /test/file.json
HYBRID PARSER: Parsing successful with 1 claims
HYBRID PARSER: Date range: { start: '2024-01-15T05:00:00.000Z', end: '2024-02-14T05:00:00.000Z' }
HYBRID PARSER: Used parsing strategy: simple
HYBRID PARSER: Creating timeline renderer
HYBRID PARSER: Timeline renderer created successfully
=== HYBRID PARSER: claimsTimeline.viewTimeline command completed ===

stdout | src/integration.test.ts > Integration Tests - Complete Extension Workflow > Complete File Processing Workflow > should process comprehensive claims file with all types
Simple Medical Claims Timeline extension activated
=== HYBRID PARSER: claimsTimeline.viewTimeline command started ===
Command triggered with URI: /test/comprehensive.json
Resolved file URI: /test/comprehensive.json
HYBRID PARSER: Starting hybrid parsing approach for: /test/comprehensive.json
HYBRID PARSER: Parsing successful with 2 claims
HYBRID PARSER: Date range: { start: '2024-01-08T05:00:00.000Z', end: '2024-02-14T05:00:00.000Z' }
HYBRID PARSER: Used parsing strategy: simple
HYBRID PARSER: Creating timeline renderer
HYBRID PARSER: Timeline renderer created successfully
=== HYBRID PARSER: claimsTimeline.viewTimeline command completed ===

stdout | src/integration.test.ts > Integration Tests - Complete Extension Workflow > Complete File Processing Workflow > should handle invalid JSON file gracefully
Simple Medical Claims Timeline extension activated
=== HYBRID PARSER: claimsTimeline.viewTimeline command started ===
Command triggered with URI: /test/invalid.json
Resolved file URI: /test/invalid.json
HYBRID PARSER: Starting hybrid parsing approach for: /test/invalid.json
=== HYBRID PARSER: claimsTimeline.viewTimeline command completed ===

stderr | src/integration.test.ts > Integration Tests - Complete Extension Workflow > Complete File Processing Workflow > should handle invalid JSON file gracefully
HYBRID PARSER: Error occurred in claimsTimeline.viewTimeline command: SyntaxError: Unexpected token in JSON
    at /home/pk/git/vscode-json-viewer/src/integration.test.ts:277:67
    at file:///home/pk/git/vscode-json-viewer/node_modules/@vitest/runner/dist/index.js:135:14
    at file:///home/pk/git/vscode-json-viewer/node_modules/@vitest/runner/dist/index.js:60:26
    at runTest (file:///home/pk/git/vscode-json-viewer/node_modules/@vitest/runner/dist/index.js:781:17)
    at runSuite (file:///home/pk/git/vscode-json-viewer/node_modules/@vitest/runner/dist/index.js:909:15)
    at runSuite (file:///home/pk/git/vscode-json-viewer/node_modules/@vitest/runner/dist/index.js:909:15)
    at runSuite (file:///home/pk/git/vscode-json-viewer/node_modules/@vitest/runner/dist/index.js:909:15)
    at runFiles (file:///home/pk/git/vscode-json-viewer/node_modules/@vitest/runner/dist/index.js:958:5)
    at startTests (file:///home/pk/git/vscode-json-viewer/node_modules/@vitest/runner/dist/index.js:967:3)
    at file:///home/pk/git/vscode-json-viewer/node_modules/vitest/dist/chunks/runtime-runBaseTests.oAvMKtQC.js:116:7
HYBRID PARSER: Error details: {
  message: 'Unexpected token in JSON',
  stack: 'SyntaxError: Unexpected token in JSON\n' +
    '    at /home/pk/git/vscode-json-viewer/src/integration.test.ts:277:67\n' +
    '    at file:///home/pk/git/vscode-json-viewer/node_modules/@vitest/runner/dist/index.js:135:14\n' +
    '    at file:///home/pk/git/vscode-json-viewer/node_modules/@vitest/runner/dist/index.js:60:26\n' +
    '    at runTest (file:///home/pk/git/vscode-json-viewer/node_modules/@vitest/runner/dist/index.js:781:17)\n' +
    '    at runSuite (file:///home/pk/git/vscode-json-viewer/node_modules/@vitest/runner/dist/index.js:909:15)\n' +
    '    at runSuite (file:///home/pk/git/vscode-json-viewer/node_modules/@vitest/runner/dist/index.js:909:15)\n' +
    '    at runSuite (file:///home/pk/git/vscode-json-viewer/node_modules/@vitest/runner/dist/index.js:909:15)\n' +
    '    at runFiles (file:///home/pk/git/vscode-json-viewer/node_modules/@vitest/runner/dist/index.js:958:5)\n' +
    '    at startTests (file:///home/pk/git/vscode-json-viewer/node_modules/@vitest/runner/dist/index.js:967:3)\n' +
    '    at file:///home/pk/git/vscode-json-viewer/node_modules/vitest/dist/chunks/runtime-runBaseTests.oAvMKtQC.js:116:7',
  type: 'object',
  fileUri: '/test/invalid.json'
}

stdout | src/integration.test.ts > Integration Tests - Complete Extension Workflow > Complete File Processing Workflow > should handle non-medical JSON file appropriately
Simple Medical Claims Timeline extension activated
=== HYBRID PARSER: claimsTimeline.viewTimeline command started ===
Command triggered with URI: /test/other.json
Resolved file URI: /test/other.json
HYBRID PARSER: Starting hybrid parsing approach for: /test/other.json
HYBRID PARSER: Parsing successful with 0 claims
HYBRID PARSER: Date range: { start: '2025-09-28T03:14:52.516Z', end: '2025-09-28T03:14:52.516Z' }
HYBRID PARSER: Used parsing strategy: simple
HYBRID PARSER: No claims found - showing warning message

stdout | src/integration.test.ts > Integration Tests - Complete Extension Workflow > Complete File Processing Workflow > should handle file read errors
Simple Medical Claims Timeline extension activated
=== HYBRID PARSER: claimsTimeline.viewTimeline command started ===
Command triggered with URI: /test/nonexistent.json
Resolved file URI: /test/nonexistent.json
HYBRID PARSER: Starting hybrid parsing approach for: /test/nonexistent.json
=== HYBRID PARSER: claimsTimeline.viewTimeline command completed ===

stderr | src/integration.test.ts > Integration Tests - Complete Extension Workflow > Complete File Processing Workflow > should handle file read errors
HYBRID PARSER: Error occurred in claimsTimeline.viewTimeline command: Error: File not found
    at /home/pk/git/vscode-json-viewer/src/integration.test.ts:312:27
    at file:///home/pk/git/vscode-json-viewer/node_modules/@vitest/runner/dist/index.js:135:14
    at file:///home/pk/git/vscode-json-viewer/node_modules/@vitest/runner/dist/index.js:60:26
    at runTest (file:///home/pk/git/vscode-json-viewer/node_modules/@vitest/runner/dist/index.js:781:17)
    at runSuite (file:///home/pk/git/vscode-json-viewer/node_modules/@vitest/runner/dist/index.js:909:15)
    at runSuite (file:///home/pk/git/vscode-json-viewer/node_modules/@vitest/runner/dist/index.js:909:15)
    at runSuite (file:///home/pk/git/vscode-json-viewer/node_modules/@vitest/runner/dist/index.js:909:15)
    at runFiles (file:///home/pk/git/vscode-json-viewer/node_modules/@vitest/runner/dist/index.js:958:5)
    at startTests (file:///home/pk/git/vscode-json-viewer/node_modules/@vitest/runner/dist/index.js:967:3)
    at file:///home/pk/git/vscode-json-viewer/node_modules/vitest/dist/chunks/runtime-runBaseTests.oAvMKtQC.js:116:7 {
  code: 'ENOENT'
}
HYBRID PARSER: Error details: {
  message: 'File not found',
  stack: 'Error: File not found\n' +
    '    at /home/pk/git/vscode-json-viewer/src/integration.test.ts:312:27\n' +
    '    at file:///home/pk/git/vscode-json-viewer/node_modules/@vitest/runner/dist/index.js:135:14\n' +
    '    at file:///home/pk/git/vscode-json-viewer/node_modules/@vitest/runner/dist/index.js:60:26\n' +
    '    at runTest (file:///home/pk/git/vscode-json-viewer/node_modules/@vitest/runner/dist/index.js:781:17)\n' +
    '    at runSuite (file:///home/pk/git/vscode-json-viewer/node_modules/@vitest/runner/dist/index.js:909:15)\n' +
    '    at runSuite (file:///home/pk/git/vscode-json-viewer/node_modules/@vitest/runner/dist/index.js:909:15)\n' +
    '    at runSuite (file:///home/pk/git/vscode-json-viewer/node_modules/@vitest/runner/dist/index.js:909:15)\n' +
    '    at runFiles (file:///home/pk/git/vscode-json-viewer/node_modules/@vitest/runner/dist/index.js:958:5)\n' +
    '    at startTests (file:///home/pk/git/vscode-json-viewer/node_modules/@vitest/runner/dist/index.js:967:3)\n' +
    '    at file:///home/pk/git/vscode-json-viewer/node_modules/vitest/dist/chunks/runtime-runBaseTests.oAvMKtQC.js:116:7',
  type: 'object',
  fileUri: '/test/nonexistent.json'
}

stdout | src/integration.test.ts > Integration Tests - Complete Extension Workflow > Webview Integration > should create webview with correct HTML content
Simple Medical Claims Timeline extension activated
=== HYBRID PARSER: claimsTimeline.viewTimeline command started ===
Command triggered with URI: /test/file.json
Resolved file URI: /test/file.json
HYBRID PARSER: Starting hybrid parsing approach for: /test/file.json
HYBRID PARSER: Parsing successful with 1 claims
HYBRID PARSER: Date range: { start: '2024-01-15T05:00:00.000Z', end: '2024-02-14T05:00:00.000Z' }
HYBRID PARSER: Used parsing strategy: simple
HYBRID PARSER: Creating timeline renderer
HYBRID PARSER: Timeline renderer created successfully
=== HYBRID PARSER: claimsTimeline.viewTimeline command completed ===

stdout | src/integration.test.ts > Integration Tests - Complete Extension Workflow > Webview Integration > should handle webview messages correctly
Simple Medical Claims Timeline extension activated
=== HYBRID PARSER: claimsTimeline.viewTimeline command started ===
Command triggered with URI: /test/file.json
Resolved file URI: /test/file.json
HYBRID PARSER: Starting hybrid parsing approach for: /test/file.json
HYBRID PARSER: Parsing successful with 1 claims
HYBRID PARSER: Date range: { start: '2024-01-15T05:00:00.000Z', end: '2024-02-14T05:00:00.000Z' }
HYBRID PARSER: Used parsing strategy: simple
HYBRID PARSER: Creating timeline renderer
HYBRID PARSER: Timeline renderer created successfully
=== HYBRID PARSER: claimsTimeline.viewTimeline command completed ===

stdout | src/integration.test.ts > Integration Tests - Complete Extension Workflow > Configuration Integration > should use custom configuration for parsing
Simple Medical Claims Timeline extension activated
=== HYBRID PARSER: claimsTimeline.viewTimeline command started ===
Command triggered with URI: /test/custom.json
Resolved file URI: /test/custom.json
HYBRID PARSER: Starting hybrid parsing approach for: /test/custom.json
HYBRID PARSER: Parsing successful with 1 claims
HYBRID PARSER: Date range: { start: '2024-01-15T05:00:00.000Z', end: '2024-02-14T05:00:00.000Z' }
HYBRID PARSER: Used parsing strategy: simple
HYBRID PARSER: Creating timeline renderer
HYBRID PARSER: Timeline renderer created successfully
=== HYBRID PARSER: claimsTimeline.viewTimeline command completed ===

stdout | src/integration.test.ts > Integration Tests - Complete Extension Workflow > Error Recovery Workflows > should provide recovery options for structure validation errors
Simple Medical Claims Timeline extension activated
=== HYBRID PARSER: claimsTimeline.viewTimeline command started ===
Command triggered with URI: /test/invalid.json
Resolved file URI: /test/invalid.json
HYBRID PARSER: Starting hybrid parsing approach for: /test/invalid.json
=== HYBRID PARSER: claimsTimeline.viewTimeline command completed ===

stderr | src/integration.test.ts > Integration Tests - Complete Extension Workflow > Error Recovery Workflows > should provide recovery options for structure validation errors
HYBRID PARSER: Error occurred in claimsTimeline.viewTimeline command: Error: Structure validation failed
    at /home/pk/git/vscode-json-viewer/src/integration.test.ts:379:67
    at file:///home/pk/git/vscode-json-viewer/node_modules/@vitest/runner/dist/index.js:135:14
    at file:///home/pk/git/vscode-json-viewer/node_modules/@vitest/runner/dist/index.js:60:26
    at runTest (file:///home/pk/git/vscode-json-viewer/node_modules/@vitest/runner/dist/index.js:781:17)
    at runSuite (file:///home/pk/git/vscode-json-viewer/node_modules/@vitest/runner/dist/index.js:909:15)
    at runSuite (file:///home/pk/git/vscode-json-viewer/node_modules/@vitest/runner/dist/index.js:909:15)
    at runSuite (file:///home/pk/git/vscode-json-viewer/node_modules/@vitest/runner/dist/index.js:909:15)
    at runFiles (file:///home/pk/git/vscode-json-viewer/node_modules/@vitest/runner/dist/index.js:958:5)
    at startTests (file:///home/pk/git/vscode-json-viewer/node_modules/@vitest/runner/dist/index.js:967:3)
    at file:///home/pk/git/vscode-json-viewer/node_modules/vitest/dist/chunks/runtime-runBaseTests.oAvMKtQC.js:116:7
HYBRID PARSER: Error details: {
  message: 'Structure validation failed',
  stack: 'Error: Structure validation failed\n' +
    '    at /home/pk/git/vscode-json-viewer/src/integration.test.ts:379:67\n' +
    '    at file:///home/pk/git/vscode-json-viewer/node_modules/@vitest/runner/dist/index.js:135:14\n' +
    '    at file:///home/pk/git/vscode-json-viewer/node_modules/@vitest/runner/dist/index.js:60:26\n' +
    '    at runTest (file:///home/pk/git/vscode-json-viewer/node_modules/@vitest/runner/dist/index.js:781:17)\n' +
    '    at runSuite (file:///home/pk/git/vscode-json-viewer/node_modules/@vitest/runner/dist/index.js:909:15)\n' +
    '    at runSuite (file:///home/pk/git/vscode-json-viewer/node_modules/@vitest/runner/dist/index.js:909:15)\n' +
    '    at runSuite (file:///home/pk/git/vscode-json-viewer/node_modules/@vitest/runner/dist/index.js:909:15)\n' +
    '    at runFiles (file:///home/pk/git/vscode-json-viewer/node_modules/@vitest/runner/dist/index.js:958:5)\n' +
    '    at startTests (file:///home/pk/git/vscode-json-viewer/node_modules/@vitest/runner/dist/index.js:967:3)\n' +
    '    at file:///home/pk/git/vscode-json-viewer/node_modules/vitest/dist/chunks/runtime-runBaseTests.oAvMKtQC.js:116:7',
  type: 'object',
  fileUri: '/test/invalid.json'
}

stdout | src/integration.test.ts > Integration Tests - Complete Extension Workflow > Error Recovery Workflows > should provide recovery options for date parsing errors
Simple Medical Claims Timeline extension activated
=== HYBRID PARSER: claimsTimeline.viewTimeline command started ===
Command triggered with URI: /test/invalid-dates.json
Resolved file URI: /test/invalid-dates.json
HYBRID PARSER: Starting hybrid parsing approach for: /test/invalid-dates.json
=== HYBRID PARSER: claimsTimeline.viewTimeline command completed ===

stderr | src/integration.test.ts > Integration Tests - Complete Extension Workflow > Error Recovery Workflows > should provide recovery options for date parsing errors
HYBRID PARSER: Error occurred in claimsTimeline.viewTimeline command: Error: Date parsing failed
    at /home/pk/git/vscode-json-viewer/src/integration.test.ts:396:67
    at file:///home/pk/git/vscode-json-viewer/node_modules/@vitest/runner/dist/index.js:135:14
    at file:///home/pk/git/vscode-json-viewer/node_modules/@vitest/runner/dist/index.js:60:26
    at runTest (file:///home/pk/git/vscode-json-viewer/node_modules/@vitest/runner/dist/index.js:781:17)
    at runSuite (file:///home/pk/git/vscode-json-viewer/node_modules/@vitest/runner/dist/index.js:909:15)
    at runSuite (file:///home/pk/git/vscode-json-viewer/node_modules/@vitest/runner/dist/index.js:909:15)
    at runSuite (file:///home/pk/git/vscode-json-viewer/node_modules/@vitest/runner/dist/index.js:909:15)
    at runFiles (file:///home/pk/git/vscode-json-viewer/node_modules/@vitest/runner/dist/index.js:958:5)
    at startTests (file:///home/pk/git/vscode-json-viewer/node_modules/@vitest/runner/dist/index.js:967:3)
    at file:///home/pk/git/vscode-json-viewer/node_modules/vitest/dist/chunks/runtime-runBaseTests.oAvMKtQC.js:116:7
HYBRID PARSER: Error details: {
  message: 'Date parsing failed',
  stack: 'Error: Date parsing failed\n' +
    '    at /home/pk/git/vscode-json-viewer/src/integration.test.ts:396:67\n' +
    '    at file:///home/pk/git/vscode-json-viewer/node_modules/@vitest/runner/dist/index.js:135:14\n' +
    '    at file:///home/pk/git/vscode-json-viewer/node_modules/@vitest/runner/dist/index.js:60:26\n' +
    '    at runTest (file:///home/pk/git/vscode-json-viewer/node_modules/@vitest/runner/dist/index.js:781:17)\n' +
    '    at runSuite (file:///home/pk/git/vscode-json-viewer/node_modules/@vitest/runner/dist/index.js:909:15)\n' +
    '    at runSuite (file:///home/pk/git/vscode-json-viewer/node_modules/@vitest/runner/dist/index.js:909:15)\n' +
    '    at runSuite (file:///home/pk/git/vscode-json-viewer/node_modules/@vitest/runner/dist/index.js:909:15)\n' +
    '    at runFiles (file:///home/pk/git/vscode-json-viewer/node_modules/@vitest/runner/dist/index.js:958:5)\n' +
    '    at startTests (file:///home/pk/git/vscode-json-viewer/node_modules/@vitest/runner/dist/index.js:967:3)\n' +
    '    at file:///home/pk/git/vscode-json-viewer/node_modules/vitest/dist/chunks/runtime-runBaseTests.oAvMKtQC.js:116:7',
  type: 'object',
  fileUri: '/test/invalid-dates.json'
}

stdout | src/integration.test.ts > Integration Tests - Complete Extension Workflow > Performance and Edge Cases > should handle large datasets efficiently
Simple Medical Claims Timeline extension activated
=== HYBRID PARSER: claimsTimeline.viewTimeline command started ===
Command triggered with URI: /test/large.json
Resolved file URI: /test/large.json
HYBRID PARSER: Starting hybrid parsing approach for: /test/large.json
HYBRID PARSER: Parsing successful with 1000 claims
HYBRID PARSER: Date range: { start: '2024-01-01T05:00:00.000Z', end: '2024-02-28T05:00:00.000Z' }
HYBRID PARSER: Used parsing strategy: simple
HYBRID PARSER: Creating timeline renderer
HYBRID PARSER: Timeline renderer created successfully
=== HYBRID PARSER: claimsTimeline.viewTimeline command completed ===

stdout | src/integration.test.ts > Integration Tests - Complete Extension Workflow > Performance and Edge Cases > should handle empty claims arrays
Simple Medical Claims Timeline extension activated
=== HYBRID PARSER: claimsTimeline.viewTimeline command started ===
Command triggered with URI: /test/empty.json
Resolved file URI: /test/empty.json
HYBRID PARSER: Starting hybrid parsing approach for: /test/empty.json
HYBRID PARSER: Parsing successful with 0 claims
HYBRID PARSER: Date range: { start: '2025-09-28T03:14:52.548Z', end: '2025-09-28T03:14:52.548Z' }
HYBRID PARSER: Used parsing strategy: simple
HYBRID PARSER: No claims found - showing warning message

stdout | src/integration.test.ts > Integration Tests - Complete Extension Workflow > Performance and Edge Cases > should handle overlapping date ranges correctly
Simple Medical Claims Timeline extension activated
=== HYBRID PARSER: claimsTimeline.viewTimeline command started ===
Command triggered with URI: /test/overlapping.json
Resolved file URI: /test/overlapping.json
HYBRID PARSER: Starting hybrid parsing approach for: /test/overlapping.json
HYBRID PARSER: Parsing successful with 3 claims
HYBRID PARSER: Date range: { start: '2024-01-01T05:00:00.000Z', end: '2024-02-24T05:00:00.000Z' }
HYBRID PARSER: Used parsing strategy: simple
HYBRID PARSER: Creating timeline renderer
HYBRID PARSER: Timeline renderer created successfully
=== HYBRID PARSER: claimsTimeline.viewTimeline command completed ===

stdout | src/integration.test.ts > Integration Tests - Complete Extension Workflow > Command Palette Integration > should handle command execution without URI parameter
Simple Medical Claims Timeline extension activated
=== HYBRID PARSER: claimsTimeline.viewTimeline command started ===
Command triggered with URI: no URI provided
Resolved file URI: /test/active.json
HYBRID PARSER: Starting hybrid parsing approach for: /test/active.json
HYBRID PARSER: Parsing successful with 1 claims
HYBRID PARSER: Date range: { start: '2024-01-15T05:00:00.000Z', end: '2024-02-14T05:00:00.000Z' }
HYBRID PARSER: Used parsing strategy: simple
HYBRID PARSER: Creating timeline renderer
HYBRID PARSER: Timeline renderer created successfully
=== HYBRID PARSER: claimsTimeline.viewTimeline command completed ===

stdout | src/integration.test.ts > Integration Tests - Complete Extension Workflow > Command Palette Integration > should show error when no file is available
Simple Medical Claims Timeline extension activated
=== HYBRID PARSER: claimsTimeline.viewTimeline command started ===
Command triggered with URI: no URI provided
Resolved file URI: no file URI available
HYBRID PARSER: No JSON file selected - showing error message

stdout | src/integration.test.ts > Integration Tests - Complete Extension Workflow > Command Palette Integration > should handle non-JSON files by attempting to parse them
Simple Medical Claims Timeline extension activated
=== HYBRID PARSER: claimsTimeline.viewTimeline command started ===
Command triggered with URI: /test/file.txt
Resolved file URI: /test/file.txt
HYBRID PARSER: Starting hybrid parsing approach for: /test/file.txt
=== HYBRID PARSER: claimsTimeline.viewTimeline command completed ===

stderr | src/integration.test.ts > Integration Tests - Complete Extension Workflow > Command Palette Integration > should handle non-JSON files by attempting to parse them
HYBRID PARSER: Error occurred in claimsTimeline.viewTimeline command: Error: Invalid file format
    at /home/pk/git/vscode-json-viewer/src/integration.test.ts:553:58
    at file:///home/pk/git/vscode-json-viewer/node_modules/@vitest/runner/dist/index.js:135:14
    at file:///home/pk/git/vscode-json-viewer/node_modules/@vitest/runner/dist/index.js:60:26
    at runTest (file:///home/pk/git/vscode-json-viewer/node_modules/@vitest/runner/dist/index.js:781:17)
    at runSuite (file:///home/pk/git/vscode-json-viewer/node_modules/@vitest/runner/dist/index.js:909:15)
    at runSuite (file:///home/pk/git/vscode-json-viewer/node_modules/@vitest/runner/dist/index.js:909:15)
    at runSuite (file:///home/pk/git/vscode-json-viewer/node_modules/@vitest/runner/dist/index.js:909:15)
    at runFiles (file:///home/pk/git/vscode-json-viewer/node_modules/@vitest/runner/dist/index.js:958:5)
    at startTests (file:///home/pk/git/vscode-json-viewer/node_modules/@vitest/runner/dist/index.js:967:3)
    at file:///home/pk/git/vscode-json-viewer/node_modules/vitest/dist/chunks/runtime-runBaseTests.oAvMKtQC.js:116:7
HYBRID PARSER: Error details: {
  message: 'Invalid file format',
  stack: 'Error: Invalid file format\n' +
    '    at /home/pk/git/vscode-json-viewer/src/integration.test.ts:553:58\n' +
    '    at file:///home/pk/git/vscode-json-viewer/node_modules/@vitest/runner/dist/index.js:135:14\n' +
    '    at file:///home/pk/git/vscode-json-viewer/node_modules/@vitest/runner/dist/index.js:60:26\n' +
    '    at runTest (file:///home/pk/git/vscode-json-viewer/node_modules/@vitest/runner/dist/index.js:781:17)\n' +
    '    at runSuite (file:///home/pk/git/vscode-json-viewer/node_modules/@vitest/runner/dist/index.js:909:15)\n' +
    '    at runSuite (file:///home/pk/git/vscode-json-viewer/node_modules/@vitest/runner/dist/index.js:909:15)\n' +
    '    at runSuite (file:///home/pk/git/vscode-json-viewer/node_modules/@vitest/runner/dist/index.js:909:15)\n' +
    '    at runFiles (file:///home/pk/git/vscode-json-viewer/node_modules/@vitest/runner/dist/index.js:958:5)\n' +
    '    at startTests (file:///home/pk/git/vscode-json-viewer/node_modules/@vitest/runner/dist/index.js:967:3)\n' +
    '    at file:///home/pk/git/vscode-json-viewer/node_modules/vitest/dist/chunks/runtime-runBaseTests.oAvMKtQC.js:116:7',
  type: 'object',
  fileUri: '/test/file.txt'
}

 ✓ src/advancedFeatures.integration.test.ts  (15 tests) 94ms
stderr | src/advancedFeatures.integration.test.ts > Advanced Features Integration Tests > Comprehensive Error Handling Preservation > should preserve error handling in FlexibleClaimsParser
No array found at path 'nonexistent.path' for claim type 'test'

stderr | src/advancedFeatures.integration.test.ts > Advanced Features Integration Tests > Comprehensive Error Handling Preservation > should handle invalid date formats gracefully
Deprecation warning: value provided is not in a recognized RFC2822 or ISO format. moment construction falls back to js Date(), which is not reliable across all browsers and versions. Non RFC2822/ISO date formats are discouraged. Please refer to http://momentjs.com/guides/#/warnings/js-date/ for more info.
Arguments: 
[0] _isAMomentObject: true, _isUTC: false, _useUTC: false, _l: undefined, _i: not-a-date, _f: undefined, _strict: undefined, _locale: [object Object]
Error: 
    at Function.createFromInputFallback (/home/pk/git/vscode-json-viewer/node_modules/moment/moment.js:324:25)
    at configFromString (/home/pk/git/vscode-json-viewer/node_modules/moment/moment.js:2613:19)
    at configFromInput (/home/pk/git/vscode-json-viewer/node_modules/moment/moment.js:3056:13)
    at prepareConfig (/home/pk/git/vscode-json-viewer/node_modules/moment/moment.js:3039:13)
    at createFromConfig (/home/pk/git/vscode-json-viewer/node_modules/moment/moment.js:3006:44)
    at createLocalOrUTC (/home/pk/git/vscode-json-viewer/node_modules/moment/moment.js:3100:16)
    at createLocal (/home/pk/git/vscode-json-viewer/node_modules/moment/moment.js:3104:16)
    at Proxy.hooks (/home/pk/git/vscode-json-viewer/node_modules/moment/moment.js:16:29)
    at Function.parseDate (/home/pk/git/vscode-json-viewer/src/fieldExtractor.ts:232:16)
    at Function.extractDateFromField (/home/pk/git/vscode-json-viewer/src/fieldExtractor.ts:113:35)
Error processing test claim 0: Error extracting date for claim test1: No valid date found in field 'invalidDate' or fallbacks for claim test1 DateParseError: Error extracting date for claim test1: No valid date found in field 'invalidDate' or fallbacks for claim test1
    at Function.extractDate (/home/pk/git/vscode-json-viewer/src/fieldExtractor.ts:90:19)
    at FlexibleClaimsParser.processClaimItem (/home/pk/git/vscode-json-viewer/src/flexibleClaimsParser.ts:241:46)
    at /home/pk/git/vscode-json-viewer/src/flexibleClaimsParser.ts:210:36
    at Array.forEach (<anonymous>)
    at FlexibleClaimsParser.processClaimArray (/home/pk/git/vscode-json-viewer/src/flexibleClaimsParser.ts:208:20)
    at FlexibleClaimsParser.extractClaims (/home/pk/git/vscode-json-viewer/src/flexibleClaimsParser.ts:177:41)
    at /home/pk/git/vscode-json-viewer/src/advancedFeatures.integration.test.ts:344:29
    at file:///home/pk/git/vscode-json-viewer/node_modules/@vitest/runner/dist/index.js:135:14
    at file:///home/pk/git/vscode-json-viewer/node_modules/@vitest/runner/dist/index.js:60:26
    at runTest (file:///home/pk/git/vscode-json-viewer/node_modules/@vitest/runner/dist/index.js:781:17) {
  filePath: undefined,
  timestamp: 2025-09-28T03:14:52.966Z,
  originalError: undefined,
  recoverySuggestions: [
    'Use the format: YYYY-MM-DD',
    'Check your date values',
    'Ensure dates are valid calendar dates'
  ],
  context: undefined,
  code: 'DATE_PARSE_ERROR',
  details: {
    claimId: 'test1',
    config: { type: 'field', field: 'invalidDate' },
    originalError: Error: No valid date found in field 'invalidDate' or fallbacks for claim test1
        at Function.extractDateFromField (/home/pk/git/vscode-json-viewer/src/fieldExtractor.ts:134:15)
        at Function.extractDate (/home/pk/git/vscode-json-viewer/src/fieldExtractor.ts:78:33)
        at FlexibleClaimsParser.processClaimItem (/home/pk/git/vscode-json-viewer/src/flexibleClaimsParser.ts:241:46)
        at /home/pk/git/vscode-json-viewer/src/flexibleClaimsParser.ts:210:36
        at Array.forEach (<anonymous>)
        at FlexibleClaimsParser.processClaimArray (/home/pk/git/vscode-json-viewer/src/flexibleClaimsParser.ts:208:20)
        at FlexibleClaimsParser.extractClaims (/home/pk/git/vscode-json-viewer/src/flexibleClaimsParser.ts:177:41)
        at /home/pk/git/vscode-json-viewer/src/advancedFeatures.integration.test.ts:344:29
        at file:///home/pk/git/vscode-json-viewer/node_modules/@vitest/runner/dist/index.js:135:14
        at file:///home/pk/git/vscode-json-viewer/node_modules/@vitest/runner/dist/index.js:60:26,
    suggestedFormats: [
      'YYYY-MM-DD',
      'MM/DD/YYYY',
      'DD-MM-YYYY',
      'YYYY/MM/DD',
      'DD/MM/YYYY',
      'MM-DD-YYYY'
    ],
    examples: {
      'YYYY-MM-DD': '2024-03-15',
      'MM/DD/YYYY': '03/15/2024',
      'DD-MM-YYYY': '15-03-2024',
      'YYYY/MM/DD': '2024/03/15',
      'DD/MM/YYYY': '15/03/2024',
      'MM-DD-YYYY': '03-15-2024'
    }
  },
  expectedFormat: 'YYYY-MM-DD',
  supportedFormats: [
    'YYYY-MM-DD',
    'MM/DD/YYYY',
    'DD-MM-YYYY',
    'YYYY/MM/DD',
    'DD/MM/YYYY',
    'MM-DD-YYYY'
  ]
}
Skipped 1 invalid test claims out of 1 total: [
  "Error processing test claim 0: Error extracting date for claim test1: No valid date found in field 'invalidDate' or fallbacks for claim test1"
]

 ❯ src/parser-validation-fixes.test.ts  (17 tests | 1 failed) 81ms
   ❯ src/parser-validation-fixes.test.ts > Parser Validation Fixes - Unit Tests > Output format standardization - Requirement 1.1 > should calculate correct date ranges
     → expected 2024-01-01T05:00:00.000Z to deeply equal 2024-01-01T00:00:00.000Z
stderr | src/parser-validation-fixes.test.ts > Parser Validation Fixes - Unit Tests > Output format standardization - Requirement 1.1 > should handle missing fields with appropriate fallbacks
Missing daysSupply for rxTba claim 0, using default of 30 days
Missing dos field for rxTba claim rx2, using fallback date
Missing daysSupply for rxTba claim rx2, using default of 30 days

stderr | src/parser-validation-fixes.test.ts > Parser Validation Fixes - Unit Tests > Output format standardization - Requirement 1.1 > should maintain consistent property types across all claims
Missing daysSupply for rxTba claim rx1, using default of 30 days
Missing daysSupply for rxHistory claim rxh1, using default of 30 days

stderr | src/parser-validation-fixes.test.ts > Parser Validation Fixes - Unit Tests > Output format standardization - Requirement 1.1 > should sort claims by start date (most recent first)
Missing daysSupply for rxTba claim rx1, using default of 30 days
Missing daysSupply for rxTba claim rx2, using default of 30 days
Missing daysSupply for rxTba claim rx3, using default of 30 days

 ❯ src/performance.test.ts  (15 tests | 4 failed) 441ms
   ❯ src/performance.test.ts > Performance and Edge Case Tests > Edge Cases and Boundary Conditions > should handle claims with same start and end dates
     → expected 2024-01-15T05:00:00.000Z to deeply equal 2024-01-15T00:00:00.000Z
   ❯ src/performance.test.ts > Performance and Edge Case Tests > Edge Cases and Boundary Conditions > should handle extreme date ranges (100+ years)
     → expected 1920-01-01T05:00:00.000Z to deeply equal 1920-01-01T00:00:00.000Z
   ❯ src/performance.test.ts > Performance and Edge Case Tests > Edge Cases and Boundary Conditions > should handle claims with maximum days supply values
     → expected 2024-12-31T05:00:00.000Z to deeply equal 2024-12-31T00:00:00.000Z
   ❯ src/performance.test.ts > Performance and Edge Case Tests > Edge Cases and Boundary Conditions > should handle overlapping claims with identical time periods
     → expected 2024-01-15T05:00:00.000Z to deeply equal 2024-01-15T00:00:00.000Z
stdout | src/performance.test.ts > Performance and Edge Case Tests > Memory Usage and Optimization > should efficiently handle webview data serialization for large datasets
=== DIAGNOSTIC: TimelineRenderer.createPanel started ===

stderr | src/performance.test.ts > Performance and Edge Case Tests > Edge Cases and Boundary Conditions > should handle claims with same start and end dates
Invalid daysSupply 0 for rxTba claim rx1, using default of 30 days

stderr | src/performance.test.ts > Performance and Edge Case Tests > Edge Cases and Boundary Conditions > should handle claims with maximum days supply values
Unusually large daysSupply 1000 for rxTba claim rx2, capping at 365 days

stderr | src/performance.test.ts > Performance and Edge Case Tests > Edge Cases and Boundary Conditions > should handle empty and null values gracefully
Missing daysSupply for rxTba claim rx2, using default of 30 days
Missing daysSupply for rxTba claim rx3, using default of 30 days

 ❯ src/claimsParser.test.ts  (25 tests | 10 failed) 108ms
   ❯ src/claimsParser.test.ts > ClaimsParser > extractClaims > should extract rxTba claims correctly
     → expected 2024-01-15T05:00:00.000Z to deeply equal 2024-01-14T05:00:00.000Z
   ❯ src/claimsParser.test.ts > ClaimsParser > extractClaims > should extract rxHistory claims correctly
     → expected 2024-01-10T05:00:00.000Z to deeply equal 2024-01-09T05:00:00.000Z
   ❯ src/claimsParser.test.ts > ClaimsParser > extractClaims > should extract medHistory claims correctly
     → expected 2024-01-08T05:00:00.000Z to deeply equal 2024-01-07T05:00:00.000Z
   ❯ src/claimsParser.test.ts > ClaimsParser > extractClaims > should handle missing dayssupply gracefully
     → expected 2024-01-01T05:00:00.000Z to deeply equal 2023-12-31T05:00:00.000Z
   ❯ src/claimsParser.test.ts > ClaimsParser > parseFile > should throw DateParseError for invalid dates
     → promise resolved "{ …(3) }" instead of rejecting
   ❯ src/claimsParser.test.ts > ClaimsParser > date parsing > should parse ISO dates correctly
     → expected 2024-01-15T05:00:00.000Z to deeply equal 2024-01-14T05:00:00.000Z
   ❯ src/claimsParser.test.ts > ClaimsParser > date parsing > should parse different date formats
     → expected 1920-07-16T04:00:00.000Z to deeply equal 2024-01-14T05:00:00.000Z
   ❯ src/claimsParser.test.ts > ClaimsParser > date parsing > should handle invalid date formats gracefully
     → expected function to throw an error, but it didn't
   ❯ src/claimsParser.test.ts > ClaimsParser > timeline data generation > should generate correct timeline data with date range
     → expected 2024-01-01T05:00:00.000Z to deeply equal 2023-12-31T05:00:00.000Z
   ❯ src/claimsParser.test.ts > ClaimsParser > timeline data generation > should sort claims by start date (oldest first)
     → expected 'rx2' to be 'rx1' // Object.is equality
stderr | src/claimsParser.test.ts > ClaimsParser > extractClaims > should handle missing dayssupply gracefully
Missing daysSupply for rxTba claim rx1, using default of 30 days

stderr | src/claimsParser.test.ts > ClaimsParser > parseFile > should throw DateParseError for invalid dates
Could not parse date for rxTba claim rx1, using default date

stderr | src/claimsParser.test.ts > ClaimsParser > date parsing > should handle invalid date formats gracefully
Could not parse date for rxTba claim rx1, using default date

stdout | src/webview-communication.test.ts > Webview Communication Tests > Message Protocol Tests > should handle ready message correctly
=== DIAGNOSTIC: TimelineRenderer.createPanel started ===

stdout | src/webview-communication.test.ts > Webview Communication Tests > Message Protocol Tests > should handle select message with valid claim ID
=== DIAGNOSTIC: TimelineRenderer.createPanel started ===

stdout | src/webview-communication.test.ts > Webview Communication Tests > Message Protocol Tests > should handle select message with invalid claim ID
=== DIAGNOSTIC: TimelineRenderer.createPanel started ===

stdout | src/webview-communication.test.ts > Webview Communication Tests > Message Protocol Tests > should handle error messages from webview
=== DIAGNOSTIC: TimelineRenderer.createPanel started ===

stderr | src/webview-communication.test.ts > Webview Communication Tests > Message Protocol Tests > should handle error messages from webview
Webview error: {
  message: 'D3.js failed to render timeline',
  stack: 'Error at line 123'
}

stdout | src/webview-communication.test.ts > Webview Communication Tests > Message Protocol Tests > should handle unknown message commands gracefully
=== DIAGNOSTIC: TimelineRenderer.createPanel started ===

stderr | src/webview-communication.test.ts > Webview Communication Tests > Message Protocol Tests > should handle unknown message commands gracefully
Unknown message command: unknown

stdout | src/webview-communication.test.ts > Webview Communication Tests > Message Protocol Tests > should handle malformed messages gracefully
=== DIAGNOSTIC: TimelineRenderer.createPanel started ===

stderr | src/webview-communication.test.ts > Webview Communication Tests > Message Protocol Tests > should handle malformed messages gracefully
Received invalid message: null
Received invalid message: undefined
Unknown message command: undefined
Unknown message command: unknown
Unknown message command: undefined

stdout | src/webview-communication.test.ts > Webview Communication Tests > Data Serialization Tests > should serialize dates to ISO strings
=== DIAGNOSTIC: TimelineRenderer.createPanel started ===

stdout | src/webview-communication.test.ts > Webview Communication Tests > Data Serialization Tests > should preserve all claim properties in serialization
=== DIAGNOSTIC: TimelineRenderer.createPanel started ===

stdout | src/webview-communication.test.ts > Webview Communication Tests > Data Serialization Tests > should handle large datasets without truncation
=== DIAGNOSTIC: TimelineRenderer.createPanel started ===

stdout | src/webview-communication.test.ts > Webview Communication Tests > Panel Lifecycle Tests > should reuse existing panel when creating multiple times
=== DIAGNOSTIC: TimelineRenderer.createPanel started ===
=== DIAGNOSTIC: TimelineRenderer.createPanel started ===

stdout | src/webview-communication.test.ts > Webview Communication Tests > Panel Lifecycle Tests > should handle panel disposal correctly
=== DIAGNOSTIC: TimelineRenderer.createPanel started ===
=== DIAGNOSTIC: TimelineRenderer.createPanel started ===

stdout | src/webview-communication.test.ts > Webview Communication Tests > Panel Lifecycle Tests > should update data on existing panel
=== DIAGNOSTIC: TimelineRenderer.createPanel started ===

stdout | src/webview-communication.test.ts > Webview Communication Tests > HTML Generation Tests > should generate valid HTML structure
=== DIAGNOSTIC: TimelineRenderer.createPanel started ===

stdout | src/webview-communication.test.ts > Webview Communication Tests > HTML Generation Tests > should include D3.js library
=== DIAGNOSTIC: TimelineRenderer.createPanel started ===

stdout | src/webview-communication.test.ts > Webview Communication Tests > HTML Generation Tests > should include error handling JavaScript
=== DIAGNOSTIC: TimelineRenderer.createPanel started ===

stdout | src/webview-communication.test.ts > Webview Communication Tests > HTML Generation Tests > should include message listener setup
=== DIAGNOSTIC: TimelineRenderer.createPanel started ===

stdout | src/webview-communication.test.ts > Webview Communication Tests > Error Handling Tests > should handle webview creation failure
=== DIAGNOSTIC: TimelineRenderer.createPanel started ===

stderr | src/webview-communication.test.ts > Webview Communication Tests > Error Handling Tests > should handle webview creation failure
Failed to create webview panel

stdout | src/webview-communication.test.ts > Webview Communication Tests > Error Handling Tests > should handle postMessage failures gracefully
=== DIAGNOSTIC: TimelineRenderer.createPanel started ===

stderr | src/webview-communication.test.ts > Webview Communication Tests > Error Handling Tests > should handle postMessage failures gracefully
Error updating webview data: Error: postMessage failed
    at Object.<anonymous> (/home/pk/git/vscode-json-viewer/src/webview-communication.test.ts:378:23)
    at Object.mockCall (file:///home/pk/git/vscode-json-viewer/node_modules/@vitest/spy/dist/index.js:50:17)
    at Object.spy [as postMessage] (file:///home/pk/git/vscode-json-viewer/node_modules/tinyspy/dist/index.js:42:80)
    at TimelineRenderer.updateData (/home/pk/git/vscode-json-viewer/src/timelineRenderer.ts:122:36)
    at /home/pk/git/vscode-json-viewer/src/webview-communication.test.ts:384:35
    at Proxy.assertThrows (/home/pk/git/vscode-json-viewer/node_modules/chai/lib/chai/core/assertions.js:2644:7)
    at Proxy.methodWrapper (/home/pk/git/vscode-json-viewer/node_modules/chai/lib/chai/utils/addMethod.js:57:25)
    at Proxy.<anonymous> (file:///home/pk/git/vscode-json-viewer/node_modules/@vitest/expect/dist/index.js:850:16)
    at Proxy.overwritingMethodWrapper (/home/pk/git/vscode-json-viewer/node_modules/chai/lib/chai/utils/overwriteMethod.js:78:33)
    at Proxy.<anonymous> (file:///home/pk/git/vscode-json-viewer/node_modules/@vitest/expect/dist/index.js:1324:19)

stdout | src/webview-communication.test.ts > Webview Communication Tests > Error Handling Tests > should handle message handler registration failure
=== DIAGNOSTIC: TimelineRenderer.createPanel started ===

stderr | src/webview-communication.test.ts > Webview Communication Tests > Error Handling Tests > should handle message handler registration failure
Error creating webview panel: Error: Handler registration failed
    at Object.<anonymous> (/home/pk/git/vscode-json-viewer/src/webview-communication.test.ts:389:23)
    at Object.mockCall (file:///home/pk/git/vscode-json-viewer/node_modules/@vitest/spy/dist/index.js:50:17)
    at Object.spy [as onDidReceiveMessage] (file:///home/pk/git/vscode-json-viewer/node_modules/tinyspy/dist/index.js:42:80)
    at TimelineRenderer.createPanel (/home/pk/git/vscode-json-viewer/src/timelineRenderer.ts:71:32)
    at /home/pk/git/vscode-json-viewer/src/webview-communication.test.ts:394:35
    at Proxy.assertThrows (/home/pk/git/vscode-json-viewer/node_modules/chai/lib/chai/core/assertions.js:2644:7)
    at Proxy.methodWrapper (/home/pk/git/vscode-json-viewer/node_modules/chai/lib/chai/utils/addMethod.js:57:25)
    at Proxy.<anonymous> (file:///home/pk/git/vscode-json-viewer/node_modules/@vitest/expect/dist/index.js:850:16)
    at Proxy.overwritingMethodWrapper (/home/pk/git/vscode-json-viewer/node_modules/chai/lib/chai/utils/overwriteMethod.js:78:33)
    at Proxy.<anonymous> (file:///home/pk/git/vscode-json-viewer/node_modules/@vitest/expect/dist/index.js:1324:19)

 ✓ src/webview-communication.test.ts  (19 tests) 415ms
 ✓ src/multipleClaimTypes.test.ts  (7 tests) 27ms
 ❯ src/error-handling.test.ts  (21 tests | 1 failed) 371ms
   ❯ src/error-handling.test.ts > Error Handling and Fallback Mechanism Tests > Date Parsing Error Handling > should throw DateParseError for invalid dates
     → promise resolved "{ …(3) }" instead of rejecting
stderr | src/error-handling.test.ts > Error Handling and Fallback Mechanism Tests > File Reading Error Handling > should handle very large files
Missing daysSupply for rxTba claim rx0, using default of 30 days
Missing daysSupply for rxTba claim rx1, using default of 30 days
Missing daysSupply for rxTba claim rx2, using default of 30 days
Missing daysSupply for rxTba claim rx3, using default of 30 days
Missing daysSupply for rxTba claim rx4, using default of 30 days
Missing daysSupply for rxTba claim rx5, using default of 30 days
Missing daysSupply for rxTba claim rx6, using default of 30 days
Missing daysSupply for rxTba claim rx7, using default of 30 days
Missing daysSupply for rxTba claim rx8, using default of 30 days
Missing daysSupply for rxTba claim rx9, using default of 30 days
Missing daysSupply for rxTba claim rx10, using default of 30 days
Missing daysSupply for rxTba claim rx11, using default of 30 days
Missing daysSupply for rxTba claim rx12, using default of 30 days
Missing daysSupply for rxTba claim rx13, using default of 30 days
Missing daysSupply for rxTba claim rx14, using default of 30 days
Missing daysSupply for rxTba claim rx15, using default of 30 days
Missing daysSupply for rxTba claim rx16, using default of 30 days
Missing daysSupply for rxTba claim rx17, using default of 30 days
Missing daysSupply for rxTba claim rx18, using default of 30 days
Missing daysSupply for rxTba claim rx19, using default of 30 days
Missing daysSupply for rxTba claim rx20, using default of 30 days
Missing daysSupply for rxTba claim rx21, using default of 30 days
Missing daysSupply for rxTba claim rx22, using default of 30 days
Missing daysSupply for rxTba claim rx23, using default of 30 days
Missing daysSupply for rxTba claim rx24, using default of 30 days
Missing daysSupply for rxTba claim rx25, using default of 30 days
Missing daysSupply for rxTba claim rx26, using default of 30 days
Missing daysSupply for rxTba claim rx27, using default of 30 days
Missing daysSupply for rxTba claim rx28, using default of 30 days
Missing daysSupply for rxTba claim rx29, using default of 30 days
Missing daysSupply for rxTba claim rx30, using default of 30 days
Missing daysSupply for rxTba claim rx31, using default of 30 days
Missing daysSupply for rxTba claim rx32, using default of 30 days
Missing daysSupply for rxTba claim rx33, using default of 30 days
Missing daysSupply for rxTba claim rx34, using default of 30 days
Missing daysSupply for rxTba claim rx35, using default of 30 days
Missing daysSupply for rxTba claim rx36, using default of 30 days
Missing daysSupply for rxTba claim rx37, using default of 30 days
Missing daysSupply for rxTba claim rx38, using default of 30 days
Missing daysSupply for rxTba claim rx39, using default of 30 days
Missing daysSupply for rxTba claim rx40, using default of 30 days
Missing daysSupply for rxTba claim rx41, using default of 30 days
Missing daysSupply for rxTba claim rx42, using default of 30 days
Missing daysSupply for rxTba claim rx43, using default of 30 days
Missing daysSupply for rxTba claim rx44, using default of 30 days
Missing daysSupply for rxTba claim rx45, using default of 30 days
Missing daysSupply for rxTba claim rx46, using default of 30 days
Missing daysSupply for rxTba claim rx47, using default of 30 days
Missing daysSupply for rxTba claim rx48, using default of 30 days
Missing daysSupply for rxTba claim rx49, using default of 30 days
Missing daysSupply for rxTba claim rx50, using default of 30 days
Missing daysSupply for rxTba claim rx51, using default of 30 days
Missing daysSupply for rxTba claim rx52, using default of 30 days
Missing daysSupply for rxTba claim rx53, using default of 30 days
Missing daysSupply for rxTba claim rx54, using default of 30 days
Missing daysSupply for rxTba claim rx55, using default of 30 days
Missing daysSupply for rxTba claim rx56, using default of 30 days
Missing daysSupply for rxTba claim rx57, using default of 30 days
Missing daysSupply for rxTba claim rx58, using default of 30 days
Missing daysSupply for rxTba claim rx59, using default of 30 days
Missing daysSupply for rxTba claim rx60, using default of 30 days
Missing daysSupply for rxTba claim rx61, using default of 30 days
Missing daysSupply for rxTba claim rx62, using default of 30 days
Missing daysSupply for rxTba claim rx63, using default of 30 days
Missing daysSupply for rxTba claim rx64, using default of 30 days
Missing daysSupply for rxTba claim rx65, using default of 30 days
Missing daysSupply for rxTba claim rx66, using default of 30 days
Missing daysSupply for rxTba claim rx67, using default of 30 days
Missing daysSupply for rxTba claim rx68, using default of 30 days
Missing daysSupply for rxTba claim rx69, using default of 30 days
Missing daysSupply for rxTba claim rx70, using default of 30 days
Missing daysSupply for rxTba claim rx71, using default of 30 days
Missing daysSupply for rxTba claim rx72, using default of 30 days
Missing daysSupply for rxTba claim rx73, using default of 30 days
Missing daysSupply for rxTba claim rx74, using default of 30 days
Missing daysSupply for rxTba claim rx75, using default of 30 days
Missing daysSupply for rxTba claim rx76, using default of 30 days
Missing daysSupply for rxTba claim rx77, using default of 30 days
Missing daysSupply for rxTba claim rx78, using default of 30 days
Missing daysSupply for rxTba claim rx79, using default of 30 days
Missing daysSupply for rxTba claim rx80, using default of 30 days
Missing daysSupply for rxTba claim rx81, using default of 30 days
Missing daysSupply for rxTba claim rx82, using default of 30 days
Missing daysSupply for rxTba claim rx83, using default of 30 days
Missing daysSupply for rxTba claim rx84, using default of 30 days
Missing daysSupply for rxTba claim rx85, using default of 30 days
Missing daysSupply for rxTba claim rx86, using default of 30 days
Missing daysSupply for rxTba claim rx87, using default of 30 days
Missing daysSupply for rxTba claim rx88, using default of 30 days
Missing daysSupply for rxTba claim rx89, using default of 30 days
Missing daysSupply for rxTba claim rx90, using default of 30 days
Missing daysSupply for rxTba claim rx91, using default of 30 days
Missing daysSupply for rxTba claim rx92, using default of 30 days
Missing daysSupply for rxTba claim rx93, using default of 30 days
Missing daysSupply for rxTba claim rx94, using default of 30 days
Missing daysSupply for rxTba claim rx95, using default of 30 days
Missing daysSupply for rxTba claim rx96, using default of 30 days
Missing daysSupply for rxTba claim rx97, using default of 30 days
Missing daysSupply for rxTba claim rx98, using default of 30 days
Missing daysSupply for rxTba claim rx99, using default of 30 days
Missing daysSupply for rxTba claim rx100, using default of 30 days
Missing daysSupply for rxTba claim rx101, using default of 30 days
Missing daysSupply for rxTba claim rx102, using default of 30 days
Missing daysSupply for rxTba claim rx103, using default of 30 days
Missing daysSupply for rxTba claim rx104, using default of 30 days
Missing daysSupply for rxTba claim rx105, using default of 30 days
Missing daysSupply for rxTba claim rx106, using default of 30 days
Missing daysSupply for rxTba claim rx107, using default of 30 days
Missing daysSupply for rxTba claim rx108, using default of 30 days
Missing daysSupply for rxTba claim rx109, using default of 30 days
Missing daysSupply for rxTba claim rx110, using default of 30 days
Missing daysSupply for rxTba claim rx111, using default of 30 days
Missing daysSupply for rxTba claim rx112, using default of 30 days
Missing daysSupply for rxTba claim rx113, using default of 30 days
Missing daysSupply for rxTba claim rx114, using default of 30 days
Missing daysSupply for rxTba claim rx115, using default of 30 days
Missing daysSupply for rxTba claim rx116, using default of 30 days
Missing daysSupply for rxTba claim rx117, using default of 30 days
Missing daysSupply for rxTba claim rx118, using default of 30 days
Missing daysSupply for rxTba claim rx119, using default of 30 days
Missing daysSupply for rxTba claim rx120, using default of 30 days
Missing daysSupply for rxTba claim rx121, using default of 30 days
Missing daysSupply for rxTba claim rx122, using default of 30 days
Missing daysSupply for rxTba claim rx123, using default of 30 days
Missing daysSupply for rxTba claim rx124, using default of 30 days
Missing daysSupply for rxTba claim rx125, using default of 30 days
Missing daysSupply for rxTba claim rx126, using default of 30 days
Missing daysSupply for rxTba claim rx127, using default of 30 days
Missing daysSupply for rxTba claim rx128, using default of 30 days
Missing daysSupply for rxTba claim rx129, using default of 30 days
Missing daysSupply for rxTba claim rx130, using default of 30 days
Missing daysSupply for rxTba claim rx131, using default of 30 days
Missing daysSupply for rxTba claim rx132, using default of 30 days
Missing daysSupply for rxTba claim rx133, using default of 30 days
Missing daysSupply for rxTba claim rx134, using default of 30 days
Missing daysSupply for rxTba claim rx135, using default of 30 days
Missing daysSupply for rxTba claim rx136, using default of 30 days
Missing daysSupply for rxTba claim rx137, using default of 30 days
Missing daysSupply for rxTba claim rx138, using default of 30 days
Missing daysSupply for rxTba claim rx139, using default of 30 days
Missing daysSupply for rxTba claim rx140, using default of 30 days
Missing daysSupply for rxTba claim rx141, using default of 30 days
Missing daysSupply for rxTba claim rx142, using default of 30 days
Missing daysSupply for rxTba claim rx143, using default of 30 days
Missing daysSupply for rxTba claim rx144, using default of 30 days
Missing daysSupply for rxTba claim rx145, using default of 30 days
Missing daysSupply for rxTba claim rx146, using default of 30 days
Missing daysSupply for rxTba claim rx147, using default of 30 days
Missing daysSupply for rxTba claim rx148, using default of 30 days
Missing daysSupply for rxTba claim rx149, using default of 30 days
Missing daysSupply for rxTba claim rx150, using default of 30 days
Missing daysSupply for rxTba claim rx151, using default of 30 days
Missing daysSupply for rxTba claim rx152, using default of 30 days
Missing daysSupply for rxTba claim rx153, using default of 30 days
Missing daysSupply for rxTba claim rx154, using default of 30 days
Missing daysSupply for rxTba claim rx155, using default of 30 days
Missing daysSupply for rxTba claim rx156, using default of 30 days
Missing daysSupply for rxTba claim rx157, using default of 30 days
Missing daysSupply for rxTba claim rx158, using default of 30 days
Missing daysSupply for rxTba claim rx159, using default of 30 days
Missing daysSupply for rxTba claim rx160, using default of 30 days
Missing daysSupply for rxTba claim rx161, using default of 30 days
Missing daysSupply for rxTba claim rx162, using default of 30 days
Missing daysSupply for rxTba claim rx163, using default of 30 days
Missing daysSupply for rxTba claim rx164, using default of 30 days
Missing daysSupply for rxTba claim rx165, using default of 30 days
Missing daysSupply for rxTba claim rx166, using default of 30 days
Missing daysSupply for rxTba claim rx167, using default of 30 days
Missing daysSupply for rxTba claim rx168, using default of 30 days
Missing daysSupply for rxTba claim rx169, using default of 30 days
Missing daysSupply for rxTba claim rx170, using default of 30 days
Missing daysSupply for rxTba claim rx171, using default of 30 days
Missing daysSupply for rxTba claim rx172, using default of 30 days
Missing daysSupply for rxTba claim rx173, using default of 30 days
Missing daysSupply for rxTba claim rx174, using default of 30 days
Missing daysSupply for rxTba claim rx175, using default of 30 days
Missing daysSupply for rxTba claim rx176, using default of 30 days
Missing daysSupply for rxTba claim rx177, using default of 30 days
Missing daysSupply for rxTba claim rx178, using default of 30 days
Missing daysSupply for rxTba claim rx179, using default of 30 days
Missing daysSupply for rxTba claim rx180, using default of 30 days
Missing daysSupply for rxTba claim rx181, using default of 30 days
Missing daysSupply for rxTba claim rx182, using default of 30 days
Missing daysSupply for rxTba claim rx183, using default of 30 days
Missing daysSupply for rxTba claim rx184, using default of 30 days
Missing daysSupply for rxTba claim rx185, using default of 30 days
Missing daysSupply for rxTba claim rx186, using default of 30 days
Missing daysSupply for rxTba claim rx187, using default of 30 days
Missing daysSupply for rxTba claim rx188, using default of 30 days
Missing daysSupply for rxTba claim rx189, using default of 30 days
Missing daysSupply for rxTba claim rx190, using default of 30 days
Missing daysSupply for rxTba claim rx191, using default of 30 days
Missing daysSupply for rxTba claim rx192, using default of 30 days
Missing daysSupply for rxTba claim rx193, using default of 30 days
Missing daysSupply for rxTba claim rx194, using default of 30 days
Missing daysSupply for rxTba claim rx195, using default of 30 days
Missing daysSupply for rxTba claim rx196, using default of 30 days
Missing daysSupply for rxTba claim rx197, using default of 30 days
Missing daysSupply for rxTba claim rx198, using default of 30 days
Missing daysSupply for rxTba claim rx199, using default of 30 days
Missing daysSupply for rxTba claim rx200, using default of 30 days
Missing daysSupply for rxTba claim rx201, using default of 30 days
Missing daysSupply for rxTba claim rx202, using default of 30 days
Missing daysSupply for rxTba claim rx203, using default of 30 days
Missing daysSupply for rxTba claim rx204, using default of 30 days
Missing daysSupply for rxTba claim rx205, using default of 30 days
Missing daysSupply for rxTba claim rx206, using default of 30 days
Missing daysSupply for rxTba claim rx207, using default of 30 days
Missing daysSupply for rxTba claim rx208, using default of 30 days
Missing daysSupply for rxTba claim rx209, using default of 30 days
Missing daysSupply for rxTba claim rx210, using default of 30 days
Missing daysSupply for rxTba claim rx211, using default of 30 days
Missing daysSupply for rxTba claim rx212, using default of 30 days
Missing daysSupply for rxTba claim rx213, using default of 30 days
Missing daysSupply for rxTba claim rx214, using default of 30 days
Missing daysSupply for rxTba claim rx215, using default of 30 days
Missing daysSupply for rxTba claim rx216, using default of 30 days
Missing daysSupply for rxTba claim rx217, using default of 30 days
Missing daysSupply for rxTba claim rx218, using default of 30 days
Missing daysSupply for rxTba claim rx219, using default of 30 days
Missing daysSupply for rxTba claim rx220, using default of 30 days
Missing daysSupply for rxTba claim rx221, using default of 30 days
Missing daysSupply for rxTba claim rx222, using default of 30 days
Missing daysSupply for rxTba claim rx223, using default of 30 days
Missing daysSupply for rxTba claim rx224, using default of 30 days
Missing daysSupply for rxTba claim rx225, using default of 30 days
Missing daysSupply for rxTba claim rx226, using default of 30 days
Missing daysSupply for rxTba claim rx227, using default of 30 days
Missing daysSupply for rxTba claim rx228, using default of 30 days
Missing daysSupply for rxTba claim rx229, using default of 30 days
Missing daysSupply for rxTba claim rx230, using default of 30 days
Missing daysSupply for rxTba claim rx231, using default of 30 days
Missing daysSupply for rxTba claim rx232, using default of 30 days
Missing daysSupply for rxTba claim rx233, using default of 30 days
Missing daysSupply for rxTba claim rx234, using default of 30 days
Missing daysSupply for rxTba claim rx235, using default of 30 days
Missing daysSupply for rxTba claim rx236, using default of 30 days
Missing daysSupply for rxTba claim rx237, using default of 30 days
Missing daysSupply for rxTba claim rx238, using default of 30 days
Missing daysSupply for rxTba claim rx239, using default of 30 days
Missing daysSupply for rxTba claim rx240, using default of 30 days
Missing daysSupply for rxTba claim rx241, using default of 30 days
Missing daysSupply for rxTba claim rx242, using default of 30 days
Missing daysSupply for rxTba claim rx243, using default of 30 days
Missing daysSupply for rxTba claim rx244, using default of 30 days
Missing daysSupply for rxTba claim rx245, using default of 30 days
Missing daysSupply for rxTba claim rx246, using default of 30 days
Missing daysSupply for rxTba claim rx247, using default of 30 days
Missing daysSupply for rxTba claim rx248, using default of 30 days
Missing daysSupply for rxTba claim rx249, using default of 30 days
Missing daysSupply for rxTba claim rx250, using default of 30 days
Missing daysSupply for rxTba claim rx251, using default of 30 days
Missing daysSupply for rxTba claim rx252, using default of 30 days
Missing daysSupply for rxTba claim rx253, using default of 30 days
Missing daysSupply for rxTba claim rx254, using default of 30 days
Missing daysSupply for rxTba claim rx255, using default of 30 days
Missing daysSupply for rxTba claim rx256, using default of 30 days
Missing daysSupply for rxTba claim rx257, using default of 30 days
Missing daysSupply for rxTba claim rx258, using default of 30 days
Missing daysSupply for rxTba claim rx259, using default of 30 days
Missing daysSupply for rxTba claim rx260, using default of 30 days
Missing daysSupply for rxTba claim rx261, using default of 30 days
Missing daysSupply for rxTba claim rx262, using default of 30 days
Missing daysSupply for rxTba claim rx263, using default of 30 days
Missing daysSupply for rxTba claim rx264, using default of 30 days
Missing daysSupply for rxTba claim rx265, using default of 30 days
Missing daysSupply for rxTba claim rx266, using default of 30 days
Missing daysSupply for rxTba claim rx267, using default of 30 days
Missing daysSupply for rxTba claim rx268, using default of 30 days
Missing daysSupply for rxTba claim rx269, using default of 30 days
Missing daysSupply for rxTba claim rx270, using default of 30 days
Missing daysSupply for rxTba claim rx271, using default of 30 days
Missing daysSupply for rxTba claim rx272, using default of 30 days
Missing daysSupply for rxTba claim rx273, using default of 30 days
Missing daysSupply for rxTba claim rx274, using default of 30 days
Missing daysSupply for rxTba claim rx275, using default of 30 days
Missing daysSupply for rxTba claim rx276, using default of 30 days
Missing daysSupply for rxTba claim rx277, using default of 30 days
Missing daysSupply for rxTba claim rx278, using default of 30 days
Missing daysSupply for rxTba claim rx279, using default of 30 days
Missing daysSupply for rxTba claim rx280, using default of 30 days
Missing daysSupply for rxTba claim rx281, using default of 30 days
Missing daysSupply for rxTba claim rx282, using default of 30 days
Missing daysSupply for rxTba claim rx283, using default of 30 days
Missing daysSupply for rxTba claim rx284, using default of 30 days
Missing daysSupply for rxTba claim rx285, using default of 30 days
Missing daysSupply for rxTba claim rx286, using default of 30 days
Missing daysSupply for rxTba claim rx287, using default of 30 days
Missing daysSupply for rxTba claim rx288, using default of 30 days
Missing daysSupply for rxTba claim rx289, using default of 30 days
Missing daysSupply for rxTba claim rx290, using default of 30 days
Missing daysSupply for rxTba claim rx291, using default of 30 days
Missing daysSupply for rxTba claim rx292, using default of 30 days
Missing daysSupply for rxTba claim rx293, using default of 30 days
Missing daysSupply for rxTba claim rx294, using default of 30 days
Missing daysSupply for rxTba claim rx295, using default of 30 days
Missing daysSupply for rxTba claim rx296, using default of 30 days
Missing daysSupply for rxTba claim rx297, using default of 30 days
Missing daysSupply for rxTba claim rx298, using default of 30 days
Missing daysSupply for rxTba claim rx299, using default of 30 days
Missing daysSupply for rxTba claim rx300, using default of 30 days
Missing daysSupply for rxTba claim rx301, using default of 30 days
Missing daysSupply for rxTba claim rx302, using default of 30 days
Missing daysSupply for rxTba claim rx303, using default of 30 days
Missing daysSupply for rxTba claim rx304, using default of 30 days
Missing daysSupply for rxTba claim rx305, using default of 30 days
Missing daysSupply for rxTba claim rx306, using default of 30 days
Missing daysSupply for rxTba claim rx307, using default of 30 days
Missing daysSupply for rxTba claim rx308, using default of 30 days
Missing daysSupply for rxTba claim rx309, using default of 30 days
Missing daysSupply for rxTba claim rx310, using default of 30 days
Missing daysSupply for rxTba claim rx311, using default of 30 days
Missing daysSupply for rxTba claim rx312, using default of 30 days
Missing daysSupply for rxTba claim rx313, using default of 30 days
Missing daysSupply for rxTba claim rx314, using default of 30 days
Missing daysSupply for rxTba claim rx315, using default of 30 days
Missing daysSupply for rxTba claim rx316, using default of 30 days
Missing daysSupply for rxTba claim rx317, using default of 30 days
Missing daysSupply for rxTba claim rx318, using default of 30 days
Missing daysSupply for rxTba claim rx319, using default of 30 days
Missing daysSupply for rxTba claim rx320, using default of 30 days
Missing daysSupply for rxTba claim rx321, using default of 30 days
Missing daysSupply for rxTba claim rx322, using default of 30 days
Missing daysSupply for rxTba claim rx323, using default of 30 days
Missing daysSupply for rxTba claim rx324, using default of 30 days
Missing daysSupply for rxTba claim rx325, using default of 30 days
Missing daysSupply for rxTba claim rx326, using default of 30 days
Missing daysSupply for rxTba claim rx327, using default of 30 days
Missing daysSupply for rxTba claim rx328, using default of 30 days
Missing daysSupply for rxTba claim rx329, using default of 30 days
Missing daysSupply for rxTba claim rx330, using default of 30 days
Missing daysSupply for rxTba claim rx331, using default of 30 days
Missing daysSupply for rxTba claim rx332, using default of 30 days
Missing daysSupply for rxTba claim rx333, using default of 30 days
Missing daysSupply for rxTba claim rx334, using default of 30 days
Missing daysSupply for rxTba claim rx335, using default of 30 days
Missing daysSupply for rxTba claim rx336, using default of 30 days
Missing daysSupply for rxTba claim rx337, using default of 30 days
Missing daysSupply for rxTba claim rx338, using default of 30 days
Missing daysSupply for rxTba claim rx339, using default of 30 days
Missing daysSupply for rxTba claim rx340, using default of 30 days
Missing daysSupply for rxTba claim rx341, using default of 30 days
Missing daysSupply for rxTba claim rx342, using default of 30 days
Missing daysSupply for rxTba claim rx343, using default of 30 days
Missing daysSupply for rxTba claim rx344, using default of 30 days
Missing daysSupply for rxTba claim rx345, using default of 30 days
Missing daysSupply for rxTba claim rx346, using default of 30 days
Missing daysSupply for rxTba claim rx347, using default of 30 days
Missing daysSupply for rxTba claim rx348, using default of 30 days
Missing daysSupply for rxTba claim rx349, using default of 30 days
Missing daysSupply for rxTba claim rx350, using default of 30 days
Missing daysSupply for rxTba claim rx351, using default of 30 days
Missing daysSupply for rxTba claim rx352, using default of 30 days
Missing daysSupply for rxTba claim rx353, using default of 30 days
Missing daysSupply for rxTba claim rx354, using default of 30 days
Missing daysSupply for rxTba claim rx355, using default of 30 days
Missing daysSupply for rxTba claim rx356, using default of 30 days
Missing daysSupply for rxTba claim rx357, using default of 30 days
Missing daysSupply for rxTba claim rx358, using default of 30 days
Missing daysSupply for rxTba claim rx359, using default of 30 days
Missing daysSupply for rxTba claim rx360, using default of 30 days
Missing daysSupply for rxTba claim rx361, using default of 30 days
Missing daysSupply for rxTba claim rx362, using default of 30 days
Missing daysSupply for rxTba claim rx363, using default of 30 days
Missing daysSupply for rxTba claim rx364, using default of 30 days
Missing daysSupply for rxTba claim rx365, using default of 30 days
Missing daysSupply for rxTba claim rx366, using default of 30 days
Missing daysSupply for rxTba claim rx367, using default of 30 days
Missing daysSupply for rxTba claim rx368, using default of 30 days
Missing daysSupply for rxTba claim rx369, using default of 30 days
Missing daysSupply for rxTba claim rx370, using default of 30 days
Missing daysSupply for rxTba claim rx371, using default of 30 days
Missing daysSupply for rxTba claim rx372, using default of 30 days
Missing daysSupply for rxTba claim rx373, using default of 30 days
Missing daysSupply for rxTba claim rx374, using default of 30 days
Missing daysSupply for rxTba claim rx375, using default of 30 days
Missing daysSupply for rxTba claim rx376, using default of 30 days
Missing daysSupply for rxTba claim rx377, using default of 30 days
Missing daysSupply for rxTba claim rx378, using default of 30 days
Missing daysSupply for rxTba claim rx379, using default of 30 days
Missing daysSupply for rxTba claim rx380, using default of 30 days
Missing daysSupply for rxTba claim rx381, using default of 30 days
Missing daysSupply for rxTba claim rx382, using default of 30 days
Missing daysSupply for rxTba claim rx383, using default of 30 days
Missing daysSupply for rxTba claim rx384, using default of 30 days
Missing daysSupply for rxTba claim rx385, using default of 30 days
Missing daysSupply for rxTba claim rx386, using default of 30 days
Missing daysSupply for rxTba claim rx387, using default of 30 days
Missing daysSupply for rxTba claim rx388, using default of 30 days
Missing daysSupply for rxTba claim rx389, using default of 30 days
Missing daysSupply for rxTba claim rx390, using default of 30 days
Missing daysSupply for rxTba claim rx391, using default of 30 days
Missing daysSupply for rxTba claim rx392, using default of 30 days
Missing daysSupply for rxTba claim rx393, using default of 30 days
Missing daysSupply for rxTba claim rx394, using default of 30 days
Missing daysSupply for rxTba claim rx395, using default of 30 days
Missing daysSupply for rxTba claim rx396, using default of 30 days
Missing daysSupply for rxTba claim rx397, using default of 30 days
Missing daysSupply for rxTba claim rx398, using default of 30 days
Missing daysSupply for rxTba claim rx399, using default of 30 days
Missing daysSupply for rxTba claim rx400, using default of 30 days
Missing daysSupply for rxTba claim rx401, using default of 30 days
Missing daysSupply for rxTba claim rx402, using default of 30 days
Missing daysSupply for rxTba claim rx403, using default of 30 days
Missing daysSupply for rxTba claim rx404, using default of 30 days
Missing daysSupply for rxTba claim rx405, using default of 30 days
Missing daysSupply for rxTba claim rx406, using default of 30 days
Missing daysSupply for rxTba claim rx407, using default of 30 days
Missing daysSupply for rxTba claim rx408, using default of 30 days
Missing daysSupply for rxTba claim rx409, using default of 30 days
Missing daysSupply for rxTba claim rx410, using default of 30 days
Missing daysSupply for rxTba claim rx411, using default of 30 days
Missing daysSupply for rxTba claim rx412, using default of 30 days
Missing daysSupply for rxTba claim rx413, using default of 30 days
Missing daysSupply for rxTba claim rx414, using default of 30 days
Missing daysSupply for rxTba claim rx415, using default of 30 days
Missing daysSupply for rxTba claim rx416, using default of 30 days
Missing daysSupply for rxTba claim rx417, using default of 30 days
Missing daysSupply for rxTba claim rx418, using default of 30 days
Missing daysSupply for rxTba claim rx419, using default of 30 days
Missing daysSupply for rxTba claim rx420, using default of 30 days
Missing daysSupply for rxTba claim rx421, using default of 30 days
Missing daysSupply for rxTba claim rx422, using default of 30 days
Missing daysSupply for rxTba claim rx423, using default of 30 days
Missing daysSupply for rxTba claim rx424, using default of 30 days
Missing daysSupply for rxTba claim rx425, using default of 30 days
Missing daysSupply for rxTba claim rx426, using default of 30 days
Missing daysSupply for rxTba claim rx427, using default of 30 days
Missing daysSupply for rxTba claim rx428, using default of 30 days
Missing daysSupply for rxTba claim rx429, using default of 30 days
Missing daysSupply for rxTba claim rx430, using default of 30 days
Missing daysSupply for rxTba claim rx431, using default of 30 days
Missing daysSupply for rxTba claim rx432, using default of 30 days
Missing daysSupply for rxTba claim rx433, using default of 30 days
Missing daysSupply for rxTba claim rx434, using default of 30 days
Missing daysSupply for rxTba claim rx435, using default of 30 days
Missing daysSupply for rxTba claim rx436, using default of 30 days
Missing daysSupply for rxTba claim rx437, using default of 30 days
Missing daysSupply for rxTba claim rx438, using default of 30 days
Missing daysSupply for rxTba claim rx439, using default of 30 days
Missing daysSupply for rxTba claim rx440, using default of 30 days
Missing daysSupply for rxTba claim rx441, using default of 30 days
Missing daysSupply for rxTba claim rx442, using default of 30 days
Missing daysSupply for rxTba claim rx443, using default of 30 days
Missing daysSupply for rxTba claim rx444, using default of 30 days
Missing daysSupply for rxTba claim rx445, using default of 30 days
Missing daysSupply for rxTba claim rx446, using default of 30 days
Missing daysSupply for rxTba claim rx447, using default of 30 days
Missing daysSupply for rxTba claim rx448, using default of 30 days
Missing daysSupply for rxTba claim rx449, using default of 30 days
Missing daysSupply for rxTba claim rx450, using default of 30 days
Missing daysSupply for rxTba claim rx451, using default of 30 days
Missing daysSupply for rxTba claim rx452, using default of 30 days
Missing daysSupply for rxTba claim rx453, using default of 30 days
Missing daysSupply for rxTba claim rx454, using default of 30 days
Missing daysSupply for rxTba claim rx455, using default of 30 days
Missing daysSupply for rxTba claim rx456, using default of 30 days
Missing daysSupply for rxTba claim rx457, using default of 30 days
Missing daysSupply for rxTba claim rx458, using default of 30 days
Missing daysSupply for rxTba claim rx459, using default of 30 days
Missing daysSupply for rxTba claim rx460, using default of 30 days
Missing daysSupply for rxTba claim rx461, using default of 30 days
Missing daysSupply for rxTba claim rx462, using default of 30 days
Missing daysSupply for rxTba claim rx463, using default of 30 days
Missing daysSupply for rxTba claim rx464, using default of 30 days
Missing daysSupply for rxTba claim rx465, using default of 30 days
Missing daysSupply for rxTba claim rx466, using default of 30 days
Missing daysSupply for rxTba claim rx467, using default of 30 days
Missing daysSupply for rxTba claim rx468, using default of 30 days
Missing daysSupply for rxTba claim rx469, using default of 30 days
Missing daysSupply for rxTba claim rx470, using default of 30 days
Missing daysSupply for rxTba claim rx471, using default of 30 days
Missing daysSupply for rxTba claim rx472, using default of 30 days
Missing daysSupply for rxTba claim rx473, using default of 30 days
Missing daysSupply for rxTba claim rx474, using default of 30 days
Missing daysSupply for rxTba claim rx475, using default of 30 days
Missing daysSupply for rxTba claim rx476, using default of 30 days
Missing daysSupply for rxTba claim rx477, using default of 30 days
Missing daysSupply for rxTba claim rx478, using default of 30 days
Missing daysSupply for rxTba claim rx479, using default of 30 days
Missing daysSupply for rxTba claim rx480, using default of 30 days
Missing daysSupply for rxTba claim rx481, using default of 30 days
Missing daysSupply for rxTba claim rx482, using default of 30 days
Missing daysSupply for rxTba claim rx483, using default of 30 days
Missing daysSupply for rxTba claim rx484, using default of 30 days
Missing daysSupply for rxTba claim rx485, using default of 30 days
Missing daysSupply for rxTba claim rx486, using default of 30 days
Missing daysSupply for rxTba claim rx487, using default of 30 days
Missing daysSupply for rxTba claim rx488, using default of 30 days
Missing daysSupply for rxTba claim rx489, using default of 30 days
Missing daysSupply for rxTba claim rx490, using default of 30 days
Missing daysSupply for rxTba claim rx491, using default of 30 days
Missing daysSupply for rxTba claim rx492, using default of 30 days
Missing daysSupply for rxTba claim rx493, using default of 30 days
Missing daysSupply for rxTba claim rx494, using default of 30 days
Missing daysSupply for rxTba claim rx495, using default of 30 days
Missing daysSupply for rxTba claim rx496, using default of 30 days
Missing daysSupply for rxTba claim rx497, using default of 30 days
Missing daysSupply for rxTba claim rx498, using default of 30 days
Missing daysSupply for rxTba claim rx499, using default of 30 days
Missing daysSupply for rxTba claim rx500, using default of 30 days
Missing daysSupply for rxTba claim rx501, using default of 30 days
Missing daysSupply for rxTba claim rx502, using default of 30 days
Missing daysSupply for rxTba claim rx503, using default of 30 days
Missing daysSupply for rxTba claim rx504, using default of 30 days
Missing daysSupply for rxTba claim rx505, using default of 30 days
Missing daysSupply for rxTba claim rx506, using default of 30 days
Missing daysSupply for rxTba claim rx507, using default of 30 days
Missing daysSupply for rxTba claim rx508, using default of 30 days
Missing daysSupply for rxTba claim rx509, using default of 30 days
Missing daysSupply for rxTba claim rx510, using default of 30 days
Missing daysSupply for rxTba claim rx511, using default of 30 days
Missing daysSupply for rxTba claim rx512, using default of 30 days
Missing daysSupply for rxTba claim rx513, using default of 30 days
Missing daysSupply for rxTba claim rx514, using default of 30 days
Missing daysSupply for rxTba claim rx515, using default of 30 days
Missing daysSupply for rxTba claim rx516, using default of 30 days
Missing daysSupply for rxTba claim rx517, using default of 30 days
Missing daysSupply for rxTba claim rx518, using default of 30 days
Missing daysSupply for rxTba claim rx519, using default of 30 days
Missing daysSupply for rxTba claim rx520, using default of 30 days
Missing daysSupply for rxTba claim rx521, using default of 30 days
Missing daysSupply for rxTba claim rx522, using default of 30 days
Missing daysSupply for rxTba claim rx523, using default of 30 days
Missing daysSupply for rxTba claim rx524, using default of 30 days
Missing daysSupply for rxTba claim rx525, using default of 30 days
Missing daysSupply for rxTba claim rx526, using default of 30 days
Missing daysSupply for rxTba claim rx527, using default of 30 days
Missing daysSupply for rxTba claim rx528, using default of 30 days
Missing daysSupply for rxTba claim rx529, using default of 30 days
Missing daysSupply for rxTba claim rx530, using default of 30 days
Missing daysSupply for rxTba claim rx531, using default of 30 days
Missing daysSupply for rxTba claim rx532, using default of 30 days
Missing daysSupply for rxTba claim rx533, using default of 30 days
Missing daysSupply for rxTba claim rx534, using default of 30 days
Missing daysSupply for rxTba claim rx535, using default of 30 days
Missing daysSupply for rxTba claim rx536, using default of 30 days
Missing daysSupply for rxTba claim rx537, using default of 30 days
Missing daysSupply for rxTba claim rx538, using default of 30 days
Missing daysSupply for rxTba claim rx539, using default of 30 days
Missing daysSupply for rxTba claim rx540, using default of 30 days
Missing daysSupply for rxTba claim rx541, using default of 30 days
Missing daysSupply for rxTba claim rx542, using default of 30 days
Missing daysSupply for rxTba claim rx543, using default of 30 days
Missing daysSupply for rxTba claim rx544, using default of 30 days
Missing daysSupply for rxTba claim rx545, using default of 30 days
Missing daysSupply for rxTba claim rx546, using default of 30 days
Missing daysSupply for rxTba claim rx547, using default of 30 days
Missing daysSupply for rxTba claim rx548, using default of 30 days
Missing daysSupply for rxTba claim rx549, using default of 30 days
Missing daysSupply for rxTba claim rx550, using default of 30 days
Missing daysSupply for rxTba claim rx551, using default of 30 days
Missing daysSupply for rxTba claim rx552, using default of 30 days
Missing daysSupply for rxTba claim rx553, using default of 30 days
Missing daysSupply for rxTba claim rx554, using default of 30 days
Missing daysSupply for rxTba claim rx555, using default of 30 days
Missing daysSupply for rxTba claim rx556, using default of 30 days
Missing daysSupply for rxTba claim rx557, using default of 30 days
Missing daysSupply for rxTba claim rx558, using default of 30 days
Missing daysSupply for rxTba claim rx559, using default of 30 days
Missing daysSupply for rxTba claim rx560, using default of 30 days
Missing daysSupply for rxTba claim rx561, using default of 30 days
Missing daysSupply for rxTba claim rx562, using default of 30 days
Missing daysSupply for rxTba claim rx563, using default of 30 days
Missing daysSupply for rxTba claim rx564, using default of 30 days
Missing daysSupply for rxTba claim rx565, using default of 30 days
Missing daysSupply for rxTba claim rx566, using default of 30 days
Missing daysSupply for rxTba claim rx567, using default of 30 days
Missing daysSupply for rxTba claim rx568, using default of 30 days
Missing daysSupply for rxTba claim rx569, using default of 30 days
Missing daysSupply for rxTba claim rx570, using default of 30 days
Missing daysSupply for rxTba claim rx571, using default of 30 days
Missing daysSupply for rxTba claim rx572, using default of 30 days
Missing daysSupply for rxTba claim rx573, using default of 30 days
Missing daysSupply for rxTba claim rx574, using default of 30 days
Missing daysSupply for rxTba claim rx575, using default of 30 days
Missing daysSupply for rxTba claim rx576, using default of 30 days
Missing daysSupply for rxTba claim rx577, using default of 30 days
Missing daysSupply for rxTba claim rx578, using default of 30 days
Missing daysSupply for rxTba claim rx579, using default of 30 days
Missing daysSupply for rxTba claim rx580, using default of 30 days
Missing daysSupply for rxTba claim rx581, using default of 30 days
Missing daysSupply for rxTba claim rx582, using default of 30 days
Missing daysSupply for rxTba claim rx583, using default of 30 days
Missing daysSupply for rxTba claim rx584, using default of 30 days
Missing daysSupply for rxTba claim rx585, using default of 30 days
Missing daysSupply for rxTba claim rx586, using default of 30 days
Missing daysSupply for rxTba claim rx587, using default of 30 days
Missing daysSupply for rxTba claim rx588, using default of 30 days
Missing daysSupply for rxTba claim rx589, using default of 30 days
Missing daysSupply for rxTba claim rx590, using default of 30 days
Missing daysSupply for rxTba claim rx591, using default of 30 days
Missing daysSupply for rxTba claim rx592, using default of 30 days
Missing daysSupply for rxTba claim rx593, using default of 30 days
Missing daysSupply for rxTba claim rx594, using default of 30 days
Missing daysSupply for rxTba claim rx595, using default of 30 days
Missing daysSupply for rxTba claim rx596, using default of 30 days
Missing daysSupply for rxTba claim rx597, using default of 30 days
Missing daysSupply for rxTba claim rx598, using default of 30 days
Missing daysSupply for rxTba claim rx599, using default of 30 days
Missing daysSupply for rxTba claim rx600, using default of 30 days
Missing daysSupply for rxTba claim rx601, using default of 30 days
Missing daysSupply for rxTba claim rx602, using default of 30 days
Missing daysSupply for rxTba claim rx603, using default of 30 days
Missing daysSupply for rxTba claim rx604, using default of 30 days
Missing daysSupply for rxTba claim rx605, using default of 30 days
Missing daysSupply for rxTba claim rx606, using default of 30 days
Missing daysSupply for rxTba claim rx607, using default of 30 days
Missing daysSupply for rxTba claim rx608, using default of 30 days
Missing daysSupply for rxTba claim rx609, using default of 30 days
Missing daysSupply for rxTba claim rx610, using default of 30 days
Missing daysSupply for rxTba claim rx611, using default of 30 days
Missing daysSupply for rxTba claim rx612, using default of 30 days
Missing daysSupply for rxTba claim rx613, using default of 30 days
Missing daysSupply for rxTba claim rx614, using default of 30 days
Missing daysSupply for rxTba claim rx615, using default of 30 days
Missing daysSupply for rxTba claim rx616, using default of 30 days
Missing daysSupply for rxTba claim rx617, using default of 30 days
Missing daysSupply for rxTba claim rx618, using default of 30 days
Missing daysSupply for rxTba claim rx619, using default of 30 days
Missing daysSupply for rxTba claim rx620, using default of 30 days
Missing daysSupply for rxTba claim rx621, using default of 30 days
Missing daysSupply for rxTba claim rx622, using default of 30 days
Missing daysSupply for rxTba claim rx623, using default of 30 days
Missing daysSupply for rxTba claim rx624, using default of 30 days
Missing daysSupply for rxTba claim rx625, using default of 30 days
Missing daysSupply for rxTba claim rx626, using default of 30 days
Missing daysSupply for rxTba claim rx627, using default of 30 days
Missing daysSupply for rxTba claim rx628, using default of 30 days
Missing daysSupply for rxTba claim rx629, using default of 30 days
Missing daysSupply for rxTba claim rx630, using default of 30 days
Missing daysSupply for rxTba claim rx631, using default of 30 days
Missing daysSupply for rxTba claim rx632, using default of 30 days
Missing daysSupply for rxTba claim rx633, using default of 30 days
Missing daysSupply for rxTba claim rx634, using default of 30 days
Missing daysSupply for rxTba claim rx635, using default of 30 days
Missing daysSupply for rxTba claim rx636, using default of 30 days
Missing daysSupply for rxTba claim rx637, using default of 30 days
Missing daysSupply for rxTba claim rx638, using default of 30 days
Missing daysSupply for rxTba claim rx639, using default of 30 days
Missing daysSupply for rxTba claim rx640, using default of 30 days
Missing daysSupply for rxTba claim rx641, using default of 30 days
Missing daysSupply for rxTba claim rx642, using default of 30 days
Missing daysSupply for rxTba claim rx643, using default of 30 days
Missing daysSupply for rxTba claim rx644, using default of 30 days
Missing daysSupply for rxTba claim rx645, using default of 30 days
Missing daysSupply for rxTba claim rx646, using default of 30 days
Missing daysSupply for rxTba claim rx647, using default of 30 days
Missing daysSupply for rxTba claim rx648, using default of 30 days
Missing daysSupply for rxTba claim rx649, using default of 30 days
Missing daysSupply for rxTba claim rx650, using default of 30 days
Missing daysSupply for rxTba claim rx651, using default of 30 days
Missing daysSupply for rxTba claim rx652, using default of 30 days
Missing daysSupply for rxTba claim rx653, using default of 30 days
Missing daysSupply for rxTba claim rx654, using default of 30 days
Missing daysSupply for rxTba claim rx655, using default of 30 days
Missing daysSupply for rxTba claim rx656, using default of 30 days
Missing daysSupply for rxTba claim rx657, using default of 30 days
Missing daysSupply for rxTba claim rx658, using default of 30 days
Missing daysSupply for rxTba claim rx659, using default of 30 days
Missing daysSupply for rxTba claim rx660, using default of 30 days
Missing daysSupply for rxTba claim rx661, using default of 30 days
Missing daysSupply for rxTba claim rx662, using default of 30 days
Missing daysSupply for rxTba claim rx663, using default of 30 days
Missing daysSupply for rxTba claim rx664, using default of 30 days
Missing daysSupply for rxTba claim rx665, using default of 30 days
Missing daysSupply for rxTba claim rx666, using default of 30 days
Missing daysSupply for rxTba claim rx667, using default of 30 days
Missing daysSupply for rxTba claim rx668, using default of 30 days
Missing daysSupply for rxTba claim rx669, using default of 30 days
Missing daysSupply for rxTba claim rx670, using default of 30 days
Missing daysSupply for rxTba claim rx671, using default of 30 days
Missing daysSupply for rxTba claim rx672, using default of 30 days
Missing daysSupply for rxTba claim rx673, using default of 30 days
Missing daysSupply for rxTba claim rx674, using default of 30 days
Missing daysSupply for rxTba claim rx675, using default of 30 days
Missing daysSupply for rxTba claim rx676, using default of 30 days
Missing daysSupply for rxTba claim rx677, using default of 30 days
Missing daysSupply for rxTba claim rx678, using default of 30 days
Missing daysSupply for rxTba claim rx679, using default of 30 days
Missing daysSupply for rxTba claim rx680, using default of 30 days
Missing daysSupply for rxTba claim rx681, using default of 30 days
Missing daysSupply for rxTba claim rx682, using default of 30 days
Missing daysSupply for rxTba claim rx683, using default of 30 days
Missing daysSupply for rxTba claim rx684, using default of 30 days
Missing daysSupply for rxTba claim rx685, using default of 30 days
Missing daysSupply for rxTba claim rx686, using default of 30 days
Missing daysSupply for rxTba claim rx687, using default of 30 days
Missing daysSupply for rxTba claim rx688, using default of 30 days
Missing daysSupply for rxTba claim rx689, using default of 30 days
Missing daysSupply for rxTba claim rx690, using default of 30 days
Missing daysSupply for rxTba claim rx691, using default of 30 days
Missing daysSupply for rxTba claim rx692, using default of 30 days
Missing daysSupply for rxTba claim rx693, using default of 30 days
Missing daysSupply for rxTba claim rx694, using default of 30 days
Missing daysSupply for rxTba claim rx695, using default of 30 days
Missing daysSupply for rxTba claim rx696, using default of 30 days
Missing daysSupply for rxTba claim rx697, using default of 30 days
Missing daysSupply for rxTba claim rx698, using default of 30 days
Missing daysSupply for rxTba claim rx699, using default of 30 days
Missing daysSupply for rxTba claim rx700, using default of 30 days
Missing daysSupply for rxTba claim rx701, using default of 30 days
Missing daysSupply for rxTba claim rx702, using default of 30 days
Missing daysSupply for rxTba claim rx703, using default of 30 days
Missing daysSupply for rxTba claim rx704, using default of 30 days
Missing daysSupply for rxTba claim rx705, using default of 30 days
Missing daysSupply for rxTba claim rx706, using default of 30 days
Missing daysSupply for rxTba claim rx707, using default of 30 days
Missing daysSupply for rxTba claim rx708, using default of 30 days
Missing daysSupply for rxTba claim rx709, using default of 30 days
Missing daysSupply for rxTba claim rx710, using default of 30 days
Missing daysSupply for rxTba claim rx711, using default of 30 days
Missing daysSupply for rxTba claim rx712, using default of 30 days
Missing daysSupply for rxTba claim rx713, using default of 30 days
Missing daysSupply for rxTba claim rx714, using default of 30 days
Missing daysSupply for rxTba claim rx715, using default of 30 days
Missing daysSupply for rxTba claim rx716, using default of 30 days
Missing daysSupply for rxTba claim rx717, using default of 30 days
Missing daysSupply for rxTba claim rx718, using default of 30 days
Missing daysSupply for rxTba claim rx719, using default of 30 days
Missing daysSupply for rxTba claim rx720, using default of 30 days
Missing daysSupply for rxTba claim rx721, using default of 30 days
Missing daysSupply for rxTba claim rx722, using default of 30 days
Missing daysSupply for rxTba claim rx723, using default of 30 days
Missing daysSupply for rxTba claim rx724, using default of 30 days
Missing daysSupply for rxTba claim rx725, using default of 30 days
Missing daysSupply for rxTba claim rx726, using default of 30 days
Missing daysSupply for rxTba claim rx727, using default of 30 days
Missing daysSupply for rxTba claim rx728, using default of 30 days
Missing daysSupply for rxTba claim rx729, using default of 30 days
Missing daysSupply for rxTba claim rx730, using default of 30 days
Missing daysSupply for rxTba claim rx731, using default of 30 days
Missing daysSupply for rxTba claim rx732, using default of 30 days
Missing daysSupply for rxTba claim rx733, using default of 30 days
Missing daysSupply for rxTba claim rx734, using default of 30 days
Missing daysSupply for rxTba claim rx735, using default of 30 days
Missing daysSupply for rxTba claim rx736, using default of 30 days
Missing daysSupply for rxTba claim rx737, using default of 30 days
Missing daysSupply for rxTba claim rx738, using default of 30 days
Missing daysSupply for rxTba claim rx739, using default of 30 days
Missing daysSupply for rxTba claim rx740, using default of 30 days
Missing daysSupply for rxTba claim rx741, using default of 30 days
Missing daysSupply for rxTba claim rx742, using default of 30 days
Missing daysSupply for rxTba claim rx743, using default of 30 days
Missing daysSupply for rxTba claim rx744, using default of 30 days
Missing daysSupply for rxTba claim rx745, using default of 30 days
Missing daysSupply for rxTba claim rx746, using default of 30 days
Missing daysSupply for rxTba claim rx747, using default of 30 days
Missing daysSupply for rxTba claim rx748, using default of 30 days
Missing daysSupply for rxTba claim rx749, using default of 30 days
Missing daysSupply for rxTba claim rx750, using default of 30 days
Missing daysSupply for rxTba claim rx751, using default of 30 days
Missing daysSupply for rxTba claim rx752, using default of 30 days
Missing daysSupply for rxTba claim rx753, using default of 30 days
Missing daysSupply for rxTba claim rx754, using default of 30 days
Missing daysSupply for rxTba claim rx755, using default of 30 days
Missing daysSupply for rxTba claim rx756, using default of 30 days
Missing daysSupply for rxTba claim rx757, using default of 30 days
Missing daysSupply for rxTba claim rx758, using default of 30 days
Missing daysSupply for rxTba claim rx759, using default of 30 days
Missing daysSupply for rxTba claim rx760, using default of 30 days
Missing daysSupply for rxTba claim rx761, using default of 30 days
Missing daysSupply for rxTba claim rx762, using default of 30 days
Missing daysSupply for rxTba claim rx763, using default of 30 days
Missing daysSupply for rxTba claim rx764, using default of 30 days
Missing daysSupply for rxTba claim rx765, using default of 30 days
Missing daysSupply for rxTba claim rx766, using default of 30 days
Missing daysSupply for rxTba claim rx767, using default of 30 days
Missing daysSupply for rxTba claim rx768, using default of 30 days
Missing daysSupply for rxTba claim rx769, using default of 30 days
Missing daysSupply for rxTba claim rx770, using default of 30 days
Missing daysSupply for rxTba claim rx771, using default of 30 days
Missing daysSupply for rxTba claim rx772, using default of 30 days
Missing daysSupply for rxTba claim rx773, using default of 30 days
Missing daysSupply for rxTba claim rx774, using default of 30 days
Missing daysSupply for rxTba claim rx775, using default of 30 days
Missing daysSupply for rxTba claim rx776, using default of 30 days
Missing daysSupply for rxTba claim rx777, using default of 30 days
Missing daysSupply for rxTba claim rx778, using default of 30 days
Missing daysSupply for rxTba claim rx779, using default of 30 days
Missing daysSupply for rxTba claim rx780, using default of 30 days
Missing daysSupply for rxTba claim rx781, using default of 30 days
Missing daysSupply for rxTba claim rx782, using default of 30 days
Missing daysSupply for rxTba claim rx783, using default of 30 days
Missing daysSupply for rxTba claim rx784, using default of 30 days
Missing daysSupply for rxTba claim rx785, using default of 30 days
Missing daysSupply for rxTba claim rx786, using default of 30 days
Missing daysSupply for rxTba claim rx787, using default of 30 days
Missing daysSupply for rxTba claim rx788, using default of 30 days
Missing daysSupply for rxTba claim rx789, using default of 30 days
Missing daysSupply for rxTba claim rx790, using default of 30 days
Missing daysSupply for rxTba claim rx791, using default of 30 days
Missing daysSupply for rxTba claim rx792, using default of 30 days
Missing daysSupply for rxTba claim rx793, using default of 30 days
Missing daysSupply for rxTba claim rx794, using default of 30 days
Missing daysSupply for rxTba claim rx795, using default of 30 days
Missing daysSupply for rxTba claim rx796, using default of 30 days
Missing daysSupply for rxTba claim rx797, using default of 30 days
Missing daysSupply for rxTba claim rx798, using default of 30 days
Missing daysSupply for rxTba claim rx799, using default of 30 days
Missing daysSupply for rxTba claim rx800, using default of 30 days
Missing daysSupply for rxTba claim rx801, using default of 30 days
Missing daysSupply for rxTba claim rx802, using default of 30 days
Missing daysSupply for rxTba claim rx803, using default of 30 days
Missing daysSupply for rxTba claim rx804, using default of 30 days
Missing daysSupply for rxTba claim rx805, using default of 30 days
Missing daysSupply for rxTba claim rx806, using default of 30 days
Missing daysSupply for rxTba claim rx807, using default of 30 days
Missing daysSupply for rxTba claim rx808, using default of 30 days
Missing daysSupply for rxTba claim rx809, using default of 30 days
Missing daysSupply for rxTba claim rx810, using default of 30 days
Missing daysSupply for rxTba claim rx811, using default of 30 days
Missing daysSupply for rxTba claim rx812, using default of 30 days
Missing daysSupply for rxTba claim rx813, using default of 30 days
Missing daysSupply for rxTba claim rx814, using default of 30 days
Missing daysSupply for rxTba claim rx815, using default of 30 days
Missing daysSupply for rxTba claim rx816, using default of 30 days
Missing daysSupply for rxTba claim rx817, using default of 30 days
Missing daysSupply for rxTba claim rx818, using default of 30 days
Missing daysSupply for rxTba claim rx819, using default of 30 days
Missing daysSupply for rxTba claim rx820, using default of 30 days
Missing daysSupply for rxTba claim rx821, using default of 30 days
Missing daysSupply for rxTba claim rx822, using default of 30 days
Missing daysSupply for rxTba claim rx823, using default of 30 days
Missing daysSupply for rxTba claim rx824, using default of 30 days
Missing daysSupply for rxTba claim rx825, using default of 30 days
Missing daysSupply for rxTba claim rx826, using default of 30 days
Missing daysSupply for rxTba claim rx827, using default of 30 days
Missing daysSupply for rxTba claim rx828, using default of 30 days
Missing daysSupply for rxTba claim rx829, using default of 30 days
Missing daysSupply for rxTba claim rx830, using default of 30 days
Missing daysSupply for rxTba claim rx831, using default of 30 days
Missing daysSupply for rxTba claim rx832, using default of 30 days
Missing daysSupply for rxTba claim rx833, using default of 30 days
Missing daysSupply for rxTba claim rx834, using default of 30 days
Missing daysSupply for rxTba claim rx835, using default of 30 days
Missing daysSupply for rxTba claim rx836, using default of 30 days
Missing daysSupply for rxTba claim rx837, using default of 30 days
Missing daysSupply for rxTba claim rx838, using default of 30 days
Missing daysSupply for rxTba claim rx839, using default of 30 days
Missing daysSupply for rxTba claim rx840, using default of 30 days
Missing daysSupply for rxTba claim rx841, using default of 30 days
Missing daysSupply for rxTba claim rx842, using default of 30 days
Missing daysSupply for rxTba claim rx843, using default of 30 days
Missing daysSupply for rxTba claim rx844, using default of 30 days
Missing daysSupply for rxTba claim rx845, using default of 30 days
Missing daysSupply for rxTba claim rx846, using default of 30 days
Missing daysSupply for rxTba claim rx847, using default of 30 days
Missing daysSupply for rxTba claim rx848, using default of 30 days
Missing daysSupply for rxTba claim rx849, using default of 30 days
Missing daysSupply for rxTba claim rx850, using default of 30 days
Missing daysSupply for rxTba claim rx851, using default of 30 days
Missing daysSupply for rxTba claim rx852, using default of 30 days
Missing daysSupply for rxTba claim rx853, using default of 30 days
Missing daysSupply for rxTba claim rx854, using default of 30 days
Missing daysSupply for rxTba claim rx855, using default of 30 days
Missing daysSupply for rxTba claim rx856, using default of 30 days
Missing daysSupply for rxTba claim rx857, using default of 30 days
Missing daysSupply for rxTba claim rx858, using default of 30 days
Missing daysSupply for rxTba claim rx859, using default of 30 days
Missing daysSupply for rxTba claim rx860, using default of 30 days
Missing daysSupply for rxTba claim rx861, using default of 30 days
Missing daysSupply for rxTba claim rx862, using default of 30 days
Missing daysSupply for rxTba claim rx863, using default of 30 days
Missing daysSupply for rxTba claim rx864, using default of 30 days
Missing daysSupply for rxTba claim rx865, using default of 30 days
Missing daysSupply for rxTba claim rx866, using default of 30 days
Missing daysSupply for rxTba claim rx867, using default of 30 days
Missing daysSupply for rxTba claim rx868, using default of 30 days
Missing daysSupply for rxTba claim rx869, using default of 30 days
Missing daysSupply for rxTba claim rx870, using default of 30 days
Missing daysSupply for rxTba claim rx871, using default of 30 days
Missing daysSupply for rxTba claim rx872, using default of 30 days
Missing daysSupply for rxTba claim rx873, using default of 30 days
Missing daysSupply for rxTba claim rx874, using default of 30 days
Missing daysSupply for rxTba claim rx875, using default of 30 days
Missing daysSupply for rxTba claim rx876, using default of 30 days
Missing daysSupply for rxTba claim rx877, using default of 30 days
Missing daysSupply for rxTba claim rx878, using default of 30 days
Missing daysSupply for rxTba claim rx879, using default of 30 days
Missing daysSupply for rxTba claim rx880, using default of 30 days
Missing daysSupply for rxTba claim rx881, using default of 30 days
Missing daysSupply for rxTba claim rx882, using default of 30 days
Missing daysSupply for rxTba claim rx883, using default of 30 days
Missing daysSupply for rxTba claim rx884, using default of 30 days
Missing daysSupply for rxTba claim rx885, using default of 30 days
Missing daysSupply for rxTba claim rx886, using default of 30 days
Missing daysSupply for rxTba claim rx887, using default of 30 days
Missing daysSupply for rxTba claim rx888, using default of 30 days
Missing daysSupply for rxTba claim rx889, using default of 30 days
Missing daysSupply for rxTba claim rx890, using default of 30 days
Missing daysSupply for rxTba claim rx891, using default of 30 days
Missing daysSupply for rxTba claim rx892, using default of 30 days
Missing daysSupply for rxTba claim rx893, using default of 30 days
Missing daysSupply for rxTba claim rx894, using default of 30 days
Missing daysSupply for rxTba claim rx895, using default of 30 days
Missing daysSupply for rxTba claim rx896, using default of 30 days
Missing daysSupply for rxTba claim rx897, using default of 30 days
Missing daysSupply for rxTba claim rx898, using default of 30 days
Missing daysSupply for rxTba claim rx899, using default of 30 days
Missing daysSupply for rxTba claim rx900, using default of 30 days
Missing daysSupply for rxTba claim rx901, using default of 30 days
Missing daysSupply for rxTba claim rx902, using default of 30 days
Missing daysSupply for rxTba claim rx903, using default of 30 days
Missing daysSupply for rxTba claim rx904, using default of 30 days
Missing daysSupply for rxTba claim rx905, using default of 30 days
Missing daysSupply for rxTba claim rx906, using default of 30 days
Missing daysSupply for rxTba claim rx907, using default of 30 days
Missing daysSupply for rxTba claim rx908, using default of 30 days
Missing daysSupply for rxTba claim rx909, using default of 30 days
Missing daysSupply for rxTba claim rx910, using default of 30 days
Missing daysSupply for rxTba claim rx911, using default of 30 days
Missing daysSupply for rxTba claim rx912, using default of 30 days
Missing daysSupply for rxTba claim rx913, using default of 30 days
Missing daysSupply for rxTba claim rx914, using default of 30 days
Missing daysSupply for rxTba claim rx915, using default of 30 days
Missing daysSupply for rxTba claim rx916, using default of 30 days
Missing daysSupply for rxTba claim rx917, using default of 30 days
Missing daysSupply for rxTba claim rx918, using default of 30 days
Missing daysSupply for rxTba claim rx919, using default of 30 days
Missing daysSupply for rxTba claim rx920, using default of 30 days
Missing daysSupply for rxTba claim rx921, using default of 30 days
Missing daysSupply for rxTba claim rx922, using default of 30 days
Missing daysSupply for rxTba claim rx923, using default of 30 days
Missing daysSupply for rxTba claim rx924, using default of 30 days
Missing daysSupply for rxTba claim rx925, using default of 30 days
Missing daysSupply for rxTba claim rx926, using default of 30 days
Missing daysSupply for rxTba claim rx927, using default of 30 days
Missing daysSupply for rxTba claim rx928, using default of 30 days
Missing daysSupply for rxTba claim rx929, using default of 30 days
Missing daysSupply for rxTba claim rx930, using default of 30 days
Missing daysSupply for rxTba claim rx931, using default of 30 days
Missing daysSupply for rxTba claim rx932, using default of 30 days
Missing daysSupply for rxTba claim rx933, using default of 30 days
Missing daysSupply for rxTba claim rx934, using default of 30 days
Missing daysSupply for rxTba claim rx935, using default of 30 days
Missing daysSupply for rxTba claim rx936, using default of 30 days
Missing daysSupply for rxTba claim rx937, using default of 30 days
Missing daysSupply for rxTba claim rx938, using default of 30 days
Missing daysSupply for rxTba claim rx939, using default of 30 days
Missing daysSupply for rxTba claim rx940, using default of 30 days
Missing daysSupply for rxTba claim rx941, using default of 30 days
Missing daysSupply for rxTba claim rx942, using default of 30 days
Missing daysSupply for rxTba claim rx943, using default of 30 days
Missing daysSupply for rxTba claim rx944, using default of 30 days
Missing daysSupply for rxTba claim rx945, using default of 30 days
Missing daysSupply for rxTba claim rx946, using default of 30 days
Missing daysSupply for rxTba claim rx947, using default of 30 days
Missing daysSupply for rxTba claim rx948, using default of 30 days
Missing daysSupply for rxTba claim rx949, using default of 30 days
Missing daysSupply for rxTba claim rx950, using default of 30 days
Missing daysSupply for rxTba claim rx951, using default of 30 days
Missing daysSupply for rxTba claim rx952, using default of 30 days
Missing daysSupply for rxTba claim rx953, using default of 30 days
Missing daysSupply for rxTba claim rx954, using default of 30 days
Missing daysSupply for rxTba claim rx955, using default of 30 days
Missing daysSupply for rxTba claim rx956, using default of 30 days
Missing daysSupply for rxTba claim rx957, using default of 30 days
Missing daysSupply for rxTba claim rx958, using default of 30 days
Missing daysSupply for rxTba claim rx959, using default of 30 days
Missing daysSupply for rxTba claim rx960, using default of 30 days
Missing daysSupply for rxTba claim rx961, using default of 30 days
Missing daysSupply for rxTba claim rx962, using default of 30 days
Missing daysSupply for rxTba claim rx963, using default of 30 days
Missing daysSupply for rxTba claim rx964, using default of 30 days
Missing daysSupply for rxTba claim rx965, using default of 30 days
Missing daysSupply for rxTba claim rx966, using default of 30 days
Missing daysSupply for rxTba claim rx967, using default of 30 days
Missing daysSupply for rxTba claim rx968, using default of 30 days
Missing daysSupply for rxTba claim rx969, using default of 30 days
Missing daysSupply for rxTba claim rx970, using default of 30 days
Missing daysSupply for rxTba claim rx971, using default of 30 days
Missing daysSupply for rxTba claim rx972, using default of 30 days
Missing daysSupply for rxTba claim rx973, using default of 30 days
Missing daysSupply for rxTba claim rx974, using default of 30 days
Missing daysSupply for rxTba claim rx975, using default of 30 days
Missing daysSupply for rxTba claim rx976, using default of 30 days
Missing daysSupply for rxTba claim rx977, using default of 30 days
Missing daysSupply for rxTba claim rx978, using default of 30 days
Missing daysSupply for rxTba claim rx979, using default of 30 days
Missing daysSupply for rxTba claim rx980, using default of 30 days
Missing daysSupply for rxTba claim rx981, using default of 30 days
Missing daysSupply for rxTba claim rx982, using default of 30 days
Missing daysSupply for rxTba claim rx983, using default of 30 days
Missing daysSupply for rxTba claim rx984, using default of 30 days
Missing daysSupply for rxTba claim rx985, using default of 30 days
Missing daysSupply for rxTba claim rx986, using default of 30 days
Missing daysSupply for rxTba claim rx987, using default of 30 days
Missing daysSupply for rxTba claim rx988, using default of 30 days
Missing daysSupply for rxTba claim rx989, using default of 30 days
Missing daysSupply for rxTba claim rx990, using default of 30 days
Missing daysSupply for rxTba claim rx991, using default of 30 days
Missing daysSupply for rxTba claim rx992, using default of 30 days
Missing daysSupply for rxTba claim rx993, using default of 30 days
Missing daysSupply for rxTba claim rx994, using default of 30 days
Missing daysSupply for rxTba claim rx995, using default of 30 days
Missing daysSupply for rxTba claim rx996, using default of 30 days
Missing daysSupply for rxTba claim rx997, using default of 30 days
Missing daysSupply for rxTba claim rx998, using default of 30 days
Missing daysSupply for rxTba claim rx999, using default of 30 days
Missing daysSupply for rxTba claim rx1000, using default of 30 days
Missing daysSupply for rxTba claim rx1001, using default of 30 days
Missing daysSupply for rxTba claim rx1002, using default of 30 days
Missing daysSupply for rxTba claim rx1003, using default of 30 days
Missing daysSupply for rxTba claim rx1004, using default of 30 days
Missing daysSupply for rxTba claim rx1005, using default of 30 days
Missing daysSupply for rxTba claim rx1006, using default of 30 days
Missing daysSupply for rxTba claim rx1007, using default of 30 days
Missing daysSupply for rxTba claim rx1008, using default of 30 days
Missing daysSupply for rxTba claim rx1009, using default of 30 days
Missing daysSupply for rxTba claim rx1010, using default of 30 days
Missing daysSupply for rxTba claim rx1011, using default of 30 days
Missing daysSupply for rxTba claim rx1012, using default of 30 days
Missing daysSupply for rxTba claim rx1013, using default of 30 days
Missing daysSupply for rxTba claim rx1014, using default of 30 days
Missing daysSupply for rxTba claim rx1015, using default of 30 days
Missing daysSupply for rxTba claim rx1016, using default of 30 days
Missing daysSupply for rxTba claim rx1017, using default of 30 days
Missing daysSupply for rxTba claim rx1018, using default of 30 days
Missing daysSupply for rxTba claim rx1019, using default of 30 days
Missing daysSupply for rxTba claim rx1020, using default of 30 days
Missing daysSupply for rxTba claim rx1021, using default of 30 days
Missing daysSupply for rxTba claim rx1022, using default of 30 days
Missing daysSupply for rxTba claim rx1023, using default of 30 days
Missing daysSupply for rxTba claim rx1024, using default of 30 days
Missing daysSupply for rxTba claim rx1025, using default of 30 days
Missing daysSupply for rxTba claim rx1026, using default of 30 days
Missing daysSupply for rxTba claim rx1027, using default of 30 days
Missing daysSupply for rxTba claim rx1028, using default of 30 days
Missing daysSupply for rxTba claim rx1029, using default of 30 days
Missing daysSupply for rxTba claim rx1030, using default of 30 days
Missing daysSupply for rxTba claim rx1031, using default of 30 days
Missing daysSupply for rxTba claim rx1032, using default of 30 days
Missing daysSupply for rxTba claim rx1033, using default of 30 days
Missing daysSupply for rxTba claim rx1034, using default of 30 days
Missing daysSupply for rxTba claim rx1035, using default of 30 days
Missing daysSupply for rxTba claim rx1036, using default of 30 days
Missing daysSupply for rxTba claim rx1037, using default of 30 days
Missing daysSupply for rxTba claim rx1038, using default of 30 days
Missing daysSupply for rxTba claim rx1039, using default of 30 days
Missing daysSupply for rxTba claim rx1040, using default of 30 days
Missing daysSupply for rxTba claim rx1041, using default of 30 days
Missing daysSupply for rxTba claim rx1042, using default of 30 days
Missing daysSupply for rxTba claim rx1043, using default of 30 days
Missing daysSupply for rxTba claim rx1044, using default of 30 days
Missing daysSupply for rxTba claim rx1045, using default of 30 days
Missing daysSupply for rxTba claim rx1046, using default of 30 days
Missing daysSupply for rxTba claim rx1047, using default of 30 days
Missing daysSupply for rxTba claim rx1048, using default of 30 days
Missing daysSupply for rxTba claim rx1049, using default of 30 days
Missing daysSupply for rxTba claim rx1050, using default of 30 days
Missing daysSupply for rxTba claim rx1051, using default of 30 days
Missing daysSupply for rxTba claim rx1052, using default of 30 days
Missing daysSupply for rxTba claim rx1053, using default of 30 days
Missing daysSupply for rxTba claim rx1054, using default of 30 days
Missing daysSupply for rxTba claim rx1055, using default of 30 days
Missing daysSupply for rxTba claim rx1056, using default of 30 days
Missing daysSupply for rxTba claim rx1057, using default of 30 days
Missing daysSupply for rxTba claim rx1058, using default of 30 days
Missing daysSupply for rxTba claim rx1059, using default of 30 days
Missing daysSupply for rxTba claim rx1060, using default of 30 days
Missing daysSupply for rxTba claim rx1061, using default of 30 days
Missing daysSupply for rxTba claim rx1062, using default of 30 days
Missing daysSupply for rxTba claim rx1063, using default of 30 days
Missing daysSupply for rxTba claim rx1064, using default of 30 days
Missing daysSupply for rxTba claim rx1065, using default of 30 days
Missing daysSupply for rxTba claim rx1066, using default of 30 days
Missing daysSupply for rxTba claim rx1067, using default of 30 days
Missing daysSupply for rxTba claim rx1068, using default of 30 days
Missing daysSupply for rxTba claim rx1069, using default of 30 days
Missing daysSupply for rxTba claim rx1070, using default of 30 days
Missing daysSupply for rxTba claim rx1071, using default of 30 days
Missing daysSupply for rxTba claim rx1072, using default of 30 days
Missing daysSupply for rxTba claim rx1073, using default of 30 days
Missing daysSupply for rxTba claim rx1074, using default of 30 days
Missing daysSupply for rxTba claim rx1075, using default of 30 days
Missing daysSupply for rxTba claim rx1076, using default of 30 days
Missing daysSupply for rxTba claim rx1077, using default of 30 days
Missing daysSupply for rxTba claim rx1078, using default of 30 days
Missing daysSupply for rxTba claim rx1079, using default of 30 days
Missing daysSupply for rxTba claim rx1080, using default of 30 days
Missing daysSupply for rxTba claim rx1081, using default of 30 days
Missing daysSupply for rxTba claim rx1082, using default of 30 days
Missing daysSupply for rxTba claim rx1083, using default of 30 days
Missing daysSupply for rxTba claim rx1084, using default of 30 days
Missing daysSupply for rxTba claim rx1085, using default of 30 days
Missing daysSupply for rxTba claim rx1086, using default of 30 days
Missing daysSupply for rxTba claim rx1087, using default of 30 days
Missing daysSupply for rxTba claim rx1088, using default of 30 days
Missing daysSupply for rxTba claim rx1089, using default of 30 days
Missing daysSupply for rxTba claim rx1090, using default of 30 days
Missing daysSupply for rxTba claim rx1091, using default of 30 days
Missing daysSupply for rxTba claim rx1092, using default of 30 days
Missing daysSupply for rxTba claim rx1093, using default of 30 days
Missing daysSupply for rxTba claim rx1094, using default of 30 days
Missing daysSupply for rxTba claim rx1095, using default of 30 days
Missing daysSupply for rxTba claim rx1096, using default of 30 days
Missing daysSupply for rxTba claim rx1097, using default of 30 days
Missing daysSupply for rxTba claim rx1098, using default of 30 days
Missing daysSupply for rxTba claim rx1099, using default of 30 days
Missing daysSupply for rxTba claim rx1100, using default of 30 days
Missing daysSupply for rxTba claim rx1101, using default of 30 days
Missing daysSupply for rxTba claim rx1102, using default of 30 days
Missing daysSupply for rxTba claim rx1103, using default of 30 days
Missing daysSupply for rxTba claim rx1104, using default of 30 days
Missing daysSupply for rxTba claim rx1105, using default of 30 days
Missing daysSupply for rxTba claim rx1106, using default of 30 days
Missing daysSupply for rxTba claim rx1107, using default of 30 days
Missing daysSupply for rxTba claim rx1108, using default of 30 days
Missing daysSupply for rxTba claim rx1109, using default of 30 days
Missing daysSupply for rxTba claim rx1110, using default of 30 days
Missing daysSupply for rxTba claim rx1111, using default of 30 days
Missing daysSupply for rxTba claim rx1112, using default of 30 days
Missing daysSupply for rxTba claim rx1113, using default of 30 days
Missing daysSupply for rxTba claim rx1114, using default of 30 days
Missing daysSupply for rxTba claim rx1115, using default of 30 days
Missing daysSupply for rxTba claim rx1116, using default of 30 days
Missing daysSupply for rxTba claim rx1117, using default of 30 days
Missing daysSupply for rxTba claim rx1118, using default of 30 days
Missing daysSupply for rxTba claim rx1119, using default of 30 days
Missing daysSupply for rxTba claim rx1120, using default of 30 days
Missing daysSupply for rxTba claim rx1121, using default of 30 days
Missing daysSupply for rxTba claim rx1122, using default of 30 days
Missing daysSupply for rxTba claim rx1123, using default of 30 days
Missing daysSupply for rxTba claim rx1124, using default of 30 days
Missing daysSupply for rxTba claim rx1125, using default of 30 days
Missing daysSupply for rxTba claim rx1126, using default of 30 days
Missing daysSupply for rxTba claim rx1127, using default of 30 days
Missing daysSupply for rxTba claim rx1128, using default of 30 days
Missing daysSupply for rxTba claim rx1129, using default of 30 days
Missing daysSupply for rxTba claim rx1130, using default of 30 days
Missing daysSupply for rxTba claim rx1131, using default of 30 days
Missing daysSupply for rxTba claim rx1132, using default of 30 days
Missing daysSupply for rxTba claim rx1133, using default of 30 days
Missing daysSupply for rxTba claim rx1134, using default of 30 days
Missing daysSupply for rxTba claim rx1135, using default of 30 days
Missing daysSupply for rxTba claim rx1136, using default of 30 days
Missing daysSupply for rxTba claim rx1137, using default of 30 days
Missing daysSupply for rxTba claim rx1138, using default of 30 days
Missing daysSupply for rxTba claim rx1139, using default of 30 days
Missing daysSupply for rxTba claim rx1140, using default of 30 days
Missing daysSupply for rxTba claim rx1141, using default of 30 days
Missing daysSupply for rxTba claim rx1142, using default of 30 days
Missing daysSupply for rxTba claim rx1143, using default of 30 days
Missing daysSupply for rxTba claim rx1144, using default of 30 days
Missing daysSupply for rxTba claim rx1145, using default of 30 days
Missing daysSupply for rxTba claim rx1146, using default of 30 days
Missing daysSupply for rxTba claim rx1147, using default of 30 days
Missing daysSupply for rxTba claim rx1148, using default of 30 days
Missing daysSupply for rxTba claim rx1149, using default of 30 days
Missing daysSupply for rxTba claim rx1150, using default of 30 days
Missing daysSupply for rxTba claim rx1151, using default of 30 days
Missing daysSupply for rxTba claim rx1152, using default of 30 days
Missing daysSupply for rxTba claim rx1153, using default of 30 days
Missing daysSupply for rxTba claim rx1154, using default of 30 days
Missing daysSupply for rxTba claim rx1155, using default of 30 days
Missing daysSupply for rxTba claim rx1156, using default of 30 days
Missing daysSupply for rxTba claim rx1157, using default of 30 days
Missing daysSupply for rxTba claim rx1158, using default of 30 days
Missing daysSupply for rxTba claim rx1159, using default of 30 days
Missing daysSupply for rxTba claim rx1160, using default of 30 days
Missing daysSupply for rxTba claim rx1161, using default of 30 days
Missing daysSupply for rxTba claim rx1162, using default of 30 days
Missing daysSupply for rxTba claim rx1163, using default of 30 days
Missing daysSupply for rxTba claim rx1164, using default of 30 days
Missing daysSupply for rxTba claim rx1165, using default of 30 days
Missing daysSupply for rxTba claim rx1166, using default of 30 days
Missing daysSupply for rxTba claim rx1167, using default of 30 days
Missing daysSupply for rxTba claim rx1168, using default of 30 days
Missing daysSupply for rxTba claim rx1169, using default of 30 days
Missing daysSupply for rxTba claim rx1170, using default of 30 days
Missing daysSupply for rxTba claim rx1171, using default of 30 days
Missing daysSupply for rxTba claim rx1172, using default of 30 days
Missing daysSupply for rxTba claim rx1173, using default of 30 days
Missing daysSupply for rxTba claim rx1174, using default of 30 days
Missing daysSupply for rxTba claim rx1175, using default of 30 days
Missing daysSupply for rxTba claim rx1176, using default of 30 days
Missing daysSupply for rxTba claim rx1177, using default of 30 days
Missing daysSupply for rxTba claim rx1178, using default of 30 days
Missing daysSupply for rxTba claim rx1179, using default of 30 days
Missing daysSupply for rxTba claim rx1180, using default of 30 days
Missing daysSupply for rxTba claim rx1181, using default of 30 days
Missing daysSupply for rxTba claim rx1182, using default of 30 days
Missing daysSupply for rxTba claim rx1183, using default of 30 days
Missing daysSupply for rxTba claim rx1184, using default of 30 days
Missing daysSupply for rxTba claim rx1185, using default of 30 days
Missing daysSupply for rxTba claim rx1186, using default of 30 days
Missing daysSupply for rxTba claim rx1187, using default of 30 days
Missing daysSupply for rxTba claim rx1188, using default of 30 days
Missing daysSupply for rxTba claim rx1189, using default of 30 days
Missing daysSupply for rxTba claim rx1190, using default of 30 days
Missing daysSupply for rxTba claim rx1191, using default of 30 days
Missing daysSupply for rxTba claim rx1192, using default of 30 days
Missing daysSupply for rxTba claim rx1193, using default of 30 days
Missing daysSupply for rxTba claim rx1194, using default of 30 days
Missing daysSupply for rxTba claim rx1195, using default of 30 days
Missing daysSupply for rxTba claim rx1196, using default of 30 days
Missing daysSupply for rxTba claim rx1197, using default of 30 days
Missing daysSupply for rxTba claim rx1198, using default of 30 days
Missing daysSupply for rxTba claim rx1199, using default of 30 days
Missing daysSupply for rxTba claim rx1200, using default of 30 days
Missing daysSupply for rxTba claim rx1201, using default of 30 days
Missing daysSupply for rxTba claim rx1202, using default of 30 days
Missing daysSupply for rxTba claim rx1203, using default of 30 days
Missing daysSupply for rxTba claim rx1204, using default of 30 days
Missing daysSupply for rxTba claim rx1205, using default of 30 days
Missing daysSupply for rxTba claim rx1206, using default of 30 days
Missing daysSupply for rxTba claim rx1207, using default of 30 days
Missing daysSupply for rxTba claim rx1208, using default of 30 days
Missing daysSupply for rxTba claim rx1209, using default of 30 days
Missing daysSupply for rxTba claim rx1210, using default of 30 days
Missing daysSupply for rxTba claim rx1211, using default of 30 days
Missing daysSupply for rxTba claim rx1212, using default of 30 days
Missing daysSupply for rxTba claim rx1213, using default of 30 days
Missing daysSupply for rxTba claim rx1214, using default of 30 days
Missing daysSupply for rxTba claim rx1215, using default of 30 days
Missing daysSupply for rxTba claim rx1216, using default of 30 days
Missing daysSupply for rxTba claim rx1217, using default of 30 days
Missing daysSupply for rxTba claim rx1218, using default of 30 days
Missing daysSupply for rxTba claim rx1219, using default of 30 days
Missing daysSupply for rxTba claim rx1220, using default of 30 days
Missing daysSupply for rxTba claim rx1221, using default of 30 days
Missing daysSupply for rxTba claim rx1222, using default of 30 days
Missing daysSupply for rxTba claim rx1223, using default of 30 days
Missing daysSupply for rxTba claim rx1224, using default of 30 days
Missing daysSupply for rxTba claim rx1225, using default of 30 days
Missing daysSupply for rxTba claim rx1226, using default of 30 days
Missing daysSupply for rxTba claim rx1227, using default of 30 days
Missing daysSupply for rxTba claim rx1228, using default of 30 days
Missing daysSupply for rxTba claim rx1229, using default of 30 days
Missing daysSupply for rxTba claim rx1230, using default of 30 days
Missing daysSupply for rxTba claim rx1231, using default of 30 days
Missing daysSupply for rxTba claim rx1232, using default of 30 days
Missing daysSupply for rxTba claim rx1233, using default of 30 days
Missing daysSupply for rxTba claim rx1234, using default of 30 days
Missing daysSupply for rxTba claim rx1235, using default of 30 days
Missing daysSupply for rxTba claim rx1236, using default of 30 days
Missing daysSupply for rxTba claim rx1237, using default of 30 days
Missing daysSupply for rxTba claim rx1238, using default of 30 days
Missing daysSupply for rxTba claim rx1239, using default of 30 days
Missing daysSupply for rxTba claim rx1240, using default of 30 days
Missing daysSupply for rxTba claim rx1241, using default of 30 days
Missing daysSupply for rxTba claim rx1242, using default of 30 days
Missing daysSupply for rxTba claim rx1243, using default of 30 days
Missing daysSupply for rxTba claim rx1244, using default of 30 days
Missing daysSupply for rxTba claim rx1245, using default of 30 days
Missing daysSupply for rxTba claim rx1246, using default of 30 days
Missing daysSupply for rxTba claim rx1247, using default of 30 days
Missing daysSupply for rxTba claim rx1248, using default of 30 days
Missing daysSupply for rxTba claim rx1249, using default of 30 days
Missing daysSupply for rxTba claim rx1250, using default of 30 days
Missing daysSupply for rxTba claim rx1251, using default of 30 days
Missing daysSupply for rxTba claim rx1252, using default of 30 days
Missing daysSupply for rxTba claim rx1253, using default of 30 days
Missing daysSupply for rxTba claim rx1254, using default of 30 days
Missing daysSupply for rxTba claim rx1255, using default of 30 days
Missing daysSupply for rxTba claim rx1256, using default of 30 days
Missing daysSupply for rxTba claim rx1257, using default of 30 days
Missing daysSupply for rxTba claim rx1258, using default of 30 days
Missing daysSupply for rxTba claim rx1259, using default of 30 days
Missing daysSupply for rxTba claim rx1260, using default of 30 days
Missing daysSupply for rxTba claim rx1261, using default of 30 days
Missing daysSupply for rxTba claim rx1262, using default of 30 days
Missing daysSupply for rxTba claim rx1263, using default of 30 days
Missing daysSupply for rxTba claim rx1264, using default of 30 days
Missing daysSupply for rxTba claim rx1265, using default of 30 days
Missing daysSupply for rxTba claim rx1266, using default of 30 days
Missing daysSupply for rxTba claim rx1267, using default of 30 days
Missing daysSupply for rxTba claim rx1268, using default of 30 days
Missing daysSupply for rxTba claim rx1269, using default of 30 days
Missing daysSupply for rxTba claim rx1270, using default of 30 days
Missing daysSupply for rxTba claim rx1271, using default of 30 days
Missing daysSupply for rxTba claim rx1272, using default of 30 days
Missing daysSupply for rxTba claim rx1273, using default of 30 days
Missing daysSupply for rxTba claim rx1274, using default of 30 days
Missing daysSupply for rxTba claim rx1275, using default of 30 days
Missing daysSupply for rxTba claim rx1276, using default of 30 days
Missing daysSupply for rxTba claim rx1277, using default of 30 days
Missing daysSupply for rxTba claim rx1278, using default of 30 days
Missing daysSupply for rxTba claim rx1279, using default of 30 days
Missing daysSupply for rxTba claim rx1280, using default of 30 days
Missing daysSupply for rxTba claim rx1281, using default of 30 days
Missing daysSupply for rxTba claim rx1282, using default of 30 days
Missing daysSupply for rxTba claim rx1283, using default of 30 days
Missing daysSupply for rxTba claim rx1284, using default of 30 days
Missing daysSupply for rxTba claim rx1285, using default of 30 days
Missing daysSupply for rxTba claim rx1286, using default of 30 days
Missing daysSupply for rxTba claim rx1287, using default of 30 days
Missing daysSupply for rxTba claim rx1288, using default of 30 days
Missing daysSupply for rxTba claim rx1289, using default of 30 days
Missing daysSupply for rxTba claim rx1290, using default of 30 days
Missing daysSupply for rxTba claim rx1291, using default of 30 days
Missing daysSupply for rxTba claim rx1292, using default of 30 days
Missing daysSupply for rxTba claim rx1293, using default of 30 days
Missing daysSupply for rxTba claim rx1294, using default of 30 days
Missing daysSupply for rxTba claim rx1295, using default of 30 days
Missing daysSupply for rxTba claim rx1296, using default of 30 days
Missing daysSupply for rxTba claim rx1297, using default of 30 days
Missing daysSupply for rxTba claim rx1298, using default of 30 days
Missing daysSupply for rxTba claim rx1299, using default of 30 days
Missing daysSupply for rxTba claim rx1300, using default of 30 days
Missing daysSupply for rxTba claim rx1301, using default of 30 days
Missing daysSupply for rxTba claim rx1302, using default of 30 days
Missing daysSupply for rxTba claim rx1303, using default of 30 days
Missing daysSupply for rxTba claim rx1304, using default of 30 days
Missing daysSupply for rxTba claim rx1305, using default of 30 days
Missing daysSupply for rxTba claim rx1306, using default of 30 days
Missing daysSupply for rxTba claim rx1307, using default of 30 days
Missing daysSupply for rxTba claim rx1308, using default of 30 days
Missing daysSupply for rxTba claim rx1309, using default of 30 days
Missing daysSupply for rxTba claim rx1310, using default of 30 days
Missing daysSupply for rxTba claim rx1311, using default of 30 days
Missing daysSupply for rxTba claim rx1312, using default of 30 days
Missing daysSupply for rxTba claim rx1313, using default of 30 days
Missing daysSupply for rxTba claim rx1314, using default of 30 days
Missing daysSupply for rxTba claim rx1315, using default of 30 days
Missing daysSupply for rxTba claim rx1316, using default of 30 days
Missing daysSupply for rxTba claim rx1317, using default of 30 days
Missing daysSupply for rxTba claim rx1318, using default of 30 days
Missing daysSupply for rxTba claim rx1319, using default of 30 days
Missing daysSupply for rxTba claim rx1320, using default of 30 days
Missing daysSupply for rxTba claim rx1321, using default of 30 days
Missing daysSupply for rxTba claim rx1322, using default of 30 days
Missing daysSupply for rxTba claim rx1323, using default of 30 days
Missing daysSupply for rxTba claim rx1324, using default of 30 days
Missing daysSupply for rxTba claim rx1325, using default of 30 days
Missing daysSupply for rxTba claim rx1326, using default of 30 days
Missing daysSupply for rxTba claim rx1327, using default of 30 days
Missing daysSupply for rxTba claim rx1328, using default of 30 days
Missing daysSupply for rxTba claim rx1329, using default of 30 days
Missing daysSupply for rxTba claim rx1330, using default of 30 days
Missing daysSupply for rxTba claim rx1331, using default of 30 days
Missing daysSupply for rxTba claim rx1332, using default of 30 days
Missing daysSupply for rxTba claim rx1333, using default of 30 days
Missing daysSupply for rxTba claim rx1334, using default of 30 days
Missing daysSupply for rxTba claim rx1335, using default of 30 days
Missing daysSupply for rxTba claim rx1336, using default of 30 days
Missing daysSupply for rxTba claim rx1337, using default of 30 days
Missing daysSupply for rxTba claim rx1338, using default of 30 days
Missing daysSupply for rxTba claim rx1339, using default of 30 days
Missing daysSupply for rxTba claim rx1340, using default of 30 days
Missing daysSupply for rxTba claim rx1341, using default of 30 days
Missing daysSupply for rxTba claim rx1342, using default of 30 days
Missing daysSupply for rxTba claim rx1343, using default of 30 days
Missing daysSupply for rxTba claim rx1344, using default of 30 days
Missing daysSupply for rxTba claim rx1345, using default of 30 days
Missing daysSupply for rxTba claim rx1346, using default of 30 days
Missing daysSupply for rxTba claim rx1347, using default of 30 days
Missing daysSupply for rxTba claim rx1348, using default of 30 days
Missing daysSupply for rxTba claim rx1349, using default of 30 days
Missing daysSupply for rxTba claim rx1350, using default of 30 days
Missing daysSupply for rxTba claim rx1351, using default of 30 days
Missing daysSupply for rxTba claim rx1352, using default of 30 days
Missing daysSupply for rxTba claim rx1353, using default of 30 days
Missing daysSupply for rxTba claim rx1354, using default of 30 days
Missing daysSupply for rxTba claim rx1355, using default of 30 days
Missing daysSupply for rxTba claim rx1356, using default of 30 days
Missing daysSupply for rxTba claim rx1357, using default of 30 days
Missing daysSupply for rxTba claim rx1358, using default of 30 days
Missing daysSupply for rxTba claim rx1359, using default of 30 days
Missing daysSupply for rxTba claim rx1360, using default of 30 days
Missing daysSupply for rxTba claim rx1361, using default of 30 days
Missing daysSupply for rxTba claim rx1362, using default of 30 days
Missing daysSupply for rxTba claim rx1363, using default of 30 days
Missing daysSupply for rxTba claim rx1364, using default of 30 days
Missing daysSupply for rxTba claim rx1365, using default of 30 days
Missing daysSupply for rxTba claim rx1366, using default of 30 days
Missing daysSupply for rxTba claim rx1367, using default of 30 days
Missing daysSupply for rxTba claim rx1368, using default of 30 days
Missing daysSupply for rxTba claim rx1369, using default of 30 days
Missing daysSupply for rxTba claim rx1370, using default of 30 days
Missing daysSupply for rxTba claim rx1371, using default of 30 days
Missing daysSupply for rxTba claim rx1372, using default of 30 days
Missing daysSupply for rxTba claim rx1373, using default of 30 days
Missing daysSupply for rxTba claim rx1374, using default of 30 days
Missing daysSupply for rxTba claim rx1375, using default of 30 days
Missing daysSupply for rxTba claim rx1376, using default of 30 days
Missing daysSupply for rxTba claim rx1377, using default of 30 days
Missing daysSupply for rxTba claim rx1378, using default of 30 days
Missing daysSupply for rxTba claim rx1379, using default of 30 days
Missing daysSupply for rxTba claim rx1380, using default of 30 days
Missing daysSupply for rxTba claim rx1381, using default of 30 days
Missing daysSupply for rxTba claim rx1382, using default of 30 days
Missing daysSupply for rxTba claim rx1383, using default of 30 days
Missing daysSupply for rxTba claim rx1384, using default of 30 days
Missing daysSupply for rxTba claim rx1385, using default of 30 days
Missing daysSupply for rxTba claim rx1386, using default of 30 days
Missing daysSupply for rxTba claim rx1387, using default of 30 days
Missing daysSupply for rxTba claim rx1388, using default of 30 days
Missing daysSupply for rxTba claim rx1389, using default of 30 days
Missing daysSupply for rxTba claim rx1390, using default of 30 days
Missing daysSupply for rxTba claim rx1391, using default of 30 days
Missing daysSupply for rxTba claim rx1392, using default of 30 days
Missing daysSupply for rxTba claim rx1393, using default of 30 days
Missing daysSupply for rxTba claim rx1394, using default of 30 days
Missing daysSupply for rxTba claim rx1395, using default of 30 days
Missing daysSupply for rxTba claim rx1396, using default of 30 days
Missing daysSupply for rxTba claim rx1397, using default of 30 days
Missing daysSupply for rxTba claim rx1398, using default of 30 days
Missing daysSupply for rxTba claim rx1399, using default of 30 days
Missing daysSupply for rxTba claim rx1400, using default of 30 days
Missing daysSupply for rxTba claim rx1401, using default of 30 days
Missing daysSupply for rxTba claim rx1402, using default of 30 days
Missing daysSupply for rxTba claim rx1403, using default of 30 days
Missing daysSupply for rxTba claim rx1404, using default of 30 days
Missing daysSupply for rxTba claim rx1405, using default of 30 days
Missing daysSupply for rxTba claim rx1406, using default of 30 days
Missing daysSupply for rxTba claim rx1407, using default of 30 days
Missing daysSupply for rxTba claim rx1408, using default of 30 days
Missing daysSupply for rxTba claim rx1409, using default of 30 days
Missing daysSupply for rxTba claim rx1410, using default of 30 days
Missing daysSupply for rxTba claim rx1411, using default of 30 days
Missing daysSupply for rxTba claim rx1412, using default of 30 days
Missing daysSupply for rxTba claim rx1413, using default of 30 days
Missing daysSupply for rxTba claim rx1414, using default of 30 days
Missing daysSupply for rxTba claim rx1415, using default of 30 days
Missing daysSupply for rxTba claim rx1416, using default of 30 days
Missing daysSupply for rxTba claim rx1417, using default of 30 days
Missing daysSupply for rxTba claim rx1418, using default of 30 days
Missing daysSupply for rxTba claim rx1419, using default of 30 days
Missing daysSupply for rxTba claim rx1420, using default of 30 days
Missing daysSupply for rxTba claim rx1421, using default of 30 days
Missing daysSupply for rxTba claim rx1422, using default of 30 days
Missing daysSupply for rxTba claim rx1423, using default of 30 days
Missing daysSupply for rxTba claim rx1424, using default of 30 days
Missing daysSupply for rxTba claim rx1425, using default of 30 days
Missing daysSupply for rxTba claim rx1426, using default of 30 days
Missing daysSupply for rxTba claim rx1427, using default of 30 days
Missing daysSupply for rxTba claim rx1428, using default of 30 days
Missing daysSupply for rxTba claim rx1429, using default of 30 days
Missing daysSupply for rxTba claim rx1430, using default of 30 days
Missing daysSupply for rxTba claim rx1431, using default of 30 days
Missing daysSupply for rxTba claim rx1432, using default of 30 days
Missing daysSupply for rxTba claim rx1433, using default of 30 days
Missing daysSupply for rxTba claim rx1434, using default of 30 days
Missing daysSupply for rxTba claim rx1435, using default of 30 days
Missing daysSupply for rxTba claim rx1436, using default of 30 days
Missing daysSupply for rxTba claim rx1437, using default of 30 days
Missing daysSupply for rxTba claim rx1438, using default of 30 days
Missing daysSupply for rxTba claim rx1439, using default of 30 days
Missing daysSupply for rxTba claim rx1440, using default of 30 days
Missing daysSupply for rxTba claim rx1441, using default of 30 days
Missing daysSupply for rxTba claim rx1442, using default of 30 days
Missing daysSupply for rxTba claim rx1443, using default of 30 days
Missing daysSupply for rxTba claim rx1444, using default of 30 days
Missing daysSupply for rxTba claim rx1445, using default of 30 days
Missing daysSupply for rxTba claim rx1446, using default of 30 days
Missing daysSupply for rxTba claim rx1447, using default of 30 days
Missing daysSupply for rxTba claim rx1448, using default of 30 days
Missing daysSupply for rxTba claim rx1449, using default of 30 days
Missing daysSupply for rxTba claim rx1450, using default of 30 days
Missing daysSupply for rxTba claim rx1451, using default of 30 days
Missing daysSupply for rxTba claim rx1452, using default of 30 days
Missing daysSupply for rxTba claim rx1453, using default of 30 days
Missing daysSupply for rxTba claim rx1454, using default of 30 days
Missing daysSupply for rxTba claim rx1455, using default of 30 days
Missing daysSupply for rxTba claim rx1456, using default of 30 days
Missing daysSupply for rxTba claim rx1457, using default of 30 days
Missing daysSupply for rxTba claim rx1458, using default of 30 days
Missing daysSupply for rxTba claim rx1459, using default of 30 days
Missing daysSupply for rxTba claim rx1460, using default of 30 days
Missing daysSupply for rxTba claim rx1461, using default of 30 days
Missing daysSupply for rxTba claim rx1462, using default of 30 days
Missing daysSupply for rxTba claim rx1463, using default of 30 days
Missing daysSupply for rxTba claim rx1464, using default of 30 days
Missing daysSupply for rxTba claim rx1465, using default of 30 days
Missing daysSupply for rxTba claim rx1466, using default of 30 days
Missing daysSupply for rxTba claim rx1467, using default of 30 days
Missing daysSupply for rxTba claim rx1468, using default of 30 days
Missing daysSupply for rxTba claim rx1469, using default of 30 days
Missing daysSupply for rxTba claim rx1470, using default of 30 days
Missing daysSupply for rxTba claim rx1471, using default of 30 days
Missing daysSupply for rxTba claim rx1472, using default of 30 days
Missing daysSupply for rxTba claim rx1473, using default of 30 days
Missing daysSupply for rxTba claim rx1474, using default of 30 days
Missing daysSupply for rxTba claim rx1475, using default of 30 days
Missing daysSupply for rxTba claim rx1476, using default of 30 days
Missing daysSupply for rxTba claim rx1477, using default of 30 days
Missing daysSupply for rxTba claim rx1478, using default of 30 days
Missing daysSupply for rxTba claim rx1479, using default of 30 days
Missing daysSupply for rxTba claim rx1480, using default of 30 days
Missing daysSupply for rxTba claim rx1481, using default of 30 days
Missing daysSupply for rxTba claim rx1482, using default of 30 days
Missing daysSupply for rxTba claim rx1483, using default of 30 days
Missing daysSupply for rxTba claim rx1484, using default of 30 days
Missing daysSupply for rxTba claim rx1485, using default of 30 days
Missing daysSupply for rxTba claim rx1486, using default of 30 days
Missing daysSupply for rxTba claim rx1487, using default of 30 days
Missing daysSupply for rxTba claim rx1488, using default of 30 days
Missing daysSupply for rxTba claim rx1489, using default of 30 days
Missing daysSupply for rxTba claim rx1490, using default of 30 days
Missing daysSupply for rxTba claim rx1491, using default of 30 days
Missing daysSupply for rxTba claim rx1492, using default of 30 days
Missing daysSupply for rxTba claim rx1493, using default of 30 days
Missing daysSupply for rxTba claim rx1494, using default of 30 days
Missing daysSupply for rxTba claim rx1495, using default of 30 days
Missing daysSupply for rxTba claim rx1496, using default of 30 days
Missing daysSupply for rxTba claim rx1497, using default of 30 days
Missing daysSupply for rxTba claim rx1498, using default of 30 days
Missing daysSupply for rxTba claim rx1499, using default of 30 days
Missing daysSupply for rxTba claim rx1500, using default of 30 days
Missing daysSupply for rxTba claim rx1501, using default of 30 days
Missing daysSupply for rxTba claim rx1502, using default of 30 days
Missing daysSupply for rxTba claim rx1503, using default of 30 days
Missing daysSupply for rxTba claim rx1504, using default of 30 days
Missing daysSupply for rxTba claim rx1505, using default of 30 days
Missing daysSupply for rxTba claim rx1506, using default of 30 days
Missing daysSupply for rxTba claim rx1507, using default of 30 days
Missing daysSupply for rxTba claim rx1508, using default of 30 days
Missing daysSupply for rxTba claim rx1509, using default of 30 days
Missing daysSupply for rxTba claim rx1510, using default of 30 days
Missing daysSupply for rxTba claim rx1511, using default of 30 days
Missing daysSupply for rxTba claim rx1512, using default of 30 days
Missing daysSupply for rxTba claim rx1513, using default of 30 days
Missing daysSupply for rxTba claim rx1514, using default of 30 days
Missing daysSupply for rxTba claim rx1515, using default of 30 days
Missing daysSupply for rxTba claim rx1516, using default of 30 days
Missing daysSupply for rxTba claim rx1517, using default of 30 days
Missing daysSupply for rxTba claim rx1518, using default of 30 days
Missing daysSupply for rxTba claim rx1519, using default of 30 days
Missing daysSupply for rxTba claim rx1520, using default of 30 days
Missing daysSupply for rxTba claim rx1521, using default of 30 days
Missing daysSupply for rxTba claim rx1522, using default of 30 days
Missing daysSupply for rxTba claim rx1523, using default of 30 days
Missing daysSupply for rxTba claim rx1524, using default of 30 days
Missing daysSupply for rxTba claim rx1525, using default of 30 days
Missing daysSupply for rxTba claim rx1526, using default of 30 days
Missing daysSupply for rxTba claim rx1527, using default of 30 days
Missing daysSupply for rxTba claim rx1528, using default of 30 days
Missing daysSupply for rxTba claim rx1529, using default of 30 days
Missing daysSupply for rxTba claim rx1530, using default of 30 days
Missing daysSupply for rxTba claim rx1531, using default of 30 days
Missing daysSupply for rxTba claim rx1532, using default of 30 days
Missing daysSupply for rxTba claim rx1533, using default of 30 days
Missing daysSupply for rxTba claim rx1534, using default of 30 days
Missing daysSupply for rxTba claim rx1535, using default of 30 days
Missing daysSupply for rxTba claim rx1536, using default of 30 days
Missing daysSupply for rxTba claim rx1537, using default of 30 days
Missing daysSupply for rxTba claim rx1538, using default of 30 days
Missing daysSupply for rxTba claim rx1539, using default of 30 days
Missing daysSupply for rxTba claim rx1540, using default of 30 days
Missing daysSupply for rxTba claim rx1541, using default of 30 days
Missing daysSupply for rxTba claim rx1542, using default of 30 days
Missing daysSupply for rxTba claim rx1543, using default of 30 days
Missing daysSupply for rxTba claim rx1544, using default of 30 days
Missing daysSupply for rxTba claim rx1545, using default of 30 days
Missing daysSupply for rxTba claim rx1546, using default of 30 days
Missing daysSupply for rxTba claim rx1547, using default of 30 days
Missing daysSupply for rxTba claim rx1548, using default of 30 days
Missing daysSupply for rxTba claim rx1549, using default of 30 days
Missing daysSupply for rxTba claim rx1550, using default of 30 days
Missing daysSupply for rxTba claim rx1551, using default of 30 days
Missing daysSupply for rxTba claim rx1552, using default of 30 days
Missing daysSupply for rxTba claim rx1553, using default of 30 days
Missing daysSupply for rxTba claim rx1554, using default of 30 days
Missing daysSupply for rxTba claim rx1555, using default of 30 days
Missing daysSupply for rxTba claim rx1556, using default of 30 days
Missing daysSupply for rxTba claim rx1557, using default of 30 days
Missing daysSupply for rxTba claim rx1558, using default of 30 days
Missing daysSupply for rxTba claim rx1559, using default of 30 days
Missing daysSupply for rxTba claim rx1560, using default of 30 days
Missing daysSupply for rxTba claim rx1561, using default of 30 days
Missing daysSupply for rxTba claim rx1562, using default of 30 days
Missing daysSupply for rxTba claim rx1563, using default of 30 days
Missing daysSupply for rxTba claim rx1564, using default of 30 days
Missing daysSupply for rxTba claim rx1565, using default of 30 days
Missing daysSupply for rxTba claim rx1566, using default of 30 days
Missing daysSupply for rxTba claim rx1567, using default of 30 days
Missing daysSupply for rxTba claim rx1568, using default of 30 days
Missing daysSupply for rxTba claim rx1569, using default of 30 days
Missing daysSupply for rxTba claim rx1570, using default of 30 days
Missing daysSupply for rxTba claim rx1571, using default of 30 days
Missing daysSupply for rxTba claim rx1572, using default of 30 days
Missing daysSupply for rxTba claim rx1573, using default of 30 days
Missing daysSupply for rxTba claim rx1574, using default of 30 days
Missing daysSupply for rxTba claim rx1575, using default of 30 days
Missing daysSupply for rxTba claim rx1576, using default of 30 days
Missing daysSupply for rxTba claim rx1577, using default of 30 days
Missing daysSupply for rxTba claim rx1578, using default of 30 days
Missing daysSupply for rxTba claim rx1579, using default of 30 days
Missing daysSupply for rxTba claim rx1580, using default of 30 days
Missing daysSupply for rxTba claim rx1581, using default of 30 days
Missing daysSupply for rxTba claim rx1582, using default of 30 days
Missing daysSupply for rxTba claim rx1583, using default of 30 days
Missing daysSupply for rxTba claim rx1584, using default of 30 days
Missing daysSupply for rxTba claim rx1585, using default of 30 days
Missing daysSupply for rxTba claim rx1586, using default of 30 days
Missing daysSupply for rxTba claim rx1587, using default of 30 days
Missing daysSupply for rxTba claim rx1588, using default of 30 days
Missing daysSupply for rxTba claim rx1589, using default of 30 days
Missing daysSupply for rxTba claim rx1590, using default of 30 days
Missing daysSupply for rxTba claim rx1591, using default of 30 days
Missing daysSupply for rxTba claim rx1592, using default of 30 days
Missing daysSupply for rxTba claim rx1593, using default of 30 days
Missing daysSupply for rxTba claim rx1594, using default of 30 days
Missing daysSupply for rxTba claim rx1595, using default of 30 days
Missing daysSupply for rxTba claim rx1596, using default of 30 days
Missing daysSupply for rxTba claim rx1597, using default of 30 days
Missing daysSupply for rxTba claim rx1598, using default of 30 days
Missing daysSupply for rxTba claim rx1599, using default of 30 days
Missing daysSupply for rxTba claim rx1600, using default of 30 days
Missing daysSupply for rxTba claim rx1601, using default of 30 days
Missing daysSupply for rxTba claim rx1602, using default of 30 days
Missing daysSupply for rxTba claim rx1603, using default of 30 days
Missing daysSupply for rxTba claim rx1604, using default of 30 days
Missing daysSupply for rxTba claim rx1605, using default of 30 days
Missing daysSupply for rxTba claim rx1606, using default of 30 days
Missing daysSupply for rxTba claim rx1607, using default of 30 days
Missing daysSupply for rxTba claim rx1608, using default of 30 days
Missing daysSupply for rxTba claim rx1609, using default of 30 days
Missing daysSupply for rxTba claim rx1610, using default of 30 days
Missing daysSupply for rxTba claim rx1611, using default of 30 days
Missing daysSupply for rxTba claim rx1612, using default of 30 days
Missing daysSupply for rxTba claim rx1613, using default of 30 days
Missing daysSupply for rxTba claim rx1614, using default of 30 days
Missing daysSupply for rxTba claim rx1615, using default of 30 days
Missing daysSupply for rxTba claim rx1616, using default of 30 days
Missing daysSupply for rxTba claim rx1617, using default of 30 days
Missing daysSupply for rxTba claim rx1618, using default of 30 days
Missing daysSupply for rxTba claim rx1619, using default of 30 days
Missing daysSupply for rxTba claim rx1620, using default of 30 days
Missing daysSupply for rxTba claim rx1621, using default of 30 days
Missing daysSupply for rxTba claim rx1622, using default of 30 days
Missing daysSupply for rxTba claim rx1623, using default of 30 days
Missing daysSupply for rxTba claim rx1624, using default of 30 days
Missing daysSupply for rxTba claim rx1625, using default of 30 days
Missing daysSupply for rxTba claim rx1626, using default of 30 days
Missing daysSupply for rxTba claim rx1627, using default of 30 days
Missing daysSupply for rxTba claim rx1628, using default of 30 days
Missing daysSupply for rxTba claim rx1629, using default of 30 days
Missing daysSupply for rxTba claim rx1630, using default of 30 days
Missing daysSupply for rxTba claim rx1631, using default of 30 days
Missing daysSupply for rxTba claim rx1632, using default of 30 days
Missing daysSupply for rxTba claim rx1633, using default of 30 days
Missing daysSupply for rxTba claim rx1634, using default of 30 days
Missing daysSupply for rxTba claim rx1635, using default of 30 days
Missing daysSupply for rxTba claim rx1636, using default of 30 days
Missing daysSupply for rxTba claim rx1637, using default of 30 days
Missing daysSupply for rxTba claim rx1638, using default of 30 days
Missing daysSupply for rxTba claim rx1639, using default of 30 days
Missing daysSupply for rxTba claim rx1640, using default of 30 days
Missing daysSupply for rxTba claim rx1641, using default of 30 days
Missing daysSupply for rxTba claim rx1642, using default of 30 days
Missing daysSupply for rxTba claim rx1643, using default of 30 days
Missing daysSupply for rxTba claim rx1644, using default of 30 days
Missing daysSupply for rxTba claim rx1645, using default of 30 days
Missing daysSupply for rxTba claim rx1646, using default of 30 days
Missing daysSupply for rxTba claim rx1647, using default of 30 days
Missing daysSupply for rxTba claim rx1648, using default of 30 days
Missing daysSupply for rxTba claim rx1649, using default of 30 days
Missing daysSupply for rxTba claim rx1650, using default of 30 days
Missing daysSupply for rxTba claim rx1651, using default of 30 days
Missing daysSupply for rxTba claim rx1652, using default of 30 days
Missing daysSupply for rxTba claim rx1653, using default of 30 days
Missing daysSupply for rxTba claim rx1654, using default of 30 days
Missing daysSupply for rxTba claim rx1655, using default of 30 days
Missing daysSupply for rxTba claim rx1656, using default of 30 days
Missing daysSupply for rxTba claim rx1657, using default of 30 days
Missing daysSupply for rxTba claim rx1658, using default of 30 days
Missing daysSupply for rxTba claim rx1659, using default of 30 days
Missing daysSupply for rxTba claim rx1660, using default of 30 days
Missing daysSupply for rxTba claim rx1661, using default of 30 days
Missing daysSupply for rxTba claim rx1662, using default of 30 days
Missing daysSupply for rxTba claim rx1663, using default of 30 days
Missing daysSupply for rxTba claim rx1664, using default of 30 days
Missing daysSupply for rxTba claim rx1665, using default of 30 days
Missing daysSupply for rxTba claim rx1666, using default of 30 days
Missing daysSupply for rxTba claim rx1667, using default of 30 days
Missing daysSupply for rxTba claim rx1668, using default of 30 days
Missing daysSupply for rxTba claim rx1669, using default of 30 days
Missing daysSupply for rxTba claim rx1670, using default of 30 days
Missing daysSupply for rxTba claim rx1671, using default of 30 days
Missing daysSupply for rxTba claim rx1672, using default of 30 days
Missing daysSupply for rxTba claim rx1673, using default of 30 days
Missing daysSupply for rxTba claim rx1674, using default of 30 days
Missing daysSupply for rxTba claim rx1675, using default of 30 days
Missing daysSupply for rxTba claim rx1676, using default of 30 days
Missing daysSupply for rxTba claim rx1677, using default of 30 days
Missing daysSupply for rxTba claim rx1678, using default of 30 days
Missing daysSupply for rxTba claim rx1679, using default of 30 days
Missing daysSupply for rxTba claim rx1680, using default of 30 days
Missing daysSupply for rxTba claim rx1681, using default of 30 days
Missing daysSupply for rxTba claim rx1682, using default of 30 days
Missing daysSupply for rxTba claim rx1683, using default of 30 days
Missing daysSupply for rxTba claim rx1684, using default of 30 days
Missing daysSupply for rxTba claim rx1685, using default of 30 days
Missing daysSupply for rxTba claim rx1686, using default of 30 days
Missing daysSupply for rxTba claim rx1687, using default of 30 days
Missing daysSupply for rxTba claim rx1688, using default of 30 days
Missing daysSupply for rxTba claim rx1689, using default of 30 days
Missing daysSupply for rxTba claim rx1690, using default of 30 days
Missing daysSupply for rxTba claim rx1691, using default of 30 days
Missing daysSupply for rxTba claim rx1692, using default of 30 days
Missing daysSupply for rxTba claim rx1693, using default of 30 days
Missing daysSupply for rxTba claim rx1694, using default of 30 days
Missing daysSupply for rxTba claim rx1695, using default of 30 days
Missing daysSupply for rxTba claim rx1696, using default of 30 days
Missing daysSupply for rxTba claim rx1697, using default of 30 days
Missing daysSupply for rxTba claim rx1698, using default of 30 days
Missing daysSupply for rxTba claim rx1699, using default of 30 days
Missing daysSupply for rxTba claim rx1700, using default of 30 days
Missing daysSupply for rxTba claim rx1701, using default of 30 days
Missing daysSupply for rxTba claim rx1702, using default of 30 days
Missing daysSupply for rxTba claim rx1703, using default of 30 days
Missing daysSupply for rxTba claim rx1704, using default of 30 days
Missing daysSupply for rxTba claim rx1705, using default of 30 days
Missing daysSupply for rxTba claim rx1706, using default of 30 days
Missing daysSupply for rxTba claim rx1707, using default of 30 days
Missing daysSupply for rxTba claim rx1708, using default of 30 days
Missing daysSupply for rxTba claim rx1709, using default of 30 days
Missing daysSupply for rxTba claim rx1710, using default of 30 days
Missing daysSupply for rxTba claim rx1711, using default of 30 days
Missing daysSupply for rxTba claim rx1712, using default of 30 days
Missing daysSupply for rxTba claim rx1713, using default of 30 days
Missing daysSupply for rxTba claim rx1714, using default of 30 days
Missing daysSupply for rxTba claim rx1715, using default of 30 days
Missing daysSupply for rxTba claim rx1716, using default of 30 days
Missing daysSupply for rxTba claim rx1717, using default of 30 days
Missing daysSupply for rxTba claim rx1718, using default of 30 days
Missing daysSupply for rxTba claim rx1719, using default of 30 days
Missing daysSupply for rxTba claim rx1720, using default of 30 days
Missing daysSupply for rxTba claim rx1721, using default of 30 days
Missing daysSupply for rxTba claim rx1722, using default of 30 days
Missing daysSupply for rxTba claim rx1723, using default of 30 days
Missing daysSupply for rxTba claim rx1724, using default of 30 days
Missing daysSupply for rxTba claim rx1725, using default of 30 days
Missing daysSupply for rxTba claim rx1726, using default of 30 days
Missing daysSupply for rxTba claim rx1727, using default of 30 days
Missing daysSupply for rxTba claim rx1728, using default of 30 days
Missing daysSupply for rxTba claim rx1729, using default of 30 days
Missing daysSupply for rxTba claim rx1730, using default of 30 days
Missing daysSupply for rxTba claim rx1731, using default of 30 days
Missing daysSupply for rxTba claim rx1732, using default of 30 days
Missing daysSupply for rxTba claim rx1733, using default of 30 days
Missing daysSupply for rxTba claim rx1734, using default of 30 days
Missing daysSupply for rxTba claim rx1735, using default of 30 days
Missing daysSupply for rxTba claim rx1736, using default of 30 days
Missing daysSupply for rxTba claim rx1737, using default of 30 days
Missing daysSupply for rxTba claim rx1738, using default of 30 days
Missing daysSupply for rxTba claim rx1739, using default of 30 days
Missing daysSupply for rxTba claim rx1740, using default of 30 days
Missing daysSupply for rxTba claim rx1741, using default of 30 days
Missing daysSupply for rxTba claim rx1742, using default of 30 days
Missing daysSupply for rxTba claim rx1743, using default of 30 days
Missing daysSupply for rxTba claim rx1744, using default of 30 days
Missing daysSupply for rxTba claim rx1745, using default of 30 days
Missing daysSupply for rxTba claim rx1746, using default of 30 days
Missing daysSupply for rxTba claim rx1747, using default of 30 days
Missing daysSupply for rxTba claim rx1748, using default of 30 days
Missing daysSupply for rxTba claim rx1749, using default of 30 days
Missing daysSupply for rxTba claim rx1750, using default of 30 days
Missing daysSupply for rxTba claim rx1751, using default of 30 days
Missing daysSupply for rxTba claim rx1752, using default of 30 days
Missing daysSupply for rxTba claim rx1753, using default of 30 days
Missing daysSupply for rxTba claim rx1754, using default of 30 days
Missing daysSupply for rxTba claim rx1755, using default of 30 days
Missing daysSupply for rxTba claim rx1756, using default of 30 days
Missing daysSupply for rxTba claim rx1757, using default of 30 days
Missing daysSupply for rxTba claim rx1758, using default of 30 days
Missing daysSupply for rxTba claim rx1759, using default of 30 days
Missing daysSupply for rxTba claim rx1760, using default of 30 days
Missing daysSupply for rxTba claim rx1761, using default of 30 days
Missing daysSupply for rxTba claim rx1762, using default of 30 days
Missing daysSupply for rxTba claim rx1763, using default of 30 days
Missing daysSupply for rxTba claim rx1764, using default of 30 days
Missing daysSupply for rxTba claim rx1765, using default of 30 days
Missing daysSupply for rxTba claim rx1766, using default of 30 days
Missing daysSupply for rxTba claim rx1767, using default of 30 days
Missing daysSupply for rxTba claim rx1768, using default of 30 days
Missing daysSupply for rxTba claim rx1769, using default of 30 days
Missing daysSupply for rxTba claim rx1770, using default of 30 days
Missing daysSupply for rxTba claim rx1771, using default of 30 days
Missing daysSupply for rxTba claim rx1772, using default of 30 days
Missing daysSupply for rxTba claim rx1773, using default of 30 days
Missing daysSupply for rxTba claim rx1774, using default of 30 days
Missing daysSupply for rxTba claim rx1775, using default of 30 days
Missing daysSupply for rxTba claim rx1776, using default of 30 days
Missing daysSupply for rxTba claim rx1777, using default of 30 days
Missing daysSupply for rxTba claim rx1778, using default of 30 days
Missing daysSupply for rxTba claim rx1779, using default of 30 days
Missing daysSupply for rxTba claim rx1780, using default of 30 days
Missing daysSupply for rxTba claim rx1781, using default of 30 days
Missing daysSupply for rxTba claim rx1782, using default of 30 days
Missing daysSupply for rxTba claim rx1783, using default of 30 days
Missing daysSupply for rxTba claim rx1784, using default of 30 days
Missing daysSupply for rxTba claim rx1785, using default of 30 days
Missing daysSupply for rxTba claim rx1786, using default of 30 days
Missing daysSupply for rxTba claim rx1787, using default of 30 days
Missing daysSupply for rxTba claim rx1788, using default of 30 days
Missing daysSupply for rxTba claim rx1789, using default of 30 days
Missing daysSupply for rxTba claim rx1790, using default of 30 days
Missing daysSupply for rxTba claim rx1791, using default of 30 days
Missing daysSupply for rxTba claim rx1792, using default of 30 days
Missing daysSupply for rxTba claim rx1793, using default of 30 days
Missing daysSupply for rxTba claim rx1794, using default of 30 days
Missing daysSupply for rxTba claim rx1795, using default of 30 days
Missing daysSupply for rxTba claim rx1796, using default of 30 days
Missing daysSupply for rxTba claim rx1797, using default of 30 days
Missing daysSupply for rxTba claim rx1798, using default of 30 days
Missing daysSupply for rxTba claim rx1799, using default of 30 days
Missing daysSupply for rxTba claim rx1800, using default of 30 days
Missing daysSupply for rxTba claim rx1801, using default of 30 days
Missing daysSupply for rxTba claim rx1802, using default of 30 days
Missing daysSupply for rxTba claim rx1803, using default of 30 days
Missing daysSupply for rxTba claim rx1804, using default of 30 days
Missing daysSupply for rxTba claim rx1805, using default of 30 days
Missing daysSupply for rxTba claim rx1806, using default of 30 days
Missing daysSupply for rxTba claim rx1807, using default of 30 days
Missing daysSupply for rxTba claim rx1808, using default of 30 days
Missing daysSupply for rxTba claim rx1809, using default of 30 days
Missing daysSupply for rxTba claim rx1810, using default of 30 days
Missing daysSupply for rxTba claim rx1811, using default of 30 days
Missing daysSupply for rxTba claim rx1812, using default of 30 days
Missing daysSupply for rxTba claim rx1813, using default of 30 days
Missing daysSupply for rxTba claim rx1814, using default of 30 days
Missing daysSupply for rxTba claim rx1815, using default of 30 days
Missing daysSupply for rxTba claim rx1816, using default of 30 days
Missing daysSupply for rxTba claim rx1817, using default of 30 days
Missing daysSupply for rxTba claim rx1818, using default of 30 days
Missing daysSupply for rxTba claim rx1819, using default of 30 days
Missing daysSupply for rxTba claim rx1820, using default of 30 days
Missing daysSupply for rxTba claim rx1821, using default of 30 days
Missing daysSupply for rxTba claim rx1822, using default of 30 days
Missing daysSupply for rxTba claim rx1823, using default of 30 days
Missing daysSupply for rxTba claim rx1824, using default of 30 days
Missing daysSupply for rxTba claim rx1825, using default of 30 days
Missing daysSupply for rxTba claim rx1826, using default of 30 days
Missing daysSupply for rxTba claim rx1827, using default of 30 days
Missing daysSupply for rxTba claim rx1828, using default of 30 days
Missing daysSupply for rxTba claim rx1829, using default of 30 days
Missing daysSupply for rxTba claim rx1830, using default of 30 days
Missing daysSupply for rxTba claim rx1831, using default of 30 days
Missing daysSupply for rxTba claim rx1832, using default of 30 days
Missing daysSupply for rxTba claim rx1833, using default of 30 days
Missing daysSupply for rxTba claim rx1834, using default of 30 days
Missing daysSupply for rxTba claim rx1835, using default of 30 days
Missing daysSupply for rxTba claim rx1836, using default of 30 days
Missing daysSupply for rxTba claim rx1837, using default of 30 days
Missing daysSupply for rxTba claim rx1838, using default of 30 days
Missing daysSupply for rxTba claim rx1839, using default of 30 days
Missing daysSupply for rxTba claim rx1840, using default of 30 days
Missing daysSupply for rxTba claim rx1841, using default of 30 days
Missing daysSupply for rxTba claim rx1842, using default of 30 days
Missing daysSupply for rxTba claim rx1843, using default of 30 days
Missing daysSupply for rxTba claim rx1844, using default of 30 days
Missing daysSupply for rxTba claim rx1845, using default of 30 days
Missing daysSupply for rxTba claim rx1846, using default of 30 days
Missing daysSupply for rxTba claim rx1847, using default of 30 days
Missing daysSupply for rxTba claim rx1848, using default of 30 days
Missing daysSupply for rxTba claim rx1849, using default of 30 days
Missing daysSupply for rxTba claim rx1850, using default of 30 days
Missing daysSupply for rxTba claim rx1851, using default of 30 days
Missing daysSupply for rxTba claim rx1852, using default of 30 days
Missing daysSupply for rxTba claim rx1853, using default of 30 days
Missing daysSupply for rxTba claim rx1854, using default of 30 days
Missing daysSupply for rxTba claim rx1855, using default of 30 days
Missing daysSupply for rxTba claim rx1856, using default of 30 days
Missing daysSupply for rxTba claim rx1857, using default of 30 days
Missing daysSupply for rxTba claim rx1858, using default of 30 days
Missing daysSupply for rxTba claim rx1859, using default of 30 days
Missing daysSupply for rxTba claim rx1860, using default of 30 days
Missing daysSupply for rxTba claim rx1861, using default of 30 days
Missing daysSupply for rxTba claim rx1862, using default of 30 days
Missing daysSupply for rxTba claim rx1863, using default of 30 days
Missing daysSupply for rxTba claim rx1864, using default of 30 days
Missing daysSupply for rxTba claim rx1865, using default of 30 days
Missing daysSupply for rxTba claim rx1866, using default of 30 days
Missing daysSupply for rxTba claim rx1867, using default of 30 days
Missing daysSupply for rxTba claim rx1868, using default of 30 days
Missing daysSupply for rxTba claim rx1869, using default of 30 days
Missing daysSupply for rxTba claim rx1870, using default of 30 days
Missing daysSupply for rxTba claim rx1871, using default of 30 days
Missing daysSupply for rxTba claim rx1872, using default of 30 days
Missing daysSupply for rxTba claim rx1873, using default of 30 days
Missing daysSupply for rxTba claim rx1874, using default of 30 days
Missing daysSupply for rxTba claim rx1875, using default of 30 days
Missing daysSupply for rxTba claim rx1876, using default of 30 days
Missing daysSupply for rxTba claim rx1877, using default of 30 days
Missing daysSupply for rxTba claim rx1878, using default of 30 days
Missing daysSupply for rxTba claim rx1879, using default of 30 days
Missing daysSupply for rxTba claim rx1880, using default of 30 days
Missing daysSupply for rxTba claim rx1881, using default of 30 days
Missing daysSupply for rxTba claim rx1882, using default of 30 days
Missing daysSupply for rxTba claim rx1883, using default of 30 days
Missing daysSupply for rxTba claim rx1884, using default of 30 days
Missing daysSupply for rxTba claim rx1885, using default of 30 days
Missing daysSupply for rxTba claim rx1886, using default of 30 days
Missing daysSupply for rxTba claim rx1887, using default of 30 days
Missing daysSupply for rxTba claim rx1888, using default of 30 days
Missing daysSupply for rxTba claim rx1889, using default of 30 days
Missing daysSupply for rxTba claim rx1890, using default of 30 days
Missing daysSupply for rxTba claim rx1891, using default of 30 days
Missing daysSupply for rxTba claim rx1892, using default of 30 days
Missing daysSupply for rxTba claim rx1893, using default of 30 days
Missing daysSupply for rxTba claim rx1894, using default of 30 days
Missing daysSupply for rxTba claim rx1895, using default of 30 days
Missing daysSupply for rxTba claim rx1896, using default of 30 days
Missing daysSupply for rxTba claim rx1897, using default of 30 days
Missing daysSupply for rxTba claim rx1898, using default of 30 days
Missing daysSupply for rxTba claim rx1899, using default of 30 days
Missing daysSupply for rxTba claim rx1900, using default of 30 days
Missing daysSupply for rxTba claim rx1901, using default of 30 days
Missing daysSupply for rxTba claim rx1902, using default of 30 days
Missing daysSupply for rxTba claim rx1903, using default of 30 days
Missing daysSupply for rxTba claim rx1904, using default of 30 days
Missing daysSupply for rxTba claim rx1905, using default of 30 days
Missing daysSupply for rxTba claim rx1906, using default of 30 days
Missing daysSupply for rxTba claim rx1907, using default of 30 days
Missing daysSupply for rxTba claim rx1908, using default of 30 days
Missing daysSupply for rxTba claim rx1909, using default of 30 days
Missing daysSupply for rxTba claim rx1910, using default of 30 days
Missing daysSupply for rxTba claim rx1911, using default of 30 days
Missing daysSupply for rxTba claim rx1912, using default of 30 days
Missing daysSupply for rxTba claim rx1913, using default of 30 days
Missing daysSupply for rxTba claim rx1914, using default of 30 days
Missing daysSupply for rxTba claim rx1915, using default of 30 days
Missing daysSupply for rxTba claim rx1916, using default of 30 days
Missing daysSupply for rxTba claim rx1917, using default of 30 days
Missing daysSupply for rxTba claim rx1918, using default of 30 days
Missing daysSupply for rxTba claim rx1919, using default of 30 days
Missing daysSupply for rxTba claim rx1920, using default of 30 days
Missing daysSupply for rxTba claim rx1921, using default of 30 days
Missing daysSupply for rxTba claim rx1922, using default of 30 days
Missing daysSupply for rxTba claim rx1923, using default of 30 days
Missing daysSupply for rxTba claim rx1924, using default of 30 days
Missing daysSupply for rxTba claim rx1925, using default of 30 days
Missing daysSupply for rxTba claim rx1926, using default of 30 days
Missing daysSupply for rxTba claim rx1927, using default of 30 days
Missing daysSupply for rxTba claim rx1928, using default of 30 days
Missing daysSupply for rxTba claim rx1929, using default of 30 days
Missing daysSupply for rxTba claim rx1930, using default of 30 days
Missing daysSupply for rxTba claim rx1931, using default of 30 days
Missing daysSupply for rxTba claim rx1932, using default of 30 days
Missing daysSupply for rxTba claim rx1933, using default of 30 days
Missing daysSupply for rxTba claim rx1934, using default of 30 days
Missing daysSupply for rxTba claim rx1935, using default of 30 days
Missing daysSupply for rxTba claim rx1936, using default of 30 days
Missing daysSupply for rxTba claim rx1937, using default of 30 days
Missing daysSupply for rxTba claim rx1938, using default of 30 days
Missing daysSupply for rxTba claim rx1939, using default of 30 days
Missing daysSupply for rxTba claim rx1940, using default of 30 days
Missing daysSupply for rxTba claim rx1941, using default of 30 days
Missing daysSupply for rxTba claim rx1942, using default of 30 days
Missing daysSupply for rxTba claim rx1943, using default of 30 days
Missing daysSupply for rxTba claim rx1944, using default of 30 days
Missing daysSupply for rxTba claim rx1945, using default of 30 days
Missing daysSupply for rxTba claim rx1946, using default of 30 days
Missing daysSupply for rxTba claim rx1947, using default of 30 days
Missing daysSupply for rxTba claim rx1948, using default of 30 days
Missing daysSupply for rxTba claim rx1949, using default of 30 days
Missing daysSupply for rxTba claim rx1950, using default of 30 days
Missing daysSupply for rxTba claim rx1951, using default of 30 days
Missing daysSupply for rxTba claim rx1952, using default of 30 days
Missing daysSupply for rxTba claim rx1953, using default of 30 days
Missing daysSupply for rxTba claim rx1954, using default of 30 days
Missing daysSupply for rxTba claim rx1955, using default of 30 days
Missing daysSupply for rxTba claim rx1956, using default of 30 days
Missing daysSupply for rxTba claim rx1957, using default of 30 days
Missing daysSupply for rxTba claim rx1958, using default of 30 days
Missing daysSupply for rxTba claim rx1959, using default of 30 days
Missing daysSupply for rxTba claim rx1960, using default of 30 days
Missing daysSupply for rxTba claim rx1961, using default of 30 days
Missing daysSupply for rxTba claim rx1962, using default of 30 days
Missing daysSupply for rxTba claim rx1963, using default of 30 days
Missing daysSupply for rxTba claim rx1964, using default of 30 days
Missing daysSupply for rxTba claim rx1965, using default of 30 days
Missing daysSupply for rxTba claim rx1966, using default of 30 days
Missing daysSupply for rxTba claim rx1967, using default of 30 days
Missing daysSupply for rxTba claim rx1968, using default of 30 days
Missing daysSupply for rxTba claim rx1969, using default of 30 days
Missing daysSupply for rxTba claim rx1970, using default of 30 days
Missing daysSupply for rxTba claim rx1971, using default of 30 days
Missing daysSupply for rxTba claim rx1972, using default of 30 days
Missing daysSupply for rxTba claim rx1973, using default of 30 days
Missing daysSupply for rxTba claim rx1974, using default of 30 days
Missing daysSupply for rxTba claim rx1975, using default of 30 days
Missing daysSupply for rxTba claim rx1976, using default of 30 days
Missing daysSupply for rxTba claim rx1977, using default of 30 days
Missing daysSupply for rxTba claim rx1978, using default of 30 days
Missing daysSupply for rxTba claim rx1979, using default of 30 days
Missing daysSupply for rxTba claim rx1980, using default of 30 days
Missing daysSupply for rxTba claim rx1981, using default of 30 days
Missing daysSupply for rxTba claim rx1982, using default of 30 days
Missing daysSupply for rxTba claim rx1983, using default of 30 days
Missing daysSupply for rxTba claim rx1984, using default of 30 days
Missing daysSupply for rxTba claim rx1985, using default of 30 days
Missing daysSupply for rxTba claim rx1986, using default of 30 days
Missing daysSupply for rxTba claim rx1987, using default of 30 days
Missing daysSupply for rxTba claim rx1988, using default of 30 days
Missing daysSupply for rxTba claim rx1989, using default of 30 days
Missing daysSupply for rxTba claim rx1990, using default of 30 days
Missing daysSupply for rxTba claim rx1991, using default of 30 days
Missing daysSupply for rxTba claim rx1992, using default of 30 days
Missing daysSupply for rxTba claim rx1993, using default of 30 days
Missing daysSupply for rxTba claim rx1994, using default of 30 days
Missing daysSupply for rxTba claim rx1995, using default of 30 days
Missing daysSupply for rxTba claim rx1996, using default of 30 days
Missing daysSupply for rxTba claim rx1997, using default of 30 days
Missing daysSupply for rxTba claim rx1998, using default of 30 days
Missing daysSupply for rxTba claim rx1999, using default of 30 days
Missing daysSupply for rxTba claim rx2000, using default of 30 days
Missing daysSupply for rxTba claim rx2001, using default of 30 days
Missing daysSupply for rxTba claim rx2002, using default of 30 days
Missing daysSupply for rxTba claim rx2003, using default of 30 days
Missing daysSupply for rxTba claim rx2004, using default of 30 days
Missing daysSupply for rxTba claim rx2005, using default of 30 days
Missing daysSupply for rxTba claim rx2006, using default of 30 days
Missing daysSupply for rxTba claim rx2007, using default of 30 days
Missing daysSupply for rxTba claim rx2008, using default of 30 days
Missing daysSupply for rxTba claim rx2009, using default of 30 days
Missing daysSupply for rxTba claim rx2010, using default of 30 days
Missing daysSupply for rxTba claim rx2011, using default of 30 days
Missing daysSupply for rxTba claim rx2012, using default of 30 days
Missing daysSupply for rxTba claim rx2013, using default of 30 days
Missing daysSupply for rxTba claim rx2014, using default of 30 days
Missing daysSupply for rxTba claim rx2015, using default of 30 days
Missing daysSupply for rxTba claim rx2016, using default of 30 days
Missing daysSupply for rxTba claim rx2017, using default of 30 days
Missing daysSupply for rxTba claim rx2018, using default of 30 days
Missing daysSupply for rxTba claim rx2019, using default of 30 days
Missing daysSupply for rxTba claim rx2020, using default of 30 days
Missing daysSupply for rxTba claim rx2021, using default of 30 days
Missing daysSupply for rxTba claim rx2022, using default of 30 days
Missing daysSupply for rxTba claim rx2023, using default of 30 days
Missing daysSupply for rxTba claim rx2024, using default of 30 days
Missing daysSupply for rxTba claim rx2025, using default of 30 days
Missing daysSupply for rxTba claim rx2026, using default of 30 days
Missing daysSupply for rxTba claim rx2027, using default of 30 days
Missing daysSupply for rxTba claim rx2028, using default of 30 days
Missing daysSupply for rxTba claim rx2029, using default of 30 days
Missing daysSupply for rxTba claim rx2030, using default of 30 days
Missing daysSupply for rxTba claim rx2031, using default of 30 days
Missing daysSupply for rxTba claim rx2032, using default of 30 days
Missing daysSupply for rxTba claim rx2033, using default of 30 days
Missing daysSupply for rxTba claim rx2034, using default of 30 days
Missing daysSupply for rxTba claim rx2035, using default of 30 days
Missing daysSupply for rxTba claim rx2036, using default of 30 days
Missing daysSupply for rxTba claim rx2037, using default of 30 days
Missing daysSupply for rxTba claim rx2038, using default of 30 days
Missing daysSupply for rxTba claim rx2039, using default of 30 days
Missing daysSupply for rxTba claim rx2040, using default of 30 days
Missing daysSupply for rxTba claim rx2041, using default of 30 days
Missing daysSupply for rxTba claim rx2042, using default of 30 days
Missing daysSupply for rxTba claim rx2043, using default of 30 days
Missing daysSupply for rxTba claim rx2044, using default of 30 days
Missing daysSupply for rxTba claim rx2045, using default of 30 days
Missing daysSupply for rxTba claim rx2046, using default of 30 days
Missing daysSupply for rxTba claim rx2047, using default of 30 days
Missing daysSupply for rxTba claim rx2048, using default of 30 days
Missing daysSupply for rxTba claim rx2049, using default of 30 days
Missing daysSupply for rxTba claim rx2050, using default of 30 days
Missing daysSupply for rxTba claim rx2051, using default of 30 days
Missing daysSupply for rxTba claim rx2052, using default of 30 days
Missing daysSupply for rxTba claim rx2053, using default of 30 days
Missing daysSupply for rxTba claim rx2054, using default of 30 days
Missing daysSupply for rxTba claim rx2055, using default of 30 days
Missing daysSupply for rxTba claim rx2056, using default of 30 days
Missing daysSupply for rxTba claim rx2057, using default of 30 days
Missing daysSupply for rxTba claim rx2058, using default of 30 days
Missing daysSupply for rxTba claim rx2059, using default of 30 days
Missing daysSupply for rxTba claim rx2060, using default of 30 days
Missing daysSupply for rxTba claim rx2061, using default of 30 days
Missing daysSupply for rxTba claim rx2062, using default of 30 days
Missing daysSupply for rxTba claim rx2063, using default of 30 days
Missing daysSupply for rxTba claim rx2064, using default of 30 days
Missing daysSupply for rxTba claim rx2065, using default of 30 days
Missing daysSupply for rxTba claim rx2066, using default of 30 days
Missing daysSupply for rxTba claim rx2067, using default of 30 days
Missing daysSupply for rxTba claim rx2068, using default of 30 days
Missing daysSupply for rxTba claim rx2069, using default of 30 days
Missing daysSupply for rxTba claim rx2070, using default of 30 days
Missing daysSupply for rxTba claim rx2071, using default of 30 days
Missing daysSupply for rxTba claim rx2072, using default of 30 days
Missing daysSupply for rxTba claim rx2073, using default of 30 days
Missing daysSupply for rxTba claim rx2074, using default of 30 days
Missing daysSupply for rxTba claim rx2075, using default of 30 days
Missing daysSupply for rxTba claim rx2076, using default of 30 days
Missing daysSupply for rxTba claim rx2077, using default of 30 days
Missing daysSupply for rxTba claim rx2078, using default of 30 days
Missing daysSupply for rxTba claim rx2079, using default of 30 days
Missing daysSupply for rxTba claim rx2080, using default of 30 days
Missing daysSupply for rxTba claim rx2081, using default of 30 days
Missing daysSupply for rxTba claim rx2082, using default of 30 days
Missing daysSupply for rxTba claim rx2083, using default of 30 days
Missing daysSupply for rxTba claim rx2084, using default of 30 days
Missing daysSupply for rxTba claim rx2085, using default of 30 days
Missing daysSupply for rxTba claim rx2086, using default of 30 days
Missing daysSupply for rxTba claim rx2087, using default of 30 days
Missing daysSupply for rxTba claim rx2088, using default of 30 days
Missing daysSupply for rxTba claim rx2089, using default of 30 days
Missing daysSupply for rxTba claim rx2090, using default of 30 days
Missing daysSupply for rxTba claim rx2091, using default of 30 days
Missing daysSupply for rxTba claim rx2092, using default of 30 days
Missing daysSupply for rxTba claim rx2093, using default of 30 days
Missing daysSupply for rxTba claim rx2094, using default of 30 days
Missing daysSupply for rxTba claim rx2095, using default of 30 days
Missing daysSupply for rxTba claim rx2096, using default of 30 days
Missing daysSupply for rxTba claim rx2097, using default of 30 days
Missing daysSupply for rxTba claim rx2098, using default of 30 days
Missing daysSupply for rxTba claim rx2099, using default of 30 days
Missing daysSupply for rxTba claim rx2100, using default of 30 days
Missing daysSupply for rxTba claim rx2101, using default of 30 days
Missing daysSupply for rxTba claim rx2102, using default of 30 days
Missing daysSupply for rxTba claim rx2103, using default of 30 days
Missing daysSupply for rxTba claim rx2104, using default of 30 days
Missing daysSupply for rxTba claim rx2105, using default of 30 days
Missing daysSupply for rxTba claim rx2106, using default of 30 days
Missing daysSupply for rxTba claim rx2107, using default of 30 days
Missing daysSupply for rxTba claim rx2108, using default of 30 days
Missing daysSupply for rxTba claim rx2109, using default of 30 days
Missing daysSupply for rxTba claim rx2110, using default of 30 days
Missing daysSupply for rxTba claim rx2111, using default of 30 days
Missing daysSupply for rxTba claim rx2112, using default of 30 days
Missing daysSupply for rxTba claim rx2113, using default of 30 days
Missing daysSupply for rxTba claim rx2114, using default of 30 days
Missing daysSupply for rxTba claim rx2115, using default of 30 days
Missing daysSupply for rxTba claim rx2116, using default of 30 days
Missing daysSupply for rxTba claim rx2117, using default of 30 days
Missing daysSupply for rxTba claim rx2118, using default of 30 days
Missing daysSupply for rxTba claim rx2119, using default of 30 days
Missing daysSupply for rxTba claim rx2120, using default of 30 days
Missing daysSupply for rxTba claim rx2121, using default of 30 days
Missing daysSupply for rxTba claim rx2122, using default of 30 days
Missing daysSupply for rxTba claim rx2123, using default of 30 days
Missing daysSupply for rxTba claim rx2124, using default of 30 days
Missing daysSupply for rxTba claim rx2125, using default of 30 days
Missing daysSupply for rxTba claim rx2126, using default of 30 days
Missing daysSupply for rxTba claim rx2127, using default of 30 days
Missing daysSupply for rxTba claim rx2128, using default of 30 days
Missing daysSupply for rxTba claim rx2129, using default of 30 days
Missing daysSupply for rxTba claim rx2130, using default of 30 days
Missing daysSupply for rxTba claim rx2131, using default of 30 days
Missing daysSupply for rxTba claim rx2132, using default of 30 days
Missing daysSupply for rxTba claim rx2133, using default of 30 days
Missing daysSupply for rxTba claim rx2134, using default of 30 days
Missing daysSupply for rxTba claim rx2135, using default of 30 days
Missing daysSupply for rxTba claim rx2136, using default of 30 days
Missing daysSupply for rxTba claim rx2137, using default of 30 days
Missing daysSupply for rxTba claim rx2138, using default of 30 days
Missing daysSupply for rxTba claim rx2139, using default of 30 days
Missing daysSupply for rxTba claim rx2140, using default of 30 days
Missing daysSupply for rxTba claim rx2141, using default of 30 days
Missing daysSupply for rxTba claim rx2142, using default of 30 days
Missing daysSupply for rxTba claim rx2143, using default of 30 days
Missing daysSupply for rxTba claim rx2144, using default of 30 days
Missing daysSupply for rxTba claim rx2145, using default of 30 days
Missing daysSupply for rxTba claim rx2146, using default of 30 days
Missing daysSupply for rxTba claim rx2147, using default of 30 days
Missing daysSupply for rxTba claim rx2148, using default of 30 days
Missing daysSupply for rxTba claim rx2149, using default of 30 days
Missing daysSupply for rxTba claim rx2150, using default of 30 days
Missing daysSupply for rxTba claim rx2151, using default of 30 days
Missing daysSupply for rxTba claim rx2152, using default of 30 days
Missing daysSupply for rxTba claim rx2153, using default of 30 days
Missing daysSupply for rxTba claim rx2154, using default of 30 days
Missing daysSupply for rxTba claim rx2155, using default of 30 days
Missing daysSupply for rxTba claim rx2156, using default of 30 days
Missing daysSupply for rxTba claim rx2157, using default of 30 days
Missing daysSupply for rxTba claim rx2158, using default of 30 days
Missing daysSupply for rxTba claim rx2159, using default of 30 days
Missing daysSupply for rxTba claim rx2160, using default of 30 days
Missing daysSupply for rxTba claim rx2161, using default of 30 days
Missing daysSupply for rxTba claim rx2162, using default of 30 days
Missing daysSupply for rxTba claim rx2163, using default of 30 days
Missing daysSupply for rxTba claim rx2164, using default of 30 days
Missing daysSupply for rxTba claim rx2165, using default of 30 days
Missing daysSupply for rxTba claim rx2166, using default of 30 days
Missing daysSupply for rxTba claim rx2167, using default of 30 days
Missing daysSupply for rxTba claim rx2168, using default of 30 days
Missing daysSupply for rxTba claim rx2169, using default of 30 days
Missing daysSupply for rxTba claim rx2170, using default of 30 days
Missing daysSupply for rxTba claim rx2171, using default of 30 days
Missing daysSupply for rxTba claim rx2172, using default of 30 days
Missing daysSupply for rxTba claim rx2173, using default of 30 days
Missing daysSupply for rxTba claim rx2174, using default of 30 days
Missing daysSupply for rxTba claim rx2175, using default of 30 days
Missing daysSupply for rxTba claim rx2176, using default of 30 days
Missing daysSupply for rxTba claim rx2177, using default of 30 days
Missing daysSupply for rxTba claim rx2178, using default of 30 days
Missing daysSupply for rxTba claim rx2179, using default of 30 days
Missing daysSupply for rxTba claim rx2180, using default of 30 days
Missing daysSupply for rxTba claim rx2181, using default of 30 days
Missing daysSupply for rxTba claim rx2182, using default of 30 days
Missing daysSupply for rxTba claim rx2183, using default of 30 days
Missing daysSupply for rxTba claim rx2184, using default of 30 days
Missing daysSupply for rxTba claim rx2185, using default of 30 days
Missing daysSupply for rxTba claim rx2186, using default of 30 days
Missing daysSupply for rxTba claim rx2187, using default of 30 days
Missing daysSupply for rxTba claim rx2188, using default of 30 days
Missing daysSupply for rxTba claim rx2189, using default of 30 days
Missing daysSupply for rxTba claim rx2190, using default of 30 days
Missing daysSupply for rxTba claim rx2191, using default of 30 days
Missing daysSupply for rxTba claim rx2192, using default of 30 days
Missing daysSupply for rxTba claim rx2193, using default of 30 days
Missing daysSupply for rxTba claim rx2194, using default of 30 days
Missing daysSupply for rxTba claim rx2195, using default of 30 days
Missing daysSupply for rxTba claim rx2196, using default of 30 days
Missing daysSupply for rxTba claim rx2197, using default of 30 days
Missing daysSupply for rxTba claim rx2198, using default of 30 days
Missing daysSupply for rxTba claim rx2199, using default of 30 days
Missing daysSupply for rxTba claim rx2200, using default of 30 days
Missing daysSupply for rxTba claim rx2201, using default of 30 days
Missing daysSupply for rxTba claim rx2202, using default of 30 days
Missing daysSupply for rxTba claim rx2203, using default of 30 days
Missing daysSupply for rxTba claim rx2204, using default of 30 days
Missing daysSupply for rxTba claim rx2205, using default of 30 days
Missing daysSupply for rxTba claim rx2206, using default of 30 days
Missing daysSupply for rxTba claim rx2207, using default of 30 days
Missing daysSupply for rxTba claim rx2208, using default of 30 days
Missing daysSupply for rxTba claim rx2209, using default of 30 days
Missing daysSupply for rxTba claim rx2210, using default of 30 days
Missing daysSupply for rxTba claim rx2211, using default of 30 days
Missing daysSupply for rxTba claim rx2212, using default of 30 days
Missing daysSupply for rxTba claim rx2213, using default of 30 days
Missing daysSupply for rxTba claim rx2214, using default of 30 days
Missing daysSupply for rxTba claim rx2215, using default of 30 days
Missing daysSupply for rxTba claim rx2216, using default of 30 days
Missing daysSupply for rxTba claim rx2217, using default of 30 days
Missing daysSupply for rxTba claim rx2218, using default of 30 days
Missing daysSupply for rxTba claim rx2219, using default of 30 days
Missing daysSupply for rxTba claim rx2220, using default of 30 days
Missing daysSupply for rxTba claim rx2221, using default of 30 days
Missing daysSupply for rxTba claim rx2222, using default of 30 days
Missing daysSupply for rxTba claim rx2223, using default of 30 days
Missing daysSupply for rxTba claim rx2224, using default of 30 days
Missing daysSupply for rxTba claim rx2225, using default of 30 days
Missing daysSupply for rxTba claim rx2226, using default of 30 days
Missing daysSupply for rxTba claim rx2227, using default of 30 days
Missing daysSupply for rxTba claim rx2228, using default of 30 days
Missing daysSupply for rxTba claim rx2229, using default of 30 days
Missing daysSupply for rxTba claim rx2230, using default of 30 days
Missing daysSupply for rxTba claim rx2231, using default of 30 days
Missing daysSupply for rxTba claim rx2232, using default of 30 days
Missing daysSupply for rxTba claim rx2233, using default of 30 days
Missing daysSupply for rxTba claim rx2234, using default of 30 days
Missing daysSupply for rxTba claim rx2235, using default of 30 days
Missing daysSupply for rxTba claim rx2236, using default of 30 days
Missing daysSupply for rxTba claim rx2237, using default of 30 days
Missing daysSupply for rxTba claim rx2238, using default of 30 days
Missing daysSupply for rxTba claim rx2239, using default of 30 days
Missing daysSupply for rxTba claim rx2240, using default of 30 days
Missing daysSupply for rxTba claim rx2241, using default of 30 days
Missing daysSupply for rxTba claim rx2242, using default of 30 days
Missing daysSupply for rxTba claim rx2243, using default of 30 days
Missing daysSupply for rxTba claim rx2244, using default of 30 days
Missing daysSupply for rxTba claim rx2245, using default of 30 days
Missing daysSupply for rxTba claim rx2246, using default of 30 days
Missing daysSupply for rxTba claim rx2247, using default of 30 days
Missing daysSupply for rxTba claim rx2248, using default of 30 days
Missing daysSupply for rxTba claim rx2249, using default of 30 days
Missing daysSupply for rxTba claim rx2250, using default of 30 days
Missing daysSupply for rxTba claim rx2251, using default of 30 days
Missing daysSupply for rxTba claim rx2252, using default of 30 days
Missing daysSupply for rxTba claim rx2253, using default of 30 days
Missing daysSupply for rxTba claim rx2254, using default of 30 days
Missing daysSupply for rxTba claim rx2255, using default of 30 days
Missing daysSupply for rxTba claim rx2256, using default of 30 days
Missing daysSupply for rxTba claim rx2257, using default of 30 days
Missing daysSupply for rxTba claim rx2258, using default of 30 days
Missing daysSupply for rxTba claim rx2259, using default of 30 days
Missing daysSupply for rxTba claim rx2260, using default of 30 days
Missing daysSupply for rxTba claim rx2261, using default of 30 days
Missing daysSupply for rxTba claim rx2262, using default of 30 days
Missing daysSupply for rxTba claim rx2263, using default of 30 days
Missing daysSupply for rxTba claim rx2264, using default of 30 days
Missing daysSupply for rxTba claim rx2265, using default of 30 days
Missing daysSupply for rxTba claim rx2266, using default of 30 days
Missing daysSupply for rxTba claim rx2267, using default of 30 days
Missing daysSupply for rxTba claim rx2268, using default of 30 days
Missing daysSupply for rxTba claim rx2269, using default of 30 days
Missing daysSupply for rxTba claim rx2270, using default of 30 days
Missing daysSupply for rxTba claim rx2271, using default of 30 days
Missing daysSupply for rxTba claim rx2272, using default of 30 days
Missing daysSupply for rxTba claim rx2273, using default of 30 days
Missing daysSupply for rxTba claim rx2274, using default of 30 days
Missing daysSupply for rxTba claim rx2275, using default of 30 days
Missing daysSupply for rxTba claim rx2276, using default of 30 days
Missing daysSupply for rxTba claim rx2277, using default of 30 days
Missing daysSupply for rxTba claim rx2278, using default of 30 days
Missing daysSupply for rxTba claim rx2279, using default of 30 days
Missing daysSupply for rxTba claim rx2280, using default of 30 days
Missing daysSupply for rxTba claim rx2281, using default of 30 days
Missing daysSupply for rxTba claim rx2282, using default of 30 days
Missing daysSupply for rxTba claim rx2283, using default of 30 days
Missing daysSupply for rxTba claim rx2284, using default of 30 days
Missing daysSupply for rxTba claim rx2285, using default of 30 days
Missing daysSupply for rxTba claim rx2286, using default of 30 days
Missing daysSupply for rxTba claim rx2287, using default of 30 days
Missing daysSupply for rxTba claim rx2288, using default of 30 days
Missing daysSupply for rxTba claim rx2289, using default of 30 days
Missing daysSupply for rxTba claim rx2290, using default of 30 days
Missing daysSupply for rxTba claim rx2291, using default of 30 days
Missing daysSupply for rxTba claim rx2292, using default of 30 days
Missing daysSupply for rxTba claim rx2293, using default of 30 days
Missing daysSupply for rxTba claim rx2294, using default of 30 days
Missing daysSupply for rxTba claim rx2295, using default of 30 days
Missing daysSupply for rxTba claim rx2296, using default of 30 days
Missing daysSupply for rxTba claim rx2297, using default of 30 days
Missing daysSupply for rxTba claim rx2298, using default of 30 days
Missing daysSupply for rxTba claim rx2299, using default of 30 days
Missing daysSupply for rxTba claim rx2300, using default of 30 days
Missing daysSupply for rxTba claim rx2301, using default of 30 days
Missing daysSupply for rxTba claim rx2302, using default of 30 days
Missing daysSupply for rxTba claim rx2303, using default of 30 days
Missing daysSupply for rxTba claim rx2304, using default of 30 days
Missing daysSupply for rxTba claim rx2305, using default of 30 days
Missing daysSupply for rxTba claim rx2306, using default of 30 days
Missing daysSupply for rxTba claim rx2307, using default of 30 days
Missing daysSupply for rxTba claim rx2308, using default of 30 days
Missing daysSupply for rxTba claim rx2309, using default of 30 days
Missing daysSupply for rxTba claim rx2310, using default of 30 days
Missing daysSupply for rxTba claim rx2311, using default of 30 days
Missing daysSupply for rxTba claim rx2312, using default of 30 days
Missing daysSupply for rxTba claim rx2313, using default of 30 days
Missing daysSupply for rxTba claim rx2314, using default of 30 days
Missing daysSupply for rxTba claim rx2315, using default of 30 days
Missing daysSupply for rxTba claim rx2316, using default of 30 days
Missing daysSupply for rxTba claim rx2317, using default of 30 days
Missing daysSupply for rxTba claim rx2318, using default of 30 days
Missing daysSupply for rxTba claim rx2319, using default of 30 days
Missing daysSupply for rxTba claim rx2320, using default of 30 days
Missing daysSupply for rxTba claim rx2321, using default of 30 days
Missing daysSupply for rxTba claim rx2322, using default of 30 days
Missing daysSupply for rxTba claim rx2323, using default of 30 days
Missing daysSupply for rxTba claim rx2324, using default of 30 days
Missing daysSupply for rxTba claim rx2325, using default of 30 days
Missing daysSupply for rxTba claim rx2326, using default of 30 days
Missing daysSupply for rxTba claim rx2327, using default of 30 days
Missing daysSupply for rxTba claim rx2328, using default of 30 days
Missing daysSupply for rxTba claim rx2329, using default of 30 days
Missing daysSupply for rxTba claim rx2330, using default of 30 days
Missing daysSupply for rxTba claim rx2331, using default of 30 days
Missing daysSupply for rxTba claim rx2332, using default of 30 days
Missing daysSupply for rxTba claim rx2333, using default of 30 days
Missing daysSupply for rxTba claim rx2334, using default of 30 days
Missing daysSupply for rxTba claim rx2335, using default of 30 days
Missing daysSupply for rxTba claim rx2336, using default of 30 days
Missing daysSupply for rxTba claim rx2337, using default of 30 days
Missing daysSupply for rxTba claim rx2338, using default of 30 days
Missing daysSupply for rxTba claim rx2339, using default of 30 days
Missing daysSupply for rxTba claim rx2340, using default of 30 days
Missing daysSupply for rxTba claim rx2341, using default of 30 days
Missing daysSupply for rxTba claim rx2342, using default of 30 days
Missing daysSupply for rxTba claim rx2343, using default of 30 days
Missing daysSupply for rxTba claim rx2344, using default of 30 days
Missing daysSupply for rxTba claim rx2345, using default of 30 days
Missing daysSupply for rxTba claim rx2346, using default of 30 days
Missing daysSupply for rxTba claim rx2347, using default of 30 days
Missing daysSupply for rxTba claim rx2348, using default of 30 days
Missing daysSupply for rxTba claim rx2349, using default of 30 days
Missing daysSupply for rxTba claim rx2350, using default of 30 days
Missing daysSupply for rxTba claim rx2351, using default of 30 days
Missing daysSupply for rxTba claim rx2352, using default of 30 days
Missing daysSupply for rxTba claim rx2353, using default of 30 days
Missing daysSupply for rxTba claim rx2354, using default of 30 days
Missing daysSupply for rxTba claim rx2355, using default of 30 days
Missing daysSupply for rxTba claim rx2356, using default of 30 days
Missing daysSupply for rxTba claim rx2357, using default of 30 days
Missing daysSupply for rxTba claim rx2358, using default of 30 days
Missing daysSupply for rxTba claim rx2359, using default of 30 days
Missing daysSupply for rxTba claim rx2360, using default of 30 days
Missing daysSupply for rxTba claim rx2361, using default of 30 days
Missing daysSupply for rxTba claim rx2362, using default of 30 days
Missing daysSupply for rxTba claim rx2363, using default of 30 days
Missing daysSupply for rxTba claim rx2364, using default of 30 days
Missing daysSupply for rxTba claim rx2365, using default of 30 days
Missing daysSupply for rxTba claim rx2366, using default of 30 days
Missing daysSupply for rxTba claim rx2367, using default of 30 days
Missing daysSupply for rxTba claim rx2368, using default of 30 days
Missing daysSupply for rxTba claim rx2369, using default of 30 days
Missing daysSupply for rxTba claim rx2370, using default of 30 days
Missing daysSupply for rxTba claim rx2371, using default of 30 days
Missing daysSupply for rxTba claim rx2372, using default of 30 days
Missing daysSupply for rxTba claim rx2373, using default of 30 days
Missing daysSupply for rxTba claim rx2374, using default of 30 days
Missing daysSupply for rxTba claim rx2375, using default of 30 days
Missing daysSupply for rxTba claim rx2376, using default of 30 days
Missing daysSupply for rxTba claim rx2377, using default of 30 days
Missing daysSupply for rxTba claim rx2378, using default of 30 days
Missing daysSupply for rxTba claim rx2379, using default of 30 days
Missing daysSupply for rxTba claim rx2380, using default of 30 days
Missing daysSupply for rxTba claim rx2381, using default of 30 days
Missing daysSupply for rxTba claim rx2382, using default of 30 days
Missing daysSupply for rxTba claim rx2383, using default of 30 days
Missing daysSupply for rxTba claim rx2384, using default of 30 days
Missing daysSupply for rxTba claim rx2385, using default of 30 days
Missing daysSupply for rxTba claim rx2386, using default of 30 days
Missing daysSupply for rxTba claim rx2387, using default of 30 days
Missing daysSupply for rxTba claim rx2388, using default of 30 days
Missing daysSupply for rxTba claim rx2389, using default of 30 days
Missing daysSupply for rxTba claim rx2390, using default of 30 days
Missing daysSupply for rxTba claim rx2391, using default of 30 days
Missing daysSupply for rxTba claim rx2392, using default of 30 days
Missing daysSupply for rxTba claim rx2393, using default of 30 days
Missing daysSupply for rxTba claim rx2394, using default of 30 days
Missing daysSupply for rxTba claim rx2395, using default of 30 days
Missing daysSupply for rxTba claim rx2396, using default of 30 days
Missing daysSupply for rxTba claim rx2397, using default of 30 days
Missing daysSupply for rxTba claim rx2398, using default of 30 days
Missing daysSupply for rxTba claim rx2399, using default of 30 days
Missing daysSupply for rxTba claim rx2400, using default of 30 days
Missing daysSupply for rxTba claim rx2401, using default of 30 days
Missing daysSupply for rxTba claim rx2402, using default of 30 days
Missing daysSupply for rxTba claim rx2403, using default of 30 days
Missing daysSupply for rxTba claim rx2404, using default of 30 days
Missing daysSupply for rxTba claim rx2405, using default of 30 days
Missing daysSupply for rxTba claim rx2406, using default of 30 days
Missing daysSupply for rxTba claim rx2407, using default of 30 days
Missing daysSupply for rxTba claim rx2408, using default of 30 days
Missing daysSupply for rxTba claim rx2409, using default of 30 days
Missing daysSupply for rxTba claim rx2410, using default of 30 days
Missing daysSupply for rxTba claim rx2411, using default of 30 days
Missing daysSupply for rxTba claim rx2412, using default of 30 days
Missing daysSupply for rxTba claim rx2413, using default of 30 days
Missing daysSupply for rxTba claim rx2414, using default of 30 days
Missing daysSupply for rxTba claim rx2415, using default of 30 days
Missing daysSupply for rxTba claim rx2416, using default of 30 days
Missing daysSupply for rxTba claim rx2417, using default of 30 days
Missing daysSupply for rxTba claim rx2418, using default of 30 days
Missing daysSupply for rxTba claim rx2419, using default of 30 days
Missing daysSupply for rxTba claim rx2420, using default of 30 days
Missing daysSupply for rxTba claim rx2421, using default of 30 days
Missing daysSupply for rxTba claim rx2422, using default of 30 days
Missing daysSupply for rxTba claim rx2423, using default of 30 days
Missing daysSupply for rxTba claim rx2424, using default of 30 days
Missing daysSupply for rxTba claim rx2425, using default of 30 days
Missing daysSupply for rxTba claim rx2426, using default of 30 days
Missing daysSupply for rxTba claim rx2427, using default of 30 days
Missing daysSupply for rxTba claim rx2428, using default of 30 days
Missing daysSupply for rxTba claim rx2429, using default of 30 days
Missing daysSupply for rxTba claim rx2430, using default of 30 days
Missing daysSupply for rxTba claim rx2431, using default of 30 days
Missing daysSupply for rxTba claim rx2432, using default of 30 days
Missing daysSupply for rxTba claim rx2433, using default of 30 days
Missing daysSupply for rxTba claim rx2434, using default of 30 days
Missing daysSupply for rxTba claim rx2435, using default of 30 days
Missing daysSupply for rxTba claim rx2436, using default of 30 days
Missing daysSupply for rxTba claim rx2437, using default of 30 days
Missing daysSupply for rxTba claim rx2438, using default of 30 days
Missing daysSupply for rxTba claim rx2439, using default of 30 days
Missing daysSupply for rxTba claim rx2440, using default of 30 days
Missing daysSupply for rxTba claim rx2441, using default of 30 days
Missing daysSupply for rxTba claim rx2442, using default of 30 days
Missing daysSupply for rxTba claim rx2443, using default of 30 days
Missing daysSupply for rxTba claim rx2444, using default of 30 days
Missing daysSupply for rxTba claim rx2445, using default of 30 days
Missing daysSupply for rxTba claim rx2446, using default of 30 days
Missing daysSupply for rxTba claim rx2447, using default of 30 days
Missing daysSupply for rxTba claim rx2448, using default of 30 days
Missing daysSupply for rxTba claim rx2449, using default of 30 days
Missing daysSupply for rxTba claim rx2450, using default of 30 days
Missing daysSupply for rxTba claim rx2451, using default of 30 days
Missing daysSupply for rxTba claim rx2452, using default of 30 days
Missing daysSupply for rxTba claim rx2453, using default of 30 days
Missing daysSupply for rxTba claim rx2454, using default of 30 days
Missing daysSupply for rxTba claim rx2455, using default of 30 days
Missing daysSupply for rxTba claim rx2456, using default of 30 days
Missing daysSupply for rxTba claim rx2457, using default of 30 days
Missing daysSupply for rxTba claim rx2458, using default of 30 days
Missing daysSupply for rxTba claim rx2459, using default of 30 days
Missing daysSupply for rxTba claim rx2460, using default of 30 days
Missing daysSupply for rxTba claim rx2461, using default of 30 days
Missing daysSupply for rxTba claim rx2462, using default of 30 days
Missing daysSupply for rxTba claim rx2463, using default of 30 days
Missing daysSupply for rxTba claim rx2464, using default of 30 days
Missing daysSupply for rxTba claim rx2465, using default of 30 days
Missing daysSupply for rxTba claim rx2466, using default of 30 days
Missing daysSupply for rxTba claim rx2467, using default of 30 days
Missing daysSupply for rxTba claim rx2468, using default of 30 days
Missing daysSupply for rxTba claim rx2469, using default of 30 days
Missing daysSupply for rxTba claim rx2470, using default of 30 days
Missing daysSupply for rxTba claim rx2471, using default of 30 days
Missing daysSupply for rxTba claim rx2472, using default of 30 days
Missing daysSupply for rxTba claim rx2473, using default of 30 days
Missing daysSupply for rxTba claim rx2474, using default of 30 days
Missing daysSupply for rxTba claim rx2475, using default of 30 days
Missing daysSupply for rxTba claim rx2476, using default of 30 days
Missing daysSupply for rxTba claim rx2477, using default of 30 days
Missing daysSupply for rxTba claim rx2478, using default of 30 days
Missing daysSupply for rxTba claim rx2479, using default of 30 days
Missing daysSupply for rxTba claim rx2480, using default of 30 days
Missing daysSupply for rxTba claim rx2481, using default of 30 days
Missing daysSupply for rxTba claim rx2482, using default of 30 days
Missing daysSupply for rxTba claim rx2483, using default of 30 days
Missing daysSupply for rxTba claim rx2484, using default of 30 days
Missing daysSupply for rxTba claim rx2485, using default of 30 days
Missing daysSupply for rxTba claim rx2486, using default of 30 days
Missing daysSupply for rxTba claim rx2487, using default of 30 days
Missing daysSupply for rxTba claim rx2488, using default of 30 days
Missing daysSupply for rxTba claim rx2489, using default of 30 days
Missing daysSupply for rxTba claim rx2490, using default of 30 days
Missing daysSupply for rxTba claim rx2491, using default of 30 days
Missing daysSupply for rxTba claim rx2492, using default of 30 days
Missing daysSupply for rxTba claim rx2493, using default of 30 days
Missing daysSupply for rxTba claim rx2494, using default of 30 days
Missing daysSupply for rxTba claim rx2495, using default of 30 days
Missing daysSupply for rxTba claim rx2496, using default of 30 days
Missing daysSupply for rxTba claim rx2497, using default of 30 days
Missing daysSupply for rxTba claim rx2498, using default of 30 days
Missing daysSupply for rxTba claim rx2499, using default of 30 days
Missing daysSupply for rxTba claim rx2500, using default of 30 days
Missing daysSupply for rxTba claim rx2501, using default of 30 days
Missing daysSupply for rxTba claim rx2502, using default of 30 days
Missing daysSupply for rxTba claim rx2503, using default of 30 days
Missing daysSupply for rxTba claim rx2504, using default of 30 days
Missing daysSupply for rxTba claim rx2505, using default of 30 days
Missing daysSupply for rxTba claim rx2506, using default of 30 days
Missing daysSupply for rxTba claim rx2507, using default of 30 days
Missing daysSupply for rxTba claim rx2508, using default of 30 days
Missing daysSupply for rxTba claim rx2509, using default of 30 days
Missing daysSupply for rxTba claim rx2510, using default of 30 days
Missing daysSupply for rxTba claim rx2511, using default of 30 days
Missing daysSupply for rxTba claim rx2512, using default of 30 days
Missing daysSupply for rxTba claim rx2513, using default of 30 days
Missing daysSupply for rxTba claim rx2514, using default of 30 days
Missing daysSupply for rxTba claim rx2515, using default of 30 days
Missing daysSupply for rxTba claim rx2516, using default of 30 days
Missing daysSupply for rxTba claim rx2517, using default of 30 days
Missing daysSupply for rxTba claim rx2518, using default of 30 days
Missing daysSupply for rxTba claim rx2519, using default of 30 days
Missing daysSupply for rxTba claim rx2520, using default of 30 days
Missing daysSupply for rxTba claim rx2521, using default of 30 days
Missing daysSupply for rxTba claim rx2522, using default of 30 days
Missing daysSupply for rxTba claim rx2523, using default of 30 days
Missing daysSupply for rxTba claim rx2524, using default of 30 days
Missing daysSupply for rxTba claim rx2525, using default of 30 days
Missing daysSupply for rxTba claim rx2526, using default of 30 days
Missing daysSupply for rxTba claim rx2527, using default of 30 days
Missing daysSupply for rxTba claim rx2528, using default of 30 days
Missing daysSupply for rxTba claim rx2529, using default of 30 days
Missing daysSupply for rxTba claim rx2530, using default of 30 days
Missing daysSupply for rxTba claim rx2531, using default of 30 days
Missing daysSupply for rxTba claim rx2532, using default of 30 days
Missing daysSupply for rxTba claim rx2533, using default of 30 days
Missing daysSupply for rxTba claim rx2534, using default of 30 days
Missing daysSupply for rxTba claim rx2535, using default of 30 days
Missing daysSupply for rxTba claim rx2536, using default of 30 days
Missing daysSupply for rxTba claim rx2537, using default of 30 days
Missing daysSupply for rxTba claim rx2538, using default of 30 days
Missing daysSupply for rxTba claim rx2539, using default of 30 days
Missing daysSupply for rxTba claim rx2540, using default of 30 days
Missing daysSupply for rxTba claim rx2541, using default of 30 days
Missing daysSupply for rxTba claim rx2542, using default of 30 days
Missing daysSupply for rxTba claim rx2543, using default of 30 days
Missing daysSupply for rxTba claim rx2544, using default of 30 days
Missing daysSupply for rxTba claim rx2545, using default of 30 days
Missing daysSupply for rxTba claim rx2546, using default of 30 days
Missing daysSupply for rxTba claim rx2547, using default of 30 days
Missing daysSupply for rxTba claim rx2548, using default of 30 days
Missing daysSupply for rxTba claim rx2549, using default of 30 days
Missing daysSupply for rxTba claim rx2550, using default of 30 days
Missing daysSupply for rxTba claim rx2551, using default of 30 days
Missing daysSupply for rxTba claim rx2552, using default of 30 days
Missing daysSupply for rxTba claim rx2553, using default of 30 days
Missing daysSupply for rxTba claim rx2554, using default of 30 days
Missing daysSupply for rxTba claim rx2555, using default of 30 days
Missing daysSupply for rxTba claim rx2556, using default of 30 days
Missing daysSupply for rxTba claim rx2557, using default of 30 days
Missing daysSupply for rxTba claim rx2558, using default of 30 days
Missing daysSupply for rxTba claim rx2559, using default of 30 days
Missing daysSupply for rxTba claim rx2560, using default of 30 days
Missing daysSupply for rxTba claim rx2561, using default of 30 days
Missing daysSupply for rxTba claim rx2562, using default of 30 days
Missing daysSupply for rxTba claim rx2563, using default of 30 days
Missing daysSupply for rxTba claim rx2564, using default of 30 days
Missing daysSupply for rxTba claim rx2565, using default of 30 days
Missing daysSupply for rxTba claim rx2566, using default of 30 days
Missing daysSupply for rxTba claim rx2567, using default of 30 days
Missing daysSupply for rxTba claim rx2568, using default of 30 days
Missing daysSupply for rxTba claim rx2569, using default of 30 days
Missing daysSupply for rxTba claim rx2570, using default of 30 days
Missing daysSupply for rxTba claim rx2571, using default of 30 days
Missing daysSupply for rxTba claim rx2572, using default of 30 days
Missing daysSupply for rxTba claim rx2573, using default of 30 days
Missing daysSupply for rxTba claim rx2574, using default of 30 days
Missing daysSupply for rxTba claim rx2575, using default of 30 days
Missing daysSupply for rxTba claim rx2576, using default of 30 days
Missing daysSupply for rxTba claim rx2577, using default of 30 days
Missing daysSupply for rxTba claim rx2578, using default of 30 days
Missing daysSupply for rxTba claim rx2579, using default of 30 days
Missing daysSupply for rxTba claim rx2580, using default of 30 days
Missing daysSupply for rxTba claim rx2581, using default of 30 days
Missing daysSupply for rxTba claim rx2582, using default of 30 days
Missing daysSupply for rxTba claim rx2583, using default of 30 days
Missing daysSupply for rxTba claim rx2584, using default of 30 days
Missing daysSupply for rxTba claim rx2585, using default of 30 days
Missing daysSupply for rxTba claim rx2586, using default of 30 days
Missing daysSupply for rxTba claim rx2587, using default of 30 days
Missing daysSupply for rxTba claim rx2588, using default of 30 days
Missing daysSupply for rxTba claim rx2589, using default of 30 days
Missing daysSupply for rxTba claim rx2590, using default of 30 days
Missing daysSupply for rxTba claim rx2591, using default of 30 days
Missing daysSupply for rxTba claim rx2592, using default of 30 days
Missing daysSupply for rxTba claim rx2593, using default of 30 days
Missing daysSupply for rxTba claim rx2594, using default of 30 days
Missing daysSupply for rxTba claim rx2595, using default of 30 days
Missing daysSupply for rxTba claim rx2596, using default of 30 days
Missing daysSupply for rxTba claim rx2597, using default of 30 days
Missing daysSupply for rxTba claim rx2598, using default of 30 days
Missing daysSupply for rxTba claim rx2599, using default of 30 days
Missing daysSupply for rxTba claim rx2600, using default of 30 days
Missing daysSupply for rxTba claim rx2601, using default of 30 days
Missing daysSupply for rxTba claim rx2602, using default of 30 days
Missing daysSupply for rxTba claim rx2603, using default of 30 days
Missing daysSupply for rxTba claim rx2604, using default of 30 days
Missing daysSupply for rxTba claim rx2605, using default of 30 days
Missing daysSupply for rxTba claim rx2606, using default of 30 days
Missing daysSupply for rxTba claim rx2607, using default of 30 days
Missing daysSupply for rxTba claim rx2608, using default of 30 days
Missing daysSupply for rxTba claim rx2609, using default of 30 days
Missing daysSupply for rxTba claim rx2610, using default of 30 days
Missing daysSupply for rxTba claim rx2611, using default of 30 days
Missing daysSupply for rxTba claim rx2612, using default of 30 days
Missing daysSupply for rxTba claim rx2613, using default of 30 days
Missing daysSupply for rxTba claim rx2614, using default of 30 days
Missing daysSupply for rxTba claim rx2615, using default of 30 days
Missing daysSupply for rxTba claim rx2616, using default of 30 days
Missing daysSupply for rxTba claim rx2617, using default of 30 days
Missing daysSupply for rxTba claim rx2618, using default of 30 days
Missing daysSupply for rxTba claim rx2619, using default of 30 days
Missing daysSupply for rxTba claim rx2620, using default of 30 days
Missing daysSupply for rxTba claim rx2621, using default of 30 days
Missing daysSupply for rxTba claim rx2622, using default of 30 days
Missing daysSupply for rxTba claim rx2623, using default of 30 days
Missing daysSupply for rxTba claim rx2624, using default of 30 days
Missing daysSupply for rxTba claim rx2625, using default of 30 days
Missing daysSupply for rxTba claim rx2626, using default of 30 days
Missing daysSupply for rxTba claim rx2627, using default of 30 days
Missing daysSupply for rxTba claim rx2628, using default of 30 days
Missing daysSupply for rxTba claim rx2629, using default of 30 days
Missing daysSupply for rxTba claim rx2630, using default of 30 days
Missing daysSupply for rxTba claim rx2631, using default of 30 days
Missing daysSupply for rxTba claim rx2632, using default of 30 days
Missing daysSupply for rxTba claim rx2633, using default of 30 days
Missing daysSupply for rxTba claim rx2634, using default of 30 days
Missing daysSupply for rxTba claim rx2635, using default of 30 days
Missing daysSupply for rxTba claim rx2636, using default of 30 days
Missing daysSupply for rxTba claim rx2637, using default of 30 days
Missing daysSupply for rxTba claim rx2638, using default of 30 days
Missing daysSupply for rxTba claim rx2639, using default of 30 days
Missing daysSupply for rxTba claim rx2640, using default of 30 days
Missing daysSupply for rxTba claim rx2641, using default of 30 days
Missing daysSupply for rxTba claim rx2642, using default of 30 days
Missing daysSupply for rxTba claim rx2643, using default of 30 days
Missing daysSupply for rxTba claim rx2644, using default of 30 days
Missing daysSupply for rxTba claim rx2645, using default of 30 days
Missing daysSupply for rxTba claim rx2646, using default of 30 days
Missing daysSupply for rxTba claim rx2647, using default of 30 days
Missing daysSupply for rxTba claim rx2648, using default of 30 days
Missing daysSupply for rxTba claim rx2649, using default of 30 days
Missing daysSupply for rxTba claim rx2650, using default of 30 days
Missing daysSupply for rxTba claim rx2651, using default of 30 days
Missing daysSupply for rxTba claim rx2652, using default of 30 days
Missing daysSupply for rxTba claim rx2653, using default of 30 days
Missing daysSupply for rxTba claim rx2654, using default of 30 days
Missing daysSupply for rxTba claim rx2655, using default of 30 days
Missing daysSupply for rxTba claim rx2656, using default of 30 days
Missing daysSupply for rxTba claim rx2657, using default of 30 days
Missing daysSupply for rxTba claim rx2658, using default of 30 days
Missing daysSupply for rxTba claim rx2659, using default of 30 days
Missing daysSupply for rxTba claim rx2660, using default of 30 days
Missing daysSupply for rxTba claim rx2661, using default of 30 days
Missing daysSupply for rxTba claim rx2662, using default of 30 days
Missing daysSupply for rxTba claim rx2663, using default of 30 days
Missing daysSupply for rxTba claim rx2664, using default of 30 days
Missing daysSupply for rxTba claim rx2665, using default of 30 days
Missing daysSupply for rxTba claim rx2666, using default of 30 days
Missing daysSupply for rxTba claim rx2667, using default of 30 days
Missing daysSupply for rxTba claim rx2668, using default of 30 days
Missing daysSupply for rxTba claim rx2669, using default of 30 days
Missing daysSupply for rxTba claim rx2670, using default of 30 days
Missing daysSupply for rxTba claim rx2671, using default of 30 days
Missing daysSupply for rxTba claim rx2672, using default of 30 days
Missing daysSupply for rxTba claim rx2673, using default of 30 days
Missing daysSupply for rxTba claim rx2674, using default of 30 days
Missing daysSupply for rxTba claim rx2675, using default of 30 days
Missing daysSupply for rxTba claim rx2676, using default of 30 days
Missing daysSupply for rxTba claim rx2677, using default of 30 days
Missing daysSupply for rxTba claim rx2678, using default of 30 days
Missing daysSupply for rxTba claim rx2679, using default of 30 days
Missing daysSupply for rxTba claim rx2680, using default of 30 days
Missing daysSupply for rxTba claim rx2681, using default of 30 days
Missing daysSupply for rxTba claim rx2682, using default of 30 days
Missing daysSupply for rxTba claim rx2683, using default of 30 days
Missing daysSupply for rxTba claim rx2684, using default of 30 days
Missing daysSupply for rxTba claim rx2685, using default of 30 days
Missing daysSupply for rxTba claim rx2686, using default of 30 days
Missing daysSupply for rxTba claim rx2687, using default of 30 days
Missing daysSupply for rxTba claim rx2688, using default of 30 days
Missing daysSupply for rxTba claim rx2689, using default of 30 days
Missing daysSupply for rxTba claim rx2690, using default of 30 days
Missing daysSupply for rxTba claim rx2691, using default of 30 days
Missing daysSupply for rxTba claim rx2692, using default of 30 days
Missing daysSupply for rxTba claim rx2693, using default of 30 days
Missing daysSupply for rxTba claim rx2694, using default of 30 days
Missing daysSupply for rxTba claim rx2695, using default of 30 days
Missing daysSupply for rxTba claim rx2696, using default of 30 days
Missing daysSupply for rxTba claim rx2697, using default of 30 days
Missing daysSupply for rxTba claim rx2698, using default of 30 days
Missing daysSupply for rxTba claim rx2699, using default of 30 days
Missing daysSupply for rxTba claim rx2700, using default of 30 days
Missing daysSupply for rxTba claim rx2701, using default of 30 days
Missing daysSupply for rxTba claim rx2702, using default of 30 days
Missing daysSupply for rxTba claim rx2703, using default of 30 days
Missing daysSupply for rxTba claim rx2704, using default of 30 days
Missing daysSupply for rxTba claim rx2705, using default of 30 days
Missing daysSupply for rxTba claim rx2706, using default of 30 days
Missing daysSupply for rxTba claim rx2707, using default of 30 days
Missing daysSupply for rxTba claim rx2708, using default of 30 days
Missing daysSupply for rxTba claim rx2709, using default of 30 days
Missing daysSupply for rxTba claim rx2710, using default of 30 days
Missing daysSupply for rxTba claim rx2711, using default of 30 days
Missing daysSupply for rxTba claim rx2712, using default of 30 days
Missing daysSupply for rxTba claim rx2713, using default of 30 days
Missing daysSupply for rxTba claim rx2714, using default of 30 days
Missing daysSupply for rxTba claim rx2715, using default of 30 days
Missing daysSupply for rxTba claim rx2716, using default of 30 days
Missing daysSupply for rxTba claim rx2717, using default of 30 days
Missing daysSupply for rxTba claim rx2718, using default of 30 days
Missing daysSupply for rxTba claim rx2719, using default of 30 days
Missing daysSupply for rxTba claim rx2720, using default of 30 days
Missing daysSupply for rxTba claim rx2721, using default of 30 days
Missing daysSupply for rxTba claim rx2722, using default of 30 days
Missing daysSupply for rxTba claim rx2723, using default of 30 days
Missing daysSupply for rxTba claim rx2724, using default of 30 days
Missing daysSupply for rxTba claim rx2725, using default of 30 days
Missing daysSupply for rxTba claim rx2726, using default of 30 days
Missing daysSupply for rxTba claim rx2727, using default of 30 days
Missing daysSupply for rxTba claim rx2728, using default of 30 days
Missing daysSupply for rxTba claim rx2729, using default of 30 days
Missing daysSupply for rxTba claim rx2730, using default of 30 days
Missing daysSupply for rxTba claim rx2731, using default of 30 days
Missing daysSupply for rxTba claim rx2732, using default of 30 days
Missing daysSupply for rxTba claim rx2733, using default of 30 days
Missing daysSupply for rxTba claim rx2734, using default of 30 days
Missing daysSupply for rxTba claim rx2735, using default of 30 days
Missing daysSupply for rxTba claim rx2736, using default of 30 days
Missing daysSupply for rxTba claim rx2737, using default of 30 days
Missing daysSupply for rxTba claim rx2738, using default of 30 days
Missing daysSupply for rxTba claim rx2739, using default of 30 days
Missing daysSupply for rxTba claim rx2740, using default of 30 days
Missing daysSupply for rxTba claim rx2741, using default of 30 days
Missing daysSupply for rxTba claim rx2742, using default of 30 days
Missing daysSupply for rxTba claim rx2743, using default of 30 days
Missing daysSupply for rxTba claim rx2744, using default of 30 days
Missing daysSupply for rxTba claim rx2745, using default of 30 days
Missing daysSupply for rxTba claim rx2746, using default of 30 days
Missing daysSupply for rxTba claim rx2747, using default of 30 days
Missing daysSupply for rxTba claim rx2748, using default of 30 days
Missing daysSupply for rxTba claim rx2749, using default of 30 days
Missing daysSupply for rxTba claim rx2750, using default of 30 days
Missing daysSupply for rxTba claim rx2751, using default of 30 days
Missing daysSupply for rxTba claim rx2752, using default of 30 days
Missing daysSupply for rxTba claim rx2753, using default of 30 days
Missing daysSupply for rxTba claim rx2754, using default of 30 days
Missing daysSupply for rxTba claim rx2755, using default of 30 days
Missing daysSupply for rxTba claim rx2756, using default of 30 days
Missing daysSupply for rxTba claim rx2757, using default of 30 days
Missing daysSupply for rxTba claim rx2758, using default of 30 days
Missing daysSupply for rxTba claim rx2759, using default of 30 days
Missing daysSupply for rxTba claim rx2760, using default of 30 days
Missing daysSupply for rxTba claim rx2761, using default of 30 days
Missing daysSupply for rxTba claim rx2762, using default of 30 days
Missing daysSupply for rxTba claim rx2763, using default of 30 days
Missing daysSupply for rxTba claim rx2764, using default of 30 days
Missing daysSupply for rxTba claim rx2765, using default of 30 days
Missing daysSupply for rxTba claim rx2766, using default of 30 days
Missing daysSupply for rxTba claim rx2767, using default of 30 days
Missing daysSupply for rxTba claim rx2768, using default of 30 days
Missing daysSupply for rxTba claim rx2769, using default of 30 days
Missing daysSupply for rxTba claim rx2770, using default of 30 days
Missing daysSupply for rxTba claim rx2771, using default of 30 days
Missing daysSupply for rxTba claim rx2772, using default of 30 days
Missing daysSupply for rxTba claim rx2773, using default of 30 days
Missing daysSupply for rxTba claim rx2774, using default of 30 days
Missing daysSupply for rxTba claim rx2775, using default of 30 days
Missing daysSupply for rxTba claim rx2776, using default of 30 days
Missing daysSupply for rxTba claim rx2777, using default of 30 days
Missing daysSupply for rxTba claim rx2778, using default of 30 days
Missing daysSupply for rxTba claim rx2779, using default of 30 days
Missing daysSupply for rxTba claim rx2780, using default of 30 days
Missing daysSupply for rxTba claim rx2781, using default of 30 days
Missing daysSupply for rxTba claim rx2782, using default of 30 days
Missing daysSupply for rxTba claim rx2783, using default of 30 days
Missing daysSupply for rxTba claim rx2784, using default of 30 days
Missing daysSupply for rxTba claim rx2785, using default of 30 days
Missing daysSupply for rxTba claim rx2786, using default of 30 days
Missing daysSupply for rxTba claim rx2787, using default of 30 days
Missing daysSupply for rxTba claim rx2788, using default of 30 days
Missing daysSupply for rxTba claim rx2789, using default of 30 days
Missing daysSupply for rxTba claim rx2790, using default of 30 days
Missing daysSupply for rxTba claim rx2791, using default of 30 days
Missing daysSupply for rxTba claim rx2792, using default of 30 days
Missing daysSupply for rxTba claim rx2793, using default of 30 days
Missing daysSupply for rxTba claim rx2794, using default of 30 days
Missing daysSupply for rxTba claim rx2795, using default of 30 days
Missing daysSupply for rxTba claim rx2796, using default of 30 days
Missing daysSupply for rxTba claim rx2797, using default of 30 days
Missing daysSupply for rxTba claim rx2798, using default of 30 days
Missing daysSupply for rxTba claim rx2799, using default of 30 days
Missing daysSupply for rxTba claim rx2800, using default of 30 days
Missing daysSupply for rxTba claim rx2801, using default of 30 days
Missing daysSupply for rxTba claim rx2802, using default of 30 days
Missing daysSupply for rxTba claim rx2803, using default of 30 days
Missing daysSupply for rxTba claim rx2804, using default of 30 days
Missing daysSupply for rxTba claim rx2805, using default of 30 days
Missing daysSupply for rxTba claim rx2806, using default of 30 days
Missing daysSupply for rxTba claim rx2807, using default of 30 days
Missing daysSupply for rxTba claim rx2808, using default of 30 days
Missing daysSupply for rxTba claim rx2809, using default of 30 days
Missing daysSupply for rxTba claim rx2810, using default of 30 days
Missing daysSupply for rxTba claim rx2811, using default of 30 days
Missing daysSupply for rxTba claim rx2812, using default of 30 days
Missing daysSupply for rxTba claim rx2813, using default of 30 days
Missing daysSupply for rxTba claim rx2814, using default of 30 days
Missing daysSupply for rxTba claim rx2815, using default of 30 days
Missing daysSupply for rxTba claim rx2816, using default of 30 days
Missing daysSupply for rxTba claim rx2817, using default of 30 days
Missing daysSupply for rxTba claim rx2818, using default of 30 days
Missing daysSupply for rxTba claim rx2819, using default of 30 days
Missing daysSupply for rxTba claim rx2820, using default of 30 days
Missing daysSupply for rxTba claim rx2821, using default of 30 days
Missing daysSupply for rxTba claim rx2822, using default of 30 days
Missing daysSupply for rxTba claim rx2823, using default of 30 days
Missing daysSupply for rxTba claim rx2824, using default of 30 days
Missing daysSupply for rxTba claim rx2825, using default of 30 days
Missing daysSupply for rxTba claim rx2826, using default of 30 days
Missing daysSupply for rxTba claim rx2827, using default of 30 days
Missing daysSupply for rxTba claim rx2828, using default of 30 days
Missing daysSupply for rxTba claim rx2829, using default of 30 days
Missing daysSupply for rxTba claim rx2830, using default of 30 days
Missing daysSupply for rxTba claim rx2831, using default of 30 days
Missing daysSupply for rxTba claim rx2832, using default of 30 days
Missing daysSupply for rxTba claim rx2833, using default of 30 days
Missing daysSupply for rxTba claim rx2834, using default of 30 days
Missing daysSupply for rxTba claim rx2835, using default of 30 days
Missing daysSupply for rxTba claim rx2836, using default of 30 days
Missing daysSupply for rxTba claim rx2837, using default of 30 days
Missing daysSupply for rxTba claim rx2838, using default of 30 days
Missing daysSupply for rxTba claim rx2839, using default of 30 days
Missing daysSupply for rxTba claim rx2840, using default of 30 days
Missing daysSupply for rxTba claim rx2841, using default of 30 days
Missing daysSupply for rxTba claim rx2842, using default of 30 days
Missing daysSupply for rxTba claim rx2843, using default of 30 days
Missing daysSupply for rxTba claim rx2844, using default of 30 days
Missing daysSupply for rxTba claim rx2845, using default of 30 days
Missing daysSupply for rxTba claim rx2846, using default of 30 days
Missing daysSupply for rxTba claim rx2847, using default of 30 days
Missing daysSupply for rxTba claim rx2848, using default of 30 days
Missing daysSupply for rxTba claim rx2849, using default of 30 days
Missing daysSupply for rxTba claim rx2850, using default of 30 days
Missing daysSupply for rxTba claim rx2851, using default of 30 days
Missing daysSupply for rxTba claim rx2852, using default of 30 days
Missing daysSupply for rxTba claim rx2853, using default of 30 days
Missing daysSupply for rxTba claim rx2854, using default of 30 days
Missing daysSupply for rxTba claim rx2855, using default of 30 days
Missing daysSupply for rxTba claim rx2856, using default of 30 days
Missing daysSupply for rxTba claim rx2857, using default of 30 days
Missing daysSupply for rxTba claim rx2858, using default of 30 days
Missing daysSupply for rxTba claim rx2859, using default of 30 days
Missing daysSupply for rxTba claim rx2860, using default of 30 days
Missing daysSupply for rxTba claim rx2861, using default of 30 days
Missing daysSupply for rxTba claim rx2862, using default of 30 days
Missing daysSupply for rxTba claim rx2863, using default of 30 days
Missing daysSupply for rxTba claim rx2864, using default of 30 days
Missing daysSupply for rxTba claim rx2865, using default of 30 days
Missing daysSupply for rxTba claim rx2866, using default of 30 days
Missing daysSupply for rxTba claim rx2867, using default of 30 days
Missing daysSupply for rxTba claim rx2868, using default of 30 days
Missing daysSupply for rxTba claim rx2869, using default of 30 days
Missing daysSupply for rxTba claim rx2870, using default of 30 days
Missing daysSupply for rxTba claim rx2871, using default of 30 days
Missing daysSupply for rxTba claim rx2872, using default of 30 days
Missing daysSupply for rxTba claim rx2873, using default of 30 days
Missing daysSupply for rxTba claim rx2874, using default of 30 days
Missing daysSupply for rxTba claim rx2875, using default of 30 days
Missing daysSupply for rxTba claim rx2876, using default of 30 days
Missing daysSupply for rxTba claim rx2877, using default of 30 days
Missing daysSupply for rxTba claim rx2878, using default of 30 days
Missing daysSupply for rxTba claim rx2879, using default of 30 days
Missing daysSupply for rxTba claim rx2880, using default of 30 days
Missing daysSupply for rxTba claim rx2881, using default of 30 days
Missing daysSupply for rxTba claim rx2882, using default of 30 days
Missing daysSupply for rxTba claim rx2883, using default of 30 days
Missing daysSupply for rxTba claim rx2884, using default of 30 days
Missing daysSupply for rxTba claim rx2885, using default of 30 days
Missing daysSupply for rxTba claim rx2886, using default of 30 days
Missing daysSupply for rxTba claim rx2887, using default of 30 days
Missing daysSupply for rxTba claim rx2888, using default of 30 days
Missing daysSupply for rxTba claim rx2889, using default of 30 days
Missing daysSupply for rxTba claim rx2890, using default of 30 days
Missing daysSupply for rxTba claim rx2891, using default of 30 days
Missing daysSupply for rxTba claim rx2892, using default of 30 days
Missing daysSupply for rxTba claim rx2893, using default of 30 days
Missing daysSupply for rxTba claim rx2894, using default of 30 days
Missing daysSupply for rxTba claim rx2895, using default of 30 days
Missing daysSupply for rxTba claim rx2896, using default of 30 days
Missing daysSupply for rxTba claim rx2897, using default of 30 days
Missing daysSupply for rxTba claim rx2898, using default of 30 days
Missing daysSupply for rxTba claim rx2899, using default of 30 days
Missing daysSupply for rxTba claim rx2900, using default of 30 days
Missing daysSupply for rxTba claim rx2901, using default of 30 days
Missing daysSupply for rxTba claim rx2902, using default of 30 days
Missing daysSupply for rxTba claim rx2903, using default of 30 days
Missing daysSupply for rxTba claim rx2904, using default of 30 days
Missing daysSupply for rxTba claim rx2905, using default of 30 days
Missing daysSupply for rxTba claim rx2906, using default of 30 days
Missing daysSupply for rxTba claim rx2907, using default of 30 days
Missing daysSupply for rxTba claim rx2908, using default of 30 days
Missing daysSupply for rxTba claim rx2909, using default of 30 days
Missing daysSupply for rxTba claim rx2910, using default of 30 days
Missing daysSupply for rxTba claim rx2911, using default of 30 days
Missing daysSupply for rxTba claim rx2912, using default of 30 days
Missing daysSupply for rxTba claim rx2913, using default of 30 days
Missing daysSupply for rxTba claim rx2914, using default of 30 days
Missing daysSupply for rxTba claim rx2915, using default of 30 days
Missing daysSupply for rxTba claim rx2916, using default of 30 days
Missing daysSupply for rxTba claim rx2917, using default of 30 days
Missing daysSupply for rxTba claim rx2918, using default of 30 days
Missing daysSupply for rxTba claim rx2919, using default of 30 days
Missing daysSupply for rxTba claim rx2920, using default of 30 days
Missing daysSupply for rxTba claim rx2921, using default of 30 days
Missing daysSupply for rxTba claim rx2922, using default of 30 days
Missing daysSupply for rxTba claim rx2923, using default of 30 days
Missing daysSupply for rxTba claim rx2924, using default of 30 days
Missing daysSupply for rxTba claim rx2925, using default of 30 days
Missing daysSupply for rxTba claim rx2926, using default of 30 days
Missing daysSupply for rxTba claim rx2927, using default of 30 days
Missing daysSupply for rxTba claim rx2928, using default of 30 days
Missing daysSupply for rxTba claim rx2929, using default of 30 days
Missing daysSupply for rxTba claim rx2930, using default of 30 days
Missing daysSupply for rxTba claim rx2931, using default of 30 days
Missing daysSupply for rxTba claim rx2932, using default of 30 days
Missing daysSupply for rxTba claim rx2933, using default of 30 days
Missing daysSupply for rxTba claim rx2934, using default of 30 days
Missing daysSupply for rxTba claim rx2935, using default of 30 days
Missing daysSupply for rxTba claim rx2936, using default of 30 days
Missing daysSupply for rxTba claim rx2937, using default of 30 days
Missing daysSupply for rxTba claim rx2938, using default of 30 days
Missing daysSupply for rxTba claim rx2939, using default of 30 days
Missing daysSupply for rxTba claim rx2940, using default of 30 days
Missing daysSupply for rxTba claim rx2941, using default of 30 days
Missing daysSupply for rxTba claim rx2942, using default of 30 days
Missing daysSupply for rxTba claim rx2943, using default of 30 days
Missing daysSupply for rxTba claim rx2944, using default of 30 days
Missing daysSupply for rxTba claim rx2945, using default of 30 days
Missing daysSupply for rxTba claim rx2946, using default of 30 days
Missing daysSupply for rxTba claim rx2947, using default of 30 days
Missing daysSupply for rxTba claim rx2948, using default of 30 days
Missing daysSupply for rxTba claim rx2949, using default of 30 days
Missing daysSupply for rxTba claim rx2950, using default of 30 days
Missing daysSupply for rxTba claim rx2951, using default of 30 days
Missing daysSupply for rxTba claim rx2952, using default of 30 days
Missing daysSupply for rxTba claim rx2953, using default of 30 days
Missing daysSupply for rxTba claim rx2954, using default of 30 days
Missing daysSupply for rxTba claim rx2955, using default of 30 days
Missing daysSupply for rxTba claim rx2956, using default of 30 days
Missing daysSupply for rxTba claim rx2957, using default of 30 days
Missing daysSupply for rxTba claim rx2958, using default of 30 days
Missing daysSupply for rxTba claim rx2959, using default of 30 days
Missing daysSupply for rxTba claim rx2960, using default of 30 days
Missing daysSupply for rxTba claim rx2961, using default of 30 days
Missing daysSupply for rxTba claim rx2962, using default of 30 days
Missing daysSupply for rxTba claim rx2963, using default of 30 days
Missing daysSupply for rxTba claim rx2964, using default of 30 days
Missing daysSupply for rxTba claim rx2965, using default of 30 days
Missing daysSupply for rxTba claim rx2966, using default of 30 days
Missing daysSupply for rxTba claim rx2967, using default of 30 days
Missing daysSupply for rxTba claim rx2968, using default of 30 days
Missing daysSupply for rxTba claim rx2969, using default of 30 days
Missing daysSupply for rxTba claim rx2970, using default of 30 days
Missing daysSupply for rxTba claim rx2971, using default of 30 days
Missing daysSupply for rxTba claim rx2972, using default of 30 days
Missing daysSupply for rxTba claim rx2973, using default of 30 days
Missing daysSupply for rxTba claim rx2974, using default of 30 days
Missing daysSupply for rxTba claim rx2975, using default of 30 days
Missing daysSupply for rxTba claim rx2976, using default of 30 days
Missing daysSupply for rxTba claim rx2977, using default of 30 days
Missing daysSupply for rxTba claim rx2978, using default of 30 days
Missing daysSupply for rxTba claim rx2979, using default of 30 days
Missing daysSupply for rxTba claim rx2980, using default of 30 days
Missing daysSupply for rxTba claim rx2981, using default of 30 days
Missing daysSupply for rxTba claim rx2982, using default of 30 days
Missing daysSupply for rxTba claim rx2983, using default of 30 days
Missing daysSupply for rxTba claim rx2984, using default of 30 days
Missing daysSupply for rxTba claim rx2985, using default of 30 days
Missing daysSupply for rxTba claim rx2986, using default of 30 days
Missing daysSupply for rxTba claim rx2987, using default of 30 days
Missing daysSupply for rxTba claim rx2988, using default of 30 days
Missing daysSupply for rxTba claim rx2989, using default of 30 days
Missing daysSupply for rxTba claim rx2990, using default of 30 days
Missing daysSupply for rxTba claim rx2991, using default of 30 days
Missing daysSupply for rxTba claim rx2992, using default of 30 days
Missing daysSupply for rxTba claim rx2993, using default of 30 days
Missing daysSupply for rxTba claim rx2994, using default of 30 days
Missing daysSupply for rxTba claim rx2995, using default of 30 days
Missing daysSupply for rxTba claim rx2996, using default of 30 days
Missing daysSupply for rxTba claim rx2997, using default of 30 days
Missing daysSupply for rxTba claim rx2998, using default of 30 days
Missing daysSupply for rxTba claim rx2999, using default of 30 days
Missing daysSupply for rxTba claim rx3000, using default of 30 days
Missing daysSupply for rxTba claim rx3001, using default of 30 days
Missing daysSupply for rxTba claim rx3002, using default of 30 days
Missing daysSupply for rxTba claim rx3003, using default of 30 days
Missing daysSupply for rxTba claim rx3004, using default of 30 days
Missing daysSupply for rxTba claim rx3005, using default of 30 days
Missing daysSupply for rxTba claim rx3006, using default of 30 days
Missing daysSupply for rxTba claim rx3007, using default of 30 days
Missing daysSupply for rxTba claim rx3008, using default of 30 days
Missing daysSupply for rxTba claim rx3009, using default of 30 days
Missing daysSupply for rxTba claim rx3010, using default of 30 days
Missing daysSupply for rxTba claim rx3011, using default of 30 days
Missing daysSupply for rxTba claim rx3012, using default of 30 days
Missing daysSupply for rxTba claim rx3013, using default of 30 days
Missing daysSupply for rxTba claim rx3014, using default of 30 days
Missing daysSupply for rxTba claim rx3015, using default of 30 days
Missing daysSupply for rxTba claim rx3016, using default of 30 days
Missing daysSupply for rxTba claim rx3017, using default of 30 days
Missing daysSupply for rxTba claim rx3018, using default of 30 days
Missing daysSupply for rxTba claim rx3019, using default of 30 days
Missing daysSupply for rxTba claim rx3020, using default of 30 days
Missing daysSupply for rxTba claim rx3021, using default of 30 days
Missing daysSupply for rxTba claim rx3022, using default of 30 days
Missing daysSupply for rxTba claim rx3023, using default of 30 days
Missing daysSupply for rxTba claim rx3024, using default of 30 days
Missing daysSupply for rxTba claim rx3025, using default of 30 days
Missing daysSupply for rxTba claim rx3026, using default of 30 days
Missing daysSupply for rxTba claim rx3027, using default of 30 days
Missing daysSupply for rxTba claim rx3028, using default of 30 days
Missing daysSupply for rxTba claim rx3029, using default of 30 days
Missing daysSupply for rxTba claim rx3030, using default of 30 days
Missing daysSupply for rxTba claim rx3031, using default of 30 days
Missing daysSupply for rxTba claim rx3032, using default of 30 days
Missing daysSupply for rxTba claim rx3033, using default of 30 days
Missing daysSupply for rxTba claim rx3034, using default of 30 days
Missing daysSupply for rxTba claim rx3035, using default of 30 days
Missing daysSupply for rxTba claim rx3036, using default of 30 days
Missing daysSupply for rxTba claim rx3037, using default of 30 days
Missing daysSupply for rxTba claim rx3038, using default of 30 days
Missing daysSupply for rxTba claim rx3039, using default of 30 days
Missing daysSupply for rxTba claim rx3040, using default of 30 days
Missing daysSupply for rxTba claim rx3041, using default of 30 days
Missing daysSupply for rxTba claim rx3042, using default of 30 days
Missing daysSupply for rxTba claim rx3043, using default of 30 days
Missing daysSupply for rxTba claim rx3044, using default of 30 days
Missing daysSupply for rxTba claim rx3045, using default of 30 days
Missing daysSupply for rxTba claim rx3046, using default of 30 days
Missing daysSupply for rxTba claim rx3047, using default of 30 days
Missing daysSupply for rxTba claim rx3048, using default of 30 days
Missing daysSupply for rxTba claim rx3049, using default of 30 days
Missing daysSupply for rxTba claim rx3050, using default of 30 days
Missing daysSupply for rxTba claim rx3051, using default of 30 days
Missing daysSupply for rxTba claim rx3052, using default of 30 days
Missing daysSupply for rxTba claim rx3053, using default of 30 days
Missing daysSupply for rxTba claim rx3054, using default of 30 days
Missing daysSupply for rxTba claim rx3055, using default of 30 days
Missing daysSupply for rxTba claim rx3056, using default of 30 days
Missing daysSupply for rxTba claim rx3057, using default of 30 days
Missing daysSupply for rxTba claim rx3058, using default of 30 days
Missing daysSupply for rxTba claim rx3059, using default of 30 days
Missing daysSupply for rxTba claim rx3060, using default of 30 days
Missing daysSupply for rxTba claim rx3061, using default of 30 days
Missing daysSupply for rxTba claim rx3062, using default of 30 days
Missing daysSupply for rxTba claim rx3063, using default of 30 days
Missing daysSupply for rxTba claim rx3064, using default of 30 days
Missing daysSupply for rxTba claim rx3065, using default of 30 days
Missing daysSupply for rxTba claim rx3066, using default of 30 days
Missing daysSupply for rxTba claim rx3067, using default of 30 days
Missing daysSupply for rxTba claim rx3068, using default of 30 days
Missing daysSupply for rxTba claim rx3069, using default of 30 days
Missing daysSupply for rxTba claim rx3070, using default of 30 days
Missing daysSupply for rxTba claim rx3071, using default of 30 days
Missing daysSupply for rxTba claim rx3072, using default of 30 days
Missing daysSupply for rxTba claim rx3073, using default of 30 days
Missing daysSupply for rxTba claim rx3074, using default of 30 days
Missing daysSupply for rxTba claim rx3075, using default of 30 days
Missing daysSupply for rxTba claim rx3076, using default of 30 days
Missing daysSupply for rxTba claim rx3077, using default of 30 days
Missing daysSupply for rxTba claim rx3078, using default of 30 days
Missing daysSupply for rxTba claim rx3079, using default of 30 days
Missing daysSupply for rxTba claim rx3080, using default of 30 days
Missing daysSupply for rxTba claim rx3081, using default of 30 days
Missing daysSupply for rxTba claim rx3082, using default of 30 days
Missing daysSupply for rxTba claim rx3083, using default of 30 days
Missing daysSupply for rxTba claim rx3084, using default of 30 days
Missing daysSupply for rxTba claim rx3085, using default of 30 days
Missing daysSupply for rxTba claim rx3086, using default of 30 days
Missing daysSupply for rxTba claim rx3087, using default of 30 days
Missing daysSupply for rxTba claim rx3088, using default of 30 days
Missing daysSupply for rxTba claim rx3089, using default of 30 days
Missing daysSupply for rxTba claim rx3090, using default of 30 days
Missing daysSupply for rxTba claim rx3091, using default of 30 days
Missing daysSupply for rxTba claim rx3092, using default of 30 days
Missing daysSupply for rxTba claim rx3093, using default of 30 days
Missing daysSupply for rxTba claim rx3094, using default of 30 days
Missing daysSupply for rxTba claim rx3095, using default of 30 days
Missing daysSupply for rxTba claim rx3096, using default of 30 days
Missing daysSupply for rxTba claim rx3097, using default of 30 days
Missing daysSupply for rxTba claim rx3098, using default of 30 days
Missing daysSupply for rxTba claim rx3099, using default of 30 days
Missing daysSupply for rxTba claim rx3100, using default of 30 days
Missing daysSupply for rxTba claim rx3101, using default of 30 days
Missing daysSupply for rxTba claim rx3102, using default of 30 days
Missing daysSupply for rxTba claim rx3103, using default of 30 days
Missing daysSupply for rxTba claim rx3104, using default of 30 days
Missing daysSupply for rxTba claim rx3105, using default of 30 days
Missing daysSupply for rxTba claim rx3106, using default of 30 days
Missing daysSupply for rxTba claim rx3107, using default of 30 days
Missing daysSupply for rxTba claim rx3108, using default of 30 days
Missing daysSupply for rxTba claim rx3109, using default of 30 days
Missing daysSupply for rxTba claim rx3110, using default of 30 days
Missing daysSupply for rxTba claim rx3111, using default of 30 days
Missing daysSupply for rxTba claim rx3112, using default of 30 days
Missing daysSupply for rxTba claim rx3113, using default of 30 days
Missing daysSupply for rxTba claim rx3114, using default of 30 days
Missing daysSupply for rxTba claim rx3115, using default of 30 days
Missing daysSupply for rxTba claim rx3116, using default of 30 days
Missing daysSupply for rxTba claim rx3117, using default of 30 days
Missing daysSupply for rxTba claim rx3118, using default of 30 days
Missing daysSupply for rxTba claim rx3119, using default of 30 days
Missing daysSupply for rxTba claim rx3120, using default of 30 days
Missing daysSupply for rxTba claim rx3121, using default of 30 days
Missing daysSupply for rxTba claim rx3122, using default of 30 days
Missing daysSupply for rxTba claim rx3123, using default of 30 days
Missing daysSupply for rxTba claim rx3124, using default of 30 days
Missing daysSupply for rxTba claim rx3125, using default of 30 days
Missing daysSupply for rxTba claim rx3126, using default of 30 days
Missing daysSupply for rxTba claim rx3127, using default of 30 days
Missing daysSupply for rxTba claim rx3128, using default of 30 days
Missing daysSupply for rxTba claim rx3129, using default of 30 days
Missing daysSupply for rxTba claim rx3130, using default of 30 days
Missing daysSupply for rxTba claim rx3131, using default of 30 days
Missing daysSupply for rxTba claim rx3132, using default of 30 days
Missing daysSupply for rxTba claim rx3133, using default of 30 days
Missing daysSupply for rxTba claim rx3134, using default of 30 days
Missing daysSupply for rxTba claim rx3135, using default of 30 days
Missing daysSupply for rxTba claim rx3136, using default of 30 days
Missing daysSupply for rxTba claim rx3137, using default of 30 days
Missing daysSupply for rxTba claim rx3138, using default of 30 days
Missing daysSupply for rxTba claim rx3139, using default of 30 days
Missing daysSupply for rxTba claim rx3140, using default of 30 days
Missing daysSupply for rxTba claim rx3141, using default of 30 days
Missing daysSupply for rxTba claim rx3142, using default of 30 days
Missing daysSupply for rxTba claim rx3143, using default of 30 days
Missing daysSupply for rxTba claim rx3144, using default of 30 days
Missing daysSupply for rxTba claim rx3145, using default of 30 days
Missing daysSupply for rxTba claim rx3146, using default of 30 days
Missing daysSupply for rxTba claim rx3147, using default of 30 days
Missing daysSupply for rxTba claim rx3148, using default of 30 days
Missing daysSupply for rxTba claim rx3149, using default of 30 days
Missing daysSupply for rxTba claim rx3150, using default of 30 days
Missing daysSupply for rxTba claim rx3151, using default of 30 days
Missing daysSupply for rxTba claim rx3152, using default of 30 days
Missing daysSupply for rxTba claim rx3153, using default of 30 days
Missing daysSupply for rxTba claim rx3154, using default of 30 days
Missing daysSupply for rxTba claim rx3155, using default of 30 days
Missing daysSupply for rxTba claim rx3156, using default of 30 days
Missing daysSupply for rxTba claim rx3157, using default of 30 days
Missing daysSupply for rxTba claim rx3158, using default of 30 days
Missing daysSupply for rxTba claim rx3159, using default of 30 days
Missing daysSupply for rxTba claim rx3160, using default of 30 days
Missing daysSupply for rxTba claim rx3161, using default of 30 days
Missing daysSupply for rxTba claim rx3162, using default of 30 days
Missing daysSupply for rxTba claim rx3163, using default of 30 days
Missing daysSupply for rxTba claim rx3164, using default of 30 days
Missing daysSupply for rxTba claim rx3165, using default of 30 days
Missing daysSupply for rxTba claim rx3166, using default of 30 days
Missing daysSupply for rxTba claim rx3167, using default of 30 days
Missing daysSupply for rxTba claim rx3168, using default of 30 days
Missing daysSupply for rxTba claim rx3169, using default of 30 days
Missing daysSupply for rxTba claim rx3170, using default of 30 days
Missing daysSupply for rxTba claim rx3171, using default of 30 days
Missing daysSupply for rxTba claim rx3172, using default of 30 days
Missing daysSupply for rxTba claim rx3173, using default of 30 days
Missing daysSupply for rxTba claim rx3174, using default of 30 days
Missing daysSupply for rxTba claim rx3175, using default of 30 days
Missing daysSupply for rxTba claim rx3176, using default of 30 days
Missing daysSupply for rxTba claim rx3177, using default of 30 days
Missing daysSupply for rxTba claim rx3178, using default of 30 days
Missing daysSupply for rxTba claim rx3179, using default of 30 days
Missing daysSupply for rxTba claim rx3180, using default of 30 days
Missing daysSupply for rxTba claim rx3181, using default of 30 days
Missing daysSupply for rxTba claim rx3182, using default of 30 days
Missing daysSupply for rxTba claim rx3183, using default of 30 days
Missing daysSupply for rxTba claim rx3184, using default of 30 days
Missing daysSupply for rxTba claim rx3185, using default of 30 days
Missing daysSupply for rxTba claim rx3186, using default of 30 days
Missing daysSupply for rxTba claim rx3187, using default of 30 days
Missing daysSupply for rxTba claim rx3188, using default of 30 days
Missing daysSupply for rxTba claim rx3189, using default of 30 days
Missing daysSupply for rxTba claim rx3190, using default of 30 days
Missing daysSupply for rxTba claim rx3191, using default of 30 days
Missing daysSupply for rxTba claim rx3192, using default of 30 days
Missing daysSupply for rxTba claim rx3193, using default of 30 days
Missing daysSupply for rxTba claim rx3194, using default of 30 days
Missing daysSupply for rxTba claim rx3195, using default of 30 days
Missing daysSupply for rxTba claim rx3196, using default of 30 days
Missing daysSupply for rxTba claim rx3197, using default of 30 days
Missing daysSupply for rxTba claim rx3198, using default of 30 days
Missing daysSupply for rxTba claim rx3199, using default of 30 days
Missing daysSupply for rxTba claim rx3200, using default of 30 days
Missing daysSupply for rxTba claim rx3201, using default of 30 days
Missing daysSupply for rxTba claim rx3202, using default of 30 days
Missing daysSupply for rxTba claim rx3203, using default of 30 days
Missing daysSupply for rxTba claim rx3204, using default of 30 days
Missing daysSupply for rxTba claim rx3205, using default of 30 days
Missing daysSupply for rxTba claim rx3206, using default of 30 days
Missing daysSupply for rxTba claim rx3207, using default of 30 days
Missing daysSupply for rxTba claim rx3208, using default of 30 days
Missing daysSupply for rxTba claim rx3209, using default of 30 days
Missing daysSupply for rxTba claim rx3210, using default of 30 days
Missing daysSupply for rxTba claim rx3211, using default of 30 days
Missing daysSupply for rxTba claim rx3212, using default of 30 days
Missing daysSupply for rxTba claim rx3213, using default of 30 days
Missing daysSupply for rxTba claim rx3214, using default of 30 days
Missing daysSupply for rxTba claim rx3215, using default of 30 days
Missing daysSupply for rxTba claim rx3216, using default of 30 days
Missing daysSupply for rxTba claim rx3217, using default of 30 days
Missing daysSupply for rxTba claim rx3218, using default of 30 days
Missing daysSupply for rxTba claim rx3219, using default of 30 days
Missing daysSupply for rxTba claim rx3220, using default of 30 days
Missing daysSupply for rxTba claim rx3221, using default of 30 days
Missing daysSupply for rxTba claim rx3222, using default of 30 days
Missing daysSupply for rxTba claim rx3223, using default of 30 days
Missing daysSupply for rxTba claim rx3224, using default of 30 days
Missing daysSupply for rxTba claim rx3225, using default of 30 days
Missing daysSupply for rxTba claim rx3226, using default of 30 days
Missing daysSupply for rxTba claim rx3227, using default of 30 days
Missing daysSupply for rxTba claim rx3228, using default of 30 days
Missing daysSupply for rxTba claim rx3229, using default of 30 days
Missing daysSupply for rxTba claim rx3230, using default of 30 days
Missing daysSupply for rxTba claim rx3231, using default of 30 days
Missing daysSupply for rxTba claim rx3232, using default of 30 days
Missing daysSupply for rxTba claim rx3233, using default of 30 days
Missing daysSupply for rxTba claim rx3234, using default of 30 days
Missing daysSupply for rxTba claim rx3235, using default of 30 days
Missing daysSupply for rxTba claim rx3236, using default of 30 days
Missing daysSupply for rxTba claim rx3237, using default of 30 days
Missing daysSupply for rxTba claim rx3238, using default of 30 days
Missing daysSupply for rxTba claim rx3239, using default of 30 days
Missing daysSupply for rxTba claim rx3240, using default of 30 days
Missing daysSupply for rxTba claim rx3241, using default of 30 days
Missing daysSupply for rxTba claim rx3242, using default of 30 days
Missing daysSupply for rxTba claim rx3243, using default of 30 days
Missing daysSupply for rxTba claim rx3244, using default of 30 days
Missing daysSupply for rxTba claim rx3245, using default of 30 days
Missing daysSupply for rxTba claim rx3246, using default of 30 days
Missing daysSupply for rxTba claim rx3247, using default of 30 days
Missing daysSupply for rxTba claim rx3248, using default of 30 days
Missing daysSupply for rxTba claim rx3249, using default of 30 days
Missing daysSupply for rxTba claim rx3250, using default of 30 days
Missing daysSupply for rxTba claim rx3251, using default of 30 days
Missing daysSupply for rxTba claim rx3252, using default of 30 days
Missing daysSupply for rxTba claim rx3253, using default of 30 days
Missing daysSupply for rxTba claim rx3254, using default of 30 days
Missing daysSupply for rxTba claim rx3255, using default of 30 days
Missing daysSupply for rxTba claim rx3256, using default of 30 days
Missing daysSupply for rxTba claim rx3257, using default of 30 days
Missing daysSupply for rxTba claim rx3258, using default of 30 days
Missing daysSupply for rxTba claim rx3259, using default of 30 days
Missing daysSupply for rxTba claim rx3260, using default of 30 days
Missing daysSupply for rxTba claim rx3261, using default of 30 days
Missing daysSupply for rxTba claim rx3262, using default of 30 days
Missing daysSupply for rxTba claim rx3263, using default of 30 days
Missing daysSupply for rxTba claim rx3264, using default of 30 days
Missing daysSupply for rxTba claim rx3265, using default of 30 days
Missing daysSupply for rxTba claim rx3266, using default of 30 days
Missing daysSupply for rxTba claim rx3267, using default of 30 days
Missing daysSupply for rxTba claim rx3268, using default of 30 days
Missing daysSupply for rxTba claim rx3269, using default of 30 days
Missing daysSupply for rxTba claim rx3270, using default of 30 days
Missing daysSupply for rxTba claim rx3271, using default of 30 days
Missing daysSupply for rxTba claim rx3272, using default of 30 days
Missing daysSupply for rxTba claim rx3273, using default of 30 days
Missing daysSupply for rxTba claim rx3274, using default of 30 days
Missing daysSupply for rxTba claim rx3275, using default of 30 days
Missing daysSupply for rxTba claim rx3276, using default of 30 days
Missing daysSupply for rxTba claim rx3277, using default of 30 days
Missing daysSupply for rxTba claim rx3278, using default of 30 days
Missing daysSupply for rxTba claim rx3279, using default of 30 days
Missing daysSupply for rxTba claim rx3280, using default of 30 days
Missing daysSupply for rxTba claim rx3281, using default of 30 days
Missing daysSupply for rxTba claim rx3282, using default of 30 days
Missing daysSupply for rxTba claim rx3283, using default of 30 days
Missing daysSupply for rxTba claim rx3284, using default of 30 days
Missing daysSupply for rxTba claim rx3285, using default of 30 days
Missing daysSupply for rxTba claim rx3286, using default of 30 days
Missing daysSupply for rxTba claim rx3287, using default of 30 days
Missing daysSupply for rxTba claim rx3288, using default of 30 days
Missing daysSupply for rxTba claim rx3289, using default of 30 days
Missing daysSupply for rxTba claim rx3290, using default of 30 days
Missing daysSupply for rxTba claim rx3291, using default of 30 days
Missing daysSupply for rxTba claim rx3292, using default of 30 days
Missing daysSupply for rxTba claim rx3293, using default of 30 days
Missing daysSupply for rxTba claim rx3294, using default of 30 days
Missing daysSupply for rxTba claim rx3295, using default of 30 days
Missing daysSupply for rxTba claim rx3296, using default of 30 days
Missing daysSupply for rxTba claim rx3297, using default of 30 days
Missing daysSupply for rxTba claim rx3298, using default of 30 days
Missing daysSupply for rxTba claim rx3299, using default of 30 days
Missing daysSupply for rxTba claim rx3300, using default of 30 days
Missing daysSupply for rxTba claim rx3301, using default of 30 days
Missing daysSupply for rxTba claim rx3302, using default of 30 days
Missing daysSupply for rxTba claim rx3303, using default of 30 days
Missing daysSupply for rxTba claim rx3304, using default of 30 days
Missing daysSupply for rxTba claim rx3305, using default of 30 days
Missing daysSupply for rxTba claim rx3306, using default of 30 days
Missing daysSupply for rxTba claim rx3307, using default of 30 days
Missing daysSupply for rxTba claim rx3308, using default of 30 days
Missing daysSupply for rxTba claim rx3309, using default of 30 days
Missing daysSupply for rxTba claim rx3310, using default of 30 days
Missing daysSupply for rxTba claim rx3311, using default of 30 days
Missing daysSupply for rxTba claim rx3312, using default of 30 days
Missing daysSupply for rxTba claim rx3313, using default of 30 days
Missing daysSupply for rxTba claim rx3314, using default of 30 days
Missing daysSupply for rxTba claim rx3315, using default of 30 days
Missing daysSupply for rxTba claim rx3316, using default of 30 days
Missing daysSupply for rxTba claim rx3317, using default of 30 days
Missing daysSupply for rxTba claim rx3318, using default of 30 days
Missing daysSupply for rxTba claim rx3319, using default of 30 days
Missing daysSupply for rxTba claim rx3320, using default of 30 days
Missing daysSupply for rxTba claim rx3321, using default of 30 days
Missing daysSupply for rxTba claim rx3322, using default of 30 days
Missing daysSupply for rxTba claim rx3323, using default of 30 days
Missing daysSupply for rxTba claim rx3324, using default of 30 days
Missing daysSupply for rxTba claim rx3325, using default of 30 days
Missing daysSupply for rxTba claim rx3326, using default of 30 days
Missing daysSupply for rxTba claim rx3327, using default of 30 days
Missing daysSupply for rxTba claim rx3328, using default of 30 days
Missing daysSupply for rxTba claim rx3329, using default of 30 days
Missing daysSupply for rxTba claim rx3330, using default of 30 days
Missing daysSupply for rxTba claim rx3331, using default of 30 days
Missing daysSupply for rxTba claim rx3332, using default of 30 days
Missing daysSupply for rxTba claim rx3333, using default of 30 days
Missing daysSupply for rxTba claim rx3334, using default of 30 days
Missing daysSupply for rxTba claim rx3335, using default of 30 days
Missing daysSupply for rxTba claim rx3336, using default of 30 days
Missing daysSupply for rxTba claim rx3337, using default of 30 days
Missing daysSupply for rxTba claim rx3338, using default of 30 days
Missing daysSupply for rxTba claim rx3339, using default of 30 days
Missing daysSupply for rxTba claim rx3340, using default of 30 days
Missing daysSupply for rxTba claim rx3341, using default of 30 days
Missing daysSupply for rxTba claim rx3342, using default of 30 days
Missing daysSupply for rxTba claim rx3343, using default of 30 days
Missing daysSupply for rxTba claim rx3344, using default of 30 days
Missing daysSupply for rxTba claim rx3345, using default of 30 days
Missing daysSupply for rxTba claim rx3346, using default of 30 days
Missing daysSupply for rxTba claim rx3347, using default of 30 days
Missing daysSupply for rxTba claim rx3348, using default of 30 days
Missing daysSupply for rxTba claim rx3349, using default of 30 days
Missing daysSupply for rxTba claim rx3350, using default of 30 days
Missing daysSupply for rxTba claim rx3351, using default of 30 days
Missing daysSupply for rxTba claim rx3352, using default of 30 days
Missing daysSupply for rxTba claim rx3353, using default of 30 days
Missing daysSupply for rxTba claim rx3354, using default of 30 days
Missing daysSupply for rxTba claim rx3355, using default of 30 days
Missing daysSupply for rxTba claim rx3356, using default of 30 days
Missing daysSupply for rxTba claim rx3357, using default of 30 days
Missing daysSupply for rxTba claim rx3358, using default of 30 days
Missing daysSupply for rxTba claim rx3359, using default of 30 days
Missing daysSupply for rxTba claim rx3360, using default of 30 days
Missing daysSupply for rxTba claim rx3361, using default of 30 days
Missing daysSupply for rxTba claim rx3362, using default of 30 days
Missing daysSupply for rxTba claim rx3363, using default of 30 days
Missing daysSupply for rxTba claim rx3364, using default of 30 days
Missing daysSupply for rxTba claim rx3365, using default of 30 days
Missing daysSupply for rxTba claim rx3366, using default of 30 days
Missing daysSupply for rxTba claim rx3367, using default of 30 days
Missing daysSupply for rxTba claim rx3368, using default of 30 days
Missing daysSupply for rxTba claim rx3369, using default of 30 days
Missing daysSupply for rxTba claim rx3370, using default of 30 days
Missing daysSupply for rxTba claim rx3371, using default of 30 days
Missing daysSupply for rxTba claim rx3372, using default of 30 days
Missing daysSupply for rxTba claim rx3373, using default of 30 days
Missing daysSupply for rxTba claim rx3374, using default of 30 days
Missing daysSupply for rxTba claim rx3375, using default of 30 days
Missing daysSupply for rxTba claim rx3376, using default of 30 days
Missing daysSupply for rxTba claim rx3377, using default of 30 days
Missing daysSupply for rxTba claim rx3378, using default of 30 days
Missing daysSupply for rxTba claim rx3379, using default of 30 days
Missing daysSupply for rxTba claim rx3380, using default of 30 days
Missing daysSupply for rxTba claim rx3381, using default of 30 days
Missing daysSupply for rxTba claim rx3382, using default of 30 days
Missing daysSupply for rxTba claim rx3383, using default of 30 days
Missing daysSupply for rxTba claim rx3384, using default of 30 days
Missing daysSupply for rxTba claim rx3385, using default of 30 days
Missing daysSupply for rxTba claim rx3386, using default of 30 days
Missing daysSupply for rxTba claim rx3387, using default of 30 days
Missing daysSupply for rxTba claim rx3388, using default of 30 days
Missing daysSupply for rxTba claim rx3389, using default of 30 days
Missing daysSupply for rxTba claim rx3390, using default of 30 days
Missing daysSupply for rxTba claim rx3391, using default of 30 days
Missing daysSupply for rxTba claim rx3392, using default of 30 days
Missing daysSupply for rxTba claim rx3393, using default of 30 days
Missing daysSupply for rxTba claim rx3394, using default of 30 days
Missing daysSupply for rxTba claim rx3395, using default of 30 days
Missing daysSupply for rxTba claim rx3396, using default of 30 days
Missing daysSupply for rxTba claim rx3397, using default of 30 days
Missing daysSupply for rxTba claim rx3398, using default of 30 days
Missing daysSupply for rxTba claim rx3399, using default of 30 days
Missing daysSupply for rxTba claim rx3400, using default of 30 days
Missing daysSupply for rxTba claim rx3401, using default of 30 days
Missing daysSupply for rxTba claim rx3402, using default of 30 days
Missing daysSupply for rxTba claim rx3403, using default of 30 days
Missing daysSupply for rxTba claim rx3404, using default of 30 days
Missing daysSupply for rxTba claim rx3405, using default of 30 days
Missing daysSupply for rxTba claim rx3406, using default of 30 days
Missing daysSupply for rxTba claim rx3407, using default of 30 days
Missing daysSupply for rxTba claim rx3408, using default of 30 days
Missing daysSupply for rxTba claim rx3409, using default of 30 days
Missing daysSupply for rxTba claim rx3410, using default of 30 days
Missing daysSupply for rxTba claim rx3411, using default of 30 days
Missing daysSupply for rxTba claim rx3412, using default of 30 days
Missing daysSupply for rxTba claim rx3413, using default of 30 days
Missing daysSupply for rxTba claim rx3414, using default of 30 days
Missing daysSupply for rxTba claim rx3415, using default of 30 days
Missing daysSupply for rxTba claim rx3416, using default of 30 days
Missing daysSupply for rxTba claim rx3417, using default of 30 days
Missing daysSupply for rxTba claim rx3418, using default of 30 days
Missing daysSupply for rxTba claim rx3419, using default of 30 days
Missing daysSupply for rxTba claim rx3420, using default of 30 days
Missing daysSupply for rxTba claim rx3421, using default of 30 days
Missing daysSupply for rxTba claim rx3422, using default of 30 days
Missing daysSupply for rxTba claim rx3423, using default of 30 days
Missing daysSupply for rxTba claim rx3424, using default of 30 days
Missing daysSupply for rxTba claim rx3425, using default of 30 days
Missing daysSupply for rxTba claim rx3426, using default of 30 days
Missing daysSupply for rxTba claim rx3427, using default of 30 days
Missing daysSupply for rxTba claim rx3428, using default of 30 days
Missing daysSupply for rxTba claim rx3429, using default of 30 days
Missing daysSupply for rxTba claim rx3430, using default of 30 days
Missing daysSupply for rxTba claim rx3431, using default of 30 days
Missing daysSupply for rxTba claim rx3432, using default of 30 days
Missing daysSupply for rxTba claim rx3433, using default of 30 days
Missing daysSupply for rxTba claim rx3434, using default of 30 days
Missing daysSupply for rxTba claim rx3435, using default of 30 days
Missing daysSupply for rxTba claim rx3436, using default of 30 days
Missing daysSupply for rxTba claim rx3437, using default of 30 days
Missing daysSupply for rxTba claim rx3438, using default of 30 days
Missing daysSupply for rxTba claim rx3439, using default of 30 days
Missing daysSupply for rxTba claim rx3440, using default of 30 days
Missing daysSupply for rxTba claim rx3441, using default of 30 days
Missing daysSupply for rxTba claim rx3442, using default of 30 days
Missing daysSupply for rxTba claim rx3443, using default of 30 days
Missing daysSupply for rxTba claim rx3444, using default of 30 days
Missing daysSupply for rxTba claim rx3445, using default of 30 days
Missing daysSupply for rxTba claim rx3446, using default of 30 days
Missing daysSupply for rxTba claim rx3447, using default of 30 days
Missing daysSupply for rxTba claim rx3448, using default of 30 days
Missing daysSupply for rxTba claim rx3449, using default of 30 days
Missing daysSupply for rxTba claim rx3450, using default of 30 days
Missing daysSupply for rxTba claim rx3451, using default of 30 days
Missing daysSupply for rxTba claim rx3452, using default of 30 days
Missing daysSupply for rxTba claim rx3453, using default of 30 days
Missing daysSupply for rxTba claim rx3454, using default of 30 days
Missing daysSupply for rxTba claim rx3455, using default of 30 days
Missing daysSupply for rxTba claim rx3456, using default of 30 days
Missing daysSupply for rxTba claim rx3457, using default of 30 days
Missing daysSupply for rxTba claim rx3458, using default of 30 days
Missing daysSupply for rxTba claim rx3459, using default of 30 days
Missing daysSupply for rxTba claim rx3460, using default of 30 days
Missing daysSupply for rxTba claim rx3461, using default of 30 days
Missing daysSupply for rxTba claim rx3462, using default of 30 days
Missing daysSupply for rxTba claim rx3463, using default of 30 days
Missing daysSupply for rxTba claim rx3464, using default of 30 days
Missing daysSupply for rxTba claim rx3465, using default of 30 days
Missing daysSupply for rxTba claim rx3466, using default of 30 days
Missing daysSupply for rxTba claim rx3467, using default of 30 days
Missing daysSupply for rxTba claim rx3468, using default of 30 days
Missing daysSupply for rxTba claim rx3469, using default of 30 days
Missing daysSupply for rxTba claim rx3470, using default of 30 days
Missing daysSupply for rxTba claim rx3471, using default of 30 days
Missing daysSupply for rxTba claim rx3472, using default of 30 days
Missing daysSupply for rxTba claim rx3473, using default of 30 days
Missing daysSupply for rxTba claim rx3474, using default of 30 days
Missing daysSupply for rxTba claim rx3475, using default of 30 days
Missing daysSupply for rxTba claim rx3476, using default of 30 days
Missing daysSupply for rxTba claim rx3477, using default of 30 days
Missing daysSupply for rxTba claim rx3478, using default of 30 days
Missing daysSupply for rxTba claim rx3479, using default of 30 days
Missing daysSupply for rxTba claim rx3480, using default of 30 days
Missing daysSupply for rxTba claim rx3481, using default of 30 days
Missing daysSupply for rxTba claim rx3482, using default of 30 days
Missing daysSupply for rxTba claim rx3483, using default of 30 days
Missing daysSupply for rxTba claim rx3484, using default of 30 days
Missing daysSupply for rxTba claim rx3485, using default of 30 days
Missing daysSupply for rxTba claim rx3486, using default of 30 days
Missing daysSupply for rxTba claim rx3487, using default of 30 days
Missing daysSupply for rxTba claim rx3488, using default of 30 days
Missing daysSupply for rxTba claim rx3489, using default of 30 days
Missing daysSupply for rxTba claim rx3490, using default of 30 days
Missing daysSupply for rxTba claim rx3491, using default of 30 days
Missing daysSupply for rxTba claim rx3492, using default of 30 days
Missing daysSupply for rxTba claim rx3493, using default of 30 days
Missing daysSupply for rxTba claim rx3494, using default of 30 days
Missing daysSupply for rxTba claim rx3495, using default of 30 days
Missing daysSupply for rxTba claim rx3496, using default of 30 days
Missing daysSupply for rxTba claim rx3497, using default of 30 days
Missing daysSupply for rxTba claim rx3498, using default of 30 days
Missing daysSupply for rxTba claim rx3499, using default of 30 days
Missing daysSupply for rxTba claim rx3500, using default of 30 days
Missing daysSupply for rxTba claim rx3501, using default of 30 days
Missing daysSupply for rxTba claim rx3502, using default of 30 days
Missing daysSupply for rxTba claim rx3503, using default of 30 days
Missing daysSupply for rxTba claim rx3504, using default of 30 days
Missing daysSupply for rxTba claim rx3505, using default of 30 days
Missing daysSupply for rxTba claim rx3506, using default of 30 days
Missing daysSupply for rxTba claim rx3507, using default of 30 days
Missing daysSupply for rxTba claim rx3508, using default of 30 days
Missing daysSupply for rxTba claim rx3509, using default of 30 days
Missing daysSupply for rxTba claim rx3510, using default of 30 days
Missing daysSupply for rxTba claim rx3511, using default of 30 days
Missing daysSupply for rxTba claim rx3512, using default of 30 days
Missing daysSupply for rxTba claim rx3513, using default of 30 days
Missing daysSupply for rxTba claim rx3514, using default of 30 days
Missing daysSupply for rxTba claim rx3515, using default of 30 days
Missing daysSupply for rxTba claim rx3516, using default of 30 days
Missing daysSupply for rxTba claim rx3517, using default of 30 days
Missing daysSupply for rxTba claim rx3518, using default of 30 days
Missing daysSupply for rxTba claim rx3519, using default of 30 days
Missing daysSupply for rxTba claim rx3520, using default of 30 days
Missing daysSupply for rxTba claim rx3521, using default of 30 days
Missing daysSupply for rxTba claim rx3522, using default of 30 days
Missing daysSupply for rxTba claim rx3523, using default of 30 days
Missing daysSupply for rxTba claim rx3524, using default of 30 days
Missing daysSupply for rxTba claim rx3525, using default of 30 days
Missing daysSupply for rxTba claim rx3526, using default of 30 days
Missing daysSupply for rxTba claim rx3527, using default of 30 days
Missing daysSupply for rxTba claim rx3528, using default of 30 days
Missing daysSupply for rxTba claim rx3529, using default of 30 days
Missing daysSupply for rxTba claim rx3530, using default of 30 days
Missing daysSupply for rxTba claim rx3531, using default of 30 days
Missing daysSupply for rxTba claim rx3532, using default of 30 days
Missing daysSupply for rxTba claim rx3533, using default of 30 days
Missing daysSupply for rxTba claim rx3534, using default of 30 days
Missing daysSupply for rxTba claim rx3535, using default of 30 days
Missing daysSupply for rxTba claim rx3536, using default of 30 days
Missing daysSupply for rxTba claim rx3537, using default of 30 days
Missing daysSupply for rxTba claim rx3538, using default of 30 days
Missing daysSupply for rxTba claim rx3539, using default of 30 days
Missing daysSupply for rxTba claim rx3540, using default of 30 days
Missing daysSupply for rxTba claim rx3541, using default of 30 days
Missing daysSupply for rxTba claim rx3542, using default of 30 days
Missing daysSupply for rxTba claim rx3543, using default of 30 days
Missing daysSupply for rxTba claim rx3544, using default of 30 days
Missing daysSupply for rxTba claim rx3545, using default of 30 days
Missing daysSupply for rxTba claim rx3546, using default of 30 days
Missing daysSupply for rxTba claim rx3547, using default of 30 days
Missing daysSupply for rxTba claim rx3548, using default of 30 days
Missing daysSupply for rxTba claim rx3549, using default of 30 days
Missing daysSupply for rxTba claim rx3550, using default of 30 days
Missing daysSupply for rxTba claim rx3551, using default of 30 days
Missing daysSupply for rxTba claim rx3552, using default of 30 days
Missing daysSupply for rxTba claim rx3553, using default of 30 days
Missing daysSupply for rxTba claim rx3554, using default of 30 days
Missing daysSupply for rxTba claim rx3555, using default of 30 days
Missing daysSupply for rxTba claim rx3556, using default of 30 days
Missing daysSupply for rxTba claim rx3557, using default of 30 days
Missing daysSupply for rxTba claim rx3558, using default of 30 days
Missing daysSupply for rxTba claim rx3559, using default of 30 days
Missing daysSupply for rxTba claim rx3560, using default of 30 days
Missing daysSupply for rxTba claim rx3561, using default of 30 days
Missing daysSupply for rxTba claim rx3562, using default of 30 days
Missing daysSupply for rxTba claim rx3563, using default of 30 days
Missing daysSupply for rxTba claim rx3564, using default of 30 days
Missing daysSupply for rxTba claim rx3565, using default of 30 days
Missing daysSupply for rxTba claim rx3566, using default of 30 days
Missing daysSupply for rxTba claim rx3567, using default of 30 days
Missing daysSupply for rxTba claim rx3568, using default of 30 days
Missing daysSupply for rxTba claim rx3569, using default of 30 days
Missing daysSupply for rxTba claim rx3570, using default of 30 days
Missing daysSupply for rxTba claim rx3571, using default of 30 days
Missing daysSupply for rxTba claim rx3572, using default of 30 days
Missing daysSupply for rxTba claim rx3573, using default of 30 days
Missing daysSupply for rxTba claim rx3574, using default of 30 days
Missing daysSupply for rxTba claim rx3575, using default of 30 days
Missing daysSupply for rxTba claim rx3576, using default of 30 days
Missing daysSupply for rxTba claim rx3577, using default of 30 days
Missing daysSupply for rxTba claim rx3578, using default of 30 days
Missing daysSupply for rxTba claim rx3579, using default of 30 days
Missing daysSupply for rxTba claim rx3580, using default of 30 days
Missing daysSupply for rxTba claim rx3581, using default of 30 days
Missing daysSupply for rxTba claim rx3582, using default of 30 days
Missing daysSupply for rxTba claim rx3583, using default of 30 days
Missing daysSupply for rxTba claim rx3584, using default of 30 days
Missing daysSupply for rxTba claim rx3585, using default of 30 days
Missing daysSupply for rxTba claim rx3586, using default of 30 days
Missing daysSupply for rxTba claim rx3587, using default of 30 days
Missing daysSupply for rxTba claim rx3588, using default of 30 days
Missing daysSupply for rxTba claim rx3589, using default of 30 days
Missing daysSupply for rxTba claim rx3590, using default of 30 days
Missing daysSupply for rxTba claim rx3591, using default of 30 days
Missing daysSupply for rxTba claim rx3592, using default of 30 days
Missing daysSupply for rxTba claim rx3593, using default of 30 days
Missing daysSupply for rxTba claim rx3594, using default of 30 days
Missing daysSupply for rxTba claim rx3595, using default of 30 days
Missing daysSupply for rxTba claim rx3596, using default of 30 days
Missing daysSupply for rxTba claim rx3597, using default of 30 days
Missing daysSupply for rxTba claim rx3598, using default of 30 days
Missing daysSupply for rxTba claim rx3599, using default of 30 days
Missing daysSupply for rxTba claim rx3600, using default of 30 days
Missing daysSupply for rxTba claim rx3601, using default of 30 days
Missing daysSupply for rxTba claim rx3602, using default of 30 days
Missing daysSupply for rxTba claim rx3603, using default of 30 days
Missing daysSupply for rxTba claim rx3604, using default of 30 days
Missing daysSupply for rxTba claim rx3605, using default of 30 days
Missing daysSupply for rxTba claim rx3606, using default of 30 days
Missing daysSupply for rxTba claim rx3607, using default of 30 days
Missing daysSupply for rxTba claim rx3608, using default of 30 days
Missing daysSupply for rxTba claim rx3609, using default of 30 days
Missing daysSupply for rxTba claim rx3610, using default of 30 days
Missing daysSupply for rxTba claim rx3611, using default of 30 days
Missing daysSupply for rxTba claim rx3612, using default of 30 days
Missing daysSupply for rxTba claim rx3613, using default of 30 days
Missing daysSupply for rxTba claim rx3614, using default of 30 days
Missing daysSupply for rxTba claim rx3615, using default of 30 days
Missing daysSupply for rxTba claim rx3616, using default of 30 days
Missing daysSupply for rxTba claim rx3617, using default of 30 days
Missing daysSupply for rxTba claim rx3618, using default of 30 days
Missing daysSupply for rxTba claim rx3619, using default of 30 days
Missing daysSupply for rxTba claim rx3620, using default of 30 days
Missing daysSupply for rxTba claim rx3621, using default of 30 days
Missing daysSupply for rxTba claim rx3622, using default of 30 days
Missing daysSupply for rxTba claim rx3623, using default of 30 days
Missing daysSupply for rxTba claim rx3624, using default of 30 days
Missing daysSupply for rxTba claim rx3625, using default of 30 days
Missing daysSupply for rxTba claim rx3626, using default of 30 days
Missing daysSupply for rxTba claim rx3627, using default of 30 days
Missing daysSupply for rxTba claim rx3628, using default of 30 days
Missing daysSupply for rxTba claim rx3629, using default of 30 days
Missing daysSupply for rxTba claim rx3630, using default of 30 days
Missing daysSupply for rxTba claim rx3631, using default of 30 days
Missing daysSupply for rxTba claim rx3632, using default of 30 days
Missing daysSupply for rxTba claim rx3633, using default of 30 days
Missing daysSupply for rxTba claim rx3634, using default of 30 days
Missing daysSupply for rxTba claim rx3635, using default of 30 days
Missing daysSupply for rxTba claim rx3636, using default of 30 days
Missing daysSupply for rxTba claim rx3637, using default of 30 days
Missing daysSupply for rxTba claim rx3638, using default of 30 days
Missing daysSupply for rxTba claim rx3639, using default of 30 days
Missing daysSupply for rxTba claim rx3640, using default of 30 days
Missing daysSupply for rxTba claim rx3641, using default of 30 days
Missing daysSupply for rxTba claim rx3642, using default of 30 days
Missing daysSupply for rxTba claim rx3643, using default of 30 days
Missing daysSupply for rxTba claim rx3644, using default of 30 days
Missing daysSupply for rxTba claim rx3645, using default of 30 days
Missing daysSupply for rxTba claim rx3646, using default of 30 days
Missing daysSupply for rxTba claim rx3647, using default of 30 days
Missing daysSupply for rxTba claim rx3648, using default of 30 days
Missing daysSupply for rxTba claim rx3649, using default of 30 days
Missing daysSupply for rxTba claim rx3650, using default of 30 days
Missing daysSupply for rxTba claim rx3651, using default of 30 days
Missing daysSupply for rxTba claim rx3652, using default of 30 days
Missing daysSupply for rxTba claim rx3653, using default of 30 days
Missing daysSupply for rxTba claim rx3654, using default of 30 days
Missing daysSupply for rxTba claim rx3655, using default of 30 days
Missing daysSupply for rxTba claim rx3656, using default of 30 days
Missing daysSupply for rxTba claim rx3657, using default of 30 days
Missing daysSupply for rxTba claim rx3658, using default of 30 days
Missing daysSupply for rxTba claim rx3659, using default of 30 days
Missing daysSupply for rxTba claim rx3660, using default of 30 days
Missing daysSupply for rxTba claim rx3661, using default of 30 days
Missing daysSupply for rxTba claim rx3662, using default of 30 days
Missing daysSupply for rxTba claim rx3663, using default of 30 days
Missing daysSupply for rxTba claim rx3664, using default of 30 days
Missing daysSupply for rxTba claim rx3665, using default of 30 days
Missing daysSupply for rxTba claim rx3666, using default of 30 days
Missing daysSupply for rxTba claim rx3667, using default of 30 days
Missing daysSupply for rxTba claim rx3668, using default of 30 days
Missing daysSupply for rxTba claim rx3669, using default of 30 days
Missing daysSupply for rxTba claim rx3670, using default of 30 days
Missing daysSupply for rxTba claim rx3671, using default of 30 days
Missing daysSupply for rxTba claim rx3672, using default of 30 days
Missing daysSupply for rxTba claim rx3673, using default of 30 days
Missing daysSupply for rxTba claim rx3674, using default of 30 days
Missing daysSupply for rxTba claim rx3675, using default of 30 days
Missing daysSupply for rxTba claim rx3676, using default of 30 days
Missing daysSupply for rxTba claim rx3677, using default of 30 days
Missing daysSupply for rxTba claim rx3678, using default of 30 days
Missing daysSupply for rxTba claim rx3679, using default of 30 days
Missing daysSupply for rxTba claim rx3680, using default of 30 days
Missing daysSupply for rxTba claim rx3681, using default of 30 days
Missing daysSupply for rxTba claim rx3682, using default of 30 days
Missing daysSupply for rxTba claim rx3683, using default of 30 days
Missing daysSupply for rxTba claim rx3684, using default of 30 days
Missing daysSupply for rxTba claim rx3685, using default of 30 days
Missing daysSupply for rxTba claim rx3686, using default of 30 days
Missing daysSupply for rxTba claim rx3687, using default of 30 days
Missing daysSupply for rxTba claim rx3688, using default of 30 days
Missing daysSupply for rxTba claim rx3689, using default of 30 days
Missing daysSupply for rxTba claim rx3690, using default of 30 days
Missing daysSupply for rxTba claim rx3691, using default of 30 days
Missing daysSupply for rxTba claim rx3692, using default of 30 days
Missing daysSupply for rxTba claim rx3693, using default of 30 days
Missing daysSupply for rxTba claim rx3694, using default of 30 days
Missing daysSupply for rxTba claim rx3695, using default of 30 days
Missing daysSupply for rxTba claim rx3696, using default of 30 days
Missing daysSupply for rxTba claim rx3697, using default of 30 days
Missing daysSupply for rxTba claim rx3698, using default of 30 days
Missing daysSupply for rxTba claim rx3699, using default of 30 days
Missing daysSupply for rxTba claim rx3700, using default of 30 days
Missing daysSupply for rxTba claim rx3701, using default of 30 days
Missing daysSupply for rxTba claim rx3702, using default of 30 days
Missing daysSupply for rxTba claim rx3703, using default of 30 days
Missing daysSupply for rxTba claim rx3704, using default of 30 days
Missing daysSupply for rxTba claim rx3705, using default of 30 days
Missing daysSupply for rxTba claim rx3706, using default of 30 days
Missing daysSupply for rxTba claim rx3707, using default of 30 days
Missing daysSupply for rxTba claim rx3708, using default of 30 days
Missing daysSupply for rxTba claim rx3709, using default of 30 days
Missing daysSupply for rxTba claim rx3710, using default of 30 days
Missing daysSupply for rxTba claim rx3711, using default of 30 days
Missing daysSupply for rxTba claim rx3712, using default of 30 days
Missing daysSupply for rxTba claim rx3713, using default of 30 days
Missing daysSupply for rxTba claim rx3714, using default of 30 days
Missing daysSupply for rxTba claim rx3715, using default of 30 days
Missing daysSupply for rxTba claim rx3716, using default of 30 days
Missing daysSupply for rxTba claim rx3717, using default of 30 days
Missing daysSupply for rxTba claim rx3718, using default of 30 days
Missing daysSupply for rxTba claim rx3719, using default of 30 days
Missing daysSupply for rxTba claim rx3720, using default of 30 days
Missing daysSupply for rxTba claim rx3721, using default of 30 days
Missing daysSupply for rxTba claim rx3722, using default of 30 days
Missing daysSupply for rxTba claim rx3723, using default of 30 days
Missing daysSupply for rxTba claim rx3724, using default of 30 days
Missing daysSupply for rxTba claim rx3725, using default of 30 days
Missing daysSupply for rxTba claim rx3726, using default of 30 days
Missing daysSupply for rxTba claim rx3727, using default of 30 days
Missing daysSupply for rxTba claim rx3728, using default of 30 days
Missing daysSupply for rxTba claim rx3729, using default of 30 days
Missing daysSupply for rxTba claim rx3730, using default of 30 days
Missing daysSupply for rxTba claim rx3731, using default of 30 days
Missing daysSupply for rxTba claim rx3732, using default of 30 days
Missing daysSupply for rxTba claim rx3733, using default of 30 days
Missing daysSupply for rxTba claim rx3734, using default of 30 days
Missing daysSupply for rxTba claim rx3735, using default of 30 days
Missing daysSupply for rxTba claim rx3736, using default of 30 days
Missing daysSupply for rxTba claim rx3737, using default of 30 days
Missing daysSupply for rxTba claim rx3738, using default of 30 days
Missing daysSupply for rxTba claim rx3739, using default of 30 days
Missing daysSupply for rxTba claim rx3740, using default of 30 days
Missing daysSupply for rxTba claim rx3741, using default of 30 days
Missing daysSupply for rxTba claim rx3742, using default of 30 days
Missing daysSupply for rxTba claim rx3743, using default of 30 days
Missing daysSupply for rxTba claim rx3744, using default of 30 days
Missing daysSupply for rxTba claim rx3745, using default of 30 days
Missing daysSupply for rxTba claim rx3746, using default of 30 days
Missing daysSupply for rxTba claim rx3747, using default of 30 days
Missing daysSupply for rxTba claim rx3748, using default of 30 days
Missing daysSupply for rxTba claim rx3749, using default of 30 days
Missing daysSupply for rxTba claim rx3750, using default of 30 days
Missing daysSupply for rxTba claim rx3751, using default of 30 days
Missing daysSupply for rxTba claim rx3752, using default of 30 days
Missing daysSupply for rxTba claim rx3753, using default of 30 days
Missing daysSupply for rxTba claim rx3754, using default of 30 days
Missing daysSupply for rxTba claim rx3755, using default of 30 days
Missing daysSupply for rxTba claim rx3756, using default of 30 days
Missing daysSupply for rxTba claim rx3757, using default of 30 days
Missing daysSupply for rxTba claim rx3758, using default of 30 days
Missing daysSupply for rxTba claim rx3759, using default of 30 days
Missing daysSupply for rxTba claim rx3760, using default of 30 days
Missing daysSupply for rxTba claim rx3761, using default of 30 days
Missing daysSupply for rxTba claim rx3762, using default of 30 days
Missing daysSupply for rxTba claim rx3763, using default of 30 days
Missing daysSupply for rxTba claim rx3764, using default of 30 days
Missing daysSupply for rxTba claim rx3765, using default of 30 days
Missing daysSupply for rxTba claim rx3766, using default of 30 days
Missing daysSupply for rxTba claim rx3767, using default of 30 days
Missing daysSupply for rxTba claim rx3768, using default of 30 days
Missing daysSupply for rxTba claim rx3769, using default of 30 days
Missing daysSupply for rxTba claim rx3770, using default of 30 days
Missing daysSupply for rxTba claim rx3771, using default of 30 days
Missing daysSupply for rxTba claim rx3772, using default of 30 days
Missing daysSupply for rxTba claim rx3773, using default of 30 days
Missing daysSupply for rxTba claim rx3774, using default of 30 days
Missing daysSupply for rxTba claim rx3775, using default of 30 days
Missing daysSupply for rxTba claim rx3776, using default of 30 days
Missing daysSupply for rxTba claim rx3777, using default of 30 days
Missing daysSupply for rxTba claim rx3778, using default of 30 days
Missing daysSupply for rxTba claim rx3779, using default of 30 days
Missing daysSupply for rxTba claim rx3780, using default of 30 days
Missing daysSupply for rxTba claim rx3781, using default of 30 days
Missing daysSupply for rxTba claim rx3782, using default of 30 days
Missing daysSupply for rxTba claim rx3783, using default of 30 days
Missing daysSupply for rxTba claim rx3784, using default of 30 days
Missing daysSupply for rxTba claim rx3785, using default of 30 days
Missing daysSupply for rxTba claim rx3786, using default of 30 days
Missing daysSupply for rxTba claim rx3787, using default of 30 days
Missing daysSupply for rxTba claim rx3788, using default of 30 days
Missing daysSupply for rxTba claim rx3789, using default of 30 days
Missing daysSupply for rxTba claim rx3790, using default of 30 days
Missing daysSupply for rxTba claim rx3791, using default of 30 days
Missing daysSupply for rxTba claim rx3792, using default of 30 days
Missing daysSupply for rxTba claim rx3793, using default of 30 days
Missing daysSupply for rxTba claim rx3794, using default of 30 days
Missing daysSupply for rxTba claim rx3795, using default of 30 days
Missing daysSupply for rxTba claim rx3796, using default of 30 days
Missing daysSupply for rxTba claim rx3797, using default of 30 days
Missing daysSupply for rxTba claim rx3798, using default of 30 days
Missing daysSupply for rxTba claim rx3799, using default of 30 days
Missing daysSupply for rxTba claim rx3800, using default of 30 days
Missing daysSupply for rxTba claim rx3801, using default of 30 days
Missing daysSupply for rxTba claim rx3802, using default of 30 days
Missing daysSupply for rxTba claim rx3803, using default of 30 days
Missing daysSupply for rxTba claim rx3804, using default of 30 days
Missing daysSupply for rxTba claim rx3805, using default of 30 days
Missing daysSupply for rxTba claim rx3806, using default of 30 days
Missing daysSupply for rxTba claim rx3807, using default of 30 days
Missing daysSupply for rxTba claim rx3808, using default of 30 days
Missing daysSupply for rxTba claim rx3809, using default of 30 days
Missing daysSupply for rxTba claim rx3810, using default of 30 days
Missing daysSupply for rxTba claim rx3811, using default of 30 days
Missing daysSupply for rxTba claim rx3812, using default of 30 days
Missing daysSupply for rxTba claim rx3813, using default of 30 days
Missing daysSupply for rxTba claim rx3814, using default of 30 days
Missing daysSupply for rxTba claim rx3815, using default of 30 days
Missing daysSupply for rxTba claim rx3816, using default of 30 days
Missing daysSupply for rxTba claim rx3817, using default of 30 days
Missing daysSupply for rxTba claim rx3818, using default of 30 days
Missing daysSupply for rxTba claim rx3819, using default of 30 days
Missing daysSupply for rxTba claim rx3820, using default of 30 days
Missing daysSupply for rxTba claim rx3821, using default of 30 days
Missing daysSupply for rxTba claim rx3822, using default of 30 days
Missing daysSupply for rxTba claim rx3823, using default of 30 days
Missing daysSupply for rxTba claim rx3824, using default of 30 days
Missing daysSupply for rxTba claim rx3825, using default of 30 days
Missing daysSupply for rxTba claim rx3826, using default of 30 days
Missing daysSupply for rxTba claim rx3827, using default of 30 days
Missing daysSupply for rxTba claim rx3828, using default of 30 days
Missing daysSupply for rxTba claim rx3829, using default of 30 days
Missing daysSupply for rxTba claim rx3830, using default of 30 days
Missing daysSupply for rxTba claim rx3831, using default of 30 days
Missing daysSupply for rxTba claim rx3832, using default of 30 days
Missing daysSupply for rxTba claim rx3833, using default of 30 days
Missing daysSupply for rxTba claim rx3834, using default of 30 days
Missing daysSupply for rxTba claim rx3835, using default of 30 days
Missing daysSupply for rxTba claim rx3836, using default of 30 days
Missing daysSupply for rxTba claim rx3837, using default of 30 days
Missing daysSupply for rxTba claim rx3838, using default of 30 days
Missing daysSupply for rxTba claim rx3839, using default of 30 days
Missing daysSupply for rxTba claim rx3840, using default of 30 days
Missing daysSupply for rxTba claim rx3841, using default of 30 days
Missing daysSupply for rxTba claim rx3842, using default of 30 days
Missing daysSupply for rxTba claim rx3843, using default of 30 days
Missing daysSupply for rxTba claim rx3844, using default of 30 days
Missing daysSupply for rxTba claim rx3845, using default of 30 days
Missing daysSupply for rxTba claim rx3846, using default of 30 days
Missing daysSupply for rxTba claim rx3847, using default of 30 days
Missing daysSupply for rxTba claim rx3848, using default of 30 days
Missing daysSupply for rxTba claim rx3849, using default of 30 days
Missing daysSupply for rxTba claim rx3850, using default of 30 days
Missing daysSupply for rxTba claim rx3851, using default of 30 days
Missing daysSupply for rxTba claim rx3852, using default of 30 days
Missing daysSupply for rxTba claim rx3853, using default of 30 days
Missing daysSupply for rxTba claim rx3854, using default of 30 days
Missing daysSupply for rxTba claim rx3855, using default of 30 days
Missing daysSupply for rxTba claim rx3856, using default of 30 days
Missing daysSupply for rxTba claim rx3857, using default of 30 days
Missing daysSupply for rxTba claim rx3858, using default of 30 days
Missing daysSupply for rxTba claim rx3859, using default of 30 days
Missing daysSupply for rxTba claim rx3860, using default of 30 days
Missing daysSupply for rxTba claim rx3861, using default of 30 days
Missing daysSupply for rxTba claim rx3862, using default of 30 days
Missing daysSupply for rxTba claim rx3863, using default of 30 days
Missing daysSupply for rxTba claim rx3864, using default of 30 days
Missing daysSupply for rxTba claim rx3865, using default of 30 days
Missing daysSupply for rxTba claim rx3866, using default of 30 days
Missing daysSupply for rxTba claim rx3867, using default of 30 days
Missing daysSupply for rxTba claim rx3868, using default of 30 days
Missing daysSupply for rxTba claim rx3869, using default of 30 days
Missing daysSupply for rxTba claim rx3870, using default of 30 days
Missing daysSupply for rxTba claim rx3871, using default of 30 days
Missing daysSupply for rxTba claim rx3872, using default of 30 days
Missing daysSupply for rxTba claim rx3873, using default of 30 days
Missing daysSupply for rxTba claim rx3874, using default of 30 days
Missing daysSupply for rxTba claim rx3875, using default of 30 days
Missing daysSupply for rxTba claim rx3876, using default of 30 days
Missing daysSupply for rxTba claim rx3877, using default of 30 days
Missing daysSupply for rxTba claim rx3878, using default of 30 days
Missing daysSupply for rxTba claim rx3879, using default of 30 days
Missing daysSupply for rxTba claim rx3880, using default of 30 days
Missing daysSupply for rxTba claim rx3881, using default of 30 days
Missing daysSupply for rxTba claim rx3882, using default of 30 days
Missing daysSupply for rxTba claim rx3883, using default of 30 days
Missing daysSupply for rxTba claim rx3884, using default of 30 days
Missing daysSupply for rxTba claim rx3885, using default of 30 days
Missing daysSupply for rxTba claim rx3886, using default of 30 days
Missing daysSupply for rxTba claim rx3887, using default of 30 days
Missing daysSupply for rxTba claim rx3888, using default of 30 days
Missing daysSupply for rxTba claim rx3889, using default of 30 days
Missing daysSupply for rxTba claim rx3890, using default of 30 days
Missing daysSupply for rxTba claim rx3891, using default of 30 days
Missing daysSupply for rxTba claim rx3892, using default of 30 days
Missing daysSupply for rxTba claim rx3893, using default of 30 days
Missing daysSupply for rxTba claim rx3894, using default of 30 days
Missing daysSupply for rxTba claim rx3895, using default of 30 days
Missing daysSupply for rxTba claim rx3896, using default of 30 days
Missing daysSupply for rxTba claim rx3897, using default of 30 days
Missing daysSupply for rxTba claim rx3898, using default of 30 days
Missing daysSupply for rxTba claim rx3899, using default of 30 days
Missing daysSupply for rxTba claim rx3900, using default of 30 days
Missing daysSupply for rxTba claim rx3901, using default of 30 days
Missing daysSupply for rxTba claim rx3902, using default of 30 days
Missing daysSupply for rxTba claim rx3903, using default of 30 days
Missing daysSupply for rxTba claim rx3904, using default of 30 days
Missing daysSupply for rxTba claim rx3905, using default of 30 days
Missing daysSupply for rxTba claim rx3906, using default of 30 days
Missing daysSupply for rxTba claim rx3907, using default of 30 days
Missing daysSupply for rxTba claim rx3908, using default of 30 days
Missing daysSupply for rxTba claim rx3909, using default of 30 days
Missing daysSupply for rxTba claim rx3910, using default of 30 days
Missing daysSupply for rxTba claim rx3911, using default of 30 days
Missing daysSupply for rxTba claim rx3912, using default of 30 days
Missing daysSupply for rxTba claim rx3913, using default of 30 days
Missing daysSupply for rxTba claim rx3914, using default of 30 days
Missing daysSupply for rxTba claim rx3915, using default of 30 days
Missing daysSupply for rxTba claim rx3916, using default of 30 days
Missing daysSupply for rxTba claim rx3917, using default of 30 days
Missing daysSupply for rxTba claim rx3918, using default of 30 days
Missing daysSupply for rxTba claim rx3919, using default of 30 days
Missing daysSupply for rxTba claim rx3920, using default of 30 days
Missing daysSupply for rxTba claim rx3921, using default of 30 days
Missing daysSupply for rxTba claim rx3922, using default of 30 days
Missing daysSupply for rxTba claim rx3923, using default of 30 days
Missing daysSupply for rxTba claim rx3924, using default of 30 days
Missing daysSupply for rxTba claim rx3925, using default of 30 days
Missing daysSupply for rxTba claim rx3926, using default of 30 days
Missing daysSupply for rxTba claim rx3927, using default of 30 days
Missing daysSupply for rxTba claim rx3928, using default of 30 days
Missing daysSupply for rxTba claim rx3929, using default of 30 days
Missing daysSupply for rxTba claim rx3930, using default of 30 days
Missing daysSupply for rxTba claim rx3931, using default of 30 days
Missing daysSupply for rxTba claim rx3932, using default of 30 days
Missing daysSupply for rxTba claim rx3933, using default of 30 days
Missing daysSupply for rxTba claim rx3934, using default of 30 days
Missing daysSupply for rxTba claim rx3935, using default of 30 days
Missing daysSupply for rxTba claim rx3936, using default of 30 days
Missing daysSupply for rxTba claim rx3937, using default of 30 days
Missing daysSupply for rxTba claim rx3938, using default of 30 days
Missing daysSupply for rxTba claim rx3939, using default of 30 days
Missing daysSupply for rxTba claim rx3940, using default of 30 days
Missing daysSupply for rxTba claim rx3941, using default of 30 days
Missing daysSupply for rxTba claim rx3942, using default of 30 days
Missing daysSupply for rxTba claim rx3943, using default of 30 days
Missing daysSupply for rxTba claim rx3944, using default of 30 days
Missing daysSupply for rxTba claim rx3945, using default of 30 days
Missing daysSupply for rxTba claim rx3946, using default of 30 days
Missing daysSupply for rxTba claim rx3947, using default of 30 days
Missing daysSupply for rxTba claim rx3948, using default of 30 days
Missing daysSupply for rxTba claim rx3949, using default of 30 days
Missing daysSupply for rxTba claim rx3950, using default of 30 days
Missing daysSupply for rxTba claim rx3951, using default of 30 days
Missing daysSupply for rxTba claim rx3952, using default of 30 days
Missing daysSupply for rxTba claim rx3953, using default of 30 days
Missing daysSupply for rxTba claim rx3954, using default of 30 days
Missing daysSupply for rxTba claim rx3955, using default of 30 days
Missing daysSupply for rxTba claim rx3956, using default of 30 days
Missing daysSupply for rxTba claim rx3957, using default of 30 days
Missing daysSupply for rxTba claim rx3958, using default of 30 days
Missing daysSupply for rxTba claim rx3959, using default of 30 days
Missing daysSupply for rxTba claim rx3960, using default of 30 days
Missing daysSupply for rxTba claim rx3961, using default of 30 days
Missing daysSupply for rxTba claim rx3962, using default of 30 days
Missing daysSupply for rxTba claim rx3963, using default of 30 days
Missing daysSupply for rxTba claim rx3964, using default of 30 days
Missing daysSupply for rxTba claim rx3965, using default of 30 days
Missing daysSupply for rxTba claim rx3966, using default of 30 days
Missing daysSupply for rxTba claim rx3967, using default of 30 days
Missing daysSupply for rxTba claim rx3968, using default of 30 days
Missing daysSupply for rxTba claim rx3969, using default of 30 days
Missing daysSupply for rxTba claim rx3970, using default of 30 days
Missing daysSupply for rxTba claim rx3971, using default of 30 days
Missing daysSupply for rxTba claim rx3972, using default of 30 days
Missing daysSupply for rxTba claim rx3973, using default of 30 days
Missing daysSupply for rxTba claim rx3974, using default of 30 days
Missing daysSupply for rxTba claim rx3975, using default of 30 days
Missing daysSupply for rxTba claim rx3976, using default of 30 days
Missing daysSupply for rxTba claim rx3977, using default of 30 days
Missing daysSupply for rxTba claim rx3978, using default of 30 days
Missing daysSupply for rxTba claim rx3979, using default of 30 days
Missing daysSupply for rxTba claim rx3980, using default of 30 days
Missing daysSupply for rxTba claim rx3981, using default of 30 days
Missing daysSupply for rxTba claim rx3982, using default of 30 days
Missing daysSupply for rxTba claim rx3983, using default of 30 days
Missing daysSupply for rxTba claim rx3984, using default of 30 days
Missing daysSupply for rxTba claim rx3985, using default of 30 days
Missing daysSupply for rxTba claim rx3986, using default of 30 days
Missing daysSupply for rxTba claim rx3987, using default of 30 days
Missing daysSupply for rxTba claim rx3988, using default of 30 days
Missing daysSupply for rxTba claim rx3989, using default of 30 days
Missing daysSupply for rxTba claim rx3990, using default of 30 days
Missing daysSupply for rxTba claim rx3991, using default of 30 days
Missing daysSupply for rxTba claim rx3992, using default of 30 days
Missing daysSupply for rxTba claim rx3993, using default of 30 days
Missing daysSupply for rxTba claim rx3994, using default of 30 days
Missing daysSupply for rxTba claim rx3995, using default of 30 days
Missing daysSupply for rxTba claim rx3996, using default of 30 days
Missing daysSupply for rxTba claim rx3997, using default of 30 days
Missing daysSupply for rxTba claim rx3998, using default of 30 days
Missing daysSupply for rxTba claim rx3999, using default of 30 days
Missing daysSupply for rxTba claim rx4000, using default of 30 days
Missing daysSupply for rxTba claim rx4001, using default of 30 days
Missing daysSupply for rxTba claim rx4002, using default of 30 days
Missing daysSupply for rxTba claim rx4003, using default of 30 days
Missing daysSupply for rxTba claim rx4004, using default of 30 days
Missing daysSupply for rxTba claim rx4005, using default of 30 days
Missing daysSupply for rxTba claim rx4006, using default of 30 days
Missing daysSupply for rxTba claim rx4007, using default of 30 days
Missing daysSupply for rxTba claim rx4008, using default of 30 days
Missing daysSupply for rxTba claim rx4009, using default of 30 days
Missing daysSupply for rxTba claim rx4010, using default of 30 days
Missing daysSupply for rxTba claim rx4011, using default of 30 days
Missing daysSupply for rxTba claim rx4012, using default of 30 days
Missing daysSupply for rxTba claim rx4013, using default of 30 days
Missing daysSupply for rxTba claim rx4014, using default of 30 days
Missing daysSupply for rxTba claim rx4015, using default of 30 days
Missing daysSupply for rxTba claim rx4016, using default of 30 days
Missing daysSupply for rxTba claim rx4017, using default of 30 days
Missing daysSupply for rxTba claim rx4018, using default of 30 days
Missing daysSupply for rxTba claim rx4019, using default of 30 days
Missing daysSupply for rxTba claim rx4020, using default of 30 days
Missing daysSupply for rxTba claim rx4021, using default of 30 days
Missing daysSupply for rxTba claim rx4022, using default of 30 days
Missing daysSupply for rxTba claim rx4023, using default of 30 days
Missing daysSupply for rxTba claim rx4024, using default of 30 days
Missing daysSupply for rxTba claim rx4025, using default of 30 days
Missing daysSupply for rxTba claim rx4026, using default of 30 days
Missing daysSupply for rxTba claim rx4027, using default of 30 days
Missing daysSupply for rxTba claim rx4028, using default of 30 days
Missing daysSupply for rxTba claim rx4029, using default of 30 days
Missing daysSupply for rxTba claim rx4030, using default of 30 days
Missing daysSupply for rxTba claim rx4031, using default of 30 days
Missing daysSupply for rxTba claim rx4032, using default of 30 days
Missing daysSupply for rxTba claim rx4033, using default of 30 days
Missing daysSupply for rxTba claim rx4034, using default of 30 days
Missing daysSupply for rxTba claim rx4035, using default of 30 days
Missing daysSupply for rxTba claim rx4036, using default of 30 days
Missing daysSupply for rxTba claim rx4037, using default of 30 days
Missing daysSupply for rxTba claim rx4038, using default of 30 days
Missing daysSupply for rxTba claim rx4039, using default of 30 days
Missing daysSupply for rxTba claim rx4040, using default of 30 days
Missing daysSupply for rxTba claim rx4041, using default of 30 days
Missing daysSupply for rxTba claim rx4042, using default of 30 days
Missing daysSupply for rxTba claim rx4043, using default of 30 days
Missing daysSupply for rxTba claim rx4044, using default of 30 days
Missing daysSupply for rxTba claim rx4045, using default of 30 days
Missing daysSupply for rxTba claim rx4046, using default of 30 days
Missing daysSupply for rxTba claim rx4047, using default of 30 days
Missing daysSupply for rxTba claim rx4048, using default of 30 days
Missing daysSupply for rxTba claim rx4049, using default of 30 days
Missing daysSupply for rxTba claim rx4050, using default of 30 days
Missing daysSupply for rxTba claim rx4051, using default of 30 days
Missing daysSupply for rxTba claim rx4052, using default of 30 days
Missing daysSupply for rxTba claim rx4053, using default of 30 days
Missing daysSupply for rxTba claim rx4054, using default of 30 days
Missing daysSupply for rxTba claim rx4055, using default of 30 days
Missing daysSupply for rxTba claim rx4056, using default of 30 days
Missing daysSupply for rxTba claim rx4057, using default of 30 days
Missing daysSupply for rxTba claim rx4058, using default of 30 days
Missing daysSupply for rxTba claim rx4059, using default of 30 days
Missing daysSupply for rxTba claim rx4060, using default of 30 days
Missing daysSupply for rxTba claim rx4061, using default of 30 days
Missing daysSupply for rxTba claim rx4062, using default of 30 days
Missing daysSupply for rxTba claim rx4063, using default of 30 days
Missing daysSupply for rxTba claim rx4064, using default of 30 days
Missing daysSupply for rxTba claim rx4065, using default of 30 days
Missing daysSupply for rxTba claim rx4066, using default of 30 days
Missing daysSupply for rxTba claim rx4067, using default of 30 days
Missing daysSupply for rxTba claim rx4068, using default of 30 days
Missing daysSupply for rxTba claim rx4069, using default of 30 days
Missing daysSupply for rxTba claim rx4070, using default of 30 days
Missing daysSupply for rxTba claim rx4071, using default of 30 days
Missing daysSupply for rxTba claim rx4072, using default of 30 days
Missing daysSupply for rxTba claim rx4073, using default of 30 days
Missing daysSupply for rxTba claim rx4074, using default of 30 days
Missing daysSupply for rxTba claim rx4075, using default of 30 days
Missing daysSupply for rxTba claim rx4076, using default of 30 days
Missing daysSupply for rxTba claim rx4077, using default of 30 days
Missing daysSupply for rxTba claim rx4078, using default of 30 days
Missing daysSupply for rxTba claim rx4079, using default of 30 days
Missing daysSupply for rxTba claim rx4080, using default of 30 days
Missing daysSupply for rxTba claim rx4081, using default of 30 days
Missing daysSupply for rxTba claim rx4082, using default of 30 days
Missing daysSupply for rxTba claim rx4083, using default of 30 days
Missing daysSupply for rxTba claim rx4084, using default of 30 days
Missing daysSupply for rxTba claim rx4085, using default of 30 days
Missing daysSupply for rxTba claim rx4086, using default of 30 days
Missing daysSupply for rxTba claim rx4087, using default of 30 days
Missing daysSupply for rxTba claim rx4088, using default of 30 days
Missing daysSupply for rxTba claim rx4089, using default of 30 days
Missing daysSupply for rxTba claim rx4090, using default of 30 days
Missing daysSupply for rxTba claim rx4091, using default of 30 days
Missing daysSupply for rxTba claim rx4092, using default of 30 days
Missing daysSupply for rxTba claim rx4093, using default of 30 days
Missing daysSupply for rxTba claim rx4094, using default of 30 days
Missing daysSupply for rxTba claim rx4095, using default of 30 days
Missing daysSupply for rxTba claim rx4096, using default of 30 days
Missing daysSupply for rxTba claim rx4097, using default of 30 days
Missing daysSupply for rxTba claim rx4098, using default of 30 days
Missing daysSupply for rxTba claim rx4099, using default of 30 days
Missing daysSupply for rxTba claim rx4100, using default of 30 days
Missing daysSupply for rxTba claim rx4101, using default of 30 days
Missing daysSupply for rxTba claim rx4102, using default of 30 days
Missing daysSupply for rxTba claim rx4103, using default of 30 days
Missing daysSupply for rxTba claim rx4104, using default of 30 days
Missing daysSupply for rxTba claim rx4105, using default of 30 days
Missing daysSupply for rxTba claim rx4106, using default of 30 days
Missing daysSupply for rxTba claim rx4107, using default of 30 days
Missing daysSupply for rxTba claim rx4108, using default of 30 days
Missing daysSupply for rxTba claim rx4109, using default of 30 days
Missing daysSupply for rxTba claim rx4110, using default of 30 days
Missing daysSupply for rxTba claim rx4111, using default of 30 days
Missing daysSupply for rxTba claim rx4112, using default of 30 days
Missing daysSupply for rxTba claim rx4113, using default of 30 days
Missing daysSupply for rxTba claim rx4114, using default of 30 days
Missing daysSupply for rxTba claim rx4115, using default of 30 days
Missing daysSupply for rxTba claim rx4116, using default of 30 days
Missing daysSupply for rxTba claim rx4117, using default of 30 days
Missing daysSupply for rxTba claim rx4118, using default of 30 days
Missing daysSupply for rxTba claim rx4119, using default of 30 days
Missing daysSupply for rxTba claim rx4120, using default of 30 days
Missing daysSupply for rxTba claim rx4121, using default of 30 days
Missing daysSupply for rxTba claim rx4122, using default of 30 days
Missing daysSupply for rxTba claim rx4123, using default of 30 days
Missing daysSupply for rxTba claim rx4124, using default of 30 days
Missing daysSupply for rxTba claim rx4125, using default of 30 days
Missing daysSupply for rxTba claim rx4126, using default of 30 days
Missing daysSupply for rxTba claim rx4127, using default of 30 days
Missing daysSupply for rxTba claim rx4128, using default of 30 days
Missing daysSupply for rxTba claim rx4129, using default of 30 days
Missing daysSupply for rxTba claim rx4130, using default of 30 days
Missing daysSupply for rxTba claim rx4131, using default of 30 days
Missing daysSupply for rxTba claim rx4132, using default of 30 days
Missing daysSupply for rxTba claim rx4133, using default of 30 days
Missing daysSupply for rxTba claim rx4134, using default of 30 days
Missing daysSupply for rxTba claim rx4135, using default of 30 days
Missing daysSupply for rxTba claim rx4136, using default of 30 days
Missing daysSupply for rxTba claim rx4137, using default of 30 days
Missing daysSupply for rxTba claim rx4138, using default of 30 days
Missing daysSupply for rxTba claim rx4139, using default of 30 days
Missing daysSupply for rxTba claim rx4140, using default of 30 days
Missing daysSupply for rxTba claim rx4141, using default of 30 days
Missing daysSupply for rxTba claim rx4142, using default of 30 days
Missing daysSupply for rxTba claim rx4143, using default of 30 days
Missing daysSupply for rxTba claim rx4144, using default of 30 days
Missing daysSupply for rxTba claim rx4145, using default of 30 days
Missing daysSupply for rxTba claim rx4146, using default of 30 days
Missing daysSupply for rxTba claim rx4147, using default of 30 days
Missing daysSupply for rxTba claim rx4148, using default of 30 days
Missing daysSupply for rxTba claim rx4149, using default of 30 days
Missing daysSupply for rxTba claim rx4150, using default of 30 days
Missing daysSupply for rxTba claim rx4151, using default of 30 days
Missing daysSupply for rxTba claim rx4152, using default of 30 days
Missing daysSupply for rxTba claim rx4153, using default of 30 days
Missing daysSupply for rxTba claim rx4154, using default of 30 days
Missing daysSupply for rxTba claim rx4155, using default of 30 days
Missing daysSupply for rxTba claim rx4156, using default of 30 days
Missing daysSupply for rxTba claim rx4157, using default of 30 days
Missing daysSupply for rxTba claim rx4158, using default of 30 days
Missing daysSupply for rxTba claim rx4159, using default of 30 days
Missing daysSupply for rxTba claim rx4160, using default of 30 days
Missing daysSupply for rxTba claim rx4161, using default of 30 days
Missing daysSupply for rxTba claim rx4162, using default of 30 days
Missing daysSupply for rxTba claim rx4163, using default of 30 days
Missing daysSupply for rxTba claim rx4164, using default of 30 days
Missing daysSupply for rxTba claim rx4165, using default of 30 days
Missing daysSupply for rxTba claim rx4166, using default of 30 days
Missing daysSupply for rxTba claim rx4167, using default of 30 days
Missing daysSupply for rxTba claim rx4168, using default of 30 days
Missing daysSupply for rxTba claim rx4169, using default of 30 days
Missing daysSupply for rxTba claim rx4170, using default of 30 days
Missing daysSupply for rxTba claim rx4171, using default of 30 days
Missing daysSupply for rxTba claim rx4172, using default of 30 days
Missing daysSupply for rxTba claim rx4173, using default of 30 days
Missing daysSupply for rxTba claim rx4174, using default of 30 days
Missing daysSupply for rxTba claim rx4175, using default of 30 days
Missing daysSupply for rxTba claim rx4176, using default of 30 days
Missing daysSupply for rxTba claim rx4177, using default of 30 days
Missing daysSupply for rxTba claim rx4178, using default of 30 days
Missing daysSupply for rxTba claim rx4179, using default of 30 days
Missing daysSupply for rxTba claim rx4180, using default of 30 days
Missing daysSupply for rxTba claim rx4181, using default of 30 days
Missing daysSupply for rxTba claim rx4182, using default of 30 days
Missing daysSupply for rxTba claim rx4183, using default of 30 days
Missing daysSupply for rxTba claim rx4184, using default of 30 days
Missing daysSupply for rxTba claim rx4185, using default of 30 days
Missing daysSupply for rxTba claim rx4186, using default of 30 days
Missing daysSupply for rxTba claim rx4187, using default of 30 days
Missing daysSupply for rxTba claim rx4188, using default of 30 days
Missing daysSupply for rxTba claim rx4189, using default of 30 days
Missing daysSupply for rxTba claim rx4190, using default of 30 days
Missing daysSupply for rxTba claim rx4191, using default of 30 days
Missing daysSupply for rxTba claim rx4192, using default of 30 days
Missing daysSupply for rxTba claim rx4193, using default of 30 days
Missing daysSupply for rxTba claim rx4194, using default of 30 days
Missing daysSupply for rxTba claim rx4195, using default of 30 days
Missing daysSupply for rxTba claim rx4196, using default of 30 days
Missing daysSupply for rxTba claim rx4197, using default of 30 days
Missing daysSupply for rxTba claim rx4198, using default of 30 days
Missing daysSupply for rxTba claim rx4199, using default of 30 days
Missing daysSupply for rxTba claim rx4200, using default of 30 days
Missing daysSupply for rxTba claim rx4201, using default of 30 days
Missing daysSupply for rxTba claim rx4202, using default of 30 days
Missing daysSupply for rxTba claim rx4203, using default of 30 days
Missing daysSupply for rxTba claim rx4204, using default of 30 days
Missing daysSupply for rxTba claim rx4205, using default of 30 days
Missing daysSupply for rxTba claim rx4206, using default of 30 days
Missing daysSupply for rxTba claim rx4207, using default of 30 days
Missing daysSupply for rxTba claim rx4208, using default of 30 days
Missing daysSupply for rxTba claim rx4209, using default of 30 days
Missing daysSupply for rxTba claim rx4210, using default of 30 days
Missing daysSupply for rxTba claim rx4211, using default of 30 days
Missing daysSupply for rxTba claim rx4212, using default of 30 days
Missing daysSupply for rxTba claim rx4213, using default of 30 days
Missing daysSupply for rxTba claim rx4214, using default of 30 days
Missing daysSupply for rxTba claim rx4215, using default of 30 days
Missing daysSupply for rxTba claim rx4216, using default of 30 days
Missing daysSupply for rxTba claim rx4217, using default of 30 days
Missing daysSupply for rxTba claim rx4218, using default of 30 days
Missing daysSupply for rxTba claim rx4219, using default of 30 days
Missing daysSupply for rxTba claim rx4220, using default of 30 days
Missing daysSupply for rxTba claim rx4221, using default of 30 days
Missing daysSupply for rxTba claim rx4222, using default of 30 days
Missing daysSupply for rxTba claim rx4223, using default of 30 days
Missing daysSupply for rxTba claim rx4224, using default of 30 days
Missing daysSupply for rxTba claim rx4225, using default of 30 days
Missing daysSupply for rxTba claim rx4226, using default of 30 days
Missing daysSupply for rxTba claim rx4227, using default of 30 days
Missing daysSupply for rxTba claim rx4228, using default of 30 days
Missing daysSupply for rxTba claim rx4229, using default of 30 days
Missing daysSupply for rxTba claim rx4230, using default of 30 days
Missing daysSupply for rxTba claim rx4231, using default of 30 days
Missing daysSupply for rxTba claim rx4232, using default of 30 days
Missing daysSupply for rxTba claim rx4233, using default of 30 days
Missing daysSupply for rxTba claim rx4234, using default of 30 days
Missing daysSupply for rxTba claim rx4235, using default of 30 days
Missing daysSupply for rxTba claim rx4236, using default of 30 days
Missing daysSupply for rxTba claim rx4237, using default of 30 days
Missing daysSupply for rxTba claim rx4238, using default of 30 days
Missing daysSupply for rxTba claim rx4239, using default of 30 days
Missing daysSupply for rxTba claim rx4240, using default of 30 days
Missing daysSupply for rxTba claim rx4241, using default of 30 days
Missing daysSupply for rxTba claim rx4242, using default of 30 days
Missing daysSupply for rxTba claim rx4243, using default of 30 days
Missing daysSupply for rxTba claim rx4244, using default of 30 days
Missing daysSupply for rxTba claim rx4245, using default of 30 days
Missing daysSupply for rxTba claim rx4246, using default of 30 days
Missing daysSupply for rxTba claim rx4247, using default of 30 days
Missing daysSupply for rxTba claim rx4248, using default of 30 days
Missing daysSupply for rxTba claim rx4249, using default of 30 days
Missing daysSupply for rxTba claim rx4250, using default of 30 days
Missing daysSupply for rxTba claim rx4251, using default of 30 days
Missing daysSupply for rxTba claim rx4252, using default of 30 days
Missing daysSupply for rxTba claim rx4253, using default of 30 days
Missing daysSupply for rxTba claim rx4254, using default of 30 days
Missing daysSupply for rxTba claim rx4255, using default of 30 days
Missing daysSupply for rxTba claim rx4256, using default of 30 days
Missing daysSupply for rxTba claim rx4257, using default of 30 days
Missing daysSupply for rxTba claim rx4258, using default of 30 days
Missing daysSupply for rxTba claim rx4259, using default of 30 days
Missing daysSupply for rxTba claim rx4260, using default of 30 days
Missing daysSupply for rxTba claim rx4261, using default of 30 days
Missing daysSupply for rxTba claim rx4262, using default of 30 days
Missing daysSupply for rxTba claim rx4263, using default of 30 days
Missing daysSupply for rxTba claim rx4264, using default of 30 days
Missing daysSupply for rxTba claim rx4265, using default of 30 days
Missing daysSupply for rxTba claim rx4266, using default of 30 days
Missing daysSupply for rxTba claim rx4267, using default of 30 days
Missing daysSupply for rxTba claim rx4268, using default of 30 days
Missing daysSupply for rxTba claim rx4269, using default of 30 days
Missing daysSupply for rxTba claim rx4270, using default of 30 days
Missing daysSupply for rxTba claim rx4271, using default of 30 days
Missing daysSupply for rxTba claim rx4272, using default of 30 days
Missing daysSupply for rxTba claim rx4273, using default of 30 days
Missing daysSupply for rxTba claim rx4274, using default of 30 days
Missing daysSupply for rxTba claim rx4275, using default of 30 days
Missing daysSupply for rxTba claim rx4276, using default of 30 days
Missing daysSupply for rxTba claim rx4277, using default of 30 days
Missing daysSupply for rxTba claim rx4278, using default of 30 days
Missing daysSupply for rxTba claim rx4279, using default of 30 days
Missing daysSupply for rxTba claim rx4280, using default of 30 days
Missing daysSupply for rxTba claim rx4281, using default of 30 days
Missing daysSupply for rxTba claim rx4282, using default of 30 days
Missing daysSupply for rxTba claim rx4283, using default of 30 days
Missing daysSupply for rxTba claim rx4284, using default of 30 days
Missing daysSupply for rxTba claim rx4285, using default of 30 days
Missing daysSupply for rxTba claim rx4286, using default of 30 days
Missing daysSupply for rxTba claim rx4287, using default of 30 days
Missing daysSupply for rxTba claim rx4288, using default of 30 days
Missing daysSupply for rxTba claim rx4289, using default of 30 days
Missing daysSupply for rxTba claim rx4290, using default of 30 days
Missing daysSupply for rxTba claim rx4291, using default of 30 days
Missing daysSupply for rxTba claim rx4292, using default of 30 days
Missing daysSupply for rxTba claim rx4293, using default of 30 days
Missing daysSupply for rxTba claim rx4294, using default of 30 days
Missing daysSupply for rxTba claim rx4295, using default of 30 days
Missing daysSupply for rxTba claim rx4296, using default of 30 days
Missing daysSupply for rxTba claim rx4297, using default of 30 days
Missing daysSupply for rxTba claim rx4298, using default of 30 days
Missing daysSupply for rxTba claim rx4299, using default of 30 days
Missing daysSupply for rxTba claim rx4300, using default of 30 days
Missing daysSupply for rxTba claim rx4301, using default of 30 days
Missing daysSupply for rxTba claim rx4302, using default of 30 days
Missing daysSupply for rxTba claim rx4303, using default of 30 days
Missing daysSupply for rxTba claim rx4304, using default of 30 days
Missing daysSupply for rxTba claim rx4305, using default of 30 days
Missing daysSupply for rxTba claim rx4306, using default of 30 days
Missing daysSupply for rxTba claim rx4307, using default of 30 days
Missing daysSupply for rxTba claim rx4308, using default of 30 days
Missing daysSupply for rxTba claim rx4309, using default of 30 days
Missing daysSupply for rxTba claim rx4310, using default of 30 days
Missing daysSupply for rxTba claim rx4311, using default of 30 days
Missing daysSupply for rxTba claim rx4312, using default of 30 days
Missing daysSupply for rxTba claim rx4313, using default of 30 days
Missing daysSupply for rxTba claim rx4314, using default of 30 days
Missing daysSupply for rxTba claim rx4315, using default of 30 days
Missing daysSupply for rxTba claim rx4316, using default of 30 days
Missing daysSupply for rxTba claim rx4317, using default of 30 days
Missing daysSupply for rxTba claim rx4318, using default of 30 days
Missing daysSupply for rxTba claim rx4319, using default of 30 days
Missing daysSupply for rxTba claim rx4320, using default of 30 days
Missing daysSupply for rxTba claim rx4321, using default of 30 days
Missing daysSupply for rxTba claim rx4322, using default of 30 days
Missing daysSupply for rxTba claim rx4323, using default of 30 days
Missing daysSupply for rxTba claim rx4324, using default of 30 days
Missing daysSupply for rxTba claim rx4325, using default of 30 days
Missing daysSupply for rxTba claim rx4326, using default of 30 days
Missing daysSupply for rxTba claim rx4327, using default of 30 days
Missing daysSupply for rxTba claim rx4328, using default of 30 days
Missing daysSupply for rxTba claim rx4329, using default of 30 days
Missing daysSupply for rxTba claim rx4330, using default of 30 days
Missing daysSupply for rxTba claim rx4331, using default of 30 days
Missing daysSupply for rxTba claim rx4332, using default of 30 days
Missing daysSupply for rxTba claim rx4333, using default of 30 days
Missing daysSupply for rxTba claim rx4334, using default of 30 days
Missing daysSupply for rxTba claim rx4335, using default of 30 days
Missing daysSupply for rxTba claim rx4336, using default of 30 days
Missing daysSupply for rxTba claim rx4337, using default of 30 days
Missing daysSupply for rxTba claim rx4338, using default of 30 days
Missing daysSupply for rxTba claim rx4339, using default of 30 days
Missing daysSupply for rxTba claim rx4340, using default of 30 days
Missing daysSupply for rxTba claim rx4341, using default of 30 days
Missing daysSupply for rxTba claim rx4342, using default of 30 days
Missing daysSupply for rxTba claim rx4343, using default of 30 days
Missing daysSupply for rxTba claim rx4344, using default of 30 days
Missing daysSupply for rxTba claim rx4345, using default of 30 days
Missing daysSupply for rxTba claim rx4346, using default of 30 days
Missing daysSupply for rxTba claim rx4347, using default of 30 days
Missing daysSupply for rxTba claim rx4348, using default of 30 days
Missing daysSupply for rxTba claim rx4349, using default of 30 days
Missing daysSupply for rxTba claim rx4350, using default of 30 days
Missing daysSupply for rxTba claim rx4351, using default of 30 days
Missing daysSupply for rxTba claim rx4352, using default of 30 days
Missing daysSupply for rxTba claim rx4353, using default of 30 days
Missing daysSupply for rxTba claim rx4354, using default of 30 days
Missing daysSupply for rxTba claim rx4355, using default of 30 days
Missing daysSupply for rxTba claim rx4356, using default of 30 days
Missing daysSupply for rxTba claim rx4357, using default of 30 days
Missing daysSupply for rxTba claim rx4358, using default of 30 days
Missing daysSupply for rxTba claim rx4359, using default of 30 days
Missing daysSupply for rxTba claim rx4360, using default of 30 days
Missing daysSupply for rxTba claim rx4361, using default of 30 days
Missing daysSupply for rxTba claim rx4362, using default of 30 days
Missing daysSupply for rxTba claim rx4363, using default of 30 days
Missing daysSupply for rxTba claim rx4364, using default of 30 days
Missing daysSupply for rxTba claim rx4365, using default of 30 days
Missing daysSupply for rxTba claim rx4366, using default of 30 days
Missing daysSupply for rxTba claim rx4367, using default of 30 days
Missing daysSupply for rxTba claim rx4368, using default of 30 days
Missing daysSupply for rxTba claim rx4369, using default of 30 days
Missing daysSupply for rxTba claim rx4370, using default of 30 days
Missing daysSupply for rxTba claim rx4371, using default of 30 days
Missing daysSupply for rxTba claim rx4372, using default of 30 days
Missing daysSupply for rxTba claim rx4373, using default of 30 days
Missing daysSupply for rxTba claim rx4374, using default of 30 days
Missing daysSupply for rxTba claim rx4375, using default of 30 days
Missing daysSupply for rxTba claim rx4376, using default of 30 days
Missing daysSupply for rxTba claim rx4377, using default of 30 days
Missing daysSupply for rxTba claim rx4378, using default of 30 days
Missing daysSupply for rxTba claim rx4379, using default of 30 days
Missing daysSupply for rxTba claim rx4380, using default of 30 days
Missing daysSupply for rxTba claim rx4381, using default of 30 days
Missing daysSupply for rxTba claim rx4382, using default of 30 days
Missing daysSupply for rxTba claim rx4383, using default of 30 days
Missing daysSupply for rxTba claim rx4384, using default of 30 days
Missing daysSupply for rxTba claim rx4385, using default of 30 days
Missing daysSupply for rxTba claim rx4386, using default of 30 days
Missing daysSupply for rxTba claim rx4387, using default of 30 days
Missing daysSupply for rxTba claim rx4388, using default of 30 days
Missing daysSupply for rxTba claim rx4389, using default of 30 days
Missing daysSupply for rxTba claim rx4390, using default of 30 days
Missing daysSupply for rxTba claim rx4391, using default of 30 days
Missing daysSupply for rxTba claim rx4392, using default of 30 days
Missing daysSupply for rxTba claim rx4393, using default of 30 days
Missing daysSupply for rxTba claim rx4394, using default of 30 days
Missing daysSupply for rxTba claim rx4395, using default of 30 days
Missing daysSupply for rxTba claim rx4396, using default of 30 days
Missing daysSupply for rxTba claim rx4397, using default of 30 days
Missing daysSupply for rxTba claim rx4398, using default of 30 days
Missing daysSupply for rxTba claim rx4399, using default of 30 days
Missing daysSupply for rxTba claim rx4400, using default of 30 days
Missing daysSupply for rxTba claim rx4401, using default of 30 days
Missing daysSupply for rxTba claim rx4402, using default of 30 days
Missing daysSupply for rxTba claim rx4403, using default of 30 days
Missing daysSupply for rxTba claim rx4404, using default of 30 days
Missing daysSupply for rxTba claim rx4405, using default of 30 days
Missing daysSupply for rxTba claim rx4406, using default of 30 days
Missing daysSupply for rxTba claim rx4407, using default of 30 days
Missing daysSupply for rxTba claim rx4408, using default of 30 days
Missing daysSupply for rxTba claim rx4409, using default of 30 days
Missing daysSupply for rxTba claim rx4410, using default of 30 days
Missing daysSupply for rxTba claim rx4411, using default of 30 days
Missing daysSupply for rxTba claim rx4412, using default of 30 days
Missing daysSupply for rxTba claim rx4413, using default of 30 days
Missing daysSupply for rxTba claim rx4414, using default of 30 days
Missing daysSupply for rxTba claim rx4415, using default of 30 days
Missing daysSupply for rxTba claim rx4416, using default of 30 days
Missing daysSupply for rxTba claim rx4417, using default of 30 days
Missing daysSupply for rxTba claim rx4418, using default of 30 days
Missing daysSupply for rxTba claim rx4419, using default of 30 days
Missing daysSupply for rxTba claim rx4420, using default of 30 days
Missing daysSupply for rxTba claim rx4421, using default of 30 days
Missing daysSupply for rxTba claim rx4422, using default of 30 days
Missing daysSupply for rxTba claim rx4423, using default of 30 days
Missing daysSupply for rxTba claim rx4424, using default of 30 days
Missing daysSupply for rxTba claim rx4425, using default of 30 days
Missing daysSupply for rxTba claim rx4426, using default of 30 days
Missing daysSupply for rxTba claim rx4427, using default of 30 days
Missing daysSupply for rxTba claim rx4428, using default of 30 days
Missing daysSupply for rxTba claim rx4429, using default of 30 days
Missing daysSupply for rxTba claim rx4430, using default of 30 days
Missing daysSupply for rxTba claim rx4431, using default of 30 days
Missing daysSupply for rxTba claim rx4432, using default of 30 days
Missing daysSupply for rxTba claim rx4433, using default of 30 days
Missing daysSupply for rxTba claim rx4434, using default of 30 days
Missing daysSupply for rxTba claim rx4435, using default of 30 days
Missing daysSupply for rxTba claim rx4436, using default of 30 days
Missing daysSupply for rxTba claim rx4437, using default of 30 days
Missing daysSupply for rxTba claim rx4438, using default of 30 days
Missing daysSupply for rxTba claim rx4439, using default of 30 days
Missing daysSupply for rxTba claim rx4440, using default of 30 days
Missing daysSupply for rxTba claim rx4441, using default of 30 days
Missing daysSupply for rxTba claim rx4442, using default of 30 days
Missing daysSupply for rxTba claim rx4443, using default of 30 days
Missing daysSupply for rxTba claim rx4444, using default of 30 days
Missing daysSupply for rxTba claim rx4445, using default of 30 days
Missing daysSupply for rxTba claim rx4446, using default of 30 days
Missing daysSupply for rxTba claim rx4447, using default of 30 days
Missing daysSupply for rxTba claim rx4448, using default of 30 days
Missing daysSupply for rxTba claim rx4449, using default of 30 days
Missing daysSupply for rxTba claim rx4450, using default of 30 days
Missing daysSupply for rxTba claim rx4451, using default of 30 days
Missing daysSupply for rxTba claim rx4452, using default of 30 days
Missing daysSupply for rxTba claim rx4453, using default of 30 days
Missing daysSupply for rxTba claim rx4454, using default of 30 days
Missing daysSupply for rxTba claim rx4455, using default of 30 days
Missing daysSupply for rxTba claim rx4456, using default of 30 days
Missing daysSupply for rxTba claim rx4457, using default of 30 days
Missing daysSupply for rxTba claim rx4458, using default of 30 days
Missing daysSupply for rxTba claim rx4459, using default of 30 days
Missing daysSupply for rxTba claim rx4460, using default of 30 days
Missing daysSupply for rxTba claim rx4461, using default of 30 days
Missing daysSupply for rxTba claim rx4462, using default of 30 days
Missing daysSupply for rxTba claim rx4463, using default of 30 days
Missing daysSupply for rxTba claim rx4464, using default of 30 days
Missing daysSupply for rxTba claim rx4465, using default of 30 days
Missing daysSupply for rxTba claim rx4466, using default of 30 days
Missing daysSupply for rxTba claim rx4467, using default of 30 days
Missing daysSupply for rxTba claim rx4468, using default of 30 days
Missing daysSupply for rxTba claim rx4469, using default of 30 days
Missing daysSupply for rxTba claim rx4470, using default of 30 days
Missing daysSupply for rxTba claim rx4471, using default of 30 days
Missing daysSupply for rxTba claim rx4472, using default of 30 days
Missing daysSupply for rxTba claim rx4473, using default of 30 days
Missing daysSupply for rxTba claim rx4474, using default of 30 days
Missing daysSupply for rxTba claim rx4475, using default of 30 days
Missing daysSupply for rxTba claim rx4476, using default of 30 days
Missing daysSupply for rxTba claim rx4477, using default of 30 days
Missing daysSupply for rxTba claim rx4478, using default of 30 days
Missing daysSupply for rxTba claim rx4479, using default of 30 days
Missing daysSupply for rxTba claim rx4480, using default of 30 days
Missing daysSupply for rxTba claim rx4481, using default of 30 days
Missing daysSupply for rxTba claim rx4482, using default of 30 days
Missing daysSupply for rxTba claim rx4483, using default of 30 days
Missing daysSupply for rxTba claim rx4484, using default of 30 days
Missing daysSupply for rxTba claim rx4485, using default of 30 days
Missing daysSupply for rxTba claim rx4486, using default of 30 days
Missing daysSupply for rxTba claim rx4487, using default of 30 days
Missing daysSupply for rxTba claim rx4488, using default of 30 days
Missing daysSupply for rxTba claim rx4489, using default of 30 days
Missing daysSupply for rxTba claim rx4490, using default of 30 days
Missing daysSupply for rxTba claim rx4491, using default of 30 days
Missing daysSupply for rxTba claim rx4492, using default of 30 days
Missing daysSupply for rxTba claim rx4493, using default of 30 days
Missing daysSupply for rxTba claim rx4494, using default of 30 days
Missing daysSupply for rxTba claim rx4495, using default of 30 days
Missing daysSupply for rxTba claim rx4496, using default of 30 days
Missing daysSupply for rxTba claim rx4497, using default of 30 days
Missing daysSupply for rxTba claim rx4498, using default of 30 days
Missing daysSupply for rxTba claim rx4499, using default of 30 days
Missing daysSupply for rxTba claim rx4500, using default of 30 days
Missing daysSupply for rxTba claim rx4501, using default of 30 days
Missing daysSupply for rxTba claim rx4502, using default of 30 days
Missing daysSupply for rxTba claim rx4503, using default of 30 days
Missing daysSupply for rxTba claim rx4504, using default of 30 days
Missing daysSupply for rxTba claim rx4505, using default of 30 days
Missing daysSupply for rxTba claim rx4506, using default of 30 days
Missing daysSupply for rxTba claim rx4507, using default of 30 days
Missing daysSupply for rxTba claim rx4508, using default of 30 days
Missing daysSupply for rxTba claim rx4509, using default of 30 days
Missing daysSupply for rxTba claim rx4510, using default of 30 days
Missing daysSupply for rxTba claim rx4511, using default of 30 days
Missing daysSupply for rxTba claim rx4512, using default of 30 days
Missing daysSupply for rxTba claim rx4513, using default of 30 days
Missing daysSupply for rxTba claim rx4514, using default of 30 days
Missing daysSupply for rxTba claim rx4515, using default of 30 days
Missing daysSupply for rxTba claim rx4516, using default of 30 days
Missing daysSupply for rxTba claim rx4517, using default of 30 days
Missing daysSupply for rxTba claim rx4518, using default of 30 days
Missing daysSupply for rxTba claim rx4519, using default of 30 days
Missing daysSupply for rxTba claim rx4520, using default of 30 days
Missing daysSupply for rxTba claim rx4521, using default of 30 days
Missing daysSupply for rxTba claim rx4522, using default of 30 days
Missing daysSupply for rxTba claim rx4523, using default of 30 days
Missing daysSupply for rxTba claim rx4524, using default of 30 days
Missing daysSupply for rxTba claim rx4525, using default of 30 days
Missing daysSupply for rxTba claim rx4526, using default of 30 days
Missing daysSupply for rxTba claim rx4527, using default of 30 days
Missing daysSupply for rxTba claim rx4528, using default of 30 days
Missing daysSupply for rxTba claim rx4529, using default of 30 days
Missing daysSupply for rxTba claim rx4530, using default of 30 days
Missing daysSupply for rxTba claim rx4531, using default of 30 days
Missing daysSupply for rxTba claim rx4532, using default of 30 days
Missing daysSupply for rxTba claim rx4533, using default of 30 days
Missing daysSupply for rxTba claim rx4534, using default of 30 days
Missing daysSupply for rxTba claim rx4535, using default of 30 days
Missing daysSupply for rxTba claim rx4536, using default of 30 days
Missing daysSupply for rxTba claim rx4537, using default of 30 days
Missing daysSupply for rxTba claim rx4538, using default of 30 days
Missing daysSupply for rxTba claim rx4539, using default of 30 days
Missing daysSupply for rxTba claim rx4540, using default of 30 days
Missing daysSupply for rxTba claim rx4541, using default of 30 days
Missing daysSupply for rxTba claim rx4542, using default of 30 days
Missing daysSupply for rxTba claim rx4543, using default of 30 days
Missing daysSupply for rxTba claim rx4544, using default of 30 days
Missing daysSupply for rxTba claim rx4545, using default of 30 days
Missing daysSupply for rxTba claim rx4546, using default of 30 days
Missing daysSupply for rxTba claim rx4547, using default of 30 days
Missing daysSupply for rxTba claim rx4548, using default of 30 days
Missing daysSupply for rxTba claim rx4549, using default of 30 days
Missing daysSupply for rxTba claim rx4550, using default of 30 days
Missing daysSupply for rxTba claim rx4551, using default of 30 days
Missing daysSupply for rxTba claim rx4552, using default of 30 days
Missing daysSupply for rxTba claim rx4553, using default of 30 days
Missing daysSupply for rxTba claim rx4554, using default of 30 days
Missing daysSupply for rxTba claim rx4555, using default of 30 days
Missing daysSupply for rxTba claim rx4556, using default of 30 days
Missing daysSupply for rxTba claim rx4557, using default of 30 days
Missing daysSupply for rxTba claim rx4558, using default of 30 days
Missing daysSupply for rxTba claim rx4559, using default of 30 days
Missing daysSupply for rxTba claim rx4560, using default of 30 days
Missing daysSupply for rxTba claim rx4561, using default of 30 days
Missing daysSupply for rxTba claim rx4562, using default of 30 days
Missing daysSupply for rxTba claim rx4563, using default of 30 days
Missing daysSupply for rxTba claim rx4564, using default of 30 days
Missing daysSupply for rxTba claim rx4565, using default of 30 days
Missing daysSupply for rxTba claim rx4566, using default of 30 days
Missing daysSupply for rxTba claim rx4567, using default of 30 days
Missing daysSupply for rxTba claim rx4568, using default of 30 days
Missing daysSupply for rxTba claim rx4569, using default of 30 days
Missing daysSupply for rxTba claim rx4570, using default of 30 days
Missing daysSupply for rxTba claim rx4571, using default of 30 days
Missing daysSupply for rxTba claim rx4572, using default of 30 days
Missing daysSupply for rxTba claim rx4573, using default of 30 days
Missing daysSupply for rxTba claim rx4574, using default of 30 days
Missing daysSupply for rxTba claim rx4575, using default of 30 days
Missing daysSupply for rxTba claim rx4576, using default of 30 days
Missing daysSupply for rxTba claim rx4577, using default of 30 days
Missing daysSupply for rxTba claim rx4578, using default of 30 days
Missing daysSupply for rxTba claim rx4579, using default of 30 days
Missing daysSupply for rxTba claim rx4580, using default of 30 days
Missing daysSupply for rxTba claim rx4581, using default of 30 days
Missing daysSupply for rxTba claim rx4582, using default of 30 days
Missing daysSupply for rxTba claim rx4583, using default of 30 days
Missing daysSupply for rxTba claim rx4584, using default of 30 days
Missing daysSupply for rxTba claim rx4585, using default of 30 days
Missing daysSupply for rxTba claim rx4586, using default of 30 days
Missing daysSupply for rxTba claim rx4587, using default of 30 days
Missing daysSupply for rxTba claim rx4588, using default of 30 days
Missing daysSupply for rxTba claim rx4589, using default of 30 days
Missing daysSupply for rxTba claim rx4590, using default of 30 days
Missing daysSupply for rxTba claim rx4591, using default of 30 days
Missing daysSupply for rxTba claim rx4592, using default of 30 days
Missing daysSupply for rxTba claim rx4593, using default of 30 days
Missing daysSupply for rxTba claim rx4594, using default of 30 days
Missing daysSupply for rxTba claim rx4595, using default of 30 days
Missing daysSupply for rxTba claim rx4596, using default of 30 days
Missing daysSupply for rxTba claim rx4597, using default of 30 days
Missing daysSupply for rxTba claim rx4598, using default of 30 days
Missing daysSupply for rxTba claim rx4599, using default of 30 days
Missing daysSupply for rxTba claim rx4600, using default of 30 days
Missing daysSupply for rxTba claim rx4601, using default of 30 days
Missing daysSupply for rxTba claim rx4602, using default of 30 days
Missing daysSupply for rxTba claim rx4603, using default of 30 days
Missing daysSupply for rxTba claim rx4604, using default of 30 days
Missing daysSupply for rxTba claim rx4605, using default of 30 days
Missing daysSupply for rxTba claim rx4606, using default of 30 days
Missing daysSupply for rxTba claim rx4607, using default of 30 days
Missing daysSupply for rxTba claim rx4608, using default of 30 days
Missing daysSupply for rxTba claim rx4609, using default of 30 days
Missing daysSupply for rxTba claim rx4610, using default of 30 days
Missing daysSupply for rxTba claim rx4611, using default of 30 days
Missing daysSupply for rxTba claim rx4612, using default of 30 days
Missing daysSupply for rxTba claim rx4613, using default of 30 days
Missing daysSupply for rxTba claim rx4614, using default of 30 days
Missing daysSupply for rxTba claim rx4615, using default of 30 days
Missing daysSupply for rxTba claim rx4616, using default of 30 days
Missing daysSupply for rxTba claim rx4617, using default of 30 days
Missing daysSupply for rxTba claim rx4618, using default of 30 days
Missing daysSupply for rxTba claim rx4619, using default of 30 days
Missing daysSupply for rxTba claim rx4620, using default of 30 days
Missing daysSupply for rxTba claim rx4621, using default of 30 days
Missing daysSupply for rxTba claim rx4622, using default of 30 days
Missing daysSupply for rxTba claim rx4623, using default of 30 days
Missing daysSupply for rxTba claim rx4624, using default of 30 days
Missing daysSupply for rxTba claim rx4625, using default of 30 days
Missing daysSupply for rxTba claim rx4626, using default of 30 days
Missing daysSupply for rxTba claim rx4627, using default of 30 days
Missing daysSupply for rxTba claim rx4628, using default of 30 days
Missing daysSupply for rxTba claim rx4629, using default of 30 days
Missing daysSupply for rxTba claim rx4630, using default of 30 days
Missing daysSupply for rxTba claim rx4631, using default of 30 days
Missing daysSupply for rxTba claim rx4632, using default of 30 days
Missing daysSupply for rxTba claim rx4633, using default of 30 days
Missing daysSupply for rxTba claim rx4634, using default of 30 days
Missing daysSupply for rxTba claim rx4635, using default of 30 days
Missing daysSupply for rxTba claim rx4636, using default of 30 days
Missing daysSupply for rxTba claim rx4637, using default of 30 days
Missing daysSupply for rxTba claim rx4638, using default of 30 days
Missing daysSupply for rxTba claim rx4639, using default of 30 days
Missing daysSupply for rxTba claim rx4640, using default of 30 days
Missing daysSupply for rxTba claim rx4641, using default of 30 days
Missing daysSupply for rxTba claim rx4642, using default of 30 days
Missing daysSupply for rxTba claim rx4643, using default of 30 days
Missing daysSupply for rxTba claim rx4644, using default of 30 days
Missing daysSupply for rxTba claim rx4645, using default of 30 days
Missing daysSupply for rxTba claim rx4646, using default of 30 days
Missing daysSupply for rxTba claim rx4647, using default of 30 days
Missing daysSupply for rxTba claim rx4648, using default of 30 days
Missing daysSupply for rxTba claim rx4649, using default of 30 days
Missing daysSupply for rxTba claim rx4650, using default of 30 days
Missing daysSupply for rxTba claim rx4651, using default of 30 days
Missing daysSupply for rxTba claim rx4652, using default of 30 days
Missing daysSupply for rxTba claim rx4653, using default of 30 days
Missing daysSupply for rxTba claim rx4654, using default of 30 days
Missing daysSupply for rxTba claim rx4655, using default of 30 days
Missing daysSupply for rxTba claim rx4656, using default of 30 days
Missing daysSupply for rxTba claim rx4657, using default of 30 days
Missing daysSupply for rxTba claim rx4658, using default of 30 days
Missing daysSupply for rxTba claim rx4659, using default of 30 days
Missing daysSupply for rxTba claim rx4660, using default of 30 days
Missing daysSupply for rxTba claim rx4661, using default of 30 days
Missing daysSupply for rxTba claim rx4662, using default of 30 days
Missing daysSupply for rxTba claim rx4663, using default of 30 days
Missing daysSupply for rxTba claim rx4664, using default of 30 days
Missing daysSupply for rxTba claim rx4665, using default of 30 days
Missing daysSupply for rxTba claim rx4666, using default of 30 days
Missing daysSupply for rxTba claim rx4667, using default of 30 days
Missing daysSupply for rxTba claim rx4668, using default of 30 days
Missing daysSupply for rxTba claim rx4669, using default of 30 days
Missing daysSupply for rxTba claim rx4670, using default of 30 days
Missing daysSupply for rxTba claim rx4671, using default of 30 days
Missing daysSupply for rxTba claim rx4672, using default of 30 days
Missing daysSupply for rxTba claim rx4673, using default of 30 days
Missing daysSupply for rxTba claim rx4674, using default of 30 days
Missing daysSupply for rxTba claim rx4675, using default of 30 days
Missing daysSupply for rxTba claim rx4676, using default of 30 days
Missing daysSupply for rxTba claim rx4677, using default of 30 days
Missing daysSupply for rxTba claim rx4678, using default of 30 days
Missing daysSupply for rxTba claim rx4679, using default of 30 days
Missing daysSupply for rxTba claim rx4680, using default of 30 days
Missing daysSupply for rxTba claim rx4681, using default of 30 days
Missing daysSupply for rxTba claim rx4682, using default of 30 days
Missing daysSupply for rxTba claim rx4683, using default of 30 days
Missing daysSupply for rxTba claim rx4684, using default of 30 days
Missing daysSupply for rxTba claim rx4685, using default of 30 days
Missing daysSupply for rxTba claim rx4686, using default of 30 days
Missing daysSupply for rxTba claim rx4687, using default of 30 days
Missing daysSupply for rxTba claim rx4688, using default of 30 days
Missing daysSupply for rxTba claim rx4689, using default of 30 days
Missing daysSupply for rxTba claim rx4690, using default of 30 days
Missing daysSupply for rxTba claim rx4691, using default of 30 days
Missing daysSupply for rxTba claim rx4692, using default of 30 days
Missing daysSupply for rxTba claim rx4693, using default of 30 days
Missing daysSupply for rxTba claim rx4694, using default of 30 days
Missing daysSupply for rxTba claim rx4695, using default of 30 days
Missing daysSupply for rxTba claim rx4696, using default of 30 days
Missing daysSupply for rxTba claim rx4697, using default of 30 days
Missing daysSupply for rxTba claim rx4698, using default of 30 days
Missing daysSupply for rxTba claim rx4699, using default of 30 days
Missing daysSupply for rxTba claim rx4700, using default of 30 days
Missing daysSupply for rxTba claim rx4701, using default of 30 days
Missing daysSupply for rxTba claim rx4702, using default of 30 days
Missing daysSupply for rxTba claim rx4703, using default of 30 days
Missing daysSupply for rxTba claim rx4704, using default of 30 days
Missing daysSupply for rxTba claim rx4705, using default of 30 days
Missing daysSupply for rxTba claim rx4706, using default of 30 days
Missing daysSupply for rxTba claim rx4707, using default of 30 days
Missing daysSupply for rxTba claim rx4708, using default of 30 days
Missing daysSupply for rxTba claim rx4709, using default of 30 days
Missing daysSupply for rxTba claim rx4710, using default of 30 days
Missing daysSupply for rxTba claim rx4711, using default of 30 days
Missing daysSupply for rxTba claim rx4712, using default of 30 days
Missing daysSupply for rxTba claim rx4713, using default of 30 days
Missing daysSupply for rxTba claim rx4714, using default of 30 days
Missing daysSupply for rxTba claim rx4715, using default of 30 days
Missing daysSupply for rxTba claim rx4716, using default of 30 days
Missing daysSupply for rxTba claim rx4717, using default of 30 days
Missing daysSupply for rxTba claim rx4718, using default of 30 days
Missing daysSupply for rxTba claim rx4719, using default of 30 days
Missing daysSupply for rxTba claim rx4720, using default of 30 days
Missing daysSupply for rxTba claim rx4721, using default of 30 days
Missing daysSupply for rxTba claim rx4722, using default of 30 days
Missing daysSupply for rxTba claim rx4723, using default of 30 days
Missing daysSupply for rxTba claim rx4724, using default of 30 days
Missing daysSupply for rxTba claim rx4725, using default of 30 days
Missing daysSupply for rxTba claim rx4726, using default of 30 days
Missing daysSupply for rxTba claim rx4727, using default of 30 days
Missing daysSupply for rxTba claim rx4728, using default of 30 days
Missing daysSupply for rxTba claim rx4729, using default of 30 days
Missing daysSupply for rxTba claim rx4730, using default of 30 days
Missing daysSupply for rxTba claim rx4731, using default of 30 days
Missing daysSupply for rxTba claim rx4732, using default of 30 days
Missing daysSupply for rxTba claim rx4733, using default of 30 days
Missing daysSupply for rxTba claim rx4734, using default of 30 days
Missing daysSupply for rxTba claim rx4735, using default of 30 days
Missing daysSupply for rxTba claim rx4736, using default of 30 days
Missing daysSupply for rxTba claim rx4737, using default of 30 days
Missing daysSupply for rxTba claim rx4738, using default of 30 days
Missing daysSupply for rxTba claim rx4739, using default of 30 days
Missing daysSupply for rxTba claim rx4740, using default of 30 days
Missing daysSupply for rxTba claim rx4741, using default of 30 days
Missing daysSupply for rxTba claim rx4742, using default of 30 days
Missing daysSupply for rxTba claim rx4743, using default of 30 days
Missing daysSupply for rxTba claim rx4744, using default of 30 days
Missing daysSupply for rxTba claim rx4745, using default of 30 days
Missing daysSupply for rxTba claim rx4746, using default of 30 days
Missing daysSupply for rxTba claim rx4747, using default of 30 days
Missing daysSupply for rxTba claim rx4748, using default of 30 days
Missing daysSupply for rxTba claim rx4749, using default of 30 days
Missing daysSupply for rxTba claim rx4750, using default of 30 days
Missing daysSupply for rxTba claim rx4751, using default of 30 days
Missing daysSupply for rxTba claim rx4752, using default of 30 days
Missing daysSupply for rxTba claim rx4753, using default of 30 days
Missing daysSupply for rxTba claim rx4754, using default of 30 days
Missing daysSupply for rxTba claim rx4755, using default of 30 days
Missing daysSupply for rxTba claim rx4756, using default of 30 days
Missing daysSupply for rxTba claim rx4757, using default of 30 days
Missing daysSupply for rxTba claim rx4758, using default of 30 days
Missing daysSupply for rxTba claim rx4759, using default of 30 days
Missing daysSupply for rxTba claim rx4760, using default of 30 days
Missing daysSupply for rxTba claim rx4761, using default of 30 days
Missing daysSupply for rxTba claim rx4762, using default of 30 days
Missing daysSupply for rxTba claim rx4763, using default of 30 days
Missing daysSupply for rxTba claim rx4764, using default of 30 days
Missing daysSupply for rxTba claim rx4765, using default of 30 days
Missing daysSupply for rxTba claim rx4766, using default of 30 days
Missing daysSupply for rxTba claim rx4767, using default of 30 days
Missing daysSupply for rxTba claim rx4768, using default of 30 days
Missing daysSupply for rxTba claim rx4769, using default of 30 days
Missing daysSupply for rxTba claim rx4770, using default of 30 days
Missing daysSupply for rxTba claim rx4771, using default of 30 days
Missing daysSupply for rxTba claim rx4772, using default of 30 days
Missing daysSupply for rxTba claim rx4773, using default of 30 days
Missing daysSupply for rxTba claim rx4774, using default of 30 days
Missing daysSupply for rxTba claim rx4775, using default of 30 days
Missing daysSupply for rxTba claim rx4776, using default of 30 days
Missing daysSupply for rxTba claim rx4777, using default of 30 days
Missing daysSupply for rxTba claim rx4778, using default of 30 days
Missing daysSupply for rxTba claim rx4779, using default of 30 days
Missing daysSupply for rxTba claim rx4780, using default of 30 days
Missing daysSupply for rxTba claim rx4781, using default of 30 days
Missing daysSupply for rxTba claim rx4782, using default of 30 days
Missing daysSupply for rxTba claim rx4783, using default of 30 days
Missing daysSupply for rxTba claim rx4784, using default of 30 days
Missing daysSupply for rxTba claim rx4785, using default of 30 days
Missing daysSupply for rxTba claim rx4786, using default of 30 days
Missing daysSupply for rxTba claim rx4787, using default of 30 days
Missing daysSupply for rxTba claim rx4788, using default of 30 days
Missing daysSupply for rxTba claim rx4789, using default of 30 days
Missing daysSupply for rxTba claim rx4790, using default of 30 days
Missing daysSupply for rxTba claim rx4791, using default of 30 days
Missing daysSupply for rxTba claim rx4792, using default of 30 days
Missing daysSupply for rxTba claim rx4793, using default of 30 days
Missing daysSupply for rxTba claim rx4794, using default of 30 days
Missing daysSupply for rxTba claim rx4795, using default of 30 days
Missing daysSupply for rxTba claim rx4796, using default of 30 days
Missing daysSupply for rxTba claim rx4797, using default of 30 days
Missing daysSupply for rxTba claim rx4798, using default of 30 days
Missing daysSupply for rxTba claim rx4799, using default of 30 days
Missing daysSupply for rxTba claim rx4800, using default of 30 days
Missing daysSupply for rxTba claim rx4801, using default of 30 days
Missing daysSupply for rxTba claim rx4802, using default of 30 days
Missing daysSupply for rxTba claim rx4803, using default of 30 days
Missing daysSupply for rxTba claim rx4804, using default of 30 days
Missing daysSupply for rxTba claim rx4805, using default of 30 days
Missing daysSupply for rxTba claim rx4806, using default of 30 days
Missing daysSupply for rxTba claim rx4807, using default of 30 days
Missing daysSupply for rxTba claim rx4808, using default of 30 days
Missing daysSupply for rxTba claim rx4809, using default of 30 days
Missing daysSupply for rxTba claim rx4810, using default of 30 days
Missing daysSupply for rxTba claim rx4811, using default of 30 days
Missing daysSupply for rxTba claim rx4812, using default of 30 days
Missing daysSupply for rxTba claim rx4813, using default of 30 days
Missing daysSupply for rxTba claim rx4814, using default of 30 days
Missing daysSupply for rxTba claim rx4815, using default of 30 days
Missing daysSupply for rxTba claim rx4816, using default of 30 days
Missing daysSupply for rxTba claim rx4817, using default of 30 days
Missing daysSupply for rxTba claim rx4818, using default of 30 days
Missing daysSupply for rxTba claim rx4819, using default of 30 days
Missing daysSupply for rxTba claim rx4820, using default of 30 days
Missing daysSupply for rxTba claim rx4821, using default of 30 days
Missing daysSupply for rxTba claim rx4822, using default of 30 days
Missing daysSupply for rxTba claim rx4823, using default of 30 days
Missing daysSupply for rxTba claim rx4824, using default of 30 days
Missing daysSupply for rxTba claim rx4825, using default of 30 days
Missing daysSupply for rxTba claim rx4826, using default of 30 days
Missing daysSupply for rxTba claim rx4827, using default of 30 days
Missing daysSupply for rxTba claim rx4828, using default of 30 days
Missing daysSupply for rxTba claim rx4829, using default of 30 days
Missing daysSupply for rxTba claim rx4830, using default of 30 days
Missing daysSupply for rxTba claim rx4831, using default of 30 days
Missing daysSupply for rxTba claim rx4832, using default of 30 days
Missing daysSupply for rxTba claim rx4833, using default of 30 days
Missing daysSupply for rxTba claim rx4834, using default of 30 days
Missing daysSupply for rxTba claim rx4835, using default of 30 days
Missing daysSupply for rxTba claim rx4836, using default of 30 days
Missing daysSupply for rxTba claim rx4837, using default of 30 days
Missing daysSupply for rxTba claim rx4838, using default of 30 days
Missing daysSupply for rxTba claim rx4839, using default of 30 days
Missing daysSupply for rxTba claim rx4840, using default of 30 days
Missing daysSupply for rxTba claim rx4841, using default of 30 days
Missing daysSupply for rxTba claim rx4842, using default of 30 days
Missing daysSupply for rxTba claim rx4843, using default of 30 days
Missing daysSupply for rxTba claim rx4844, using default of 30 days
Missing daysSupply for rxTba claim rx4845, using default of 30 days
Missing daysSupply for rxTba claim rx4846, using default of 30 days
Missing daysSupply for rxTba claim rx4847, using default of 30 days
Missing daysSupply for rxTba claim rx4848, using default of 30 days
Missing daysSupply for rxTba claim rx4849, using default of 30 days
Missing daysSupply for rxTba claim rx4850, using default of 30 days
Missing daysSupply for rxTba claim rx4851, using default of 30 days
Missing daysSupply for rxTba claim rx4852, using default of 30 days
Missing daysSupply for rxTba claim rx4853, using default of 30 days
Missing daysSupply for rxTba claim rx4854, using default of 30 days
Missing daysSupply for rxTba claim rx4855, using default of 30 days
Missing daysSupply for rxTba claim rx4856, using default of 30 days
Missing daysSupply for rxTba claim rx4857, using default of 30 days
Missing daysSupply for rxTba claim rx4858, using default of 30 days
Missing daysSupply for rxTba claim rx4859, using default of 30 days
Missing daysSupply for rxTba claim rx4860, using default of 30 days
Missing daysSupply for rxTba claim rx4861, using default of 30 days
Missing daysSupply for rxTba claim rx4862, using default of 30 days
Missing daysSupply for rxTba claim rx4863, using default of 30 days
Missing daysSupply for rxTba claim rx4864, using default of 30 days
Missing daysSupply for rxTba claim rx4865, using default of 30 days
Missing daysSupply for rxTba claim rx4866, using default of 30 days
Missing daysSupply for rxTba claim rx4867, using default of 30 days
Missing daysSupply for rxTba claim rx4868, using default of 30 days
Missing daysSupply for rxTba claim rx4869, using default of 30 days
Missing daysSupply for rxTba claim rx4870, using default of 30 days
Missing daysSupply for rxTba claim rx4871, using default of 30 days
Missing daysSupply for rxTba claim rx4872, using default of 30 days
Missing daysSupply for rxTba claim rx4873, using default of 30 days
Missing daysSupply for rxTba claim rx4874, using default of 30 days
Missing daysSupply for rxTba claim rx4875, using default of 30 days
Missing daysSupply for rxTba claim rx4876, using default of 30 days
Missing daysSupply for rxTba claim rx4877, using default of 30 days
Missing daysSupply for rxTba claim rx4878, using default of 30 days
Missing daysSupply for rxTba claim rx4879, using default of 30 days
Missing daysSupply for rxTba claim rx4880, using default of 30 days
Missing daysSupply for rxTba claim rx4881, using default of 30 days
Missing daysSupply for rxTba claim rx4882, using default of 30 days
Missing daysSupply for rxTba claim rx4883, using default of 30 days
Missing daysSupply for rxTba claim rx4884, using default of 30 days
Missing daysSupply for rxTba claim rx4885, using default of 30 days
Missing daysSupply for rxTba claim rx4886, using default of 30 days
Missing daysSupply for rxTba claim rx4887, using default of 30 days
Missing daysSupply for rxTba claim rx4888, using default of 30 days
Missing daysSupply for rxTba claim rx4889, using default of 30 days
Missing daysSupply for rxTba claim rx4890, using default of 30 days
Missing daysSupply for rxTba claim rx4891, using default of 30 days
Missing daysSupply for rxTba claim rx4892, using default of 30 days
Missing daysSupply for rxTba claim rx4893, using default of 30 days
Missing daysSupply for rxTba claim rx4894, using default of 30 days
Missing daysSupply for rxTba claim rx4895, using default of 30 days
Missing daysSupply for rxTba claim rx4896, using default of 30 days
Missing daysSupply for rxTba claim rx4897, using default of 30 days
Missing daysSupply for rxTba claim rx4898, using default of 30 days
Missing daysSupply for rxTba claim rx4899, using default of 30 days
Missing daysSupply for rxTba claim rx4900, using default of 30 days
Missing daysSupply for rxTba claim rx4901, using default of 30 days
Missing daysSupply for rxTba claim rx4902, using default of 30 days
Missing daysSupply for rxTba claim rx4903, using default of 30 days
Missing daysSupply for rxTba claim rx4904, using default of 30 days
Missing daysSupply for rxTba claim rx4905, using default of 30 days
Missing daysSupply for rxTba claim rx4906, using default of 30 days
Missing daysSupply for rxTba claim rx4907, using default of 30 days
Missing daysSupply for rxTba claim rx4908, using default of 30 days
Missing daysSupply for rxTba claim rx4909, using default of 30 days
Missing daysSupply for rxTba claim rx4910, using default of 30 days
Missing daysSupply for rxTba claim rx4911, using default of 30 days
Missing daysSupply for rxTba claim rx4912, using default of 30 days
Missing daysSupply for rxTba claim rx4913, using default of 30 days
Missing daysSupply for rxTba claim rx4914, using default of 30 days
Missing daysSupply for rxTba claim rx4915, using default of 30 days
Missing daysSupply for rxTba claim rx4916, using default of 30 days
Missing daysSupply for rxTba claim rx4917, using default of 30 days
Missing daysSupply for rxTba claim rx4918, using default of 30 days
Missing daysSupply for rxTba claim rx4919, using default of 30 days
Missing daysSupply for rxTba claim rx4920, using default of 30 days
Missing daysSupply for rxTba claim rx4921, using default of 30 days
Missing daysSupply for rxTba claim rx4922, using default of 30 days
Missing daysSupply for rxTba claim rx4923, using default of 30 days
Missing daysSupply for rxTba claim rx4924, using default of 30 days
Missing daysSupply for rxTba claim rx4925, using default of 30 days
Missing daysSupply for rxTba claim rx4926, using default of 30 days
Missing daysSupply for rxTba claim rx4927, using default of 30 days
Missing daysSupply for rxTba claim rx4928, using default of 30 days
Missing daysSupply for rxTba claim rx4929, using default of 30 days
Missing daysSupply for rxTba claim rx4930, using default of 30 days
Missing daysSupply for rxTba claim rx4931, using default of 30 days
Missing daysSupply for rxTba claim rx4932, using default of 30 days
Missing daysSupply for rxTba claim rx4933, using default of 30 days
Missing daysSupply for rxTba claim rx4934, using default of 30 days
Missing daysSupply for rxTba claim rx4935, using default of 30 days
Missing daysSupply for rxTba claim rx4936, using default of 30 days
Missing daysSupply for rxTba claim rx4937, using default of 30 days
Missing daysSupply for rxTba claim rx4938, using default of 30 days
Missing daysSupply for rxTba claim rx4939, using default of 30 days
Missing daysSupply for rxTba claim rx4940, using default of 30 days
Missing daysSupply for rxTba claim rx4941, using default of 30 days
Missing daysSupply for rxTba claim rx4942, using default of 30 days
Missing daysSupply for rxTba claim rx4943, using default of 30 days
Missing daysSupply for rxTba claim rx4944, using default of 30 days
Missing daysSupply for rxTba claim rx4945, using default of 30 days
Missing daysSupply for rxTba claim rx4946, using default of 30 days
Missing daysSupply for rxTba claim rx4947, using default of 30 days
Missing daysSupply for rxTba claim rx4948, using default of 30 days
Missing daysSupply for rxTba claim rx4949, using default of 30 days
Missing daysSupply for rxTba claim rx4950, using default of 30 days
Missing daysSupply for rxTba claim rx4951, using default of 30 days
Missing daysSupply for rxTba claim rx4952, using default of 30 days
Missing daysSupply for rxTba claim rx4953, using default of 30 days
Missing daysSupply for rxTba claim rx4954, using default of 30 days
Missing daysSupply for rxTba claim rx4955, using default of 30 days
Missing daysSupply for rxTba claim rx4956, using default of 30 days
Missing daysSupply for rxTba claim rx4957, using default of 30 days
Missing daysSupply for rxTba claim rx4958, using default of 30 days
Missing daysSupply for rxTba claim rx4959, using default of 30 days
Missing daysSupply for rxTba claim rx4960, using default of 30 days
Missing daysSupply for rxTba claim rx4961, using default of 30 days
Missing daysSupply for rxTba claim rx4962, using default of 30 days
Missing daysSupply for rxTba claim rx4963, using default of 30 days
Missing daysSupply for rxTba claim rx4964, using default of 30 days
Missing daysSupply for rxTba claim rx4965, using default of 30 days
Missing daysSupply for rxTba claim rx4966, using default of 30 days
Missing daysSupply for rxTba claim rx4967, using default of 30 days
Missing daysSupply for rxTba claim rx4968, using default of 30 days
Missing daysSupply for rxTba claim rx4969, using default of 30 days
Missing daysSupply for rxTba claim rx4970, using default of 30 days
Missing daysSupply for rxTba claim rx4971, using default of 30 days
Missing daysSupply for rxTba claim rx4972, using default of 30 days
Missing daysSupply for rxTba claim rx4973, using default of 30 days
Missing daysSupply for rxTba claim rx4974, using default of 30 days
Missing daysSupply for rxTba claim rx4975, using default of 30 days
Missing daysSupply for rxTba claim rx4976, using default of 30 days
Missing daysSupply for rxTba claim rx4977, using default of 30 days
Missing daysSupply for rxTba claim rx4978, using default of 30 days
Missing daysSupply for rxTba claim rx4979, using default of 30 days
Missing daysSupply for rxTba claim rx4980, using default of 30 days
Missing daysSupply for rxTba claim rx4981, using default of 30 days
Missing daysSupply for rxTba claim rx4982, using default of 30 days
Missing daysSupply for rxTba claim rx4983, using default of 30 days
Missing daysSupply for rxTba claim rx4984, using default of 30 days
Missing daysSupply for rxTba claim rx4985, using default of 30 days
Missing daysSupply for rxTba claim rx4986, using default of 30 days
Missing daysSupply for rxTba claim rx4987, using default of 30 days
Missing daysSupply for rxTba claim rx4988, using default of 30 days
Missing daysSupply for rxTba claim rx4989, using default of 30 days
Missing daysSupply for rxTba claim rx4990, using default of 30 days
Missing daysSupply for rxTba claim rx4991, using default of 30 days
Missing daysSupply for rxTba claim rx4992, using default of 30 days
Missing daysSupply for rxTba claim rx4993, using default of 30 days
Missing daysSupply for rxTba claim rx4994, using default of 30 days
Missing daysSupply for rxTba claim rx4995, using default of 30 days
Missing daysSupply for rxTba claim rx4996, using default of 30 days
Missing daysSupply for rxTba claim rx4997, using default of 30 days
Missing daysSupply for rxTba claim rx4998, using default of 30 days
Missing daysSupply for rxTba claim rx4999, using default of 30 days
Missing daysSupply for rxTba claim rx5000, using default of 30 days
Missing daysSupply for rxTba claim rx5001, using default of 30 days
Missing daysSupply for rxTba claim rx5002, using default of 30 days
Missing daysSupply for rxTba claim rx5003, using default of 30 days
Missing daysSupply for rxTba claim rx5004, using default of 30 days
Missing daysSupply for rxTba claim rx5005, using default of 30 days
Missing daysSupply for rxTba claim rx5006, using default of 30 days
Missing daysSupply for rxTba claim rx5007, using default of 30 days
Missing daysSupply for rxTba claim rx5008, using default of 30 days
Missing daysSupply for rxTba claim rx5009, using default of 30 days
Missing daysSupply for rxTba claim rx5010, using default of 30 days
Missing daysSupply for rxTba claim rx5011, using default of 30 days
Missing daysSupply for rxTba claim rx5012, using default of 30 days
Missing daysSupply for rxTba claim rx5013, using default of 30 days
Missing daysSupply for rxTba claim rx5014, using default of 30 days
Missing daysSupply for rxTba claim rx5015, using default of 30 days
Missing daysSupply for rxTba claim rx5016, using default of 30 days
Missing daysSupply for rxTba claim rx5017, using default of 30 days
Missing daysSupply for rxTba claim rx5018, using default of 30 days
Missing daysSupply for rxTba claim rx5019, using default of 30 days
Missing daysSupply for rxTba claim rx5020, using default of 30 days
Missing daysSupply for rxTba claim rx5021, using default of 30 days
Missing daysSupply for rxTba claim rx5022, using default of 30 days
Missing daysSupply for rxTba claim rx5023, using default of 30 days
Missing daysSupply for rxTba claim rx5024, using default of 30 days
Missing daysSupply for rxTba claim rx5025, using default of 30 days
Missing daysSupply for rxTba claim rx5026, using default of 30 days
Missing daysSupply for rxTba claim rx5027, using default of 30 days
Missing daysSupply for rxTba claim rx5028, using default of 30 days
Missing daysSupply for rxTba claim rx5029, using default of 30 days
Missing daysSupply for rxTba claim rx5030, using default of 30 days
Missing daysSupply for rxTba claim rx5031, using default of 30 days
Missing daysSupply for rxTba claim rx5032, using default of 30 days
Missing daysSupply for rxTba claim rx5033, using default of 30 days
Missing daysSupply for rxTba claim rx5034, using default of 30 days
Missing daysSupply for rxTba claim rx5035, using default of 30 days
Missing daysSupply for rxTba claim rx5036, using default of 30 days
Missing daysSupply for rxTba claim rx5037, using default of 30 days
Missing daysSupply for rxTba claim rx5038, using default of 30 days
Missing daysSupply for rxTba claim rx5039, using default of 30 days
Missing daysSupply for rxTba claim rx5040, using default of 30 days
Missing daysSupply for rxTba claim rx5041, using default of 30 days
Missing daysSupply for rxTba claim rx5042, using default of 30 days
Missing daysSupply for rxTba claim rx5043, using default of 30 days
Missing daysSupply for rxTba claim rx5044, using default of 30 days
Missing daysSupply for rxTba claim rx5045, using default of 30 days
Missing daysSupply for rxTba claim rx5046, using default of 30 days
Missing daysSupply for rxTba claim rx5047, using default of 30 days
Missing daysSupply for rxTba claim rx5048, using default of 30 days
Missing daysSupply for rxTba claim rx5049, using default of 30 days
Missing daysSupply for rxTba claim rx5050, using default of 30 days
Missing daysSupply for rxTba claim rx5051, using default of 30 days
Missing daysSupply for rxTba claim rx5052, using default of 30 days
Missing daysSupply for rxTba claim rx5053, using default of 30 days
Missing daysSupply for rxTba claim rx5054, using default of 30 days
Missing daysSupply for rxTba claim rx5055, using default of 30 days
Missing daysSupply for rxTba claim rx5056, using default of 30 days
Missing daysSupply for rxTba claim rx5057, using default of 30 days
Missing daysSupply for rxTba claim rx5058, using default of 30 days
Missing daysSupply for rxTba claim rx5059, using default of 30 days
Missing daysSupply for rxTba claim rx5060, using default of 30 days
Missing daysSupply for rxTba claim rx5061, using default of 30 days
Missing daysSupply for rxTba claim rx5062, using default of 30 days
Missing daysSupply for rxTba claim rx5063, using default of 30 days
Missing daysSupply for rxTba claim rx5064, using default of 30 days
Missing daysSupply for rxTba claim rx5065, using default of 30 days
Missing daysSupply for rxTba claim rx5066, using default of 30 days
Missing daysSupply for rxTba claim rx5067, using default of 30 days
Missing daysSupply for rxTba claim rx5068, using default of 30 days
Missing daysSupply for rxTba claim rx5069, using default of 30 days
Missing daysSupply for rxTba claim rx5070, using default of 30 days
Missing daysSupply for rxTba claim rx5071, using default of 30 days
Missing daysSupply for rxTba claim rx5072, using default of 30 days
Missing daysSupply for rxTba claim rx5073, using default of 30 days
Missing daysSupply for rxTba claim rx5074, using default of 30 days
Missing daysSupply for rxTba claim rx5075, using default of 30 days
Missing daysSupply for rxTba claim rx5076, using default of 30 days
Missing daysSupply for rxTba claim rx5077, using default of 30 days
Missing daysSupply for rxTba claim rx5078, using default of 30 days
Missing daysSupply for rxTba claim rx5079, using default of 30 days
Missing daysSupply for rxTba claim rx5080, using default of 30 days
Missing daysSupply for rxTba claim rx5081, using default of 30 days
Missing daysSupply for rxTba claim rx5082, using default of 30 days
Missing daysSupply for rxTba claim rx5083, using default of 30 days
Missing daysSupply for rxTba claim rx5084, using default of 30 days
Missing daysSupply for rxTba claim rx5085, using default of 30 days
Missing daysSupply for rxTba claim rx5086, using default of 30 days
Missing daysSupply for rxTba claim rx5087, using default of 30 days
Missing daysSupply for rxTba claim rx5088, using default of 30 days
Missing daysSupply for rxTba claim rx5089, using default of 30 days
Missing daysSupply for rxTba claim rx5090, using default of 30 days
Missing daysSupply for rxTba claim rx5091, using default of 30 days
Missing daysSupply for rxTba claim rx5092, using default of 30 days
Missing daysSupply for rxTba claim rx5093, using default of 30 days
Missing daysSupply for rxTba claim rx5094, using default of 30 days
Missing daysSupply for rxTba claim rx5095, using default of 30 days
Missing daysSupply for rxTba claim rx5096, using default of 30 days
Missing daysSupply for rxTba claim rx5097, using default of 30 days
Missing daysSupply for rxTba claim rx5098, using default of 30 days
Missing daysSupply for rxTba claim rx5099, using default of 30 days
Missing daysSupply for rxTba claim rx5100, using default of 30 days
Missing daysSupply for rxTba claim rx5101, using default of 30 days
Missing daysSupply for rxTba claim rx5102, using default of 30 days
Missing daysSupply for rxTba claim rx5103, using default of 30 days
Missing daysSupply for rxTba claim rx5104, using default of 30 days
Missing daysSupply for rxTba claim rx5105, using default of 30 days
Missing daysSupply for rxTba claim rx5106, using default of 30 days
Missing daysSupply for rxTba claim rx5107, using default of 30 days
Missing daysSupply for rxTba claim rx5108, using default of 30 days
Missing daysSupply for rxTba claim rx5109, using default of 30 days
Missing daysSupply for rxTba claim rx5110, using default of 30 days
Missing daysSupply for rxTba claim rx5111, using default of 30 days
Missing daysSupply for rxTba claim rx5112, using default of 30 days
Missing daysSupply for rxTba claim rx5113, using default of 30 days
Missing daysSupply for rxTba claim rx5114, using default of 30 days
Missing daysSupply for rxTba claim rx5115, using default of 30 days
Missing daysSupply for rxTba claim rx5116, using default of 30 days
Missing daysSupply for rxTba claim rx5117, using default of 30 days
Missing daysSupply for rxTba claim rx5118, using default of 30 days
Missing daysSupply for rxTba claim rx5119, using default of 30 days
Missing daysSupply for rxTba claim rx5120, using default of 30 days
Missing daysSupply for rxTba claim rx5121, using default of 30 days
Missing daysSupply for rxTba claim rx5122, using default of 30 days
Missing daysSupply for rxTba claim rx5123, using default of 30 days
Missing daysSupply for rxTba claim rx5124, using default of 30 days
Missing daysSupply for rxTba claim rx5125, using default of 30 days
Missing daysSupply for rxTba claim rx5126, using default of 30 days
Missing daysSupply for rxTba claim rx5127, using default of 30 days
Missing daysSupply for rxTba claim rx5128, using default of 30 days
Missing daysSupply for rxTba claim rx5129, using default of 30 days
Missing daysSupply for rxTba claim rx5130, using default of 30 days
Missing daysSupply for rxTba claim rx5131, using default of 30 days
Missing daysSupply for rxTba claim rx5132, using default of 30 days
Missing daysSupply for rxTba claim rx5133, using default of 30 days
Missing daysSupply for rxTba claim rx5134, using default of 30 days
Missing daysSupply for rxTba claim rx5135, using default of 30 days
Missing daysSupply for rxTba claim rx5136, using default of 30 days
Missing daysSupply for rxTba claim rx5137, using default of 30 days
Missing daysSupply for rxTba claim rx5138, using default of 30 days
Missing daysSupply for rxTba claim rx5139, using default of 30 days
Missing daysSupply for rxTba claim rx5140, using default of 30 days
Missing daysSupply for rxTba claim rx5141, using default of 30 days
Missing daysSupply for rxTba claim rx5142, using default of 30 days
Missing daysSupply for rxTba claim rx5143, using default of 30 days
Missing daysSupply for rxTba claim rx5144, using default of 30 days
Missing daysSupply for rxTba claim rx5145, using default of 30 days
Missing daysSupply for rxTba claim rx5146, using default of 30 days
Missing daysSupply for rxTba claim rx5147, using default of 30 days
Missing daysSupply for rxTba claim rx5148, using default of 30 days
Missing daysSupply for rxTba claim rx5149, using default of 30 days
Missing daysSupply for rxTba claim rx5150, using default of 30 days
Missing daysSupply for rxTba claim rx5151, using default of 30 days
Missing daysSupply for rxTba claim rx5152, using default of 30 days
Missing daysSupply for rxTba claim rx5153, using default of 30 days
Missing daysSupply for rxTba claim rx5154, using default of 30 days
Missing daysSupply for rxTba claim rx5155, using default of 30 days
Missing daysSupply for rxTba claim rx5156, using default of 30 days
Missing daysSupply for rxTba claim rx5157, using default of 30 days
Missing daysSupply for rxTba claim rx5158, using default of 30 days
Missing daysSupply for rxTba claim rx5159, using default of 30 days
Missing daysSupply for rxTba claim rx5160, using default of 30 days
Missing daysSupply for rxTba claim rx5161, using default of 30 days
Missing daysSupply for rxTba claim rx5162, using default of 30 days
Missing daysSupply for rxTba claim rx5163, using default of 30 days
Missing daysSupply for rxTba claim rx5164, using default of 30 days
Missing daysSupply for rxTba claim rx5165, using default of 30 days
Missing daysSupply for rxTba claim rx5166, using default of 30 days
Missing daysSupply for rxTba claim rx5167, using default of 30 days
Missing daysSupply for rxTba claim rx5168, using default of 30 days
Missing daysSupply for rxTba claim rx5169, using default of 30 days
Missing daysSupply for rxTba claim rx5170, using default of 30 days
Missing daysSupply for rxTba claim rx5171, using default of 30 days
Missing daysSupply for rxTba claim rx5172, using default of 30 days
Missing daysSupply for rxTba claim rx5173, using default of 30 days
Missing daysSupply for rxTba claim rx5174, using default of 30 days
Missing daysSupply for rxTba claim rx5175, using default of 30 days
Missing daysSupply for rxTba claim rx5176, using default of 30 days
Missing daysSupply for rxTba claim rx5177, using default of 30 days
Missing daysSupply for rxTba claim rx5178, using default of 30 days
Missing daysSupply for rxTba claim rx5179, using default of 30 days
Missing daysSupply for rxTba claim rx5180, using default of 30 days
Missing daysSupply for rxTba claim rx5181, using default of 30 days
Missing daysSupply for rxTba claim rx5182, using default of 30 days
Missing daysSupply for rxTba claim rx5183, using default of 30 days
Missing daysSupply for rxTba claim rx5184, using default of 30 days
Missing daysSupply for rxTba claim rx5185, using default of 30 days
Missing daysSupply for rxTba claim rx5186, using default of 30 days
Missing daysSupply for rxTba claim rx5187, using default of 30 days
Missing daysSupply for rxTba claim rx5188, using default of 30 days
Missing daysSupply for rxTba claim rx5189, using default of 30 days
Missing daysSupply for rxTba claim rx5190, using default of 30 days
Missing daysSupply for rxTba claim rx5191, using default of 30 days
Missing daysSupply for rxTba claim rx5192, using default of 30 days
Missing daysSupply for rxTba claim rx5193, using default of 30 days
Missing daysSupply for rxTba claim rx5194, using default of 30 days
Missing daysSupply for rxTba claim rx5195, using default of 30 days
Missing daysSupply for rxTba claim rx5196, using default of 30 days
Missing daysSupply for rxTba claim rx5197, using default of 30 days
Missing daysSupply for rxTba claim rx5198, using default of 30 days
Missing daysSupply for rxTba claim rx5199, using default of 30 days
Missing daysSupply for rxTba claim rx5200, using default of 30 days
Missing daysSupply for rxTba claim rx5201, using default of 30 days
Missing daysSupply for rxTba claim rx5202, using default of 30 days
Missing daysSupply for rxTba claim rx5203, using default of 30 days
Missing daysSupply for rxTba claim rx5204, using default of 30 days
Missing daysSupply for rxTba claim rx5205, using default of 30 days
Missing daysSupply for rxTba claim rx5206, using default of 30 days
Missing daysSupply for rxTba claim rx5207, using default of 30 days
Missing daysSupply for rxTba claim rx5208, using default of 30 days
Missing daysSupply for rxTba claim rx5209, using default of 30 days
Missing daysSupply for rxTba claim rx5210, using default of 30 days
Missing daysSupply for rxTba claim rx5211, using default of 30 days
Missing daysSupply for rxTba claim rx5212, using default of 30 days
Missing daysSupply for rxTba claim rx5213, using default of 30 days
Missing daysSupply for rxTba claim rx5214, using default of 30 days
Missing daysSupply for rxTba claim rx5215, using default of 30 days
Missing daysSupply for rxTba claim rx5216, using default of 30 days
Missing daysSupply for rxTba claim rx5217, using default of 30 days
Missing daysSupply for rxTba claim rx5218, using default of 30 days
Missing daysSupply for rxTba claim rx5219, using default of 30 days
Missing daysSupply for rxTba claim rx5220, using default of 30 days
Missing daysSupply for rxTba claim rx5221, using default of 30 days
Missing daysSupply for rxTba claim rx5222, using default of 30 days
Missing daysSupply for rxTba claim rx5223, using default of 30 days
Missing daysSupply for rxTba claim rx5224, using default of 30 days
Missing daysSupply for rxTba claim rx5225, using default of 30 days
Missing daysSupply for rxTba claim rx5226, using default of 30 days
Missing daysSupply for rxTba claim rx5227, using default of 30 days
Missing daysSupply for rxTba claim rx5228, using default of 30 days
Missing daysSupply for rxTba claim rx5229, using default of 30 days
Missing daysSupply for rxTba claim rx5230, using default of 30 days
Missing daysSupply for rxTba claim rx5231, using default of 30 days
Missing daysSupply for rxTba claim rx5232, using default of 30 days
Missing daysSupply for rxTba claim rx5233, using default of 30 days
Missing daysSupply for rxTba claim rx5234, using default of 30 days
Missing daysSupply for rxTba claim rx5235, using default of 30 days
Missing daysSupply for rxTba claim rx5236, using default of 30 days
Missing daysSupply for rxTba claim rx5237, using default of 30 days
Missing daysSupply for rxTba claim rx5238, using default of 30 days
Missing daysSupply for rxTba claim rx5239, using default of 30 days
Missing daysSupply for rxTba claim rx5240, using default of 30 days
Missing daysSupply for rxTba claim rx5241, using default of 30 days
Missing daysSupply for rxTba claim rx5242, using default of 30 days
Missing daysSupply for rxTba claim rx5243, using default of 30 days
Missing daysSupply for rxTba claim rx5244, using default of 30 days
Missing daysSupply for rxTba claim rx5245, using default of 30 days
Missing daysSupply for rxTba claim rx5246, using default of 30 days
Missing daysSupply for rxTba claim rx5247, using default of 30 days
Missing daysSupply for rxTba claim rx5248, using default of 30 days
Missing daysSupply for rxTba claim rx5249, using default of 30 days
Missing daysSupply for rxTba claim rx5250, using default of 30 days
Missing daysSupply for rxTba claim rx5251, using default of 30 days
Missing daysSupply for rxTba claim rx5252, using default of 30 days
Missing daysSupply for rxTba claim rx5253, using default of 30 days
Missing daysSupply for rxTba claim rx5254, using default of 30 days
Missing daysSupply for rxTba claim rx5255, using default of 30 days
Missing daysSupply for rxTba claim rx5256, using default of 30 days
Missing daysSupply for rxTba claim rx5257, using default of 30 days
Missing daysSupply for rxTba claim rx5258, using default of 30 days
Missing daysSupply for rxTba claim rx5259, using default of 30 days
Missing daysSupply for rxTba claim rx5260, using default of 30 days
Missing daysSupply for rxTba claim rx5261, using default of 30 days
Missing daysSupply for rxTba claim rx5262, using default of 30 days
Missing daysSupply for rxTba claim rx5263, using default of 30 days
Missing daysSupply for rxTba claim rx5264, using default of 30 days
Missing daysSupply for rxTba claim rx5265, using default of 30 days
Missing daysSupply for rxTba claim rx5266, using default of 30 days
Missing daysSupply for rxTba claim rx5267, using default of 30 days
Missing daysSupply for rxTba claim rx5268, using default of 30 days
Missing daysSupply for rxTba claim rx5269, using default of 30 days
Missing daysSupply for rxTba claim rx5270, using default of 30 days
Missing daysSupply for rxTba claim rx5271, using default of 30 days
Missing daysSupply for rxTba claim rx5272, using default of 30 days
Missing daysSupply for rxTba claim rx5273, using default of 30 days
Missing daysSupply for rxTba claim rx5274, using default of 30 days
Missing daysSupply for rxTba claim rx5275, using default of 30 days
Missing daysSupply for rxTba claim rx5276, using default of 30 days
Missing daysSupply for rxTba claim rx5277, using default of 30 days
Missing daysSupply for rxTba claim rx5278, using default of 30 days
Missing daysSupply for rxTba claim rx5279, using default of 30 days
Missing daysSupply for rxTba claim rx5280, using default of 30 days
Missing daysSupply for rxTba claim rx5281, using default of 30 days
Missing daysSupply for rxTba claim rx5282, using default of 30 days
Missing daysSupply for rxTba claim rx5283, using default of 30 days
Missing daysSupply for rxTba claim rx5284, using default of 30 days
Missing daysSupply for rxTba claim rx5285, using default of 30 days
Missing daysSupply for rxTba claim rx5286, using default of 30 days
Missing daysSupply for rxTba claim rx5287, using default of 30 days
Missing daysSupply for rxTba claim rx5288, using default of 30 days
Missing daysSupply for rxTba claim rx5289, using default of 30 days
Missing daysSupply for rxTba claim rx5290, using default of 30 days
Missing daysSupply for rxTba claim rx5291, using default of 30 days
Missing daysSupply for rxTba claim rx5292, using default of 30 days
Missing daysSupply for rxTba claim rx5293, using default of 30 days
Missing daysSupply for rxTba claim rx5294, using default of 30 days
Missing daysSupply for rxTba claim rx5295, using default of 30 days
Missing daysSupply for rxTba claim rx5296, using default of 30 days
Missing daysSupply for rxTba claim rx5297, using default of 30 days
Missing daysSupply for rxTba claim rx5298, using default of 30 days
Missing daysSupply for rxTba claim rx5299, using default of 30 days
Missing daysSupply for rxTba claim rx5300, using default of 30 days
Missing daysSupply for rxTba claim rx5301, using default of 30 days
Missing daysSupply for rxTba claim rx5302, using default of 30 days
Missing daysSupply for rxTba claim rx5303, using default of 30 days
Missing daysSupply for rxTba claim rx5304, using default of 30 days
Missing daysSupply for rxTba claim rx5305, using default of 30 days
Missing daysSupply for rxTba claim rx5306, using default of 30 days
Missing daysSupply for rxTba claim rx5307, using default of 30 days
Missing daysSupply for rxTba claim rx5308, using default of 30 days
Missing daysSupply for rxTba claim rx5309, using default of 30 days
Missing daysSupply for rxTba claim rx5310, using default of 30 days
Missing daysSupply for rxTba claim rx5311, using default of 30 days
Missing daysSupply for rxTba claim rx5312, using default of 30 days
Missing daysSupply for rxTba claim rx5313, using default of 30 days
Missing daysSupply for rxTba claim rx5314, using default of 30 days
Missing daysSupply for rxTba claim rx5315, using default of 30 days
Missing daysSupply for rxTba claim rx5316, using default of 30 days
Missing daysSupply for rxTba claim rx5317, using default of 30 days
Missing daysSupply for rxTba claim rx5318, using default of 30 days
Missing daysSupply for rxTba claim rx5319, using default of 30 days
Missing daysSupply for rxTba claim rx5320, using default of 30 days
Missing daysSupply for rxTba claim rx5321, using default of 30 days
Missing daysSupply for rxTba claim rx5322, using default of 30 days
Missing daysSupply for rxTba claim rx5323, using default of 30 days
Missing daysSupply for rxTba claim rx5324, using default of 30 days
Missing daysSupply for rxTba claim rx5325, using default of 30 days
Missing daysSupply for rxTba claim rx5326, using default of 30 days
Missing daysSupply for rxTba claim rx5327, using default of 30 days
Missing daysSupply for rxTba claim rx5328, using default of 30 days
Missing daysSupply for rxTba claim rx5329, using default of 30 days
Missing daysSupply for rxTba claim rx5330, using default of 30 days
Missing daysSupply for rxTba claim rx5331, using default of 30 days
Missing daysSupply for rxTba claim rx5332, using default of 30 days
Missing daysSupply for rxTba claim rx5333, using default of 30 days
Missing daysSupply for rxTba claim rx5334, using default of 30 days
Missing daysSupply for rxTba claim rx5335, using default of 30 days
Missing daysSupply for rxTba claim rx5336, using default of 30 days
Missing daysSupply for rxTba claim rx5337, using default of 30 days
Missing daysSupply for rxTba claim rx5338, using default of 30 days
Missing daysSupply for rxTba claim rx5339, using default of 30 days
Missing daysSupply for rxTba claim rx5340, using default of 30 days
Missing daysSupply for rxTba claim rx5341, using default of 30 days
Missing daysSupply for rxTba claim rx5342, using default of 30 days
Missing daysSupply for rxTba claim rx5343, using default of 30 days
Missing daysSupply for rxTba claim rx5344, using default of 30 days
Missing daysSupply for rxTba claim rx5345, using default of 30 days
Missing daysSupply for rxTba claim rx5346, using default of 30 days
Missing daysSupply for rxTba claim rx5347, using default of 30 days
Missing daysSupply for rxTba claim rx5348, using default of 30 days
Missing daysSupply for rxTba claim rx5349, using default of 30 days
Missing daysSupply for rxTba claim rx5350, using default of 30 days
Missing daysSupply for rxTba claim rx5351, using default of 30 days
Missing daysSupply for rxTba claim rx5352, using default of 30 days
Missing daysSupply for rxTba claim rx5353, using default of 30 days
Missing daysSupply for rxTba claim rx5354, using default of 30 days
Missing daysSupply for rxTba claim rx5355, using default of 30 days
Missing daysSupply for rxTba claim rx5356, using default of 30 days
Missing daysSupply for rxTba claim rx5357, using default of 30 days
Missing daysSupply for rxTba claim rx5358, using default of 30 days
Missing daysSupply for rxTba claim rx5359, using default of 30 days
Missing daysSupply for rxTba claim rx5360, using default of 30 days
Missing daysSupply for rxTba claim rx5361, using default of 30 days
Missing daysSupply for rxTba claim rx5362, using default of 30 days
Missing daysSupply for rxTba claim rx5363, using default of 30 days
Missing daysSupply for rxTba claim rx5364, using default of 30 days
Missing daysSupply for rxTba claim rx5365, using default of 30 days
Missing daysSupply for rxTba claim rx5366, using default of 30 days
Missing daysSupply for rxTba claim rx5367, using default of 30 days
Missing daysSupply for rxTba claim rx5368, using default of 30 days
Missing daysSupply for rxTba claim rx5369, using default of 30 days
Missing daysSupply for rxTba claim rx5370, using default of 30 days
Missing daysSupply for rxTba claim rx5371, using default of 30 days
Missing daysSupply for rxTba claim rx5372, using default of 30 days
Missing daysSupply for rxTba claim rx5373, using default of 30 days
Missing daysSupply for rxTba claim rx5374, using default of 30 days
Missing daysSupply for rxTba claim rx5375, using default of 30 days
Missing daysSupply for rxTba claim rx5376, using default of 30 days
Missing daysSupply for rxTba claim rx5377, using default of 30 days
Missing daysSupply for rxTba claim rx5378, using default of 30 days
Missing daysSupply for rxTba claim rx5379, using default of 30 days
Missing daysSupply for rxTba claim rx5380, using default of 30 days
Missing daysSupply for rxTba claim rx5381, using default of 30 days
Missing daysSupply for rxTba claim rx5382, using default of 30 days
Missing daysSupply for rxTba claim rx5383, using default of 30 days
Missing daysSupply for rxTba claim rx5384, using default of 30 days
Missing daysSupply for rxTba claim rx5385, using default of 30 days
Missing daysSupply for rxTba claim rx5386, using default of 30 days
Missing daysSupply for rxTba claim rx5387, using default of 30 days
Missing daysSupply for rxTba claim rx5388, using default of 30 days
Missing daysSupply for rxTba claim rx5389, using default of 30 days
Missing daysSupply for rxTba claim rx5390, using default of 30 days
Missing daysSupply for rxTba claim rx5391, using default of 30 days
Missing daysSupply for rxTba claim rx5392, using default of 30 days
Missing daysSupply for rxTba claim rx5393, using default of 30 days
Missing daysSupply for rxTba claim rx5394, using default of 30 days
Missing daysSupply for rxTba claim rx5395, using default of 30 days
Missing daysSupply for rxTba claim rx5396, using default of 30 days
Missing daysSupply for rxTba claim rx5397, using default of 30 days
Missing daysSupply for rxTba claim rx5398, using default of 30 days
Missing daysSupply for rxTba claim rx5399, using default of 30 days
Missing daysSupply for rxTba claim rx5400, using default of 30 days
Missing daysSupply for rxTba claim rx5401, using default of 30 days
Missing daysSupply for rxTba claim rx5402, using default of 30 days
Missing daysSupply for rxTba claim rx5403, using default of 30 days
Missing daysSupply for rxTba claim rx5404, using default of 30 days
Missing daysSupply for rxTba claim rx5405, using default of 30 days
Missing daysSupply for rxTba claim rx5406, using default of 30 days
Missing daysSupply for rxTba claim rx5407, using default of 30 days
Missing daysSupply for rxTba claim rx5408, using default of 30 days
Missing daysSupply for rxTba claim rx5409, using default of 30 days
Missing daysSupply for rxTba claim rx5410, using default of 30 days
Missing daysSupply for rxTba claim rx5411, using default of 30 days
Missing daysSupply for rxTba claim rx5412, using default of 30 days
Missing daysSupply for rxTba claim rx5413, using default of 30 days
Missing daysSupply for rxTba claim rx5414, using default of 30 days
Missing daysSupply for rxTba claim rx5415, using default of 30 days
Missing daysSupply for rxTba claim rx5416, using default of 30 days
Missing daysSupply for rxTba claim rx5417, using default of 30 days
Missing daysSupply for rxTba claim rx5418, using default of 30 days
Missing daysSupply for rxTba claim rx5419, using default of 30 days
Missing daysSupply for rxTba claim rx5420, using default of 30 days
Missing daysSupply for rxTba claim rx5421, using default of 30 days
Missing daysSupply for rxTba claim rx5422, using default of 30 days
Missing daysSupply for rxTba claim rx5423, using default of 30 days
Missing daysSupply for rxTba claim rx5424, using default of 30 days
Missing daysSupply for rxTba claim rx5425, using default of 30 days
Missing daysSupply for rxTba claim rx5426, using default of 30 days
Missing daysSupply for rxTba claim rx5427, using default of 30 days
Missing daysSupply for rxTba claim rx5428, using default of 30 days
Missing daysSupply for rxTba claim rx5429, using default of 30 days
Missing daysSupply for rxTba claim rx5430, using default of 30 days
Missing daysSupply for rxTba claim rx5431, using default of 30 days
Missing daysSupply for rxTba claim rx5432, using default of 30 days
Missing daysSupply for rxTba claim rx5433, using default of 30 days
Missing daysSupply for rxTba claim rx5434, using default of 30 days
Missing daysSupply for rxTba claim rx5435, using default of 30 days
Missing daysSupply for rxTba claim rx5436, using default of 30 days
Missing daysSupply for rxTba claim rx5437, using default of 30 days
Missing daysSupply for rxTba claim rx5438, using default of 30 days
Missing daysSupply for rxTba claim rx5439, using default of 30 days
Missing daysSupply for rxTba claim rx5440, using default of 30 days
Missing daysSupply for rxTba claim rx5441, using default of 30 days
Missing daysSupply for rxTba claim rx5442, using default of 30 days
Missing daysSupply for rxTba claim rx5443, using default of 30 days
Missing daysSupply for rxTba claim rx5444, using default of 30 days
Missing daysSupply for rxTba claim rx5445, using default of 30 days
Missing daysSupply for rxTba claim rx5446, using default of 30 days
Missing daysSupply for rxTba claim rx5447, using default of 30 days
Missing daysSupply for rxTba claim rx5448, using default of 30 days
Missing daysSupply for rxTba claim rx5449, using default of 30 days
Missing daysSupply for rxTba claim rx5450, using default of 30 days
Missing daysSupply for rxTba claim rx5451, using default of 30 days
Missing daysSupply for rxTba claim rx5452, using default of 30 days
Missing daysSupply for rxTba claim rx5453, using default of 30 days
Missing daysSupply for rxTba claim rx5454, using default of 30 days
Missing daysSupply for rxTba claim rx5455, using default of 30 days
Missing daysSupply for rxTba claim rx5456, using default of 30 days
Missing daysSupply for rxTba claim rx5457, using default of 30 days
Missing daysSupply for rxTba claim rx5458, using default of 30 days
Missing daysSupply for rxTba claim rx5459, using default of 30 days
Missing daysSupply for rxTba claim rx5460, using default of 30 days
Missing daysSupply for rxTba claim rx5461, using default of 30 days
Missing daysSupply for rxTba claim rx5462, using default of 30 days
Missing daysSupply for rxTba claim rx5463, using default of 30 days
Missing daysSupply for rxTba claim rx5464, using default of 30 days
Missing daysSupply for rxTba claim rx5465, using default of 30 days
Missing daysSupply for rxTba claim rx5466, using default of 30 days
Missing daysSupply for rxTba claim rx5467, using default of 30 days
Missing daysSupply for rxTba claim rx5468, using default of 30 days
Missing daysSupply for rxTba claim rx5469, using default of 30 days
Missing daysSupply for rxTba claim rx5470, using default of 30 days
Missing daysSupply for rxTba claim rx5471, using default of 30 days
Missing daysSupply for rxTba claim rx5472, using default of 30 days
Missing daysSupply for rxTba claim rx5473, using default of 30 days
Missing daysSupply for rxTba claim rx5474, using default of 30 days
Missing daysSupply for rxTba claim rx5475, using default of 30 days
Missing daysSupply for rxTba claim rx5476, using default of 30 days
Missing daysSupply for rxTba claim rx5477, using default of 30 days
Missing daysSupply for rxTba claim rx5478, using default of 30 days
Missing daysSupply for rxTba claim rx5479, using default of 30 days
Missing daysSupply for rxTba claim rx5480, using default of 30 days
Missing daysSupply for rxTba claim rx5481, using default of 30 days
Missing daysSupply for rxTba claim rx5482, using default of 30 days
Missing daysSupply for rxTba claim rx5483, using default of 30 days
Missing daysSupply for rxTba claim rx5484, using default of 30 days
Missing daysSupply for rxTba claim rx5485, using default of 30 days
Missing daysSupply for rxTba claim rx5486, using default of 30 days
Missing daysSupply for rxTba claim rx5487, using default of 30 days
Missing daysSupply for rxTba claim rx5488, using default of 30 days
Missing daysSupply for rxTba claim rx5489, using default of 30 days
Missing daysSupply for rxTba claim rx5490, using default of 30 days
Missing daysSupply for rxTba claim rx5491, using default of 30 days
Missing daysSupply for rxTba claim rx5492, using default of 30 days
Missing daysSupply for rxTba claim rx5493, using default of 30 days
Missing daysSupply for rxTba claim rx5494, using default of 30 days
Missing daysSupply for rxTba claim rx5495, using default of 30 days
Missing daysSupply for rxTba claim rx5496, using default of 30 days
Missing daysSupply for rxTba claim rx5497, using default of 30 days
Missing daysSupply for rxTba claim rx5498, using default of 30 days
Missing daysSupply for rxTba claim rx5499, using default of 30 days
Missing daysSupply for rxTba claim rx5500, using default of 30 days
Missing daysSupply for rxTba claim rx5501, using default of 30 days
Missing daysSupply for rxTba claim rx5502, using default of 30 days
Missing daysSupply for rxTba claim rx5503, using default of 30 days
Missing daysSupply for rxTba claim rx5504, using default of 30 days
Missing daysSupply for rxTba claim rx5505, using default of 30 days
Missing daysSupply for rxTba claim rx5506, using default of 30 days
Missing daysSupply for rxTba claim rx5507, using default of 30 days
Missing daysSupply for rxTba claim rx5508, using default of 30 days
Missing daysSupply for rxTba claim rx5509, using default of 30 days
Missing daysSupply for rxTba claim rx5510, using default of 30 days
Missing daysSupply for rxTba claim rx5511, using default of 30 days
Missing daysSupply for rxTba claim rx5512, using default of 30 days
Missing daysSupply for rxTba claim rx5513, using default of 30 days
Missing daysSupply for rxTba claim rx5514, using default of 30 days
Missing daysSupply for rxTba claim rx5515, using default of 30 days
Missing daysSupply for rxTba claim rx5516, using default of 30 days
Missing daysSupply for rxTba claim rx5517, using default of 30 days
Missing daysSupply for rxTba claim rx5518, using default of 30 days
Missing daysSupply for rxTba claim rx5519, using default of 30 days
Missing daysSupply for rxTba claim rx5520, using default of 30 days
Missing daysSupply for rxTba claim rx5521, using default of 30 days
Missing daysSupply for rxTba claim rx5522, using default of 30 days
Missing daysSupply for rxTba claim rx5523, using default of 30 days
Missing daysSupply for rxTba claim rx5524, using default of 30 days
Missing daysSupply for rxTba claim rx5525, using default of 30 days
Missing daysSupply for rxTba claim rx5526, using default of 30 days
Missing daysSupply for rxTba claim rx5527, using default of 30 days
Missing daysSupply for rxTba claim rx5528, using default of 30 days
Missing daysSupply for rxTba claim rx5529, using default of 30 days
Missing daysSupply for rxTba claim rx5530, using default of 30 days
Missing daysSupply for rxTba claim rx5531, using default of 30 days
Missing daysSupply for rxTba claim rx5532, using default of 30 days
Missing daysSupply for rxTba claim rx5533, using default of 30 days
Missing daysSupply for rxTba claim rx5534, using default of 30 days
Missing daysSupply for rxTba claim rx5535, using default of 30 days
Missing daysSupply for rxTba claim rx5536, using default of 30 days
Missing daysSupply for rxTba claim rx5537, using default of 30 days
Missing daysSupply for rxTba claim rx5538, using default of 30 days
Missing daysSupply for rxTba claim rx5539, using default of 30 days
Missing daysSupply for rxTba claim rx5540, using default of 30 days
Missing daysSupply for rxTba claim rx5541, using default of 30 days
Missing daysSupply for rxTba claim rx5542, using default of 30 days
Missing daysSupply for rxTba claim rx5543, using default of 30 days
Missing daysSupply for rxTba claim rx5544, using default of 30 days
Missing daysSupply for rxTba claim rx5545, using default of 30 days
Missing daysSupply for rxTba claim rx5546, using default of 30 days
Missing daysSupply for rxTba claim rx5547, using default of 30 days
Missing daysSupply for rxTba claim rx5548, using default of 30 days
Missing daysSupply for rxTba claim rx5549, using default of 30 days
Missing daysSupply for rxTba claim rx5550, using default of 30 days
Missing daysSupply for rxTba claim rx5551, using default of 30 days
Missing daysSupply for rxTba claim rx5552, using default of 30 days
Missing daysSupply for rxTba claim rx5553, using default of 30 days
Missing daysSupply for rxTba claim rx5554, using default of 30 days
Missing daysSupply for rxTba claim rx5555, using default of 30 days
Missing daysSupply for rxTba claim rx5556, using default of 30 days
Missing daysSupply for rxTba claim rx5557, using default of 30 days
Missing daysSupply for rxTba claim rx5558, using default of 30 days
Missing daysSupply for rxTba claim rx5559, using default of 30 days
Missing daysSupply for rxTba claim rx5560, using default of 30 days
Missing daysSupply for rxTba claim rx5561, using default of 30 days
Missing daysSupply for rxTba claim rx5562, using default of 30 days
Missing daysSupply for rxTba claim rx5563, using default of 30 days
Missing daysSupply for rxTba claim rx5564, using default of 30 days
Missing daysSupply for rxTba claim rx5565, using default of 30 days
Missing daysSupply for rxTba claim rx5566, using default of 30 days
Missing daysSupply for rxTba claim rx5567, using default of 30 days
Missing daysSupply for rxTba claim rx5568, using default of 30 days
Missing daysSupply for rxTba claim rx5569, using default of 30 days
Missing daysSupply for rxTba claim rx5570, using default of 30 days
Missing daysSupply for rxTba claim rx5571, using default of 30 days
Missing daysSupply for rxTba claim rx5572, using default of 30 days
Missing daysSupply for rxTba claim rx5573, using default of 30 days
Missing daysSupply for rxTba claim rx5574, using default of 30 days
Missing daysSupply for rxTba claim rx5575, using default of 30 days
Missing daysSupply for rxTba claim rx5576, using default of 30 days
Missing daysSupply for rxTba claim rx5577, using default of 30 days
Missing daysSupply for rxTba claim rx5578, using default of 30 days
Missing daysSupply for rxTba claim rx5579, using default of 30 days
Missing daysSupply for rxTba claim rx5580, using default of 30 days
Missing daysSupply for rxTba claim rx5581, using default of 30 days
Missing daysSupply for rxTba claim rx5582, using default of 30 days
Missing daysSupply for rxTba claim rx5583, using default of 30 days
Missing daysSupply for rxTba claim rx5584, using default of 30 days
Missing daysSupply for rxTba claim rx5585, using default of 30 days
Missing daysSupply for rxTba claim rx5586, using default of 30 days
Missing daysSupply for rxTba claim rx5587, using default of 30 days
Missing daysSupply for rxTba claim rx5588, using default of 30 days
Missing daysSupply for rxTba claim rx5589, using default of 30 days
Missing daysSupply for rxTba claim rx5590, using default of 30 days
Missing daysSupply for rxTba claim rx5591, using default of 30 days
Missing daysSupply for rxTba claim rx5592, using default of 30 days
Missing daysSupply for rxTba claim rx5593, using default of 30 days
Missing daysSupply for rxTba claim rx5594, using default of 30 days
Missing daysSupply for rxTba claim rx5595, using default of 30 days
Missing daysSupply for rxTba claim rx5596, using default of 30 days
Missing daysSupply for rxTba claim rx5597, using default of 30 days
Missing daysSupply for rxTba claim rx5598, using default of 30 days
Missing daysSupply for rxTba claim rx5599, using default of 30 days
Missing daysSupply for rxTba claim rx5600, using default of 30 days
Missing daysSupply for rxTba claim rx5601, using default of 30 days
Missing daysSupply for rxTba claim rx5602, using default of 30 days
Missing daysSupply for rxTba claim rx5603, using default of 30 days
Missing daysSupply for rxTba claim rx5604, using default of 30 days
Missing daysSupply for rxTba claim rx5605, using default of 30 days
Missing daysSupply for rxTba claim rx5606, using default of 30 days
Missing daysSupply for rxTba claim rx5607, using default of 30 days
Missing daysSupply for rxTba claim rx5608, using default of 30 days
Missing daysSupply for rxTba claim rx5609, using default of 30 days
Missing daysSupply for rxTba claim rx5610, using default of 30 days
Missing daysSupply for rxTba claim rx5611, using default of 30 days
Missing daysSupply for rxTba claim rx5612, using default of 30 days
Missing daysSupply for rxTba claim rx5613, using default of 30 days
Missing daysSupply for rxTba claim rx5614, using default of 30 days
Missing daysSupply for rxTba claim rx5615, using default of 30 days
Missing daysSupply for rxTba claim rx5616, using default of 30 days
Missing daysSupply for rxTba claim rx5617, using default of 30 days
Missing daysSupply for rxTba claim rx5618, using default of 30 days
Missing daysSupply for rxTba claim rx5619, using default of 30 days
Missing daysSupply for rxTba claim rx5620, using default of 30 days
Missing daysSupply for rxTba claim rx5621, using default of 30 days
Missing daysSupply for rxTba claim rx5622, using default of 30 days
Missing daysSupply for rxTba claim rx5623, using default of 30 days
Missing daysSupply for rxTba claim rx5624, using default of 30 days
Missing daysSupply for rxTba claim rx5625, using default of 30 days
Missing daysSupply for rxTba claim rx5626, using default of 30 days
Missing daysSupply for rxTba claim rx5627, using default of 30 days
Missing daysSupply for rxTba claim rx5628, using default of 30 days
Missing daysSupply for rxTba claim rx5629, using default of 30 days
Missing daysSupply for rxTba claim rx5630, using default of 30 days
Missing daysSupply for rxTba claim rx5631, using default of 30 days
Missing daysSupply for rxTba claim rx5632, using default of 30 days
Missing daysSupply for rxTba claim rx5633, using default of 30 days
Missing daysSupply for rxTba claim rx5634, using default of 30 days
Missing daysSupply for rxTba claim rx5635, using default of 30 days
Missing daysSupply for rxTba claim rx5636, using default of 30 days
Missing daysSupply for rxTba claim rx5637, using default of 30 days
Missing daysSupply for rxTba claim rx5638, using default of 30 days
Missing daysSupply for rxTba claim rx5639, using default of 30 days
Missing daysSupply for rxTba claim rx5640, using default of 30 days
Missing daysSupply for rxTba claim rx5641, using default of 30 days
Missing daysSupply for rxTba claim rx5642, using default of 30 days
Missing daysSupply for rxTba claim rx5643, using default of 30 days
Missing daysSupply for rxTba claim rx5644, using default of 30 days
Missing daysSupply for rxTba claim rx5645, using default of 30 days
Missing daysSupply for rxTba claim rx5646, using default of 30 days
Missing daysSupply for rxTba claim rx5647, using default of 30 days
Missing daysSupply for rxTba claim rx5648, using default of 30 days
Missing daysSupply for rxTba claim rx5649, using default of 30 days
Missing daysSupply for rxTba claim rx5650, using default of 30 days
Missing daysSupply for rxTba claim rx5651, using default of 30 days
Missing daysSupply for rxTba claim rx5652, using default of 30 days
Missing daysSupply for rxTba claim rx5653, using default of 30 days
Missing daysSupply for rxTba claim rx5654, using default of 30 days
Missing daysSupply for rxTba claim rx5655, using default of 30 days
Missing daysSupply for rxTba claim rx5656, using default of 30 days
Missing daysSupply for rxTba claim rx5657, using default of 30 days
Missing daysSupply for rxTba claim rx5658, using default of 30 days
Missing daysSupply for rxTba claim rx5659, using default of 30 days
Missing daysSupply for rxTba claim rx5660, using default of 30 days
Missing daysSupply for rxTba claim rx5661, using default of 30 days
Missing daysSupply for rxTba claim rx5662, using default of 30 days
Missing daysSupply for rxTba claim rx5663, using default of 30 days
Missing daysSupply for rxTba claim rx5664, using default of 30 days
Missing daysSupply for rxTba claim rx5665, using default of 30 days
Missing daysSupply for rxTba claim rx5666, using default of 30 days
Missing daysSupply for rxTba claim rx5667, using default of 30 days
Missing daysSupply for rxTba claim rx5668, using default of 30 days
Missing daysSupply for rxTba claim rx5669, using default of 30 days
Missing daysSupply for rxTba claim rx5670, using default of 30 days
Missing daysSupply for rxTba claim rx5671, using default of 30 days
Missing daysSupply for rxTba claim rx5672, using default of 30 days
Missing daysSupply for rxTba claim rx5673, using default of 30 days
Missing daysSupply for rxTba claim rx5674, using default of 30 days
Missing daysSupply for rxTba claim rx5675, using default of 30 days
Missing daysSupply for rxTba claim rx5676, using default of 30 days
Missing daysSupply for rxTba claim rx5677, using default of 30 days
Missing daysSupply for rxTba claim rx5678, using default of 30 days
Missing daysSupply for rxTba claim rx5679, using default of 30 days
Missing daysSupply for rxTba claim rx5680, using default of 30 days
Missing daysSupply for rxTba claim rx5681, using default of 30 days
Missing daysSupply for rxTba claim rx5682, using default of 30 days
Missing daysSupply for rxTba claim rx5683, using default of 30 days
Missing daysSupply for rxTba claim rx5684, using default of 30 days
Missing daysSupply for rxTba claim rx5685, using default of 30 days
Missing daysSupply for rxTba claim rx5686, using default of 30 days
Missing daysSupply for rxTba claim rx5687, using default of 30 days
Missing daysSupply for rxTba claim rx5688, using default of 30 days
Missing daysSupply for rxTba claim rx5689, using default of 30 days
Missing daysSupply for rxTba claim rx5690, using default of 30 days
Missing daysSupply for rxTba claim rx5691, using default of 30 days
Missing daysSupply for rxTba claim rx5692, using default of 30 days
Missing daysSupply for rxTba claim rx5693, using default of 30 days
Missing daysSupply for rxTba claim rx5694, using default of 30 days
Missing daysSupply for rxTba claim rx5695, using default of 30 days
Missing daysSupply for rxTba claim rx5696, using default of 30 days
Missing daysSupply for rxTba claim rx5697, using default of 30 days
Missing daysSupply for rxTba claim rx5698, using default of 30 days
Missing daysSupply for rxTba claim rx5699, using default of 30 days
Missing daysSupply for rxTba claim rx5700, using default of 30 days
Missing daysSupply for rxTba claim rx5701, using default of 30 days
Missing daysSupply for rxTba claim rx5702, using default of 30 days
Missing daysSupply for rxTba claim rx5703, using default of 30 days
Missing daysSupply for rxTba claim rx5704, using default of 30 days
Missing daysSupply for rxTba claim rx5705, using default of 30 days
Missing daysSupply for rxTba claim rx5706, using default of 30 days
Missing daysSupply for rxTba claim rx5707, using default of 30 days
Missing daysSupply for rxTba claim rx5708, using default of 30 days
Missing daysSupply for rxTba claim rx5709, using default of 30 days
Missing daysSupply for rxTba claim rx5710, using default of 30 days
Missing daysSupply for rxTba claim rx5711, using default of 30 days
Missing daysSupply for rxTba claim rx5712, using default of 30 days
Missing daysSupply for rxTba claim rx5713, using default of 30 days
Missing daysSupply for rxTba claim rx5714, using default of 30 days
Missing daysSupply for rxTba claim rx5715, using default of 30 days
Missing daysSupply for rxTba claim rx5716, using default of 30 days
Missing daysSupply for rxTba claim rx5717, using default of 30 days
Missing daysSupply for rxTba claim rx5718, using default of 30 days
Missing daysSupply for rxTba claim rx5719, using default of 30 days
Missing daysSupply for rxTba claim rx5720, using default of 30 days
Missing daysSupply for rxTba claim rx5721, using default of 30 days
Missing daysSupply for rxTba claim rx5722, using default of 30 days
Missing daysSupply for rxTba claim rx5723, using default of 30 days
Missing daysSupply for rxTba claim rx5724, using default of 30 days
Missing daysSupply for rxTba claim rx5725, using default of 30 days
Missing daysSupply for rxTba claim rx5726, using default of 30 days
Missing daysSupply for rxTba claim rx5727, using default of 30 days
Missing daysSupply for rxTba claim rx5728, using default of 30 days
Missing daysSupply for rxTba claim rx5729, using default of 30 days
Missing daysSupply for rxTba claim rx5730, using default of 30 days
Missing daysSupply for rxTba claim rx5731, using default of 30 days
Missing daysSupply for rxTba claim rx5732, using default of 30 days
Missing daysSupply for rxTba claim rx5733, using default of 30 days
Missing daysSupply for rxTba claim rx5734, using default of 30 days
Missing daysSupply for rxTba claim rx5735, using default of 30 days
Missing daysSupply for rxTba claim rx5736, using default of 30 days
Missing daysSupply for rxTba claim rx5737, using default of 30 days
Missing daysSupply for rxTba claim rx5738, using default of 30 days
Missing daysSupply for rxTba claim rx5739, using default of 30 days
Missing daysSupply for rxTba claim rx5740, using default of 30 days
Missing daysSupply for rxTba claim rx5741, using default of 30 days
Missing daysSupply for rxTba claim rx5742, using default of 30 days
Missing daysSupply for rxTba claim rx5743, using default of 30 days
Missing daysSupply for rxTba claim rx5744, using default of 30 days
Missing daysSupply for rxTba claim rx5745, using default of 30 days
Missing daysSupply for rxTba claim rx5746, using default of 30 days
Missing daysSupply for rxTba claim rx5747, using default of 30 days
Missing daysSupply for rxTba claim rx5748, using default of 30 days
Missing daysSupply for rxTba claim rx5749, using default of 30 days
Missing daysSupply for rxTba claim rx5750, using default of 30 days
Missing daysSupply for rxTba claim rx5751, using default of 30 days
Missing daysSupply for rxTba claim rx5752, using default of 30 days
Missing daysSupply for rxTba claim rx5753, using default of 30 days
Missing daysSupply for rxTba claim rx5754, using default of 30 days
Missing daysSupply for rxTba claim rx5755, using default of 30 days
Missing daysSupply for rxTba claim rx5756, using default of 30 days
Missing daysSupply for rxTba claim rx5757, using default of 30 days
Missing daysSupply for rxTba claim rx5758, using default of 30 days
Missing daysSupply for rxTba claim rx5759, using default of 30 days
Missing daysSupply for rxTba claim rx5760, using default of 30 days
Missing daysSupply for rxTba claim rx5761, using default of 30 days
Missing daysSupply for rxTba claim rx5762, using default of 30 days
Missing daysSupply for rxTba claim rx5763, using default of 30 days
Missing daysSupply for rxTba claim rx5764, using default of 30 days
Missing daysSupply for rxTba claim rx5765, using default of 30 days
Missing daysSupply for rxTba claim rx5766, using default of 30 days
Missing daysSupply for rxTba claim rx5767, using default of 30 days
Missing daysSupply for rxTba claim rx5768, using default of 30 days
Missing daysSupply for rxTba claim rx5769, using default of 30 days
Missing daysSupply for rxTba claim rx5770, using default of 30 days
Missing daysSupply for rxTba claim rx5771, using default of 30 days
Missing daysSupply for rxTba claim rx5772, using default of 30 days
Missing daysSupply for rxTba claim rx5773, using default of 30 days
Missing daysSupply for rxTba claim rx5774, using default of 30 days
Missing daysSupply for rxTba claim rx5775, using default of 30 days
Missing daysSupply for rxTba claim rx5776, using default of 30 days
Missing daysSupply for rxTba claim rx5777, using default of 30 days
Missing daysSupply for rxTba claim rx5778, using default of 30 days
Missing daysSupply for rxTba claim rx5779, using default of 30 days
Missing daysSupply for rxTba claim rx5780, using default of 30 days
Missing daysSupply for rxTba claim rx5781, using default of 30 days
Missing daysSupply for rxTba claim rx5782, using default of 30 days
Missing daysSupply for rxTba claim rx5783, using default of 30 days
Missing daysSupply for rxTba claim rx5784, using default of 30 days
Missing daysSupply for rxTba claim rx5785, using default of 30 days
Missing daysSupply for rxTba claim rx5786, using default of 30 days
Missing daysSupply for rxTba claim rx5787, using default of 30 days
Missing daysSupply for rxTba claim rx5788, using default of 30 days
Missing daysSupply for rxTba claim rx5789, using default of 30 days
Missing daysSupply for rxTba claim rx5790, using default of 30 days
Missing daysSupply for rxTba claim rx5791, using default of 30 days
Missing daysSupply for rxTba claim rx5792, using default of 30 days
Missing daysSupply for rxTba claim rx5793, using default of 30 days
Missing daysSupply for rxTba claim rx5794, using default of 30 days
Missing daysSupply for rxTba claim rx5795, using default of 30 days
Missing daysSupply for rxTba claim rx5796, using default of 30 days
Missing daysSupply for rxTba claim rx5797, using default of 30 days
Missing daysSupply for rxTba claim rx5798, using default of 30 days
Missing daysSupply for rxTba claim rx5799, using default of 30 days
Missing daysSupply for rxTba claim rx5800, using default of 30 days
Missing daysSupply for rxTba claim rx5801, using default of 30 days
Missing daysSupply for rxTba claim rx5802, using default of 30 days
Missing daysSupply for rxTba claim rx5803, using default of 30 days
Missing daysSupply for rxTba claim rx5804, using default of 30 days
Missing daysSupply for rxTba claim rx5805, using default of 30 days
Missing daysSupply for rxTba claim rx5806, using default of 30 days
Missing daysSupply for rxTba claim rx5807, using default of 30 days
Missing daysSupply for rxTba claim rx5808, using default of 30 days
Missing daysSupply for rxTba claim rx5809, using default of 30 days
Missing daysSupply for rxTba claim rx5810, using default of 30 days
Missing daysSupply for rxTba claim rx5811, using default of 30 days
Missing daysSupply for rxTba claim rx5812, using default of 30 days
Missing daysSupply for rxTba claim rx5813, using default of 30 days
Missing daysSupply for rxTba claim rx5814, using default of 30 days
Missing daysSupply for rxTba claim rx5815, using default of 30 days
Missing daysSupply for rxTba claim rx5816, using default of 30 days
Missing daysSupply for rxTba claim rx5817, using default of 30 days
Missing daysSupply for rxTba claim rx5818, using default of 30 days
Missing daysSupply for rxTba claim rx5819, using default of 30 days
Missing daysSupply for rxTba claim rx5820, using default of 30 days
Missing daysSupply for rxTba claim rx5821, using default of 30 days
Missing daysSupply for rxTba claim rx5822, using default of 30 days
Missing daysSupply for rxTba claim rx5823, using default of 30 days
Missing daysSupply for rxTba claim rx5824, using default of 30 days
Missing daysSupply for rxTba claim rx5825, using default of 30 days
Missing daysSupply for rxTba claim rx5826, using default of 30 days
Missing daysSupply for rxTba claim rx5827, using default of 30 days
Missing daysSupply for rxTba claim rx5828, using default of 30 days
Missing daysSupply for rxTba claim rx5829, using default of 30 days
Missing daysSupply for rxTba claim rx5830, using default of 30 days
Missing daysSupply for rxTba claim rx5831, using default of 30 days
Missing daysSupply for rxTba claim rx5832, using default of 30 days
Missing daysSupply for rxTba claim rx5833, using default of 30 days
Missing daysSupply for rxTba claim rx5834, using default of 30 days
Missing daysSupply for rxTba claim rx5835, using default of 30 days
Missing daysSupply for rxTba claim rx5836, using default of 30 days
Missing daysSupply for rxTba claim rx5837, using default of 30 days
Missing daysSupply for rxTba claim rx5838, using default of 30 days
Missing daysSupply for rxTba claim rx5839, using default of 30 days
Missing daysSupply for rxTba claim rx5840, using default of 30 days
Missing daysSupply for rxTba claim rx5841, using default of 30 days
Missing daysSupply for rxTba claim rx5842, using default of 30 days
Missing daysSupply for rxTba claim rx5843, using default of 30 days
Missing daysSupply for rxTba claim rx5844, using default of 30 days
Missing daysSupply for rxTba claim rx5845, using default of 30 days
Missing daysSupply for rxTba claim rx5846, using default of 30 days
Missing daysSupply for rxTba claim rx5847, using default of 30 days
Missing daysSupply for rxTba claim rx5848, using default of 30 days
Missing daysSupply for rxTba claim rx5849, using default of 30 days
Missing daysSupply for rxTba claim rx5850, using default of 30 days
Missing daysSupply for rxTba claim rx5851, using default of 30 days
Missing daysSupply for rxTba claim rx5852, using default of 30 days
Missing daysSupply for rxTba claim rx5853, using default of 30 days
Missing daysSupply for rxTba claim rx5854, using default of 30 days
Missing daysSupply for rxTba claim rx5855, using default of 30 days
Missing daysSupply for rxTba claim rx5856, using default of 30 days
Missing daysSupply for rxTba claim rx5857, using default of 30 days
Missing daysSupply for rxTba claim rx5858, using default of 30 days
Missing daysSupply for rxTba claim rx5859, using default of 30 days
Missing daysSupply for rxTba claim rx5860, using default of 30 days
Missing daysSupply for rxTba claim rx5861, using default of 30 days
Missing daysSupply for rxTba claim rx5862, using default of 30 days
Missing daysSupply for rxTba claim rx5863, using default of 30 days
Missing daysSupply for rxTba claim rx5864, using default of 30 days
Missing daysSupply for rxTba claim rx5865, using default of 30 days
Missing daysSupply for rxTba claim rx5866, using default of 30 days
Missing daysSupply for rxTba claim rx5867, using default of 30 days
Missing daysSupply for rxTba claim rx5868, using default of 30 days
Missing daysSupply for rxTba claim rx5869, using default of 30 days
Missing daysSupply for rxTba claim rx5870, using default of 30 days
Missing daysSupply for rxTba claim rx5871, using default of 30 days
Missing daysSupply for rxTba claim rx5872, using default of 30 days
Missing daysSupply for rxTba claim rx5873, using default of 30 days
Missing daysSupply for rxTba claim rx5874, using default of 30 days
Missing daysSupply for rxTba claim rx5875, using default of 30 days
Missing daysSupply for rxTba claim rx5876, using default of 30 days
Missing daysSupply for rxTba claim rx5877, using default of 30 days
Missing daysSupply for rxTba claim rx5878, using default of 30 days
Missing daysSupply for rxTba claim rx5879, using default of 30 days
Missing daysSupply for rxTba claim rx5880, using default of 30 days
Missing daysSupply for rxTba claim rx5881, using default of 30 days
Missing daysSupply for rxTba claim rx5882, using default of 30 days
Missing daysSupply for rxTba claim rx5883, using default of 30 days
Missing daysSupply for rxTba claim rx5884, using default of 30 days
Missing daysSupply for rxTba claim rx5885, using default of 30 days
Missing daysSupply for rxTba claim rx5886, using default of 30 days
Missing daysSupply for rxTba claim rx5887, using default of 30 days
Missing daysSupply for rxTba claim rx5888, using default of 30 days
Missing daysSupply for rxTba claim rx5889, using default of 30 days
Missing daysSupply for rxTba claim rx5890, using default of 30 days
Missing daysSupply for rxTba claim rx5891, using default of 30 days
Missing daysSupply for rxTba claim rx5892, using default of 30 days
Missing daysSupply for rxTba claim rx5893, using default of 30 days
Missing daysSupply for rxTba claim rx5894, using default of 30 days
Missing daysSupply for rxTba claim rx5895, using default of 30 days
Missing daysSupply for rxTba claim rx5896, using default of 30 days
Missing daysSupply for rxTba claim rx5897, using default of 30 days
Missing daysSupply for rxTba claim rx5898, using default of 30 days
Missing daysSupply for rxTba claim rx5899, using default of 30 days
Missing daysSupply for rxTba claim rx5900, using default of 30 days
Missing daysSupply for rxTba claim rx5901, using default of 30 days
Missing daysSupply for rxTba claim rx5902, using default of 30 days
Missing daysSupply for rxTba claim rx5903, using default of 30 days
Missing daysSupply for rxTba claim rx5904, using default of 30 days
Missing daysSupply for rxTba claim rx5905, using default of 30 days
Missing daysSupply for rxTba claim rx5906, using default of 30 days
Missing daysSupply for rxTba claim rx5907, using default of 30 days
Missing daysSupply for rxTba claim rx5908, using default of 30 days
Missing daysSupply for rxTba claim rx5909, using default of 30 days
Missing daysSupply for rxTba claim rx5910, using default of 30 days
Missing daysSupply for rxTba claim rx5911, using default of 30 days
Missing daysSupply for rxTba claim rx5912, using default of 30 days
Missing daysSupply for rxTba claim rx5913, using default of 30 days
Missing daysSupply for rxTba claim rx5914, using default of 30 days
Missing daysSupply for rxTba claim rx5915, using default of 30 days
Missing daysSupply for rxTba claim rx5916, using default of 30 days
Missing daysSupply for rxTba claim rx5917, using default of 30 days
Missing daysSupply for rxTba claim rx5918, using default of 30 days
Missing daysSupply for rxTba claim rx5919, using default of 30 days
Missing daysSupply for rxTba claim rx5920, using default of 30 days
Missing daysSupply for rxTba claim rx5921, using default of 30 days
Missing daysSupply for rxTba claim rx5922, using default of 30 days
Missing daysSupply for rxTba claim rx5923, using default of 30 days
Missing daysSupply for rxTba claim rx5924, using default of 30 days
Missing daysSupply for rxTba claim rx5925, using default of 30 days
Missing daysSupply for rxTba claim rx5926, using default of 30 days
Missing daysSupply for rxTba claim rx5927, using default of 30 days
Missing daysSupply for rxTba claim rx5928, using default of 30 days
Missing daysSupply for rxTba claim rx5929, using default of 30 days
Missing daysSupply for rxTba claim rx5930, using default of 30 days
Missing daysSupply for rxTba claim rx5931, using default of 30 days
Missing daysSupply for rxTba claim rx5932, using default of 30 days
Missing daysSupply for rxTba claim rx5933, using default of 30 days
Missing daysSupply for rxTba claim rx5934, using default of 30 days
Missing daysSupply for rxTba claim rx5935, using default of 30 days
Missing daysSupply for rxTba claim rx5936, using default of 30 days
Missing daysSupply for rxTba claim rx5937, using default of 30 days
Missing daysSupply for rxTba claim rx5938, using default of 30 days
Missing daysSupply for rxTba claim rx5939, using default of 30 days
Missing daysSupply for rxTba claim rx5940, using default of 30 days
Missing daysSupply for rxTba claim rx5941, using default of 30 days
Missing daysSupply for rxTba claim rx5942, using default of 30 days
Missing daysSupply for rxTba claim rx5943, using default of 30 days
Missing daysSupply for rxTba claim rx5944, using default of 30 days
Missing daysSupply for rxTba claim rx5945, using default of 30 days
Missing daysSupply for rxTba claim rx5946, using default of 30 days
Missing daysSupply for rxTba claim rx5947, using default of 30 days
Missing daysSupply for rxTba claim rx5948, using default of 30 days
Missing daysSupply for rxTba claim rx5949, using default of 30 days
Missing daysSupply for rxTba claim rx5950, using default of 30 days
Missing daysSupply for rxTba claim rx5951, using default of 30 days
Missing daysSupply for rxTba claim rx5952, using default of 30 days
Missing daysSupply for rxTba claim rx5953, using default of 30 days
Missing daysSupply for rxTba claim rx5954, using default of 30 days
Missing daysSupply for rxTba claim rx5955, using default of 30 days
Missing daysSupply for rxTba claim rx5956, using default of 30 days
Missing daysSupply for rxTba claim rx5957, using default of 30 days
Missing daysSupply for rxTba claim rx5958, using default of 30 days
Missing daysSupply for rxTba claim rx5959, using default of 30 days
Missing daysSupply for rxTba claim rx5960, using default of 30 days
Missing daysSupply for rxTba claim rx5961, using default of 30 days
Missing daysSupply for rxTba claim rx5962, using default of 30 days
Missing daysSupply for rxTba claim rx5963, using default of 30 days
Missing daysSupply for rxTba claim rx5964, using default of 30 days
Missing daysSupply for rxTba claim rx5965, using default of 30 days
Missing daysSupply for rxTba claim rx5966, using default of 30 days
Missing daysSupply for rxTba claim rx5967, using default of 30 days
Missing daysSupply for rxTba claim rx5968, using default of 30 days
Missing daysSupply for rxTba claim rx5969, using default of 30 days
Missing daysSupply for rxTba claim rx5970, using default of 30 days
Missing daysSupply for rxTba claim rx5971, using default of 30 days
Missing daysSupply for rxTba claim rx5972, using default of 30 days
Missing daysSupply for rxTba claim rx5973, using default of 30 days
Missing daysSupply for rxTba claim rx5974, using default of 30 days
Missing daysSupply for rxTba claim rx5975, using default of 30 days
Missing daysSupply for rxTba claim rx5976, using default of 30 days
Missing daysSupply for rxTba claim rx5977, using default of 30 days
Missing daysSupply for rxTba claim rx5978, using default of 30 days
Missing daysSupply for rxTba claim rx5979, using default of 30 days
Missing daysSupply for rxTba claim rx5980, using default of 30 days
Missing daysSupply for rxTba claim rx5981, using default of 30 days
Missing daysSupply for rxTba claim rx5982, using default of 30 days
Missing daysSupply for rxTba claim rx5983, using default of 30 days
Missing daysSupply for rxTba claim rx5984, using default of 30 days
Missing daysSupply for rxTba claim rx5985, using default of 30 days
Missing daysSupply for rxTba claim rx5986, using default of 30 days
Missing daysSupply for rxTba claim rx5987, using default of 30 days
Missing daysSupply for rxTba claim rx5988, using default of 30 days
Missing daysSupply for rxTba claim rx5989, using default of 30 days
Missing daysSupply for rxTba claim rx5990, using default of 30 days
Missing daysSupply for rxTba claim rx5991, using default of 30 days
Missing daysSupply for rxTba claim rx5992, using default of 30 days
Missing daysSupply for rxTba claim rx5993, using default of 30 days
Missing daysSupply for rxTba claim rx5994, using default of 30 days
Missing daysSupply for rxTba claim rx5995, using default of 30 days
Missing daysSupply for rxTba claim rx5996, using default of 30 days
Missing daysSupply for rxTba claim rx5997, using default of 30 days
Missing daysSupply for rxTba claim rx5998, using default of 30 days
Missing daysSupply for rxTba claim rx5999, using default of 30 days
Missing daysSupply for rxTba claim rx6000, using default of 30 days
Missing daysSupply for rxTba claim rx6001, using default of 30 days
Missing daysSupply for rxTba claim rx6002, using default of 30 days
Missing daysSupply for rxTba claim rx6003, using default of 30 days
Missing daysSupply for rxTba claim rx6004, using default of 30 days
Missing daysSupply for rxTba claim rx6005, using default of 30 days
Missing daysSupply for rxTba claim rx6006, using default of 30 days
Missing daysSupply for rxTba claim rx6007, using default of 30 days
Missing daysSupply for rxTba claim rx6008, using default of 30 days
Missing daysSupply for rxTba claim rx6009, using default of 30 days
Missing daysSupply for rxTba claim rx6010, using default of 30 days
Missing daysSupply for rxTba claim rx6011, using default of 30 days
Missing daysSupply for rxTba claim rx6012, using default of 30 days
Missing daysSupply for rxTba claim rx6013, using default of 30 days
Missing daysSupply for rxTba claim rx6014, using default of 30 days
Missing daysSupply for rxTba claim rx6015, using default of 30 days
Missing daysSupply for rxTba claim rx6016, using default of 30 days
Missing daysSupply for rxTba claim rx6017, using default of 30 days
Missing daysSupply for rxTba claim rx6018, using default of 30 days
Missing daysSupply for rxTba claim rx6019, using default of 30 days
Missing daysSupply for rxTba claim rx6020, using default of 30 days
Missing daysSupply for rxTba claim rx6021, using default of 30 days
Missing daysSupply for rxTba claim rx6022, using default of 30 days
Missing daysSupply for rxTba claim rx6023, using default of 30 days
Missing daysSupply for rxTba claim rx6024, using default of 30 days
Missing daysSupply for rxTba claim rx6025, using default of 30 days
Missing daysSupply for rxTba claim rx6026, using default of 30 days
Missing daysSupply for rxTba claim rx6027, using default of 30 days
Missing daysSupply for rxTba claim rx6028, using default of 30 days
Missing daysSupply for rxTba claim rx6029, using default of 30 days
Missing daysSupply for rxTba claim rx6030, using default of 30 days
Missing daysSupply for rxTba claim rx6031, using default of 30 days
Missing daysSupply for rxTba claim rx6032, using default of 30 days
Missing daysSupply for rxTba claim rx6033, using default of 30 days
Missing daysSupply for rxTba claim rx6034, using default of 30 days
Missing daysSupply for rxTba claim rx6035, using default of 30 days
Missing daysSupply for rxTba claim rx6036, using default of 30 days
Missing daysSupply for rxTba claim rx6037, using default of 30 days
Missing daysSupply for rxTba claim rx6038, using default of 30 days
Missing daysSupply for rxTba claim rx6039, using default of 30 days
Missing daysSupply for rxTba claim rx6040, using default of 30 days
Missing daysSupply for rxTba claim rx6041, using default of 30 days
Missing daysSupply for rxTba claim rx6042, using default of 30 days
Missing daysSupply for rxTba claim rx6043, using default of 30 days
Missing daysSupply for rxTba claim rx6044, using default of 30 days
Missing daysSupply for rxTba claim rx6045, using default of 30 days
Missing daysSupply for rxTba claim rx6046, using default of 30 days
Missing daysSupply for rxTba claim rx6047, using default of 30 days
Missing daysSupply for rxTba claim rx6048, using default of 30 days
Missing daysSupply for rxTba claim rx6049, using default of 30 days
Missing daysSupply for rxTba claim rx6050, using default of 30 days
Missing daysSupply for rxTba claim rx6051, using default of 30 days
Missing daysSupply for rxTba claim rx6052, using default of 30 days
Missing daysSupply for rxTba claim rx6053, using default of 30 days
Missing daysSupply for rxTba claim rx6054, using default of 30 days
Missing daysSupply for rxTba claim rx6055, using default of 30 days
Missing daysSupply for rxTba claim rx6056, using default of 30 days
Missing daysSupply for rxTba claim rx6057, using default of 30 days
Missing daysSupply for rxTba claim rx6058, using default of 30 days
Missing daysSupply for rxTba claim rx6059, using default of 30 days
Missing daysSupply for rxTba claim rx6060, using default of 30 days
Missing daysSupply for rxTba claim rx6061, using default of 30 days
Missing daysSupply for rxTba claim rx6062, using default of 30 days
Missing daysSupply for rxTba claim rx6063, using default of 30 days
Missing daysSupply for rxTba claim rx6064, using default of 30 days
Missing daysSupply for rxTba claim rx6065, using default of 30 days
Missing daysSupply for rxTba claim rx6066, using default of 30 days
Missing daysSupply for rxTba claim rx6067, using default of 30 days
Missing daysSupply for rxTba claim rx6068, using default of 30 days
Missing daysSupply for rxTba claim rx6069, using default of 30 days
Missing daysSupply for rxTba claim rx6070, using default of 30 days
Missing daysSupply for rxTba claim rx6071, using default of 30 days
Missing daysSupply for rxTba claim rx6072, using default of 30 days
Missing daysSupply for rxTba claim rx6073, using default of 30 days
Missing daysSupply for rxTba claim rx6074, using default of 30 days
Missing daysSupply for rxTba claim rx6075, using default of 30 days
Missing daysSupply for rxTba claim rx6076, using default of 30 days
Missing daysSupply for rxTba claim rx6077, using default of 30 days
Missing daysSupply for rxTba claim rx6078, using default of 30 days
Missing daysSupply for rxTba claim rx6079, using default of 30 days
Missing daysSupply for rxTba claim rx6080, using default of 30 days
Missing daysSupply for rxTba claim rx6081, using default of 30 days
Missing daysSupply for rxTba claim rx6082, using default of 30 days
Missing daysSupply for rxTba claim rx6083, using default of 30 days
Missing daysSupply for rxTba claim rx6084, using default of 30 days
Missing daysSupply for rxTba claim rx6085, using default of 30 days
Missing daysSupply for rxTba claim rx6086, using default of 30 days
Missing daysSupply for rxTba claim rx6087, using default of 30 days
Missing daysSupply for rxTba claim rx6088, using default of 30 days
Missing daysSupply for rxTba claim rx6089, using default of 30 days
Missing daysSupply for rxTba claim rx6090, using default of 30 days
Missing daysSupply for rxTba claim rx6091, using default of 30 days
Missing daysSupply for rxTba claim rx6092, using default of 30 days
Missing daysSupply for rxTba claim rx6093, using default of 30 days
Missing daysSupply for rxTba claim rx6094, using default of 30 days
Missing daysSupply for rxTba claim rx6095, using default of 30 days
Missing daysSupply for rxTba claim rx6096, using default of 30 days
Missing daysSupply for rxTba claim rx6097, using default of 30 days
Missing daysSupply for rxTba claim rx6098, using default of 30 days
Missing daysSupply for rxTba claim rx6099, using default of 30 days
Missing daysSupply for rxTba claim rx6100, using default of 30 days
Missing daysSupply for rxTba claim rx6101, using default of 30 days
Missing daysSupply for rxTba claim rx6102, using default of 30 days
Missing daysSupply for rxTba claim rx6103, using default of 30 days
Missing daysSupply for rxTba claim rx6104, using default of 30 days
Missing daysSupply for rxTba claim rx6105, using default of 30 days
Missing daysSupply for rxTba claim rx6106, using default of 30 days
Missing daysSupply for rxTba claim rx6107, using default of 30 days
Missing daysSupply for rxTba claim rx6108, using default of 30 days
Missing daysSupply for rxTba claim rx6109, using default of 30 days
Missing daysSupply for rxTba claim rx6110, using default of 30 days
Missing daysSupply for rxTba claim rx6111, using default of 30 days
Missing daysSupply for rxTba claim rx6112, using default of 30 days
Missing daysSupply for rxTba claim rx6113, using default of 30 days
Missing daysSupply for rxTba claim rx6114, using default of 30 days
Missing daysSupply for rxTba claim rx6115, using default of 30 days
Missing daysSupply for rxTba claim rx6116, using default of 30 days
Missing daysSupply for rxTba claim rx6117, using default of 30 days
Missing daysSupply for rxTba claim rx6118, using default of 30 days
Missing daysSupply for rxTba claim rx6119, using default of 30 days
Missing daysSupply for rxTba claim rx6120, using default of 30 days
Missing daysSupply for rxTba claim rx6121, using default of 30 days
Missing daysSupply for rxTba claim rx6122, using default of 30 days
Missing daysSupply for rxTba claim rx6123, using default of 30 days
Missing daysSupply for rxTba claim rx6124, using default of 30 days
Missing daysSupply for rxTba claim rx6125, using default of 30 days
Missing daysSupply for rxTba claim rx6126, using default of 30 days
Missing daysSupply for rxTba claim rx6127, using default of 30 days
Missing daysSupply for rxTba claim rx6128, using default of 30 days
Missing daysSupply for rxTba claim rx6129, using default of 30 days
Missing daysSupply for rxTba claim rx6130, using default of 30 days
Missing daysSupply for rxTba claim rx6131, using default of 30 days
Missing daysSupply for rxTba claim rx6132, using default of 30 days
Missing daysSupply for rxTba claim rx6133, using default of 30 days
Missing daysSupply for rxTba claim rx6134, using default of 30 days
Missing daysSupply for rxTba claim rx6135, using default of 30 days
Missing daysSupply for rxTba claim rx6136, using default of 30 days
Missing daysSupply for rxTba claim rx6137, using default of 30 days
Missing daysSupply for rxTba claim rx6138, using default of 30 days
Missing daysSupply for rxTba claim rx6139, using default of 30 days
Missing daysSupply for rxTba claim rx6140, using default of 30 days
Missing daysSupply for rxTba claim rx6141, using default of 30 days
Missing daysSupply for rxTba claim rx6142, using default of 30 days
Missing daysSupply for rxTba claim rx6143, using default of 30 days
Missing daysSupply for rxTba claim rx6144, using default of 30 days
Missing daysSupply for rxTba claim rx6145, using default of 30 days
Missing daysSupply for rxTba claim rx6146, using default of 30 days
Missing daysSupply for rxTba claim rx6147, using default of 30 days
Missing daysSupply for rxTba claim rx6148, using default of 30 days
Missing daysSupply for rxTba claim rx6149, using default of 30 days
Missing daysSupply for rxTba claim rx6150, using default of 30 days
Missing daysSupply for rxTba claim rx6151, using default of 30 days
Missing daysSupply for rxTba claim rx6152, using default of 30 days
Missing daysSupply for rxTba claim rx6153, using default of 30 days
Missing daysSupply for rxTba claim rx6154, using default of 30 days
Missing daysSupply for rxTba claim rx6155, using default of 30 days
Missing daysSupply for rxTba claim rx6156, using default of 30 days
Missing daysSupply for rxTba claim rx6157, using default of 30 days
Missing daysSupply for rxTba claim rx6158, using default of 30 days
Missing daysSupply for rxTba claim rx6159, using default of 30 days
Missing daysSupply for rxTba claim rx6160, using default of 30 days
Missing daysSupply for rxTba claim rx6161, using default of 30 days
Missing daysSupply for rxTba claim rx6162, using default of 30 days
Missing daysSupply for rxTba claim rx6163, using default of 30 days
Missing daysSupply for rxTba claim rx6164, using default of 30 days
Missing daysSupply for rxTba claim rx6165, using default of 30 days
Missing daysSupply for rxTba claim rx6166, using default of 30 days
Missing daysSupply for rxTba claim rx6167, using default of 30 days
Missing daysSupply for rxTba claim rx6168, using default of 30 days
Missing daysSupply for rxTba claim rx6169, using default of 30 days
Missing daysSupply for rxTba claim rx6170, using default of 30 days
Missing daysSupply for rxTba claim rx6171, using default of 30 days
Missing daysSupply for rxTba claim rx6172, using default of 30 days
Missing daysSupply for rxTba claim rx6173, using default of 30 days
Missing daysSupply for rxTba claim rx6174, using default of 30 days
Missing daysSupply for rxTba claim rx6175, using default of 30 days
Missing daysSupply for rxTba claim rx6176, using default of 30 days
Missing daysSupply for rxTba claim rx6177, using default of 30 days
Missing daysSupply for rxTba claim rx6178, using default of 30 days
Missing daysSupply for rxTba claim rx6179, using default of 30 days
Missing daysSupply for rxTba claim rx6180, using default of 30 days
Missing daysSupply for rxTba claim rx6181, using default of 30 days
Missing daysSupply for rxTba claim rx6182, using default of 30 days
Missing daysSupply for rxTba claim rx6183, using default of 30 days
Missing daysSupply for rxTba claim rx6184, using default of 30 days
Missing daysSupply for rxTba claim rx6185, using default of 30 days
Missing daysSupply for rxTba claim rx6186, using default of 30 days
Missing daysSupply for rxTba claim rx6187, using default of 30 days
Missing daysSupply for rxTba claim rx6188, using default of 30 days
Missing daysSupply for rxTba claim rx6189, using default of 30 days
Missing daysSupply for rxTba claim rx6190, using default of 30 days
Missing daysSupply for rxTba claim rx6191, using default of 30 days
Missing daysSupply for rxTba claim rx6192, using default of 30 days
Missing daysSupply for rxTba claim rx6193, using default of 30 days
Missing daysSupply for rxTba claim rx6194, using default of 30 days
Missing daysSupply for rxTba claim rx6195, using default of 30 days
Missing daysSupply for rxTba claim rx6196, using default of 30 days
Missing daysSupply for rxTba claim rx6197, using default of 30 days
Missing daysSupply for rxTba claim rx6198, using default of 30 days
Missing daysSupply for rxTba claim rx6199, using default of 30 days
Missing daysSupply for rxTba claim rx6200, using default of 30 days
Missing daysSupply for rxTba claim rx6201, using default of 30 days
Missing daysSupply for rxTba claim rx6202, using default of 30 days
Missing daysSupply for rxTba claim rx6203, using default of 30 days
Missing daysSupply for rxTba claim rx6204, using default of 30 days
Missing daysSupply for rxTba claim rx6205, using default of 30 days
Missing daysSupply for rxTba claim rx6206, using default of 30 days
Missing daysSupply for rxTba claim rx6207, using default of 30 days
Missing daysSupply for rxTba claim rx6208, using default of 30 days
Missing daysSupply for rxTba claim rx6209, using default of 30 days
Missing daysSupply for rxTba claim rx6210, using default of 30 days
Missing daysSupply for rxTba claim rx6211, using default of 30 days
Missing daysSupply for rxTba claim rx6212, using default of 30 days
Missing daysSupply for rxTba claim rx6213, using default of 30 days
Missing daysSupply for rxTba claim rx6214, using default of 30 days
Missing daysSupply for rxTba claim rx6215, using default of 30 days
Missing daysSupply for rxTba claim rx6216, using default of 30 days
Missing daysSupply for rxTba claim rx6217, using default of 30 days
Missing daysSupply for rxTba claim rx6218, using default of 30 days
Missing daysSupply for rxTba claim rx6219, using default of 30 days
Missing daysSupply for rxTba claim rx6220, using default of 30 days
Missing daysSupply for rxTba claim rx6221, using default of 30 days
Missing daysSupply for rxTba claim rx6222, using default of 30 days
Missing daysSupply for rxTba claim rx6223, using default of 30 days
Missing daysSupply for rxTba claim rx6224, using default of 30 days
Missing daysSupply for rxTba claim rx6225, using default of 30 days
Missing daysSupply for rxTba claim rx6226, using default of 30 days
Missing daysSupply for rxTba claim rx6227, using default of 30 days
Missing daysSupply for rxTba claim rx6228, using default of 30 days
Missing daysSupply for rxTba claim rx6229, using default of 30 days
Missing daysSupply for rxTba claim rx6230, using default of 30 days
Missing daysSupply for rxTba claim rx6231, using default of 30 days
Missing daysSupply for rxTba claim rx6232, using default of 30 days
Missing daysSupply for rxTba claim rx6233, using default of 30 days
Missing daysSupply for rxTba claim rx6234, using default of 30 days
Missing daysSupply for rxTba claim rx6235, using default of 30 days
Missing daysSupply for rxTba claim rx6236, using default of 30 days
Missing daysSupply for rxTba claim rx6237, using default of 30 days
Missing daysSupply for rxTba claim rx6238, using default of 30 days
Missing daysSupply for rxTba claim rx6239, using default of 30 days
Missing daysSupply for rxTba claim rx6240, using default of 30 days
Missing daysSupply for rxTba claim rx6241, using default of 30 days
Missing daysSupply for rxTba claim rx6242, using default of 30 days
Missing daysSupply for rxTba claim rx6243, using default of 30 days
Missing daysSupply for rxTba claim rx6244, using default of 30 days
Missing daysSupply for rxTba claim rx6245, using default of 30 days
Missing daysSupply for rxTba claim rx6246, using default of 30 days
Missing daysSupply for rxTba claim rx6247, using default of 30 days
Missing daysSupply for rxTba claim rx6248, using default of 30 days
Missing daysSupply for rxTba claim rx6249, using default of 30 days
Missing daysSupply for rxTba claim rx6250, using default of 30 days
Missing daysSupply for rxTba claim rx6251, using default of 30 days
Missing daysSupply for rxTba claim rx6252, using default of 30 days
Missing daysSupply for rxTba claim rx6253, using default of 30 days
Missing daysSupply for rxTba claim rx6254, using default of 30 days
Missing daysSupply for rxTba claim rx6255, using default of 30 days
Missing daysSupply for rxTba claim rx6256, using default of 30 days
Missing daysSupply for rxTba claim rx6257, using default of 30 days
Missing daysSupply for rxTba claim rx6258, using default of 30 days
Missing daysSupply for rxTba claim rx6259, using default of 30 days
Missing daysSupply for rxTba claim rx6260, using default of 30 days
Missing daysSupply for rxTba claim rx6261, using default of 30 days
Missing daysSupply for rxTba claim rx6262, using default of 30 days
Missing daysSupply for rxTba claim rx6263, using default of 30 days
Missing daysSupply for rxTba claim rx6264, using default of 30 days
Missing daysSupply for rxTba claim rx6265, using default of 30 days
Missing daysSupply for rxTba claim rx6266, using default of 30 days
Missing daysSupply for rxTba claim rx6267, using default of 30 days
Missing daysSupply for rxTba claim rx6268, using default of 30 days
Missing daysSupply for rxTba claim rx6269, using default of 30 days
Missing daysSupply for rxTba claim rx6270, using default of 30 days
Missing daysSupply for rxTba claim rx6271, using default of 30 days
Missing daysSupply for rxTba claim rx6272, using default of 30 days
Missing daysSupply for rxTba claim rx6273, using default of 30 days
Missing daysSupply for rxTba claim rx6274, using default of 30 days
Missing daysSupply for rxTba claim rx6275, using default of 30 days
Missing daysSupply for rxTba claim rx6276, using default of 30 days
Missing daysSupply for rxTba claim rx6277, using default of 30 days
Missing daysSupply for rxTba claim rx6278, using default of 30 days
Missing daysSupply for rxTba claim rx6279, using default of 30 days
Missing daysSupply for rxTba claim rx6280, using default of 30 days
Missing daysSupply for rxTba claim rx6281, using default of 30 days
Missing daysSupply for rxTba claim rx6282, using default of 30 days
Missing daysSupply for rxTba claim rx6283, using default of 30 days
Missing daysSupply for rxTba claim rx6284, using default of 30 days
Missing daysSupply for rxTba claim rx6285, using default of 30 days
Missing daysSupply for rxTba claim rx6286, using default of 30 days
Missing daysSupply for rxTba claim rx6287, using default of 30 days
Missing daysSupply for rxTba claim rx6288, using default of 30 days
Missing daysSupply for rxTba claim rx6289, using default of 30 days
Missing daysSupply for rxTba claim rx6290, using default of 30 days
Missing daysSupply for rxTba claim rx6291, using default of 30 days
Missing daysSupply for rxTba claim rx6292, using default of 30 days
Missing daysSupply for rxTba claim rx6293, using default of 30 days
Missing daysSupply for rxTba claim rx6294, using default of 30 days
Missing daysSupply for rxTba claim rx6295, using default of 30 days
Missing daysSupply for rxTba claim rx6296, using default of 30 days
Missing daysSupply for rxTba claim rx6297, using default of 30 days
Missing daysSupply for rxTba claim rx6298, using default of 30 days
Missing daysSupply for rxTba claim rx6299, using default of 30 days
Missing daysSupply for rxTba claim rx6300, using default of 30 days
Missing daysSupply for rxTba claim rx6301, using default of 30 days
Missing daysSupply for rxTba claim rx6302, using default of 30 days
Missing daysSupply for rxTba claim rx6303, using default of 30 days
Missing daysSupply for rxTba claim rx6304, using default of 30 days
Missing daysSupply for rxTba claim rx6305, using default of 30 days
Missing daysSupply for rxTba claim rx6306, using default of 30 days
Missing daysSupply for rxTba claim rx6307, using default of 30 days
Missing daysSupply for rxTba claim rx6308, using default of 30 days
Missing daysSupply for rxTba claim rx6309, using default of 30 days
Missing daysSupply for rxTba claim rx6310, using default of 30 days
Missing daysSupply for rxTba claim rx6311, using default of 30 days
Missing daysSupply for rxTba claim rx6312, using default of 30 days
Missing daysSupply for rxTba claim rx6313, using default of 30 days
Missing daysSupply for rxTba claim rx6314, using default of 30 days
Missing daysSupply for rxTba claim rx6315, using default of 30 days
Missing daysSupply for rxTba claim rx6316, using default of 30 days
Missing daysSupply for rxTba claim rx6317, using default of 30 days
Missing daysSupply for rxTba claim rx6318, using default of 30 days
Missing daysSupply for rxTba claim rx6319, using default of 30 days
Missing daysSupply for rxTba claim rx6320, using default of 30 days
Missing daysSupply for rxTba claim rx6321, using default of 30 days
Missing daysSupply for rxTba claim rx6322, using default of 30 days
Missing daysSupply for rxTba claim rx6323, using default of 30 days
Missing daysSupply for rxTba claim rx6324, using default of 30 days
Missing daysSupply for rxTba claim rx6325, using default of 30 days
Missing daysSupply for rxTba claim rx6326, using default of 30 days
Missing daysSupply for rxTba claim rx6327, using default of 30 days
Missing daysSupply for rxTba claim rx6328, using default of 30 days
Missing daysSupply for rxTba claim rx6329, using default of 30 days
Missing daysSupply for rxTba claim rx6330, using default of 30 days
Missing daysSupply for rxTba claim rx6331, using default of 30 days
Missing daysSupply for rxTba claim rx6332, using default of 30 days
Missing daysSupply for rxTba claim rx6333, using default of 30 days
Missing daysSupply for rxTba claim rx6334, using default of 30 days
Missing daysSupply for rxTba claim rx6335, using default of 30 days
Missing daysSupply for rxTba claim rx6336, using default of 30 days
Missing daysSupply for rxTba claim rx6337, using default of 30 days
Missing daysSupply for rxTba claim rx6338, using default of 30 days
Missing daysSupply for rxTba claim rx6339, using default of 30 days
Missing daysSupply for rxTba claim rx6340, using default of 30 days
Missing daysSupply for rxTba claim rx6341, using default of 30 days
Missing daysSupply for rxTba claim rx6342, using default of 30 days
Missing daysSupply for rxTba claim rx6343, using default of 30 days
Missing daysSupply for rxTba claim rx6344, using default of 30 days
Missing daysSupply for rxTba claim rx6345, using default of 30 days
Missing daysSupply for rxTba claim rx6346, using default of 30 days
Missing daysSupply for rxTba claim rx6347, using default of 30 days
Missing daysSupply for rxTba claim rx6348, using default of 30 days
Missing daysSupply for rxTba claim rx6349, using default of 30 days
Missing daysSupply for rxTba claim rx6350, using default of 30 days
Missing daysSupply for rxTba claim rx6351, using default of 30 days
Missing daysSupply for rxTba claim rx6352, using default of 30 days
Missing daysSupply for rxTba claim rx6353, using default of 30 days
Missing daysSupply for rxTba claim rx6354, using default of 30 days
Missing daysSupply for rxTba claim rx6355, using default of 30 days
Missing daysSupply for rxTba claim rx6356, using default of 30 days
Missing daysSupply for rxTba claim rx6357, using default of 30 days
Missing daysSupply for rxTba claim rx6358, using default of 30 days
Missing daysSupply for rxTba claim rx6359, using default of 30 days
Missing daysSupply for rxTba claim rx6360, using default of 30 days
Missing daysSupply for rxTba claim rx6361, using default of 30 days
Missing daysSupply for rxTba claim rx6362, using default of 30 days
Missing daysSupply for rxTba claim rx6363, using default of 30 days
Missing daysSupply for rxTba claim rx6364, using default of 30 days
Missing daysSupply for rxTba claim rx6365, using default of 30 days
Missing daysSupply for rxTba claim rx6366, using default of 30 days
Missing daysSupply for rxTba claim rx6367, using default of 30 days
Missing daysSupply for rxTba claim rx6368, using default of 30 days
Missing daysSupply for rxTba claim rx6369, using default of 30 days
Missing daysSupply for rxTba claim rx6370, using default of 30 days
Missing daysSupply for rxTba claim rx6371, using default of 30 days
Missing daysSupply for rxTba claim rx6372, using default of 30 days
Missing daysSupply for rxTba claim rx6373, using default of 30 days
Missing daysSupply for rxTba claim rx6374, using default of 30 days
Missing daysSupply for rxTba claim rx6375, using default of 30 days
Missing daysSupply for rxTba claim rx6376, using default of 30 days
Missing daysSupply for rxTba claim rx6377, using default of 30 days
Missing daysSupply for rxTba claim rx6378, using default of 30 days
Missing daysSupply for rxTba claim rx6379, using default of 30 days
Missing daysSupply for rxTba claim rx6380, using default of 30 days
Missing daysSupply for rxTba claim rx6381, using default of 30 days
Missing daysSupply for rxTba claim rx6382, using default of 30 days
Missing daysSupply for rxTba claim rx6383, using default of 30 days
Missing daysSupply for rxTba claim rx6384, using default of 30 days
Missing daysSupply for rxTba claim rx6385, using default of 30 days
Missing daysSupply for rxTba claim rx6386, using default of 30 days
Missing daysSupply for rxTba claim rx6387, using default of 30 days
Missing daysSupply for rxTba claim rx6388, using default of 30 days
Missing daysSupply for rxTba claim rx6389, using default of 30 days
Missing daysSupply for rxTba claim rx6390, using default of 30 days
Missing daysSupply for rxTba claim rx6391, using default of 30 days
Missing daysSupply for rxTba claim rx6392, using default of 30 days
Missing daysSupply for rxTba claim rx6393, using default of 30 days
Missing daysSupply for rxTba claim rx6394, using default of 30 days
Missing daysSupply for rxTba claim rx6395, using default of 30 days
Missing daysSupply for rxTba claim rx6396, using default of 30 days
Missing daysSupply for rxTba claim rx6397, using default of 30 days
Missing daysSupply for rxTba claim rx6398, using default of 30 days
Missing daysSupply for rxTba claim rx6399, using default of 30 days
Missing daysSupply for rxTba claim rx6400, using default of 30 days
Missing daysSupply for rxTba claim rx6401, using default of 30 days
Missing daysSupply for rxTba claim rx6402, using default of 30 days
Missing daysSupply for rxTba claim rx6403, using default of 30 days
Missing daysSupply for rxTba claim rx6404, using default of 30 days
Missing daysSupply for rxTba claim rx6405, using default of 30 days
Missing daysSupply for rxTba claim rx6406, using default of 30 days
Missing daysSupply for rxTba claim rx6407, using default of 30 days
Missing daysSupply for rxTba claim rx6408, using default of 30 days
Missing daysSupply for rxTba claim rx6409, using default of 30 days
Missing daysSupply for rxTba claim rx6410, using default of 30 days
Missing daysSupply for rxTba claim rx6411, using default of 30 days
Missing daysSupply for rxTba claim rx6412, using default of 30 days
Missing daysSupply for rxTba claim rx6413, using default of 30 days
Missing daysSupply for rxTba claim rx6414, using default of 30 days
Missing daysSupply for rxTba claim rx6415, using default of 30 days
Missing daysSupply for rxTba claim rx6416, using default of 30 days
Missing daysSupply for rxTba claim rx6417, using default of 30 days
Missing daysSupply for rxTba claim rx6418, using default of 30 days
Missing daysSupply for rxTba claim rx6419, using default of 30 days
Missing daysSupply for rxTba claim rx6420, using default of 30 days
Missing daysSupply for rxTba claim rx6421, using default of 30 days
Missing daysSupply for rxTba claim rx6422, using default of 30 days
Missing daysSupply for rxTba claim rx6423, using default of 30 days
Missing daysSupply for rxTba claim rx6424, using default of 30 days
Missing daysSupply for rxTba claim rx6425, using default of 30 days
Missing daysSupply for rxTba claim rx6426, using default of 30 days
Missing daysSupply for rxTba claim rx6427, using default of 30 days
Missing daysSupply for rxTba claim rx6428, using default of 30 days
Missing daysSupply for rxTba claim rx6429, using default of 30 days
Missing daysSupply for rxTba claim rx6430, using default of 30 days
Missing daysSupply for rxTba claim rx6431, using default of 30 days
Missing daysSupply for rxTba claim rx6432, using default of 30 days
Missing daysSupply for rxTba claim rx6433, using default of 30 days
Missing daysSupply for rxTba claim rx6434, using default of 30 days
Missing daysSupply for rxTba claim rx6435, using default of 30 days
Missing daysSupply for rxTba claim rx6436, using default of 30 days
Missing daysSupply for rxTba claim rx6437, using default of 30 days
Missing daysSupply for rxTba claim rx6438, using default of 30 days
Missing daysSupply for rxTba claim rx6439, using default of 30 days
Missing daysSupply for rxTba claim rx6440, using default of 30 days
Missing daysSupply for rxTba claim rx6441, using default of 30 days
Missing daysSupply for rxTba claim rx6442, using default of 30 days
Missing daysSupply for rxTba claim rx6443, using default of 30 days
Missing daysSupply for rxTba claim rx6444, using default of 30 days
Missing daysSupply for rxTba claim rx6445, using default of 30 days
Missing daysSupply for rxTba claim rx6446, using default of 30 days
Missing daysSupply for rxTba claim rx6447, using default of 30 days
Missing daysSupply for rxTba claim rx6448, using default of 30 days
Missing daysSupply for rxTba claim rx6449, using default of 30 days
Missing daysSupply for rxTba claim rx6450, using default of 30 days
Missing daysSupply for rxTba claim rx6451, using default of 30 days
Missing daysSupply for rxTba claim rx6452, using default of 30 days
Missing daysSupply for rxTba claim rx6453, using default of 30 days
Missing daysSupply for rxTba claim rx6454, using default of 30 days
Missing daysSupply for rxTba claim rx6455, using default of 30 days
Missing daysSupply for rxTba claim rx6456, using default of 30 days
Missing daysSupply for rxTba claim rx6457, using default of 30 days
Missing daysSupply for rxTba claim rx6458, using default of 30 days
Missing daysSupply for rxTba claim rx6459, using default of 30 days
Missing daysSupply for rxTba claim rx6460, using default of 30 days
Missing daysSupply for rxTba claim rx6461, using default of 30 days
Missing daysSupply for rxTba claim rx6462, using default of 30 days
Missing daysSupply for rxTba claim rx6463, using default of 30 days
Missing daysSupply for rxTba claim rx6464, using default of 30 days
Missing daysSupply for rxTba claim rx6465, using default of 30 days
Missing daysSupply for rxTba claim rx6466, using default of 30 days
Missing daysSupply for rxTba claim rx6467, using default of 30 days
Missing daysSupply for rxTba claim rx6468, using default of 30 days
Missing daysSupply for rxTba claim rx6469, using default of 30 days
Missing daysSupply for rxTba claim rx6470, using default of 30 days
Missing daysSupply for rxTba claim rx6471, using default of 30 days
Missing daysSupply for rxTba claim rx6472, using default of 30 days
Missing daysSupply for rxTba claim rx6473, using default of 30 days
Missing daysSupply for rxTba claim rx6474, using default of 30 days
Missing daysSupply for rxTba claim rx6475, using default of 30 days
Missing daysSupply for rxTba claim rx6476, using default of 30 days
Missing daysSupply for rxTba claim rx6477, using default of 30 days
Missing daysSupply for rxTba claim rx6478, using default of 30 days
Missing daysSupply for rxTba claim rx6479, using default of 30 days
Missing daysSupply for rxTba claim rx6480, using default of 30 days
Missing daysSupply for rxTba claim rx6481, using default of 30 days
Missing daysSupply for rxTba claim rx6482, using default of 30 days
Missing daysSupply for rxTba claim rx6483, using default of 30 days
Missing daysSupply for rxTba claim rx6484, using default of 30 days
Missing daysSupply for rxTba claim rx6485, using default of 30 days
Missing daysSupply for rxTba claim rx6486, using default of 30 days
Missing daysSupply for rxTba claim rx6487, using default of 30 days
Missing daysSupply for rxTba claim rx6488, using default of 30 days
Missing daysSupply for rxTba claim rx6489, using default of 30 days
Missing daysSupply for rxTba claim rx6490, using default of 30 days
Missing daysSupply for rxTba claim rx6491, using default of 30 days
Missing daysSupply for rxTba claim rx6492, using default of 30 days
Missing daysSupply for rxTba claim rx6493, using default of 30 days
Missing daysSupply for rxTba claim rx6494, using default of 30 days
Missing daysSupply for rxTba claim rx6495, using default of 30 days
Missing daysSupply for rxTba claim rx6496, using default of 30 days
Missing daysSupply for rxTba claim rx6497, using default of 30 days
Missing daysSupply for rxTba claim rx6498, using default of 30 days
Missing daysSupply for rxTba claim rx6499, using default of 30 days
Missing daysSupply for rxTba claim rx6500, using default of 30 days
Missing daysSupply for rxTba claim rx6501, using default of 30 days
Missing daysSupply for rxTba claim rx6502, using default of 30 days
Missing daysSupply for rxTba claim rx6503, using default of 30 days
Missing daysSupply for rxTba claim rx6504, using default of 30 days
Missing daysSupply for rxTba claim rx6505, using default of 30 days
Missing daysSupply for rxTba claim rx6506, using default of 30 days
Missing daysSupply for rxTba claim rx6507, using default of 30 days
Missing daysSupply for rxTba claim rx6508, using default of 30 days
Missing daysSupply for rxTba claim rx6509, using default of 30 days
Missing daysSupply for rxTba claim rx6510, using default of 30 days
Missing daysSupply for rxTba claim rx6511, using default of 30 days
Missing daysSupply for rxTba claim rx6512, using default of 30 days
Missing daysSupply for rxTba claim rx6513, using default of 30 days
Missing daysSupply for rxTba claim rx6514, using default of 30 days
Missing daysSupply for rxTba claim rx6515, using default of 30 days
Missing daysSupply for rxTba claim rx6516, using default of 30 days
Missing daysSupply for rxTba claim rx6517, using default of 30 days
Missing daysSupply for rxTba claim rx6518, using default of 30 days
Missing daysSupply for rxTba claim rx6519, using default of 30 days
Missing daysSupply for rxTba claim rx6520, using default of 30 days
Missing daysSupply for rxTba claim rx6521, using default of 30 days
Missing daysSupply for rxTba claim rx6522, using default of 30 days
Missing daysSupply for rxTba claim rx6523, using default of 30 days
Missing daysSupply for rxTba claim rx6524, using default of 30 days
Missing daysSupply for rxTba claim rx6525, using default of 30 days
Missing daysSupply for rxTba claim rx6526, using default of 30 days
Missing daysSupply for rxTba claim rx6527, using default of 30 days
Missing daysSupply for rxTba claim rx6528, using default of 30 days
Missing daysSupply for rxTba claim rx6529, using default of 30 days
Missing daysSupply for rxTba claim rx6530, using default of 30 days
Missing daysSupply for rxTba claim rx6531, using default of 30 days
Missing daysSupply for rxTba claim rx6532, using default of 30 days
Missing daysSupply for rxTba claim rx6533, using default of 30 days
Missing daysSupply for rxTba claim rx6534, using default of 30 days
Missing daysSupply for rxTba claim rx6535, using default of 30 days
Missing daysSupply for rxTba claim rx6536, using default of 30 days
Missing daysSupply for rxTba claim rx6537, using default of 30 days
Missing daysSupply for rxTba claim rx6538, using default of 30 days
Missing daysSupply for rxTba claim rx6539, using default of 30 days
Missing daysSupply for rxTba claim rx6540, using default of 30 days
Missing daysSupply for rxTba claim rx6541, using default of 30 days
Missing daysSupply for rxTba claim rx6542, using default of 30 days
Missing daysSupply for rxTba claim rx6543, using default of 30 days
Missing daysSupply for rxTba claim rx6544, using default of 30 days
Missing daysSupply for rxTba claim rx6545, using default of 30 days
Missing daysSupply for rxTba claim rx6546, using default of 30 days
Missing daysSupply for rxTba claim rx6547, using default of 30 days
Missing daysSupply for rxTba claim rx6548, using default of 30 days
Missing daysSupply for rxTba claim rx6549, using default of 30 days
Missing daysSupply for rxTba claim rx6550, using default of 30 days
Missing daysSupply for rxTba claim rx6551, using default of 30 days
Missing daysSupply for rxTba claim rx6552, using default of 30 days
Missing daysSupply for rxTba claim rx6553, using default of 30 days
Missing daysSupply for rxTba claim rx6554, using default of 30 days
Missing daysSupply for rxTba claim rx6555, using default of 30 days
Missing daysSupply for rxTba claim rx6556, using default of 30 days
Missing daysSupply for rxTba claim rx6557, using default of 30 days
Missing daysSupply for rxTba claim rx6558, using default of 30 days
Missing daysSupply for rxTba claim rx6559, using default of 30 days
Missing daysSupply for rxTba claim rx6560, using default of 30 days
Missing daysSupply for rxTba claim rx6561, using default of 30 days
Missing daysSupply for rxTba claim rx6562, using default of 30 days
Missing daysSupply for rxTba claim rx6563, using default of 30 days
Missing daysSupply for rxTba claim rx6564, using default of 30 days
Missing daysSupply for rxTba claim rx6565, using default of 30 days
Missing daysSupply for rxTba claim rx6566, using default of 30 days
Missing daysSupply for rxTba claim rx6567, using default of 30 days
Missing daysSupply for rxTba claim rx6568, using default of 30 days
Missing daysSupply for rxTba claim rx6569, using default of 30 days
Missing daysSupply for rxTba claim rx6570, using default of 30 days
Missing daysSupply for rxTba claim rx6571, using default of 30 days
Missing daysSupply for rxTba claim rx6572, using default of 30 days
Missing daysSupply for rxTba claim rx6573, using default of 30 days
Missing daysSupply for rxTba claim rx6574, using default of 30 days
Missing daysSupply for rxTba claim rx6575, using default of 30 days
Missing daysSupply for rxTba claim rx6576, using default of 30 days
Missing daysSupply for rxTba claim rx6577, using default of 30 days
Missing daysSupply for rxTba claim rx6578, using default of 30 days
Missing daysSupply for rxTba claim rx6579, using default of 30 days
Missing daysSupply for rxTba claim rx6580, using default of 30 days
Missing daysSupply for rxTba claim rx6581, using default of 30 days
Missing daysSupply for rxTba claim rx6582, using default of 30 days
Missing daysSupply for rxTba claim rx6583, using default of 30 days
Missing daysSupply for rxTba claim rx6584, using default of 30 days
Missing daysSupply for rxTba claim rx6585, using default of 30 days
Missing daysSupply for rxTba claim rx6586, using default of 30 days
Missing daysSupply for rxTba claim rx6587, using default of 30 days
Missing daysSupply for rxTba claim rx6588, using default of 30 days
Missing daysSupply for rxTba claim rx6589, using default of 30 days
Missing daysSupply for rxTba claim rx6590, using default of 30 days
Missing daysSupply for rxTba claim rx6591, using default of 30 days
Missing daysSupply for rxTba claim rx6592, using default of 30 days
Missing daysSupply for rxTba claim rx6593, using default of 30 days
Missing daysSupply for rxTba claim rx6594, using default of 30 days
Missing daysSupply for rxTba claim rx6595, using default of 30 days
Missing daysSupply for rxTba claim rx6596, using default of 30 days
Missing daysSupply for rxTba claim rx6597, using default of 30 days
Missing daysSupply for rxTba claim rx6598, using default of 30 days
Missing daysSupply for rxTba claim rx6599, using default of 30 days
Missing daysSupply for rxTba claim rx6600, using default of 30 days
Missing daysSupply for rxTba claim rx6601, using default of 30 days
Missing daysSupply for rxTba claim rx6602, using default of 30 days
Missing daysSupply for rxTba claim rx6603, using default of 30 days
Missing daysSupply for rxTba claim rx6604, using default of 30 days
Missing daysSupply for rxTba claim rx6605, using default of 30 days
Missing daysSupply for rxTba claim rx6606, using default of 30 days
Missing daysSupply for rxTba claim rx6607, using default of 30 days
Missing daysSupply for rxTba claim rx6608, using default of 30 days
Missing daysSupply for rxTba claim rx6609, using default of 30 days
Missing daysSupply for rxTba claim rx6610, using default of 30 days
Missing daysSupply for rxTba claim rx6611, using default of 30 days
Missing daysSupply for rxTba claim rx6612, using default of 30 days
Missing daysSupply for rxTba claim rx6613, using default of 30 days
Missing daysSupply for rxTba claim rx6614, using default of 30 days
Missing daysSupply for rxTba claim rx6615, using default of 30 days
Missing daysSupply for rxTba claim rx6616, using default of 30 days
Missing daysSupply for rxTba claim rx6617, using default of 30 days
Missing daysSupply for rxTba claim rx6618, using default of 30 days
Missing daysSupply for rxTba claim rx6619, using default of 30 days
Missing daysSupply for rxTba claim rx6620, using default of 30 days
Missing daysSupply for rxTba claim rx6621, using default of 30 days
Missing daysSupply for rxTba claim rx6622, using default of 30 days
Missing daysSupply for rxTba claim rx6623, using default of 30 days
Missing daysSupply for rxTba claim rx6624, using default of 30 days
Missing daysSupply for rxTba claim rx6625, using default of 30 days
Missing daysSupply for rxTba claim rx6626, using default of 30 days
Missing daysSupply for rxTba claim rx6627, using default of 30 days
Missing daysSupply for rxTba claim rx6628, using default of 30 days
Missing daysSupply for rxTba claim rx6629, using default of 30 days
Missing daysSupply for rxTba claim rx6630, using default of 30 days
Missing daysSupply for rxTba claim rx6631, using default of 30 days
Missing daysSupply for rxTba claim rx6632, using default of 30 days
Missing daysSupply for rxTba claim rx6633, using default of 30 days
Missing daysSupply for rxTba claim rx6634, using default of 30 days
Missing daysSupply for rxTba claim rx6635, using default of 30 days
Missing daysSupply for rxTba claim rx6636, using default of 30 days
Missing daysSupply for rxTba claim rx6637, using default of 30 days
Missing daysSupply for rxTba claim rx6638, using default of 30 days
Missing daysSupply for rxTba claim rx6639, using default of 30 days
Missing daysSupply for rxTba claim rx6640, using default of 30 days
Missing daysSupply for rxTba claim rx6641, using default of 30 days
Missing daysSupply for rxTba claim rx6642, using default of 30 days
Missing daysSupply for rxTba claim rx6643, using default of 30 days
Missing daysSupply for rxTba claim rx6644, using default of 30 days
Missing daysSupply for rxTba claim rx6645, using default of 30 days
Missing daysSupply for rxTba claim rx6646, using default of 30 days
Missing daysSupply for rxTba claim rx6647, using default of 30 days
Missing daysSupply for rxTba claim rx6648, using default of 30 days
Missing daysSupply for rxTba claim rx6649, using default of 30 days
Missing daysSupply for rxTba claim rx6650, using default of 30 days
Missing daysSupply for rxTba claim rx6651, using default of 30 days
Missing daysSupply for rxTba claim rx6652, using default of 30 days
Missing daysSupply for rxTba claim rx6653, using default of 30 days
Missing daysSupply for rxTba claim rx6654, using default of 30 days
Missing daysSupply for rxTba claim rx6655, using default of 30 days
Missing daysSupply for rxTba claim rx6656, using default of 30 days
Missing daysSupply for rxTba claim rx6657, using default of 30 days
Missing daysSupply for rxTba claim rx6658, using default of 30 days
Missing daysSupply for rxTba claim rx6659, using default of 30 days
Missing daysSupply for rxTba claim rx6660, using default of 30 days
Missing daysSupply for rxTba claim rx6661, using default of 30 days
Missing daysSupply for rxTba claim rx6662, using default of 30 days
Missing daysSupply for rxTba claim rx6663, using default of 30 days
Missing daysSupply for rxTba claim rx6664, using default of 30 days
Missing daysSupply for rxTba claim rx6665, using default of 30 days
Missing daysSupply for rxTba claim rx6666, using default of 30 days
Missing daysSupply for rxTba claim rx6667, using default of 30 days
Missing daysSupply for rxTba claim rx6668, using default of 30 days
Missing daysSupply for rxTba claim rx6669, using default of 30 days
Missing daysSupply for rxTba claim rx6670, using default of 30 days
Missing daysSupply for rxTba claim rx6671, using default of 30 days
Missing daysSupply for rxTba claim rx6672, using default of 30 days
Missing daysSupply for rxTba claim rx6673, using default of 30 days
Missing daysSupply for rxTba claim rx6674, using default of 30 days
Missing daysSupply for rxTba claim rx6675, using default of 30 days
Missing daysSupply for rxTba claim rx6676, using default of 30 days
Missing daysSupply for rxTba claim rx6677, using default of 30 days
Missing daysSupply for rxTba claim rx6678, using default of 30 days
Missing daysSupply for rxTba claim rx6679, using default of 30 days
Missing daysSupply for rxTba claim rx6680, using default of 30 days
Missing daysSupply for rxTba claim rx6681, using default of 30 days
Missing daysSupply for rxTba claim rx6682, using default of 30 days
Missing daysSupply for rxTba claim rx6683, using default of 30 days
Missing daysSupply for rxTba claim rx6684, using default of 30 days
Missing daysSupply for rxTba claim rx6685, using default of 30 days
Missing daysSupply for rxTba claim rx6686, using default of 30 days
Missing daysSupply for rxTba claim rx6687, using default of 30 days
Missing daysSupply for rxTba claim rx6688, using default of 30 days
Missing daysSupply for rxTba claim rx6689, using default of 30 days
Missing daysSupply for rxTba claim rx6690, using default of 30 days
Missing daysSupply for rxTba claim rx6691, using default of 30 days
Missing daysSupply for rxTba claim rx6692, using default of 30 days
Missing daysSupply for rxTba claim rx6693, using default of 30 days
Missing daysSupply for rxTba claim rx6694, using default of 30 days
Missing daysSupply for rxTba claim rx6695, using default of 30 days
Missing daysSupply for rxTba claim rx6696, using default of 30 days
Missing daysSupply for rxTba claim rx6697, using default of 30 days
Missing daysSupply for rxTba claim rx6698, using default of 30 days
Missing daysSupply for rxTba claim rx6699, using default of 30 days
Missing daysSupply for rxTba claim rx6700, using default of 30 days
Missing daysSupply for rxTba claim rx6701, using default of 30 days
Missing daysSupply for rxTba claim rx6702, using default of 30 days
Missing daysSupply for rxTba claim rx6703, using default of 30 days
Missing daysSupply for rxTba claim rx6704, using default of 30 days
Missing daysSupply for rxTba claim rx6705, using default of 30 days
Missing daysSupply for rxTba claim rx6706, using default of 30 days
Missing daysSupply for rxTba claim rx6707, using default of 30 days
Missing daysSupply for rxTba claim rx6708, using default of 30 days
Missing daysSupply for rxTba claim rx6709, using default of 30 days
Missing daysSupply for rxTba claim rx6710, using default of 30 days
Missing daysSupply for rxTba claim rx6711, using default of 30 days
Missing daysSupply for rxTba claim rx6712, using default of 30 days
Missing daysSupply for rxTba claim rx6713, using default of 30 days
Missing daysSupply for rxTba claim rx6714, using default of 30 days
Missing daysSupply for rxTba claim rx6715, using default of 30 days
Missing daysSupply for rxTba claim rx6716, using default of 30 days
Missing daysSupply for rxTba claim rx6717, using default of 30 days
Missing daysSupply for rxTba claim rx6718, using default of 30 days
Missing daysSupply for rxTba claim rx6719, using default of 30 days
Missing daysSupply for rxTba claim rx6720, using default of 30 days
Missing daysSupply for rxTba claim rx6721, using default of 30 days
Missing daysSupply for rxTba claim rx6722, using default of 30 days
Missing daysSupply for rxTba claim rx6723, using default of 30 days
Missing daysSupply for rxTba claim rx6724, using default of 30 days
Missing daysSupply for rxTba claim rx6725, using default of 30 days
Missing daysSupply for rxTba claim rx6726, using default of 30 days
Missing daysSupply for rxTba claim rx6727, using default of 30 days
Missing daysSupply for rxTba claim rx6728, using default of 30 days
Missing daysSupply for rxTba claim rx6729, using default of 30 days
Missing daysSupply for rxTba claim rx6730, using default of 30 days
Missing daysSupply for rxTba claim rx6731, using default of 30 days
Missing daysSupply for rxTba claim rx6732, using default of 30 days
Missing daysSupply for rxTba claim rx6733, using default of 30 days
Missing daysSupply for rxTba claim rx6734, using default of 30 days
Missing daysSupply for rxTba claim rx6735, using default of 30 days
Missing daysSupply for rxTba claim rx6736, using default of 30 days
Missing daysSupply for rxTba claim rx6737, using default of 30 days
Missing daysSupply for rxTba claim rx6738, using default of 30 days
Missing daysSupply for rxTba claim rx6739, using default of 30 days
Missing daysSupply for rxTba claim rx6740, using default of 30 days
Missing daysSupply for rxTba claim rx6741, using default of 30 days
Missing daysSupply for rxTba claim rx6742, using default of 30 days
Missing daysSupply for rxTba claim rx6743, using default of 30 days
Missing daysSupply for rxTba claim rx6744, using default of 30 days
Missing daysSupply for rxTba claim rx6745, using default of 30 days
Missing daysSupply for rxTba claim rx6746, using default of 30 days
Missing daysSupply for rxTba claim rx6747, using default of 30 days
Missing daysSupply for rxTba claim rx6748, using default of 30 days
Missing daysSupply for rxTba claim rx6749, using default of 30 days
Missing daysSupply for rxTba claim rx6750, using default of 30 days
Missing daysSupply for rxTba claim rx6751, using default of 30 days
Missing daysSupply for rxTba claim rx6752, using default of 30 days
Missing daysSupply for rxTba claim rx6753, using default of 30 days
Missing daysSupply for rxTba claim rx6754, using default of 30 days
Missing daysSupply for rxTba claim rx6755, using default of 30 days
Missing daysSupply for rxTba claim rx6756, using default of 30 days
Missing daysSupply for rxTba claim rx6757, using default of 30 days
Missing daysSupply for rxTba claim rx6758, using default of 30 days
Missing daysSupply for rxTba claim rx6759, using default of 30 days
Missing daysSupply for rxTba claim rx6760, using default of 30 days
Missing daysSupply for rxTba claim rx6761, using default of 30 days
Missing daysSupply for rxTba claim rx6762, using default of 30 days
Missing daysSupply for rxTba claim rx6763, using default of 30 days
Missing daysSupply for rxTba claim rx6764, using default of 30 days
Missing daysSupply for rxTba claim rx6765, using default of 30 days
Missing daysSupply for rxTba claim rx6766, using default of 30 days
Missing daysSupply for rxTba claim rx6767, using default of 30 days
Missing daysSupply for rxTba claim rx6768, using default of 30 days
Missing daysSupply for rxTba claim rx6769, using default of 30 days
Missing daysSupply for rxTba claim rx6770, using default of 30 days
Missing daysSupply for rxTba claim rx6771, using default of 30 days
Missing daysSupply for rxTba claim rx6772, using default of 30 days
Missing daysSupply for rxTba claim rx6773, using default of 30 days
Missing daysSupply for rxTba claim rx6774, using default of 30 days
Missing daysSupply for rxTba claim rx6775, using default of 30 days
Missing daysSupply for rxTba claim rx6776, using default of 30 days
Missing daysSupply for rxTba claim rx6777, using default of 30 days
Missing daysSupply for rxTba claim rx6778, using default of 30 days
Missing daysSupply for rxTba claim rx6779, using default of 30 days
Missing daysSupply for rxTba claim rx6780, using default of 30 days
Missing daysSupply for rxTba claim rx6781, using default of 30 days
Missing daysSupply for rxTba claim rx6782, using default of 30 days
Missing daysSupply for rxTba claim rx6783, using default of 30 days
Missing daysSupply for rxTba claim rx6784, using default of 30 days
Missing daysSupply for rxTba claim rx6785, using default of 30 days
Missing daysSupply for rxTba claim rx6786, using default of 30 days
Missing daysSupply for rxTba claim rx6787, using default of 30 days
Missing daysSupply for rxTba claim rx6788, using default of 30 days
Missing daysSupply for rxTba claim rx6789, using default of 30 days
Missing daysSupply for rxTba claim rx6790, using default of 30 days
Missing daysSupply for rxTba claim rx6791, using default of 30 days
Missing daysSupply for rxTba claim rx6792, using default of 30 days
Missing daysSupply for rxTba claim rx6793, using default of 30 days
Missing daysSupply for rxTba claim rx6794, using default of 30 days
Missing daysSupply for rxTba claim rx6795, using default of 30 days
Missing daysSupply for rxTba claim rx6796, using default of 30 days
Missing daysSupply for rxTba claim rx6797, using default of 30 days
Missing daysSupply for rxTba claim rx6798, using default of 30 days
Missing daysSupply for rxTba claim rx6799, using default of 30 days
Missing daysSupply for rxTba claim rx6800, using default of 30 days
Missing daysSupply for rxTba claim rx6801, using default of 30 days
Missing daysSupply for rxTba claim rx6802, using default of 30 days
Missing daysSupply for rxTba claim rx6803, using default of 30 days
Missing daysSupply for rxTba claim rx6804, using default of 30 days
Missing daysSupply for rxTba claim rx6805, using default of 30 days
Missing daysSupply for rxTba claim rx6806, using default of 30 days
Missing daysSupply for rxTba claim rx6807, using default of 30 days
Missing daysSupply for rxTba claim rx6808, using default of 30 days
Missing daysSupply for rxTba claim rx6809, using default of 30 days
Missing daysSupply for rxTba claim rx6810, using default of 30 days
Missing daysSupply for rxTba claim rx6811, using default of 30 days
Missing daysSupply for rxTba claim rx6812, using default of 30 days
Missing daysSupply for rxTba claim rx6813, using default of 30 days
Missing daysSupply for rxTba claim rx6814, using default of 30 days
Missing daysSupply for rxTba claim rx6815, using default of 30 days
Missing daysSupply for rxTba claim rx6816, using default of 30 days
Missing daysSupply for rxTba claim rx6817, using default of 30 days
Missing daysSupply for rxTba claim rx6818, using default of 30 days
Missing daysSupply for rxTba claim rx6819, using default of 30 days
Missing daysSupply for rxTba claim rx6820, using default of 30 days
Missing daysSupply for rxTba claim rx6821, using default of 30 days
Missing daysSupply for rxTba claim rx6822, using default of 30 days
Missing daysSupply for rxTba claim rx6823, using default of 30 days
Missing daysSupply for rxTba claim rx6824, using default of 30 days
Missing daysSupply for rxTba claim rx6825, using default of 30 days
Missing daysSupply for rxTba claim rx6826, using default of 30 days
Missing daysSupply for rxTba claim rx6827, using default of 30 days
Missing daysSupply for rxTba claim rx6828, using default of 30 days
Missing daysSupply for rxTba claim rx6829, using default of 30 days
Missing daysSupply for rxTba claim rx6830, using default of 30 days
Missing daysSupply for rxTba claim rx6831, using default of 30 days
Missing daysSupply for rxTba claim rx6832, using default of 30 days
Missing daysSupply for rxTba claim rx6833, using default of 30 days
Missing daysSupply for rxTba claim rx6834, using default of 30 days
Missing daysSupply for rxTba claim rx6835, using default of 30 days
Missing daysSupply for rxTba claim rx6836, using default of 30 days
Missing daysSupply for rxTba claim rx6837, using default of 30 days
Missing daysSupply for rxTba claim rx6838, using default of 30 days
Missing daysSupply for rxTba claim rx6839, using default of 30 days
Missing daysSupply for rxTba claim rx6840, using default of 30 days
Missing daysSupply for rxTba claim rx6841, using default of 30 days
Missing daysSupply for rxTba claim rx6842, using default of 30 days
Missing daysSupply for rxTba claim rx6843, using default of 30 days
Missing daysSupply for rxTba claim rx6844, using default of 30 days
Missing daysSupply for rxTba claim rx6845, using default of 30 days
Missing daysSupply for rxTba claim rx6846, using default of 30 days
Missing daysSupply for rxTba claim rx6847, using default of 30 days
Missing daysSupply for rxTba claim rx6848, using default of 30 days
Missing daysSupply for rxTba claim rx6849, using default of 30 days
Missing daysSupply for rxTba claim rx6850, using default of 30 days
Missing daysSupply for rxTba claim rx6851, using default of 30 days
Missing daysSupply for rxTba claim rx6852, using default of 30 days
Missing daysSupply for rxTba claim rx6853, using default of 30 days
Missing daysSupply for rxTba claim rx6854, using default of 30 days
Missing daysSupply for rxTba claim rx6855, using default of 30 days
Missing daysSupply for rxTba claim rx6856, using default of 30 days
Missing daysSupply for rxTba claim rx6857, using default of 30 days
Missing daysSupply for rxTba claim rx6858, using default of 30 days
Missing daysSupply for rxTba claim rx6859, using default of 30 days
Missing daysSupply for rxTba claim rx6860, using default of 30 days
Missing daysSupply for rxTba claim rx6861, using default of 30 days
Missing daysSupply for rxTba claim rx6862, using default of 30 days
Missing daysSupply for rxTba claim rx6863, using default of 30 days
Missing daysSupply for rxTba claim rx6864, using default of 30 days
Missing daysSupply for rxTba claim rx6865, using default of 30 days
Missing daysSupply for rxTba claim rx6866, using default of 30 days
Missing daysSupply for rxTba claim rx6867, using default of 30 days
Missing daysSupply for rxTba claim rx6868, using default of 30 days
Missing daysSupply for rxTba claim rx6869, using default of 30 days
Missing daysSupply for rxTba claim rx6870, using default of 30 days
Missing daysSupply for rxTba claim rx6871, using default of 30 days
Missing daysSupply for rxTba claim rx6872, using default of 30 days
Missing daysSupply for rxTba claim rx6873, using default of 30 days
Missing daysSupply for rxTba claim rx6874, using default of 30 days
Missing daysSupply for rxTba claim rx6875, using default of 30 days
Missing daysSupply for rxTba claim rx6876, using default of 30 days
Missing daysSupply for rxTba claim rx6877, using default of 30 days
Missing daysSupply for rxTba claim rx6878, using default of 30 days
Missing daysSupply for rxTba claim rx6879, using default of 30 days
Missing daysSupply for rxTba claim rx6880, using default of 30 days
Missing daysSupply for rxTba claim rx6881, using default of 30 days
Missing daysSupply for rxTba claim rx6882, using default of 30 days
Missing daysSupply for rxTba claim rx6883, using default of 30 days
Missing daysSupply for rxTba claim rx6884, using default of 30 days
Missing daysSupply for rxTba claim rx6885, using default of 30 days
Missing daysSupply for rxTba claim rx6886, using default of 30 days
Missing daysSupply for rxTba claim rx6887, using default of 30 days
Missing daysSupply for rxTba claim rx6888, using default of 30 days
Missing daysSupply for rxTba claim rx6889, using default of 30 days
Missing daysSupply for rxTba claim rx6890, using default of 30 days
Missing daysSupply for rxTba claim rx6891, using default of 30 days
Missing daysSupply for rxTba claim rx6892, using default of 30 days
Missing daysSupply for rxTba claim rx6893, using default of 30 days
Missing daysSupply for rxTba claim rx6894, using default of 30 days
Missing daysSupply for rxTba claim rx6895, using default of 30 days
Missing daysSupply for rxTba claim rx6896, using default of 30 days
Missing daysSupply for rxTba claim rx6897, using default of 30 days
Missing daysSupply for rxTba claim rx6898, using default of 30 days
Missing daysSupply for rxTba claim rx6899, using default of 30 days
Missing daysSupply for rxTba claim rx6900, using default of 30 days
Missing daysSupply for rxTba claim rx6901, using default of 30 days
Missing daysSupply for rxTba claim rx6902, using default of 30 days
Missing daysSupply for rxTba claim rx6903, using default of 30 days
Missing daysSupply for rxTba claim rx6904, using default of 30 days
Missing daysSupply for rxTba claim rx6905, using default of 30 days
Missing daysSupply for rxTba claim rx6906, using default of 30 days
Missing daysSupply for rxTba claim rx6907, using default of 30 days
Missing daysSupply for rxTba claim rx6908, using default of 30 days
Missing daysSupply for rxTba claim rx6909, using default of 30 days
Missing daysSupply for rxTba claim rx6910, using default of 30 days
Missing daysSupply for rxTba claim rx6911, using default of 30 days
Missing daysSupply for rxTba claim rx6912, using default of 30 days
Missing daysSupply for rxTba claim rx6913, using default of 30 days
Missing daysSupply for rxTba claim rx6914, using default of 30 days
Missing daysSupply for rxTba claim rx6915, using default of 30 days
Missing daysSupply for rxTba claim rx6916, using default of 30 days
Missing daysSupply for rxTba claim rx6917, using default of 30 days
Missing daysSupply for rxTba claim rx6918, using default of 30 days
Missing daysSupply for rxTba claim rx6919, using default of 30 days
Missing daysSupply for rxTba claim rx6920, using default of 30 days
Missing daysSupply for rxTba claim rx6921, using default of 30 days
Missing daysSupply for rxTba claim rx6922, using default of 30 days
Missing daysSupply for rxTba claim rx6923, using default of 30 days
Missing daysSupply for rxTba claim rx6924, using default of 30 days
Missing daysSupply for rxTba claim rx6925, using default of 30 days
Missing daysSupply for rxTba claim rx6926, using default of 30 days
Missing daysSupply for rxTba claim rx6927, using default of 30 days
Missing daysSupply for rxTba claim rx6928, using default of 30 days
Missing daysSupply for rxTba claim rx6929, using default of 30 days
Missing daysSupply for rxTba claim rx6930, using default of 30 days
Missing daysSupply for rxTba claim rx6931, using default of 30 days
Missing daysSupply for rxTba claim rx6932, using default of 30 days
Missing daysSupply for rxTba claim rx6933, using default of 30 days
Missing daysSupply for rxTba claim rx6934, using default of 30 days
Missing daysSupply for rxTba claim rx6935, using default of 30 days
Missing daysSupply for rxTba claim rx6936, using default of 30 days
Missing daysSupply for rxTba claim rx6937, using default of 30 days
Missing daysSupply for rxTba claim rx6938, using default of 30 days
Missing daysSupply for rxTba claim rx6939, using default of 30 days
Missing daysSupply for rxTba claim rx6940, using default of 30 days
Missing daysSupply for rxTba claim rx6941, using default of 30 days
Missing daysSupply for rxTba claim rx6942, using default of 30 days
Missing daysSupply for rxTba claim rx6943, using default of 30 days
Missing daysSupply for rxTba claim rx6944, using default of 30 days
Missing daysSupply for rxTba claim rx6945, using default of 30 days
Missing daysSupply for rxTba claim rx6946, using default of 30 days
Missing daysSupply for rxTba claim rx6947, using default of 30 days
Missing daysSupply for rxTba claim rx6948, using default of 30 days
Missing daysSupply for rxTba claim rx6949, using default of 30 days
Missing daysSupply for rxTba claim rx6950, using default of 30 days
Missing daysSupply for rxTba claim rx6951, using default of 30 days
Missing daysSupply for rxTba claim rx6952, using default of 30 days
Missing daysSupply for rxTba claim rx6953, using default of 30 days
Missing daysSupply for rxTba claim rx6954, using default of 30 days
Missing daysSupply for rxTba claim rx6955, using default of 30 days
Missing daysSupply for rxTba claim rx6956, using default of 30 days
Missing daysSupply for rxTba claim rx6957, using default of 30 days
Missing daysSupply for rxTba claim rx6958, using default of 30 days
Missing daysSupply for rxTba claim rx6959, using default of 30 days
Missing daysSupply for rxTba claim rx6960, using default of 30 days
Missing daysSupply for rxTba claim rx6961, using default of 30 days
Missing daysSupply for rxTba claim rx6962, using default of 30 days
Missing daysSupply for rxTba claim rx6963, using default of 30 days
Missing daysSupply for rxTba claim rx6964, using default of 30 days
Missing daysSupply for rxTba claim rx6965, using default of 30 days
Missing daysSupply for rxTba claim rx6966, using default of 30 days
Missing daysSupply for rxTba claim rx6967, using default of 30 days
Missing daysSupply for rxTba claim rx6968, using default of 30 days
Missing daysSupply for rxTba claim rx6969, using default of 30 days
Missing daysSupply for rxTba claim rx6970, using default of 30 days
Missing daysSupply for rxTba claim rx6971, using default of 30 days
Missing daysSupply for rxTba claim rx6972, using default of 30 days
Missing daysSupply for rxTba claim rx6973, using default of 30 days
Missing daysSupply for rxTba claim rx6974, using default of 30 days
Missing daysSupply for rxTba claim rx6975, using default of 30 days
Missing daysSupply for rxTba claim rx6976, using default of 30 days
Missing daysSupply for rxTba claim rx6977, using default of 30 days
Missing daysSupply for rxTba claim rx6978, using default of 30 days
Missing daysSupply for rxTba claim rx6979, using default of 30 days
Missing daysSupply for rxTba claim rx6980, using default of 30 days
Missing daysSupply for rxTba claim rx6981, using default of 30 days
Missing daysSupply for rxTba claim rx6982, using default of 30 days
Missing daysSupply for rxTba claim rx6983, using default of 30 days
Missing daysSupply for rxTba claim rx6984, using default of 30 days
Missing daysSupply for rxTba claim rx6985, using default of 30 days
Missing daysSupply for rxTba claim rx6986, using default of 30 days
Missing daysSupply for rxTba claim rx6987, using default of 30 days
Missing daysSupply for rxTba claim rx6988, using default of 30 days
Missing daysSupply for rxTba claim rx6989, using default of 30 days
Missing daysSupply for rxTba claim rx6990, using default of 30 days
Missing daysSupply for rxTba claim rx6991, using default of 30 days
Missing daysSupply for rxTba claim rx6992, using default of 30 days
Missing daysSupply for rxTba claim rx6993, using default of 30 days
Missing daysSupply for rxTba claim rx6994, using default of 30 days
Missing daysSupply for rxTba claim rx6995, using default of 30 days
Missing daysSupply for rxTba claim rx6996, using default of 30 days
Missing daysSupply for rxTba claim rx6997, using default of 30 days
Missing daysSupply for rxTba claim rx6998, using default of 30 days
Missing daysSupply for rxTba claim rx6999, using default of 30 days
Missing daysSupply for rxTba claim rx7000, using default of 30 days
Missing daysSupply for rxTba claim rx7001, using default of 30 days
Missing daysSupply for rxTba claim rx7002, using default of 30 days
Missing daysSupply for rxTba claim rx7003, using default of 30 days
Missing daysSupply for rxTba claim rx7004, using default of 30 days
Missing daysSupply for rxTba claim rx7005, using default of 30 days
Missing daysSupply for rxTba claim rx7006, using default of 30 days
Missing daysSupply for rxTba claim rx7007, using default of 30 days
Missing daysSupply for rxTba claim rx7008, using default of 30 days
Missing daysSupply for rxTba claim rx7009, using default of 30 days
Missing daysSupply for rxTba claim rx7010, using default of 30 days
Missing daysSupply for rxTba claim rx7011, using default of 30 days
Missing daysSupply for rxTba claim rx7012, using default of 30 days
Missing daysSupply for rxTba claim rx7013, using default of 30 days
Missing daysSupply for rxTba claim rx7014, using default of 30 days
Missing daysSupply for rxTba claim rx7015, using default of 30 days
Missing daysSupply for rxTba claim rx7016, using default of 30 days
Missing daysSupply for rxTba claim rx7017, using default of 30 days
Missing daysSupply for rxTba claim rx7018, using default of 30 days
Missing daysSupply for rxTba claim rx7019, using default of 30 days
Missing daysSupply for rxTba claim rx7020, using default of 30 days
Missing daysSupply for rxTba claim rx7021, using default of 30 days
Missing daysSupply for rxTba claim rx7022, using default of 30 days
Missing daysSupply for rxTba claim rx7023, using default of 30 days
Missing daysSupply for rxTba claim rx7024, using default of 30 days
Missing daysSupply for rxTba claim rx7025, using default of 30 days
Missing daysSupply for rxTba claim rx7026, using default of 30 days
Missing daysSupply for rxTba claim rx7027, using default of 30 days
Missing daysSupply for rxTba claim rx7028, using default of 30 days
Missing daysSupply for rxTba claim rx7029, using default of 30 days
Missing daysSupply for rxTba claim rx7030, using default of 30 days
Missing daysSupply for rxTba claim rx7031, using default of 30 days
Missing daysSupply for rxTba claim rx7032, using default of 30 days
Missing daysSupply for rxTba claim rx7033, using default of 30 days
Missing daysSupply for rxTba claim rx7034, using default of 30 days
Missing daysSupply for rxTba claim rx7035, using default of 30 days
Missing daysSupply for rxTba claim rx7036, using default of 30 days
Missing daysSupply for rxTba claim rx7037, using default of 30 days
Missing daysSupply for rxTba claim rx7038, using default of 30 days
Missing daysSupply for rxTba claim rx7039, using default of 30 days
Missing daysSupply for rxTba claim rx7040, using default of 30 days
Missing daysSupply for rxTba claim rx7041, using default of 30 days
Missing daysSupply for rxTba claim rx7042, using default of 30 days
Missing daysSupply for rxTba claim rx7043, using default of 30 days
Missing daysSupply for rxTba claim rx7044, using default of 30 days
Missing daysSupply for rxTba claim rx7045, using default of 30 days
Missing daysSupply for rxTba claim rx7046, using default of 30 days
Missing daysSupply for rxTba claim rx7047, using default of 30 days
Missing daysSupply for rxTba claim rx7048, using default of 30 days
Missing daysSupply for rxTba claim rx7049, using default of 30 days
Missing daysSupply for rxTba claim rx7050, using default of 30 days
Missing daysSupply for rxTba claim rx7051, using default of 30 days
Missing daysSupply for rxTba claim rx7052, using default of 30 days
Missing daysSupply for rxTba claim rx7053, using default of 30 days
Missing daysSupply for rxTba claim rx7054, using default of 30 days
Missing daysSupply for rxTba claim rx7055, using default of 30 days
Missing daysSupply for rxTba claim rx7056, using default of 30 days
Missing daysSupply for rxTba claim rx7057, using default of 30 days
Missing daysSupply for rxTba claim rx7058, using default of 30 days
Missing daysSupply for rxTba claim rx7059, using default of 30 days
Missing daysSupply for rxTba claim rx7060, using default of 30 days
Missing daysSupply for rxTba claim rx7061, using default of 30 days
Missing daysSupply for rxTba claim rx7062, using default of 30 days
Missing daysSupply for rxTba claim rx7063, using default of 30 days
Missing daysSupply for rxTba claim rx7064, using default of 30 days
Missing daysSupply for rxTba claim rx7065, using default of 30 days
Missing daysSupply for rxTba claim rx7066, using default of 30 days
Missing daysSupply for rxTba claim rx7067, using default of 30 days
Missing daysSupply for rxTba claim rx7068, using default of 30 days
Missing daysSupply for rxTba claim rx7069, using default of 30 days
Missing daysSupply for rxTba claim rx7070, using default of 30 days
Missing daysSupply for rxTba claim rx7071, using default of 30 days
Missing daysSupply for rxTba claim rx7072, using default of 30 days
Missing daysSupply for rxTba claim rx7073, using default of 30 days
Missing daysSupply for rxTba claim rx7074, using default of 30 days
Missing daysSupply for rxTba claim rx7075, using default of 30 days
Missing daysSupply for rxTba claim rx7076, using default of 30 days
Missing daysSupply for rxTba claim rx7077, using default of 30 days
Missing daysSupply for rxTba claim rx7078, using default of 30 days
Missing daysSupply for rxTba claim rx7079, using default of 30 days
Missing daysSupply for rxTba claim rx7080, using default of 30 days
Missing daysSupply for rxTba claim rx7081, using default of 30 days
Missing daysSupply for rxTba claim rx7082, using default of 30 days
Missing daysSupply for rxTba claim rx7083, using default of 30 days
Missing daysSupply for rxTba claim rx7084, using default of 30 days
Missing daysSupply for rxTba claim rx7085, using default of 30 days
Missing daysSupply for rxTba claim rx7086, using default of 30 days
Missing daysSupply for rxTba claim rx7087, using default of 30 days
Missing daysSupply for rxTba claim rx7088, using default of 30 days
Missing daysSupply for rxTba claim rx7089, using default of 30 days
Missing daysSupply for rxTba claim rx7090, using default of 30 days
Missing daysSupply for rxTba claim rx7091, using default of 30 days
Missing daysSupply for rxTba claim rx7092, using default of 30 days
Missing daysSupply for rxTba claim rx7093, using default of 30 days
Missing daysSupply for rxTba claim rx7094, using default of 30 days
Missing daysSupply for rxTba claim rx7095, using default of 30 days
Missing daysSupply for rxTba claim rx7096, using default of 30 days
Missing daysSupply for rxTba claim rx7097, using default of 30 days
Missing daysSupply for rxTba claim rx7098, using default of 30 days
Missing daysSupply for rxTba claim rx7099, using default of 30 days
Missing daysSupply for rxTba claim rx7100, using default of 30 days
Missing daysSupply for rxTba claim rx7101, using default of 30 days
Missing daysSupply for rxTba claim rx7102, using default of 30 days
Missing daysSupply for rxTba claim rx7103, using default of 30 days
Missing daysSupply for rxTba claim rx7104, using default of 30 days
Missing daysSupply for rxTba claim rx7105, using default of 30 days
Missing daysSupply for rxTba claim rx7106, using default of 30 days
Missing daysSupply for rxTba claim rx7107, using default of 30 days
Missing daysSupply for rxTba claim rx7108, using default of 30 days
Missing daysSupply for rxTba claim rx7109, using default of 30 days
Missing daysSupply for rxTba claim rx7110, using default of 30 days
Missing daysSupply for rxTba claim rx7111, using default of 30 days
Missing daysSupply for rxTba claim rx7112, using default of 30 days
Missing daysSupply for rxTba claim rx7113, using default of 30 days
Missing daysSupply for rxTba claim rx7114, using default of 30 days
Missing daysSupply for rxTba claim rx7115, using default of 30 days
Missing daysSupply for rxTba claim rx7116, using default of 30 days
Missing daysSupply for rxTba claim rx7117, using default of 30 days
Missing daysSupply for rxTba claim rx7118, using default of 30 days
Missing daysSupply for rxTba claim rx7119, using default of 30 days
Missing daysSupply for rxTba claim rx7120, using default of 30 days
Missing daysSupply for rxTba claim rx7121, using default of 30 days
Missing daysSupply for rxTba claim rx7122, using default of 30 days
Missing daysSupply for rxTba claim rx7123, using default of 30 days
Missing daysSupply for rxTba claim rx7124, using default of 30 days
Missing daysSupply for rxTba claim rx7125, using default of 30 days
Missing daysSupply for rxTba claim rx7126, using default of 30 days
Missing daysSupply for rxTba claim rx7127, using default of 30 days
Missing daysSupply for rxTba claim rx7128, using default of 30 days
Missing daysSupply for rxTba claim rx7129, using default of 30 days
Missing daysSupply for rxTba claim rx7130, using default of 30 days
Missing daysSupply for rxTba claim rx7131, using default of 30 days
Missing daysSupply for rxTba claim rx7132, using default of 30 days
Missing daysSupply for rxTba claim rx7133, using default of 30 days
Missing daysSupply for rxTba claim rx7134, using default of 30 days
Missing daysSupply for rxTba claim rx7135, using default of 30 days
Missing daysSupply for rxTba claim rx7136, using default of 30 days
Missing daysSupply for rxTba claim rx7137, using default of 30 days
Missing daysSupply for rxTba claim rx7138, using default of 30 days
Missing daysSupply for rxTba claim rx7139, using default of 30 days
Missing daysSupply for rxTba claim rx7140, using default of 30 days
Missing daysSupply for rxTba claim rx7141, using default of 30 days
Missing daysSupply for rxTba claim rx7142, using default of 30 days
Missing daysSupply for rxTba claim rx7143, using default of 30 days
Missing daysSupply for rxTba claim rx7144, using default of 30 days
Missing daysSupply for rxTba claim rx7145, using default of 30 days
Missing daysSupply for rxTba claim rx7146, using default of 30 days
Missing daysSupply for rxTba claim rx7147, using default of 30 days
Missing daysSupply for rxTba claim rx7148, using default of 30 days
Missing daysSupply for rxTba claim rx7149, using default of 30 days
Missing daysSupply for rxTba claim rx7150, using default of 30 days
Missing daysSupply for rxTba claim rx7151, using default of 30 days
Missing daysSupply for rxTba claim rx7152, using default of 30 days
Missing daysSupply for rxTba claim rx7153, using default of 30 days
Missing daysSupply for rxTba claim rx7154, using default of 30 days
Missing daysSupply for rxTba claim rx7155, using default of 30 days
Missing daysSupply for rxTba claim rx7156, using default of 30 days
Missing daysSupply for rxTba claim rx7157, using default of 30 days
Missing daysSupply for rxTba claim rx7158, using default of 30 days
Missing daysSupply for rxTba claim rx7159, using default of 30 days
Missing daysSupply for rxTba claim rx7160, using default of 30 days
Missing daysSupply for rxTba claim rx7161, using default of 30 days
Missing daysSupply for rxTba claim rx7162, using default of 30 days
Missing daysSupply for rxTba claim rx7163, using default of 30 days
Missing daysSupply for rxTba claim rx7164, using default of 30 days
Missing daysSupply for rxTba claim rx7165, using default of 30 days
Missing daysSupply for rxTba claim rx7166, using default of 30 days
Missing daysSupply for rxTba claim rx7167, using default of 30 days
Missing daysSupply for rxTba claim rx7168, using default of 30 days
Missing daysSupply for rxTba claim rx7169, using default of 30 days
Missing daysSupply for rxTba claim rx7170, using default of 30 days
Missing daysSupply for rxTba claim rx7171, using default of 30 days
Missing daysSupply for rxTba claim rx7172, using default of 30 days
Missing daysSupply for rxTba claim rx7173, using default of 30 days
Missing daysSupply for rxTba claim rx7174, using default of 30 days
Missing daysSupply for rxTba claim rx7175, using default of 30 days
Missing daysSupply for rxTba claim rx7176, using default of 30 days
Missing daysSupply for rxTba claim rx7177, using default of 30 days
Missing daysSupply for rxTba claim rx7178, using default of 30 days
Missing daysSupply for rxTba claim rx7179, using default of 30 days
Missing daysSupply for rxTba claim rx7180, using default of 30 days
Missing daysSupply for rxTba claim rx7181, using default of 30 days
Missing daysSupply for rxTba claim rx7182, using default of 30 days
Missing daysSupply for rxTba claim rx7183, using default of 30 days
Missing daysSupply for rxTba claim rx7184, using default of 30 days
Missing daysSupply for rxTba claim rx7185, using default of 30 days
Missing daysSupply for rxTba claim rx7186, using default of 30 days
Missing daysSupply for rxTba claim rx7187, using default of 30 days
Missing daysSupply for rxTba claim rx7188, using default of 30 days
Missing daysSupply for rxTba claim rx7189, using default of 30 days
Missing daysSupply for rxTba claim rx7190, using default of 30 days
Missing daysSupply for rxTba claim rx7191, using default of 30 days
Missing daysSupply for rxTba claim rx7192, using default of 30 days
Missing daysSupply for rxTba claim rx7193, using default of 30 days
Missing daysSupply for rxTba claim rx7194, using default of 30 days
Missing daysSupply for rxTba claim rx7195, using default of 30 days
Missing daysSupply for rxTba claim rx7196, using default of 30 days
Missing daysSupply for rxTba claim rx7197, using default of 30 days
Missing daysSupply for rxTba claim rx7198, using default of 30 days
Missing daysSupply for rxTba claim rx7199, using default of 30 days
Missing daysSupply for rxTba claim rx7200, using default of 30 days
Missing daysSupply for rxTba claim rx7201, using default of 30 days
Missing daysSupply for rxTba claim rx7202, using default of 30 days
Missing daysSupply for rxTba claim rx7203, using default of 30 days
Missing daysSupply for rxTba claim rx7204, using default of 30 days
Missing daysSupply for rxTba claim rx7205, using default of 30 days
Missing daysSupply for rxTba claim rx7206, using default of 30 days
Missing daysSupply for rxTba claim rx7207, using default of 30 days
Missing daysSupply for rxTba claim rx7208, using default of 30 days
Missing daysSupply for rxTba claim rx7209, using default of 30 days
Missing daysSupply for rxTba claim rx7210, using default of 30 days
Missing daysSupply for rxTba claim rx7211, using default of 30 days
Missing daysSupply for rxTba claim rx7212, using default of 30 days
Missing daysSupply for rxTba claim rx7213, using default of 30 days
Missing daysSupply for rxTba claim rx7214, using default of 30 days
Missing daysSupply for rxTba claim rx7215, using default of 30 days
Missing daysSupply for rxTba claim rx7216, using default of 30 days
Missing daysSupply for rxTba claim rx7217, using default of 30 days
Missing daysSupply for rxTba claim rx7218, using default of 30 days
Missing daysSupply for rxTba claim rx7219, using default of 30 days
Missing daysSupply for rxTba claim rx7220, using default of 30 days
Missing daysSupply for rxTba claim rx7221, using default of 30 days
Missing daysSupply for rxTba claim rx7222, using default of 30 days
Missing daysSupply for rxTba claim rx7223, using default of 30 days
Missing daysSupply for rxTba claim rx7224, using default of 30 days
Missing daysSupply for rxTba claim rx7225, using default of 30 days
Missing daysSupply for rxTba claim rx7226, using default of 30 days
Missing daysSupply for rxTba claim rx7227, using default of 30 days
Missing daysSupply for rxTba claim rx7228, using default of 30 days
Missing daysSupply for rxTba claim rx7229, using default of 30 days
Missing daysSupply for rxTba claim rx7230, using default of 30 days
Missing daysSupply for rxTba claim rx7231, using default of 30 days
Missing daysSupply for rxTba claim rx7232, using default of 30 days
Missing daysSupply for rxTba claim rx7233, using default of 30 days
Missing daysSupply for rxTba claim rx7234, using default of 30 days
Missing daysSupply for rxTba claim rx7235, using default of 30 days
Missing daysSupply for rxTba claim rx7236, using default of 30 days
Missing daysSupply for rxTba claim rx7237, using default of 30 days
Missing daysSupply for rxTba claim rx7238, using default of 30 days
Missing daysSupply for rxTba claim rx7239, using default of 30 days
Missing daysSupply for rxTba claim rx7240, using default of 30 days
Missing daysSupply for rxTba claim rx7241, using default of 30 days
Missing daysSupply for rxTba claim rx7242, using default of 30 days
Missing daysSupply for rxTba claim rx7243, using default of 30 days
Missing daysSupply for rxTba claim rx7244, using default of 30 days
Missing daysSupply for rxTba claim rx7245, using default of 30 days
Missing daysSupply for rxTba claim rx7246, using default of 30 days
Missing daysSupply for rxTba claim rx7247, using default of 30 days
Missing daysSupply for rxTba claim rx7248, using default of 30 days
Missing daysSupply for rxTba claim rx7249, using default of 30 days
Missing daysSupply for rxTba claim rx7250, using default of 30 days
Missing daysSupply for rxTba claim rx7251, using default of 30 days
Missing daysSupply for rxTba claim rx7252, using default of 30 days
Missing daysSupply for rxTba claim rx7253, using default of 30 days
Missing daysSupply for rxTba claim rx7254, using default of 30 days
Missing daysSupply for rxTba claim rx7255, using default of 30 days
Missing daysSupply for rxTba claim rx7256, using default of 30 days
Missing daysSupply for rxTba claim rx7257, using default of 30 days
Missing daysSupply for rxTba claim rx7258, using default of 30 days
Missing daysSupply for rxTba claim rx7259, using default of 30 days
Missing daysSupply for rxTba claim rx7260, using default of 30 days
Missing daysSupply for rxTba claim rx7261, using default of 30 days
Missing daysSupply for rxTba claim rx7262, using default of 30 days
Missing daysSupply for rxTba claim rx7263, using default of 30 days
Missing daysSupply for rxTba claim rx7264, using default of 30 days
Missing daysSupply for rxTba claim rx7265, using default of 30 days
Missing daysSupply for rxTba claim rx7266, using default of 30 days
Missing daysSupply for rxTba claim rx7267, using default of 30 days
Missing daysSupply for rxTba claim rx7268, using default of 30 days
Missing daysSupply for rxTba claim rx7269, using default of 30 days
Missing daysSupply for rxTba claim rx7270, using default of 30 days
Missing daysSupply for rxTba claim rx7271, using default of 30 days
Missing daysSupply for rxTba claim rx7272, using default of 30 days
Missing daysSupply for rxTba claim rx7273, using default of 30 days
Missing daysSupply for rxTba claim rx7274, using default of 30 days
Missing daysSupply for rxTba claim rx7275, using default of 30 days
Missing daysSupply for rxTba claim rx7276, using default of 30 days
Missing daysSupply for rxTba claim rx7277, using default of 30 days
Missing daysSupply for rxTba claim rx7278, using default of 30 days
Missing daysSupply for rxTba claim rx7279, using default of 30 days
Missing daysSupply for rxTba claim rx7280, using default of 30 days
Missing daysSupply for rxTba claim rx7281, using default of 30 days
Missing daysSupply for rxTba claim rx7282, using default of 30 days
Missing daysSupply for rxTba claim rx7283, using default of 30 days
Missing daysSupply for rxTba claim rx7284, using default of 30 days
Missing daysSupply for rxTba claim rx7285, using default of 30 days
Missing daysSupply for rxTba claim rx7286, using default of 30 days
Missing daysSupply for rxTba claim rx7287, using default of 30 days
Missing daysSupply for rxTba claim rx7288, using default of 30 days
Missing daysSupply for rxTba claim rx7289, using default of 30 days
Missing daysSupply for rxTba claim rx7290, using default of 30 days
Missing daysSupply for rxTba claim rx7291, using default of 30 days
Missing daysSupply for rxTba claim rx7292, using default of 30 days
Missing daysSupply for rxTba claim rx7293, using default of 30 days
Missing daysSupply for rxTba claim rx7294, using default of 30 days
Missing daysSupply for rxTba claim rx7295, using default of 30 days
Missing daysSupply for rxTba claim rx7296, using default of 30 days
Missing daysSupply for rxTba claim rx7297, using default of 30 days
Missing daysSupply for rxTba claim rx7298, using default of 30 days
Missing daysSupply for rxTba claim rx7299, using default of 30 days
Missing daysSupply for rxTba claim rx7300, using default of 30 days
Missing daysSupply for rxTba claim rx7301, using default of 30 days
Missing daysSupply for rxTba claim rx7302, using default of 30 days
Missing daysSupply for rxTba claim rx7303, using default of 30 days
Missing daysSupply for rxTba claim rx7304, using default of 30 days
Missing daysSupply for rxTba claim rx7305, using default of 30 days
Missing daysSupply for rxTba claim rx7306, using default of 30 days
Missing daysSupply for rxTba claim rx7307, using default of 30 days
Missing daysSupply for rxTba claim rx7308, using default of 30 days
Missing daysSupply for rxTba claim rx7309, using default of 30 days
Missing daysSupply for rxTba claim rx7310, using default of 30 days
Missing daysSupply for rxTba claim rx7311, using default of 30 days
Missing daysSupply for rxTba claim rx7312, using default of 30 days
Missing daysSupply for rxTba claim rx7313, using default of 30 days
Missing daysSupply for rxTba claim rx7314, using default of 30 days
Missing daysSupply for rxTba claim rx7315, using default of 30 days
Missing daysSupply for rxTba claim rx7316, using default of 30 days
Missing daysSupply for rxTba claim rx7317, using default of 30 days
Missing daysSupply for rxTba claim rx7318, using default of 30 days
Missing daysSupply for rxTba claim rx7319, using default of 30 days
Missing daysSupply for rxTba claim rx7320, using default of 30 days
Missing daysSupply for rxTba claim rx7321, using default of 30 days
Missing daysSupply for rxTba claim rx7322, using default of 30 days
Missing daysSupply for rxTba claim rx7323, using default of 30 days
Missing daysSupply for rxTba claim rx7324, using default of 30 days
Missing daysSupply for rxTba claim rx7325, using default of 30 days
Missing daysSupply for rxTba claim rx7326, using default of 30 days
Missing daysSupply for rxTba claim rx7327, using default of 30 days
Missing daysSupply for rxTba claim rx7328, using default of 30 days
Missing daysSupply for rxTba claim rx7329, using default of 30 days
Missing daysSupply for rxTba claim rx7330, using default of 30 days
Missing daysSupply for rxTba claim rx7331, using default of 30 days
Missing daysSupply for rxTba claim rx7332, using default of 30 days
Missing daysSupply for rxTba claim rx7333, using default of 30 days
Missing daysSupply for rxTba claim rx7334, using default of 30 days
Missing daysSupply for rxTba claim rx7335, using default of 30 days
Missing daysSupply for rxTba claim rx7336, using default of 30 days
Missing daysSupply for rxTba claim rx7337, using default of 30 days
Missing daysSupply for rxTba claim rx7338, using default of 30 days
Missing daysSupply for rxTba claim rx7339, using default of 30 days
Missing daysSupply for rxTba claim rx7340, using default of 30 days
Missing daysSupply for rxTba claim rx7341, using default of 30 days
Missing daysSupply for rxTba claim rx7342, using default of 30 days
Missing daysSupply for rxTba claim rx7343, using default of 30 days
Missing daysSupply for rxTba claim rx7344, using default of 30 days
Missing daysSupply for rxTba claim rx7345, using default of 30 days
Missing daysSupply for rxTba claim rx7346, using default of 30 days
Missing daysSupply for rxTba claim rx7347, using default of 30 days
Missing daysSupply for rxTba claim rx7348, using default of 30 days
Missing daysSupply for rxTba claim rx7349, using default of 30 days
Missing daysSupply for rxTba claim rx7350, using default of 30 days
Missing daysSupply for rxTba claim rx7351, using default of 30 days
Missing daysSupply for rxTba claim rx7352, using default of 30 days
Missing daysSupply for rxTba claim rx7353, using default of 30 days
Missing daysSupply for rxTba claim rx7354, using default of 30 days
Missing daysSupply for rxTba claim rx7355, using default of 30 days
Missing daysSupply for rxTba claim rx7356, using default of 30 days
Missing daysSupply for rxTba claim rx7357, using default of 30 days
Missing daysSupply for rxTba claim rx7358, using default of 30 days
Missing daysSupply for rxTba claim rx7359, using default of 30 days
Missing daysSupply for rxTba claim rx7360, using default of 30 days
Missing daysSupply for rxTba claim rx7361, using default of 30 days
Missing daysSupply for rxTba claim rx7362, using default of 30 days
Missing daysSupply for rxTba claim rx7363, using default of 30 days
Missing daysSupply for rxTba claim rx7364, using default of 30 days
Missing daysSupply for rxTba claim rx7365, using default of 30 days
Missing daysSupply for rxTba claim rx7366, using default of 30 days
Missing daysSupply for rxTba claim rx7367, using default of 30 days
Missing daysSupply for rxTba claim rx7368, using default of 30 days
Missing daysSupply for rxTba claim rx7369, using default of 30 days
Missing daysSupply for rxTba claim rx7370, using default of 30 days
Missing daysSupply for rxTba claim rx7371, using default of 30 days
Missing daysSupply for rxTba claim rx7372, using default of 30 days
Missing daysSupply for rxTba claim rx7373, using default of 30 days
Missing daysSupply for rxTba claim rx7374, using default of 30 days
Missing daysSupply for rxTba claim rx7375, using default of 30 days
Missing daysSupply for rxTba claim rx7376, using default of 30 days
Missing daysSupply for rxTba claim rx7377, using default of 30 days
Missing daysSupply for rxTba claim rx7378, using default of 30 days
Missing daysSupply for rxTba claim rx7379, using default of 30 days
Missing daysSupply for rxTba claim rx7380, using default of 30 days
Missing daysSupply for rxTba claim rx7381, using default of 30 days
Missing daysSupply for rxTba claim rx7382, using default of 30 days
Missing daysSupply for rxTba claim rx7383, using default of 30 days
Missing daysSupply for rxTba claim rx7384, using default of 30 days
Missing daysSupply for rxTba claim rx7385, using default of 30 days
Missing daysSupply for rxTba claim rx7386, using default of 30 days
Missing daysSupply for rxTba claim rx7387, using default of 30 days
Missing daysSupply for rxTba claim rx7388, using default of 30 days
Missing daysSupply for rxTba claim rx7389, using default of 30 days
Missing daysSupply for rxTba claim rx7390, using default of 30 days
Missing daysSupply for rxTba claim rx7391, using default of 30 days
Missing daysSupply for rxTba claim rx7392, using default of 30 days
Missing daysSupply for rxTba claim rx7393, using default of 30 days
Missing daysSupply for rxTba claim rx7394, using default of 30 days
Missing daysSupply for rxTba claim rx7395, using default of 30 days
Missing daysSupply for rxTba claim rx7396, using default of 30 days
Missing daysSupply for rxTba claim rx7397, using default of 30 days
Missing daysSupply for rxTba claim rx7398, using default of 30 days
Missing daysSupply for rxTba claim rx7399, using default of 30 days
Missing daysSupply for rxTba claim rx7400, using default of 30 days
Missing daysSupply for rxTba claim rx7401, using default of 30 days
Missing daysSupply for rxTba claim rx7402, using default of 30 days
Missing daysSupply for rxTba claim rx7403, using default of 30 days
Missing daysSupply for rxTba claim rx7404, using default of 30 days
Missing daysSupply for rxTba claim rx7405, using default of 30 days
Missing daysSupply for rxTba claim rx7406, using default of 30 days
Missing daysSupply for rxTba claim rx7407, using default of 30 days
Missing daysSupply for rxTba claim rx7408, using default of 30 days
Missing daysSupply for rxTba claim rx7409, using default of 30 days
Missing daysSupply for rxTba claim rx7410, using default of 30 days
Missing daysSupply for rxTba claim rx7411, using default of 30 days
Missing daysSupply for rxTba claim rx7412, using default of 30 days
Missing daysSupply for rxTba claim rx7413, using default of 30 days
Missing daysSupply for rxTba claim rx7414, using default of 30 days
Missing daysSupply for rxTba claim rx7415, using default of 30 days
Missing daysSupply for rxTba claim rx7416, using default of 30 days
Missing daysSupply for rxTba claim rx7417, using default of 30 days
Missing daysSupply for rxTba claim rx7418, using default of 30 days
Missing daysSupply for rxTba claim rx7419, using default of 30 days
Missing daysSupply for rxTba claim rx7420, using default of 30 days
Missing daysSupply for rxTba claim rx7421, using default of 30 days
Missing daysSupply for rxTba claim rx7422, using default of 30 days
Missing daysSupply for rxTba claim rx7423, using default of 30 days
Missing daysSupply for rxTba claim rx7424, using default of 30 days
Missing daysSupply for rxTba claim rx7425, using default of 30 days
Missing daysSupply for rxTba claim rx7426, using default of 30 days
Missing daysSupply for rxTba claim rx7427, using default of 30 days
Missing daysSupply for rxTba claim rx7428, using default of 30 days
Missing daysSupply for rxTba claim rx7429, using default of 30 days
Missing daysSupply for rxTba claim rx7430, using default of 30 days
Missing daysSupply for rxTba claim rx7431, using default of 30 days
Missing daysSupply for rxTba claim rx7432, using default of 30 days
Missing daysSupply for rxTba claim rx7433, using default of 30 days
Missing daysSupply for rxTba claim rx7434, using default of 30 days
Missing daysSupply for rxTba claim rx7435, using default of 30 days
Missing daysSupply for rxTba claim rx7436, using default of 30 days
Missing daysSupply for rxTba claim rx7437, using default of 30 days
Missing daysSupply for rxTba claim rx7438, using default of 30 days
Missing daysSupply for rxTba claim rx7439, using default of 30 days
Missing daysSupply for rxTba claim rx7440, using default of 30 days
Missing daysSupply for rxTba claim rx7441, using default of 30 days
Missing daysSupply for rxTba claim rx7442, using default of 30 days
Missing daysSupply for rxTba claim rx7443, using default of 30 days
Missing daysSupply for rxTba claim rx7444, using default of 30 days
Missing daysSupply for rxTba claim rx7445, using default of 30 days
Missing daysSupply for rxTba claim rx7446, using default of 30 days
Missing daysSupply for rxTba claim rx7447, using default of 30 days
Missing daysSupply for rxTba claim rx7448, using default of 30 days
Missing daysSupply for rxTba claim rx7449, using default of 30 days
Missing daysSupply for rxTba claim rx7450, using default of 30 days
Missing daysSupply for rxTba claim rx7451, using default of 30 days
Missing daysSupply for rxTba claim rx7452, using default of 30 days
Missing daysSupply for rxTba claim rx7453, using default of 30 days
Missing daysSupply for rxTba claim rx7454, using default of 30 days
Missing daysSupply for rxTba claim rx7455, using default of 30 days
Missing daysSupply for rxTba claim rx7456, using default of 30 days
Missing daysSupply for rxTba claim rx7457, using default of 30 days
Missing daysSupply for rxTba claim rx7458, using default of 30 days
Missing daysSupply for rxTba claim rx7459, using default of 30 days
Missing daysSupply for rxTba claim rx7460, using default of 30 days
Missing daysSupply for rxTba claim rx7461, using default of 30 days
Missing daysSupply for rxTba claim rx7462, using default of 30 days
Missing daysSupply for rxTba claim rx7463, using default of 30 days
Missing daysSupply for rxTba claim rx7464, using default of 30 days
Missing daysSupply for rxTba claim rx7465, using default of 30 days
Missing daysSupply for rxTba claim rx7466, using default of 30 days
Missing daysSupply for rxTba claim rx7467, using default of 30 days
Missing daysSupply for rxTba claim rx7468, using default of 30 days
Missing daysSupply for rxTba claim rx7469, using default of 30 days
Missing daysSupply for rxTba claim rx7470, using default of 30 days
Missing daysSupply for rxTba claim rx7471, using default of 30 days
Missing daysSupply for rxTba claim rx7472, using default of 30 days
Missing daysSupply for rxTba claim rx7473, using default of 30 days
Missing daysSupply for rxTba claim rx7474, using default of 30 days
Missing daysSupply for rxTba claim rx7475, using default of 30 days
Missing daysSupply for rxTba claim rx7476, using default of 30 days
Missing daysSupply for rxTba claim rx7477, using default of 30 days
Missing daysSupply for rxTba claim rx7478, using default of 30 days
Missing daysSupply for rxTba claim rx7479, using default of 30 days
Missing daysSupply for rxTba claim rx7480, using default of 30 days
Missing daysSupply for rxTba claim rx7481, using default of 30 days
Missing daysSupply for rxTba claim rx7482, using default of 30 days
Missing daysSupply for rxTba claim rx7483, using default of 30 days
Missing daysSupply for rxTba claim rx7484, using default of 30 days
Missing daysSupply for rxTba claim rx7485, using default of 30 days
Missing daysSupply for rxTba claim rx7486, using default of 30 days
Missing daysSupply for rxTba claim rx7487, using default of 30 days
Missing daysSupply for rxTba claim rx7488, using default of 30 days
Missing daysSupply for rxTba claim rx7489, using default of 30 days
Missing daysSupply for rxTba claim rx7490, using default of 30 days
Missing daysSupply for rxTba claim rx7491, using default of 30 days
Missing daysSupply for rxTba claim rx7492, using default of 30 days
Missing daysSupply for rxTba claim rx7493, using default of 30 days
Missing daysSupply for rxTba claim rx7494, using default of 30 days
Missing daysSupply for rxTba claim rx7495, using default of 30 days
Missing daysSupply for rxTba claim rx7496, using default of 30 days
Missing daysSupply for rxTba claim rx7497, using default of 30 days
Missing daysSupply for rxTba claim rx7498, using default of 30 days
Missing daysSupply for rxTba claim rx7499, using default of 30 days
Missing daysSupply for rxTba claim rx7500, using default of 30 days
Missing daysSupply for rxTba claim rx7501, using default of 30 days
Missing daysSupply for rxTba claim rx7502, using default of 30 days
Missing daysSupply for rxTba claim rx7503, using default of 30 days
Missing daysSupply for rxTba claim rx7504, using default of 30 days
Missing daysSupply for rxTba claim rx7505, using default of 30 days
Missing daysSupply for rxTba claim rx7506, using default of 30 days
Missing daysSupply for rxTba claim rx7507, using default of 30 days
Missing daysSupply for rxTba claim rx7508, using default of 30 days
Missing daysSupply for rxTba claim rx7509, using default of 30 days
Missing daysSupply for rxTba claim rx7510, using default of 30 days
Missing daysSupply for rxTba claim rx7511, using default of 30 days
Missing daysSupply for rxTba claim rx7512, using default of 30 days
Missing daysSupply for rxTba claim rx7513, using default of 30 days
Missing daysSupply for rxTba claim rx7514, using default of 30 days
Missing daysSupply for rxTba claim rx7515, using default of 30 days
Missing daysSupply for rxTba claim rx7516, using default of 30 days
Missing daysSupply for rxTba claim rx7517, using default of 30 days
Missing daysSupply for rxTba claim rx7518, using default of 30 days
Missing daysSupply for rxTba claim rx7519, using default of 30 days
Missing daysSupply for rxTba claim rx7520, using default of 30 days
Missing daysSupply for rxTba claim rx7521, using default of 30 days
Missing daysSupply for rxTba claim rx7522, using default of 30 days
Missing daysSupply for rxTba claim rx7523, using default of 30 days
Missing daysSupply for rxTba claim rx7524, using default of 30 days
Missing daysSupply for rxTba claim rx7525, using default of 30 days
Missing daysSupply for rxTba claim rx7526, using default of 30 days
Missing daysSupply for rxTba claim rx7527, using default of 30 days
Missing daysSupply for rxTba claim rx7528, using default of 30 days
Missing daysSupply for rxTba claim rx7529, using default of 30 days
Missing daysSupply for rxTba claim rx7530, using default of 30 days
Missing daysSupply for rxTba claim rx7531, using default of 30 days
Missing daysSupply for rxTba claim rx7532, using default of 30 days
Missing daysSupply for rxTba claim rx7533, using default of 30 days
Missing daysSupply for rxTba claim rx7534, using default of 30 days
Missing daysSupply for rxTba claim rx7535, using default of 30 days
Missing daysSupply for rxTba claim rx7536, using default of 30 days
Missing daysSupply for rxTba claim rx7537, using default of 30 days
Missing daysSupply for rxTba claim rx7538, using default of 30 days
Missing daysSupply for rxTba claim rx7539, using default of 30 days
Missing daysSupply for rxTba claim rx7540, using default of 30 days
Missing daysSupply for rxTba claim rx7541, using default of 30 days
Missing daysSupply for rxTba claim rx7542, using default of 30 days
Missing daysSupply for rxTba claim rx7543, using default of 30 days
Missing daysSupply for rxTba claim rx7544, using default of 30 days
Missing daysSupply for rxTba claim rx7545, using default of 30 days
Missing daysSupply for rxTba claim rx7546, using default of 30 days
Missing daysSupply for rxTba claim rx7547, using default of 30 days
Missing daysSupply for rxTba claim rx7548, using default of 30 days
Missing daysSupply for rxTba claim rx7549, using default of 30 days
Missing daysSupply for rxTba claim rx7550, using default of 30 days
Missing daysSupply for rxTba claim rx7551, using default of 30 days
Missing daysSupply for rxTba claim rx7552, using default of 30 days
Missing daysSupply for rxTba claim rx7553, using default of 30 days
Missing daysSupply for rxTba claim rx7554, using default of 30 days
Missing daysSupply for rxTba claim rx7555, using default of 30 days
Missing daysSupply for rxTba claim rx7556, using default of 30 days
Missing daysSupply for rxTba claim rx7557, using default of 30 days
Missing daysSupply for rxTba claim rx7558, using default of 30 days
Missing daysSupply for rxTba claim rx7559, using default of 30 days
Missing daysSupply for rxTba claim rx7560, using default of 30 days
Missing daysSupply for rxTba claim rx7561, using default of 30 days
Missing daysSupply for rxTba claim rx7562, using default of 30 days
Missing daysSupply for rxTba claim rx7563, using default of 30 days
Missing daysSupply for rxTba claim rx7564, using default of 30 days
Missing daysSupply for rxTba claim rx7565, using default of 30 days
Missing daysSupply for rxTba claim rx7566, using default of 30 days
Missing daysSupply for rxTba claim rx7567, using default of 30 days
Missing daysSupply for rxTba claim rx7568, using default of 30 days
Missing daysSupply for rxTba claim rx7569, using default of 30 days
Missing daysSupply for rxTba claim rx7570, using default of 30 days
Missing daysSupply for rxTba claim rx7571, using default of 30 days
Missing daysSupply for rxTba claim rx7572, using default of 30 days
Missing daysSupply for rxTba claim rx7573, using default of 30 days
Missing daysSupply for rxTba claim rx7574, using default of 30 days
Missing daysSupply for rxTba claim rx7575, using default of 30 days
Missing daysSupply for rxTba claim rx7576, using default of 30 days
Missing daysSupply for rxTba claim rx7577, using default of 30 days
Missing daysSupply for rxTba claim rx7578, using default of 30 days
Missing daysSupply for rxTba claim rx7579, using default of 30 days
Missing daysSupply for rxTba claim rx7580, using default of 30 days
Missing daysSupply for rxTba claim rx7581, using default of 30 days
Missing daysSupply for rxTba claim rx7582, using default of 30 days
Missing daysSupply for rxTba claim rx7583, using default of 30 days
Missing daysSupply for rxTba claim rx7584, using default of 30 days
Missing daysSupply for rxTba claim rx7585, using default of 30 days
Missing daysSupply for rxTba claim rx7586, using default of 30 days
Missing daysSupply for rxTba claim rx7587, using default of 30 days
Missing daysSupply for rxTba claim rx7588, using default of 30 days
Missing daysSupply for rxTba claim rx7589, using default of 30 days
Missing daysSupply for rxTba claim rx7590, using default of 30 days
Missing daysSupply for rxTba claim rx7591, using default of 30 days
Missing daysSupply for rxTba claim rx7592, using default of 30 days
Missing daysSupply for rxTba claim rx7593, using default of 30 days
Missing daysSupply for rxTba claim rx7594, using default of 30 days
Missing daysSupply for rxTba claim rx7595, using default of 30 days
Missing daysSupply for rxTba claim rx7596, using default of 30 days
Missing daysSupply for rxTba claim rx7597, using default of 30 days
Missing daysSupply for rxTba claim rx7598, using default of 30 days
Missing daysSupply for rxTba claim rx7599, using default of 30 days
Missing daysSupply for rxTba claim rx7600, using default of 30 days
Missing daysSupply for rxTba claim rx7601, using default of 30 days
Missing daysSupply for rxTba claim rx7602, using default of 30 days
Missing daysSupply for rxTba claim rx7603, using default of 30 days
Missing daysSupply for rxTba claim rx7604, using default of 30 days
Missing daysSupply for rxTba claim rx7605, using default of 30 days
Missing daysSupply for rxTba claim rx7606, using default of 30 days
Missing daysSupply for rxTba claim rx7607, using default of 30 days
Missing daysSupply for rxTba claim rx7608, using default of 30 days
Missing daysSupply for rxTba claim rx7609, using default of 30 days
Missing daysSupply for rxTba claim rx7610, using default of 30 days
Missing daysSupply for rxTba claim rx7611, using default of 30 days
Missing daysSupply for rxTba claim rx7612, using default of 30 days
Missing daysSupply for rxTba claim rx7613, using default of 30 days
Missing daysSupply for rxTba claim rx7614, using default of 30 days
Missing daysSupply for rxTba claim rx7615, using default of 30 days
Missing daysSupply for rxTba claim rx7616, using default of 30 days
Missing daysSupply for rxTba claim rx7617, using default of 30 days
Missing daysSupply for rxTba claim rx7618, using default of 30 days
Missing daysSupply for rxTba claim rx7619, using default of 30 days
Missing daysSupply for rxTba claim rx7620, using default of 30 days
Missing daysSupply for rxTba claim rx7621, using default of 30 days
Missing daysSupply for rxTba claim rx7622, using default of 30 days
Missing daysSupply for rxTba claim rx7623, using default of 30 days
Missing daysSupply for rxTba claim rx7624, using default of 30 days
Missing daysSupply for rxTba claim rx7625, using default of 30 days
Missing daysSupply for rxTba claim rx7626, using default of 30 days
Missing daysSupply for rxTba claim rx7627, using default of 30 days
Missing daysSupply for rxTba claim rx7628, using default of 30 days
Missing daysSupply for rxTba claim rx7629, using default of 30 days
Missing daysSupply for rxTba claim rx7630, using default of 30 days
Missing daysSupply for rxTba claim rx7631, using default of 30 days
Missing daysSupply for rxTba claim rx7632, using default of 30 days
Missing daysSupply for rxTba claim rx7633, using default of 30 days
Missing daysSupply for rxTba claim rx7634, using default of 30 days
Missing daysSupply for rxTba claim rx7635, using default of 30 days
Missing daysSupply for rxTba claim rx7636, using default of 30 days
Missing daysSupply for rxTba claim rx7637, using default of 30 days
Missing daysSupply for rxTba claim rx7638, using default of 30 days
Missing daysSupply for rxTba claim rx7639, using default of 30 days
Missing daysSupply for rxTba claim rx7640, using default of 30 days
Missing daysSupply for rxTba claim rx7641, using default of 30 days
Missing daysSupply for rxTba claim rx7642, using default of 30 days
Missing daysSupply for rxTba claim rx7643, using default of 30 days
Missing daysSupply for rxTba claim rx7644, using default of 30 days
Missing daysSupply for rxTba claim rx7645, using default of 30 days
Missing daysSupply for rxTba claim rx7646, using default of 30 days
Missing daysSupply for rxTba claim rx7647, using default of 30 days
Missing daysSupply for rxTba claim rx7648, using default of 30 days
Missing daysSupply for rxTba claim rx7649, using default of 30 days
Missing daysSupply for rxTba claim rx7650, using default of 30 days
Missing daysSupply for rxTba claim rx7651, using default of 30 days
Missing daysSupply for rxTba claim rx7652, using default of 30 days
Missing daysSupply for rxTba claim rx7653, using default of 30 days
Missing daysSupply for rxTba claim rx7654, using default of 30 days
Missing daysSupply for rxTba claim rx7655, using default of 30 days
Missing daysSupply for rxTba claim rx7656, using default of 30 days
Missing daysSupply for rxTba claim rx7657, using default of 30 days
Missing daysSupply for rxTba claim rx7658, using default of 30 days
Missing daysSupply for rxTba claim rx7659, using default of 30 days
Missing daysSupply for rxTba claim rx7660, using default of 30 days
Missing daysSupply for rxTba claim rx7661, using default of 30 days
Missing daysSupply for rxTba claim rx7662, using default of 30 days
Missing daysSupply for rxTba claim rx7663, using default of 30 days
Missing daysSupply for rxTba claim rx7664, using default of 30 days
Missing daysSupply for rxTba claim rx7665, using default of 30 days
Missing daysSupply for rxTba claim rx7666, using default of 30 days
Missing daysSupply for rxTba claim rx7667, using default of 30 days
Missing daysSupply for rxTba claim rx7668, using default of 30 days
Missing daysSupply for rxTba claim rx7669, using default of 30 days
Missing daysSupply for rxTba claim rx7670, using default of 30 days
Missing daysSupply for rxTba claim rx7671, using default of 30 days
Missing daysSupply for rxTba claim rx7672, using default of 30 days
Missing daysSupply for rxTba claim rx7673, using default of 30 days
Missing daysSupply for rxTba claim rx7674, using default of 30 days
Missing daysSupply for rxTba claim rx7675, using default of 30 days
Missing daysSupply for rxTba claim rx7676, using default of 30 days
Missing daysSupply for rxTba claim rx7677, using default of 30 days
Missing daysSupply for rxTba claim rx7678, using default of 30 days
Missing daysSupply for rxTba claim rx7679, using default of 30 days
Missing daysSupply for rxTba claim rx7680, using default of 30 days
Missing daysSupply for rxTba claim rx7681, using default of 30 days
Missing daysSupply for rxTba claim rx7682, using default of 30 days
Missing daysSupply for rxTba claim rx7683, using default of 30 days
Missing daysSupply for rxTba claim rx7684, using default of 30 days
Missing daysSupply for rxTba claim rx7685, using default of 30 days
Missing daysSupply for rxTba claim rx7686, using default of 30 days
Missing daysSupply for rxTba claim rx7687, using default of 30 days
Missing daysSupply for rxTba claim rx7688, using default of 30 days
Missing daysSupply for rxTba claim rx7689, using default of 30 days
Missing daysSupply for rxTba claim rx7690, using default of 30 days
Missing daysSupply for rxTba claim rx7691, using default of 30 days
Missing daysSupply for rxTba claim rx7692, using default of 30 days
Missing daysSupply for rxTba claim rx7693, using default of 30 days
Missing daysSupply for rxTba claim rx7694, using default of 30 days
Missing daysSupply for rxTba claim rx7695, using default of 30 days
Missing daysSupply for rxTba claim rx7696, using default of 30 days
Missing daysSupply for rxTba claim rx7697, using default of 30 days
Missing daysSupply for rxTba claim rx7698, using default of 30 days
Missing daysSupply for rxTba claim rx7699, using default of 30 days
Missing daysSupply for rxTba claim rx7700, using default of 30 days
Missing daysSupply for rxTba claim rx7701, using default of 30 days
Missing daysSupply for rxTba claim rx7702, using default of 30 days
Missing daysSupply for rxTba claim rx7703, using default of 30 days
Missing daysSupply for rxTba claim rx7704, using default of 30 days
Missing daysSupply for rxTba claim rx7705, using default of 30 days
Missing daysSupply for rxTba claim rx7706, using default of 30 days
Missing daysSupply for rxTba claim rx7707, using default of 30 days
Missing daysSupply for rxTba claim rx7708, using default of 30 days
Missing daysSupply for rxTba claim rx7709, using default of 30 days
Missing daysSupply for rxTba claim rx7710, using default of 30 days
Missing daysSupply for rxTba claim rx7711, using default of 30 days
Missing daysSupply for rxTba claim rx7712, using default of 30 days
Missing daysSupply for rxTba claim rx7713, using default of 30 days
Missing daysSupply for rxTba claim rx7714, using default of 30 days
Missing daysSupply for rxTba claim rx7715, using default of 30 days
Missing daysSupply for rxTba claim rx7716, using default of 30 days
Missing daysSupply for rxTba claim rx7717, using default of 30 days
Missing daysSupply for rxTba claim rx7718, using default of 30 days
Missing daysSupply for rxTba claim rx7719, using default of 30 days
Missing daysSupply for rxTba claim rx7720, using default of 30 days
Missing daysSupply for rxTba claim rx7721, using default of 30 days
Missing daysSupply for rxTba claim rx7722, using default of 30 days
Missing daysSupply for rxTba claim rx7723, using default of 30 days
Missing daysSupply for rxTba claim rx7724, using default of 30 days
Missing daysSupply for rxTba claim rx7725, using default of 30 days
Missing daysSupply for rxTba claim rx7726, using default of 30 days
Missing daysSupply for rxTba claim rx7727, using default of 30 days
Missing daysSupply for rxTba claim rx7728, using default of 30 days
Missing daysSupply for rxTba claim rx7729, using default of 30 days
Missing daysSupply for rxTba claim rx7730, using default of 30 days
Missing daysSupply for rxTba claim rx7731, using default of 30 days
Missing daysSupply for rxTba claim rx7732, using default of 30 days
Missing daysSupply for rxTba claim rx7733, using default of 30 days
Missing daysSupply for rxTba claim rx7734, using default of 30 days
Missing daysSupply for rxTba claim rx7735, using default of 30 days
Missing daysSupply for rxTba claim rx7736, using default of 30 days
Missing daysSupply for rxTba claim rx7737, using default of 30 days
Missing daysSupply for rxTba claim rx7738, using default of 30 days
Missing daysSupply for rxTba claim rx7739, using default of 30 days
Missing daysSupply for rxTba claim rx7740, using default of 30 days
Missing daysSupply for rxTba claim rx7741, using default of 30 days
Missing daysSupply for rxTba claim rx7742, using default of 30 days
Missing daysSupply for rxTba claim rx7743, using default of 30 days
Missing daysSupply for rxTba claim rx7744, using default of 30 days
Missing daysSupply for rxTba claim rx7745, using default of 30 days
Missing daysSupply for rxTba claim rx7746, using default of 30 days
Missing daysSupply for rxTba claim rx7747, using default of 30 days
Missing daysSupply for rxTba claim rx7748, using default of 30 days
Missing daysSupply for rxTba claim rx7749, using default of 30 days
Missing daysSupply for rxTba claim rx7750, using default of 30 days
Missing daysSupply for rxTba claim rx7751, using default of 30 days
Missing daysSupply for rxTba claim rx7752, using default of 30 days
Missing daysSupply for rxTba claim rx7753, using default of 30 days
Missing daysSupply for rxTba claim rx7754, using default of 30 days
Missing daysSupply for rxTba claim rx7755, using default of 30 days
Missing daysSupply for rxTba claim rx7756, using default of 30 days
Missing daysSupply for rxTba claim rx7757, using default of 30 days
Missing daysSupply for rxTba claim rx7758, using default of 30 days
Missing daysSupply for rxTba claim rx7759, using default of 30 days
Missing daysSupply for rxTba claim rx7760, using default of 30 days
Missing daysSupply for rxTba claim rx7761, using default of 30 days
Missing daysSupply for rxTba claim rx7762, using default of 30 days
Missing daysSupply for rxTba claim rx7763, using default of 30 days
Missing daysSupply for rxTba claim rx7764, using default of 30 days
Missing daysSupply for rxTba claim rx7765, using default of 30 days
Missing daysSupply for rxTba claim rx7766, using default of 30 days
Missing daysSupply for rxTba claim rx7767, using default of 30 days
Missing daysSupply for rxTba claim rx7768, using default of 30 days
Missing daysSupply for rxTba claim rx7769, using default of 30 days
Missing daysSupply for rxTba claim rx7770, using default of 30 days
Missing daysSupply for rxTba claim rx7771, using default of 30 days
Missing daysSupply for rxTba claim rx7772, using default of 30 days
Missing daysSupply for rxTba claim rx7773, using default of 30 days
Missing daysSupply for rxTba claim rx7774, using default of 30 days
Missing daysSupply for rxTba claim rx7775, using default of 30 days
Missing daysSupply for rxTba claim rx7776, using default of 30 days
Missing daysSupply for rxTba claim rx7777, using default of 30 days
Missing daysSupply for rxTba claim rx7778, using default of 30 days
Missing daysSupply for rxTba claim rx7779, using default of 30 days
Missing daysSupply for rxTba claim rx7780, using default of 30 days
Missing daysSupply for rxTba claim rx7781, using default of 30 days
Missing daysSupply for rxTba claim rx7782, using default of 30 days
Missing daysSupply for rxTba claim rx7783, using default of 30 days
Missing daysSupply for rxTba claim rx7784, using default of 30 days
Missing daysSupply for rxTba claim rx7785, using default of 30 days
Missing daysSupply for rxTba claim rx7786, using default of 30 days
Missing daysSupply for rxTba claim rx7787, using default of 30 days
Missing daysSupply for rxTba claim rx7788, using default of 30 days
Missing daysSupply for rxTba claim rx7789, using default of 30 days
Missing daysSupply for rxTba claim rx7790, using default of 30 days
Missing daysSupply for rxTba claim rx7791, using default of 30 days
Missing daysSupply for rxTba claim rx7792, using default of 30 days
Missing daysSupply for rxTba claim rx7793, using default of 30 days
Missing daysSupply for rxTba claim rx7794, using default of 30 days
Missing daysSupply for rxTba claim rx7795, using default of 30 days
Missing daysSupply for rxTba claim rx7796, using default of 30 days
Missing daysSupply for rxTba claim rx7797, using default of 30 days
Missing daysSupply for rxTba claim rx7798, using default of 30 days
Missing daysSupply for rxTba claim rx7799, using default of 30 days
Missing daysSupply for rxTba claim rx7800, using default of 30 days
Missing daysSupply for rxTba claim rx7801, using default of 30 days
Missing daysSupply for rxTba claim rx7802, using default of 30 days
Missing daysSupply for rxTba claim rx7803, using default of 30 days
Missing daysSupply for rxTba claim rx7804, using default of 30 days
Missing daysSupply for rxTba claim rx7805, using default of 30 days
Missing daysSupply for rxTba claim rx7806, using default of 30 days
Missing daysSupply for rxTba claim rx7807, using default of 30 days
Missing daysSupply for rxTba claim rx7808, using default of 30 days
Missing daysSupply for rxTba claim rx7809, using default of 30 days
Missing daysSupply for rxTba claim rx7810, using default of 30 days
Missing daysSupply for rxTba claim rx7811, using default of 30 days
Missing daysSupply for rxTba claim rx7812, using default of 30 days
Missing daysSupply for rxTba claim rx7813, using default of 30 days
Missing daysSupply for rxTba claim rx7814, using default of 30 days
Missing daysSupply for rxTba claim rx7815, using default of 30 days
Missing daysSupply for rxTba claim rx7816, using default of 30 days
Missing daysSupply for rxTba claim rx7817, using default of 30 days
Missing daysSupply for rxTba claim rx7818, using default of 30 days
Missing daysSupply for rxTba claim rx7819, using default of 30 days
Missing daysSupply for rxTba claim rx7820, using default of 30 days
Missing daysSupply for rxTba claim rx7821, using default of 30 days
Missing daysSupply for rxTba claim rx7822, using default of 30 days
Missing daysSupply for rxTba claim rx7823, using default of 30 days
Missing daysSupply for rxTba claim rx7824, using default of 30 days
Missing daysSupply for rxTba claim rx7825, using default of 30 days
Missing daysSupply for rxTba claim rx7826, using default of 30 days
Missing daysSupply for rxTba claim rx7827, using default of 30 days
Missing daysSupply for rxTba claim rx7828, using default of 30 days
Missing daysSupply for rxTba claim rx7829, using default of 30 days
Missing daysSupply for rxTba claim rx7830, using default of 30 days
Missing daysSupply for rxTba claim rx7831, using default of 30 days
Missing daysSupply for rxTba claim rx7832, using default of 30 days
Missing daysSupply for rxTba claim rx7833, using default of 30 days
Missing daysSupply for rxTba claim rx7834, using default of 30 days
Missing daysSupply for rxTba claim rx7835, using default of 30 days
Missing daysSupply for rxTba claim rx7836, using default of 30 days
Missing daysSupply for rxTba claim rx7837, using default of 30 days
Missing daysSupply for rxTba claim rx7838, using default of 30 days
Missing daysSupply for rxTba claim rx7839, using default of 30 days
Missing daysSupply for rxTba claim rx7840, using default of 30 days
Missing daysSupply for rxTba claim rx7841, using default of 30 days
Missing daysSupply for rxTba claim rx7842, using default of 30 days
Missing daysSupply for rxTba claim rx7843, using default of 30 days
Missing daysSupply for rxTba claim rx7844, using default of 30 days
Missing daysSupply for rxTba claim rx7845, using default of 30 days
Missing daysSupply for rxTba claim rx7846, using default of 30 days
Missing daysSupply for rxTba claim rx7847, using default of 30 days
Missing daysSupply for rxTba claim rx7848, using default of 30 days
Missing daysSupply for rxTba claim rx7849, using default of 30 days
Missing daysSupply for rxTba claim rx7850, using default of 30 days
Missing daysSupply for rxTba claim rx7851, using default of 30 days
Missing daysSupply for rxTba claim rx7852, using default of 30 days
Missing daysSupply for rxTba claim rx7853, using default of 30 days
Missing daysSupply for rxTba claim rx7854, using default of 30 days
Missing daysSupply for rxTba claim rx7855, using default of 30 days
Missing daysSupply for rxTba claim rx7856, using default of 30 days
Missing daysSupply for rxTba claim rx7857, using default of 30 days
Missing daysSupply for rxTba claim rx7858, using default of 30 days
Missing daysSupply for rxTba claim rx7859, using default of 30 days
Missing daysSupply for rxTba claim rx7860, using default of 30 days
Missing daysSupply for rxTba claim rx7861, using default of 30 days
Missing daysSupply for rxTba claim rx7862, using default of 30 days
Missing daysSupply for rxTba claim rx7863, using default of 30 days
Missing daysSupply for rxTba claim rx7864, using default of 30 days
Missing daysSupply for rxTba claim rx7865, using default of 30 days
Missing daysSupply for rxTba claim rx7866, using default of 30 days
Missing daysSupply for rxTba claim rx7867, using default of 30 days
Missing daysSupply for rxTba claim rx7868, using default of 30 days
Missing daysSupply for rxTba claim rx7869, using default of 30 days
Missing daysSupply for rxTba claim rx7870, using default of 30 days
Missing daysSupply for rxTba claim rx7871, using default of 30 days
Missing daysSupply for rxTba claim rx7872, using default of 30 days
Missing daysSupply for rxTba claim rx7873, using default of 30 days
Missing daysSupply for rxTba claim rx7874, using default of 30 days
Missing daysSupply for rxTba claim rx7875, using default of 30 days
Missing daysSupply for rxTba claim rx7876, using default of 30 days
Missing daysSupply for rxTba claim rx7877, using default of 30 days
Missing daysSupply for rxTba claim rx7878, using default of 30 days
Missing daysSupply for rxTba claim rx7879, using default of 30 days
Missing daysSupply for rxTba claim rx7880, using default of 30 days
Missing daysSupply for rxTba claim rx7881, using default of 30 days
Missing daysSupply for rxTba claim rx7882, using default of 30 days
Missing daysSupply for rxTba claim rx7883, using default of 30 days
Missing daysSupply for rxTba claim rx7884, using default of 30 days
Missing daysSupply for rxTba claim rx7885, using default of 30 days
Missing daysSupply for rxTba claim rx7886, using default of 30 days
Missing daysSupply for rxTba claim rx7887, using default of 30 days
Missing daysSupply for rxTba claim rx7888, using default of 30 days
Missing daysSupply for rxTba claim rx7889, using default of 30 days
Missing daysSupply for rxTba claim rx7890, using default of 30 days
Missing daysSupply for rxTba claim rx7891, using default of 30 days
Missing daysSupply for rxTba claim rx7892, using default of 30 days
Missing daysSupply for rxTba claim rx7893, using default of 30 days
Missing daysSupply for rxTba claim rx7894, using default of 30 days
Missing daysSupply for rxTba claim rx7895, using default of 30 days
Missing daysSupply for rxTba claim rx7896, using default of 30 days
Missing daysSupply for rxTba claim rx7897, using default of 30 days
Missing daysSupply for rxTba claim rx7898, using default of 30 days
Missing daysSupply for rxTba claim rx7899, using default of 30 days
Missing daysSupply for rxTba claim rx7900, using default of 30 days
Missing daysSupply for rxTba claim rx7901, using default of 30 days
Missing daysSupply for rxTba claim rx7902, using default of 30 days
Missing daysSupply for rxTba claim rx7903, using default of 30 days
Missing daysSupply for rxTba claim rx7904, using default of 30 days
Missing daysSupply for rxTba claim rx7905, using default of 30 days
Missing daysSupply for rxTba claim rx7906, using default of 30 days
Missing daysSupply for rxTba claim rx7907, using default of 30 days
Missing daysSupply for rxTba claim rx7908, using default of 30 days
Missing daysSupply for rxTba claim rx7909, using default of 30 days
Missing daysSupply for rxTba claim rx7910, using default of 30 days
Missing daysSupply for rxTba claim rx7911, using default of 30 days
Missing daysSupply for rxTba claim rx7912, using default of 30 days
Missing daysSupply for rxTba claim rx7913, using default of 30 days
Missing daysSupply for rxTba claim rx7914, using default of 30 days
Missing daysSupply for rxTba claim rx7915, using default of 30 days
Missing daysSupply for rxTba claim rx7916, using default of 30 days
Missing daysSupply for rxTba claim rx7917, using default of 30 days
Missing daysSupply for rxTba claim rx7918, using default of 30 days
Missing daysSupply for rxTba claim rx7919, using default of 30 days
Missing daysSupply for rxTba claim rx7920, using default of 30 days
Missing daysSupply for rxTba claim rx7921, using default of 30 days
Missing daysSupply for rxTba claim rx7922, using default of 30 days
Missing daysSupply for rxTba claim rx7923, using default of 30 days
Missing daysSupply for rxTba claim rx7924, using default of 30 days
Missing daysSupply for rxTba claim rx7925, using default of 30 days
Missing daysSupply for rxTba claim rx7926, using default of 30 days
Missing daysSupply for rxTba claim rx7927, using default of 30 days
Missing daysSupply for rxTba claim rx7928, using default of 30 days
Missing daysSupply for rxTba claim rx7929, using default of 30 days
Missing daysSupply for rxTba claim rx7930, using default of 30 days
Missing daysSupply for rxTba claim rx7931, using default of 30 days
Missing daysSupply for rxTba claim rx7932, using default of 30 days
Missing daysSupply for rxTba claim rx7933, using default of 30 days
Missing daysSupply for rxTba claim rx7934, using default of 30 days
Missing daysSupply for rxTba claim rx7935, using default of 30 days
Missing daysSupply for rxTba claim rx7936, using default of 30 days
Missing daysSupply for rxTba claim rx7937, using default of 30 days
Missing daysSupply for rxTba claim rx7938, using default of 30 days
Missing daysSupply for rxTba claim rx7939, using default of 30 days
Missing daysSupply for rxTba claim rx7940, using default of 30 days
Missing daysSupply for rxTba claim rx7941, using default of 30 days
Missing daysSupply for rxTba claim rx7942, using default of 30 days
Missing daysSupply for rxTba claim rx7943, using default of 30 days
Missing daysSupply for rxTba claim rx7944, using default of 30 days
Missing daysSupply for rxTba claim rx7945, using default of 30 days
Missing daysSupply for rxTba claim rx7946, using default of 30 days
Missing daysSupply for rxTba claim rx7947, using default of 30 days
Missing daysSupply for rxTba claim rx7948, using default of 30 days
Missing daysSupply for rxTba claim rx7949, using default of 30 days
Missing daysSupply for rxTba claim rx7950, using default of 30 days
Missing daysSupply for rxTba claim rx7951, using default of 30 days
Missing daysSupply for rxTba claim rx7952, using default of 30 days
Missing daysSupply for rxTba claim rx7953, using default of 30 days
Missing daysSupply for rxTba claim rx7954, using default of 30 days
Missing daysSupply for rxTba claim rx7955, using default of 30 days
Missing daysSupply for rxTba claim rx7956, using default of 30 days
Missing daysSupply for rxTba claim rx7957, using default of 30 days
Missing daysSupply for rxTba claim rx7958, using default of 30 days
Missing daysSupply for rxTba claim rx7959, using default of 30 days
Missing daysSupply for rxTba claim rx7960, using default of 30 days
Missing daysSupply for rxTba claim rx7961, using default of 30 days
Missing daysSupply for rxTba claim rx7962, using default of 30 days
Missing daysSupply for rxTba claim rx7963, using default of 30 days
Missing daysSupply for rxTba claim rx7964, using default of 30 days
Missing daysSupply for rxTba claim rx7965, using default of 30 days
Missing daysSupply for rxTba claim rx7966, using default of 30 days
Missing daysSupply for rxTba claim rx7967, using default of 30 days
Missing daysSupply for rxTba claim rx7968, using default of 30 days
Missing daysSupply for rxTba claim rx7969, using default of 30 days
Missing daysSupply for rxTba claim rx7970, using default of 30 days
Missing daysSupply for rxTba claim rx7971, using default of 30 days
Missing daysSupply for rxTba claim rx7972, using default of 30 days
Missing daysSupply for rxTba claim rx7973, using default of 30 days
Missing daysSupply for rxTba claim rx7974, using default of 30 days
Missing daysSupply for rxTba claim rx7975, using default of 30 days
Missing daysSupply for rxTba claim rx7976, using default of 30 days
Missing daysSupply for rxTba claim rx7977, using default of 30 days
Missing daysSupply for rxTba claim rx7978, using default of 30 days
Missing daysSupply for rxTba claim rx7979, using default of 30 days
Missing daysSupply for rxTba claim rx7980, using default of 30 days
Missing daysSupply for rxTba claim rx7981, using default of 30 days
Missing daysSupply for rxTba claim rx7982, using default of 30 days
Missing daysSupply for rxTba claim rx7983, using default of 30 days
Missing daysSupply for rxTba claim rx7984, using default of 30 days
Missing daysSupply for rxTba claim rx7985, using default of 30 days
Missing daysSupply for rxTba claim rx7986, using default of 30 days
Missing daysSupply for rxTba claim rx7987, using default of 30 days
Missing daysSupply for rxTba claim rx7988, using default of 30 days
Missing daysSupply for rxTba claim rx7989, using default of 30 days
Missing daysSupply for rxTba claim rx7990, using default of 30 days
Missing daysSupply for rxTba claim rx7991, using default of 30 days
Missing daysSupply for rxTba claim rx7992, using default of 30 days
Missing daysSupply for rxTba claim rx7993, using default of 30 days
Missing daysSupply for rxTba claim rx7994, using default of 30 days
Missing daysSupply for rxTba claim rx7995, using default of 30 days
Missing daysSupply for rxTba claim rx7996, using default of 30 days
Missing daysSupply for rxTba claim rx7997, using default of 30 days
Missing daysSupply for rxTba claim rx7998, using default of 30 days
Missing daysSupply for rxTba claim rx7999, using default of 30 days
Missing daysSupply for rxTba claim rx8000, using default of 30 days
Missing daysSupply for rxTba claim rx8001, using default of 30 days
Missing daysSupply for rxTba claim rx8002, using default of 30 days
Missing daysSupply for rxTba claim rx8003, using default of 30 days
Missing daysSupply for rxTba claim rx8004, using default of 30 days
Missing daysSupply for rxTba claim rx8005, using default of 30 days
Missing daysSupply for rxTba claim rx8006, using default of 30 days
Missing daysSupply for rxTba claim rx8007, using default of 30 days
Missing daysSupply for rxTba claim rx8008, using default of 30 days
Missing daysSupply for rxTba claim rx8009, using default of 30 days
Missing daysSupply for rxTba claim rx8010, using default of 30 days
Missing daysSupply for rxTba claim rx8011, using default of 30 days
Missing daysSupply for rxTba claim rx8012, using default of 30 days
Missing daysSupply for rxTba claim rx8013, using default of 30 days
Missing daysSupply for rxTba claim rx8014, using default of 30 days
Missing daysSupply for rxTba claim rx8015, using default of 30 days
Missing daysSupply for rxTba claim rx8016, using default of 30 days
Missing daysSupply for rxTba claim rx8017, using default of 30 days
Missing daysSupply for rxTba claim rx8018, using default of 30 days
Missing daysSupply for rxTba claim rx8019, using default of 30 days
Missing daysSupply for rxTba claim rx8020, using default of 30 days
Missing daysSupply for rxTba claim rx8021, using default of 30 days
Missing daysSupply for rxTba claim rx8022, using default of 30 days
Missing daysSupply for rxTba claim rx8023, using default of 30 days
Missing daysSupply for rxTba claim rx8024, using default of 30 days
Missing daysSupply for rxTba claim rx8025, using default of 30 days
Missing daysSupply for rxTba claim rx8026, using default of 30 days
Missing daysSupply for rxTba claim rx8027, using default of 30 days
Missing daysSupply for rxTba claim rx8028, using default of 30 days
Missing daysSupply for rxTba claim rx8029, using default of 30 days
Missing daysSupply for rxTba claim rx8030, using default of 30 days
Missing daysSupply for rxTba claim rx8031, using default of 30 days
Missing daysSupply for rxTba claim rx8032, using default of 30 days
Missing daysSupply for rxTba claim rx8033, using default of 30 days
Missing daysSupply for rxTba claim rx8034, using default of 30 days
Missing daysSupply for rxTba claim rx8035, using default of 30 days
Missing daysSupply for rxTba claim rx8036, using default of 30 days
Missing daysSupply for rxTba claim rx8037, using default of 30 days
Missing daysSupply for rxTba claim rx8038, using default of 30 days
Missing daysSupply for rxTba claim rx8039, using default of 30 days
Missing daysSupply for rxTba claim rx8040, using default of 30 days
Missing daysSupply for rxTba claim rx8041, using default of 30 days
Missing daysSupply for rxTba claim rx8042, using default of 30 days
Missing daysSupply for rxTba claim rx8043, using default of 30 days
Missing daysSupply for rxTba claim rx8044, using default of 30 days
Missing daysSupply for rxTba claim rx8045, using default of 30 days
Missing daysSupply for rxTba claim rx8046, using default of 30 days
Missing daysSupply for rxTba claim rx8047, using default of 30 days
Missing daysSupply for rxTba claim rx8048, using default of 30 days
Missing daysSupply for rxTba claim rx8049, using default of 30 days
Missing daysSupply for rxTba claim rx8050, using default of 30 days
Missing daysSupply for rxTba claim rx8051, using default of 30 days
Missing daysSupply for rxTba claim rx8052, using default of 30 days
Missing daysSupply for rxTba claim rx8053, using default of 30 days
Missing daysSupply for rxTba claim rx8054, using default of 30 days
Missing daysSupply for rxTba claim rx8055, using default of 30 days
Missing daysSupply for rxTba claim rx8056, using default of 30 days
Missing daysSupply for rxTba claim rx8057, using default of 30 days
Missing daysSupply for rxTba claim rx8058, using default of 30 days
Missing daysSupply for rxTba claim rx8059, using default of 30 days
Missing daysSupply for rxTba claim rx8060, using default of 30 days
Missing daysSupply for rxTba claim rx8061, using default of 30 days
Missing daysSupply for rxTba claim rx8062, using default of 30 days
Missing daysSupply for rxTba claim rx8063, using default of 30 days
Missing daysSupply for rxTba claim rx8064, using default of 30 days
Missing daysSupply for rxTba claim rx8065, using default of 30 days
Missing daysSupply for rxTba claim rx8066, using default of 30 days
Missing daysSupply for rxTba claim rx8067, using default of 30 days
Missing daysSupply for rxTba claim rx8068, using default of 30 days
Missing daysSupply for rxTba claim rx8069, using default of 30 days
Missing daysSupply for rxTba claim rx8070, using default of 30 days
Missing daysSupply for rxTba claim rx8071, using default of 30 days
Missing daysSupply for rxTba claim rx8072, using default of 30 days
Missing daysSupply for rxTba claim rx8073, using default of 30 days
Missing daysSupply for rxTba claim rx8074, using default of 30 days
Missing daysSupply for rxTba claim rx8075, using default of 30 days
Missing daysSupply for rxTba claim rx8076, using default of 30 days
Missing daysSupply for rxTba claim rx8077, using default of 30 days
Missing daysSupply for rxTba claim rx8078, using default of 30 days
Missing daysSupply for rxTba claim rx8079, using default of 30 days
Missing daysSupply for rxTba claim rx8080, using default of 30 days
Missing daysSupply for rxTba claim rx8081, using default of 30 days
Missing daysSupply for rxTba claim rx8082, using default of 30 days
Missing daysSupply for rxTba claim rx8083, using default of 30 days
Missing daysSupply for rxTba claim rx8084, using default of 30 days
Missing daysSupply for rxTba claim rx8085, using default of 30 days
Missing daysSupply for rxTba claim rx8086, using default of 30 days
Missing daysSupply for rxTba claim rx8087, using default of 30 days
Missing daysSupply for rxTba claim rx8088, using default of 30 days
Missing daysSupply for rxTba claim rx8089, using default of 30 days
Missing daysSupply for rxTba claim rx8090, using default of 30 days
Missing daysSupply for rxTba claim rx8091, using default of 30 days
Missing daysSupply for rxTba claim rx8092, using default of 30 days
Missing daysSupply for rxTba claim rx8093, using default of 30 days
Missing daysSupply for rxTba claim rx8094, using default of 30 days
Missing daysSupply for rxTba claim rx8095, using default of 30 days
Missing daysSupply for rxTba claim rx8096, using default of 30 days
Missing daysSupply for rxTba claim rx8097, using default of 30 days
Missing daysSupply for rxTba claim rx8098, using default of 30 days
Missing daysSupply for rxTba claim rx8099, using default of 30 days
Missing daysSupply for rxTba claim rx8100, using default of 30 days
Missing daysSupply for rxTba claim rx8101, using default of 30 days
Missing daysSupply for rxTba claim rx8102, using default of 30 days
Missing daysSupply for rxTba claim rx8103, using default of 30 days
Missing daysSupply for rxTba claim rx8104, using default of 30 days
Missing daysSupply for rxTba claim rx8105, using default of 30 days
Missing daysSupply for rxTba claim rx8106, using default of 30 days
Missing daysSupply for rxTba claim rx8107, using default of 30 days
Missing daysSupply for rxTba claim rx8108, using default of 30 days
Missing daysSupply for rxTba claim rx8109, using default of 30 days
Missing daysSupply for rxTba claim rx8110, using default of 30 days
Missing daysSupply for rxTba claim rx8111, using default of 30 days
Missing daysSupply for rxTba claim rx8112, using default of 30 days
Missing daysSupply for rxTba claim rx8113, using default of 30 days
Missing daysSupply for rxTba claim rx8114, using default of 30 days
Missing daysSupply for rxTba claim rx8115, using default of 30 days
Missing daysSupply for rxTba claim rx8116, using default of 30 days
Missing daysSupply for rxTba claim rx8117, using default of 30 days
Missing daysSupply for rxTba claim rx8118, using default of 30 days
Missing daysSupply for rxTba claim rx8119, using default of 30 days
Missing daysSupply for rxTba claim rx8120, using default of 30 days
Missing daysSupply for rxTba claim rx8121, using default of 30 days
Missing daysSupply for rxTba claim rx8122, using default of 30 days
Missing daysSupply for rxTba claim rx8123, using default of 30 days
Missing daysSupply for rxTba claim rx8124, using default of 30 days
Missing daysSupply for rxTba claim rx8125, using default of 30 days
Missing daysSupply for rxTba claim rx8126, using default of 30 days
Missing daysSupply for rxTba claim rx8127, using default of 30 days
Missing daysSupply for rxTba claim rx8128, using default of 30 days
Missing daysSupply for rxTba claim rx8129, using default of 30 days
Missing daysSupply for rxTba claim rx8130, using default of 30 days
Missing daysSupply for rxTba claim rx8131, using default of 30 days
Missing daysSupply for rxTba claim rx8132, using default of 30 days
Missing daysSupply for rxTba claim rx8133, using default of 30 days
Missing daysSupply for rxTba claim rx8134, using default of 30 days
Missing daysSupply for rxTba claim rx8135, using default of 30 days
Missing daysSupply for rxTba claim rx8136, using default of 30 days
Missing daysSupply for rxTba claim rx8137, using default of 30 days
Missing daysSupply for rxTba claim rx8138, using default of 30 days
Missing daysSupply for rxTba claim rx8139, using default of 30 days
Missing daysSupply for rxTba claim rx8140, using default of 30 days
Missing daysSupply for rxTba claim rx8141, using default of 30 days
Missing daysSupply for rxTba claim rx8142, using default of 30 days
Missing daysSupply for rxTba claim rx8143, using default of 30 days
Missing daysSupply for rxTba claim rx8144, using default of 30 days
Missing daysSupply for rxTba claim rx8145, using default of 30 days
Missing daysSupply for rxTba claim rx8146, using default of 30 days
Missing daysSupply for rxTba claim rx8147, using default of 30 days
Missing daysSupply for rxTba claim rx8148, using default of 30 days
Missing daysSupply for rxTba claim rx8149, using default of 30 days
Missing daysSupply for rxTba claim rx8150, using default of 30 days
Missing daysSupply for rxTba claim rx8151, using default of 30 days
Missing daysSupply for rxTba claim rx8152, using default of 30 days
Missing daysSupply for rxTba claim rx8153, using default of 30 days
Missing daysSupply for rxTba claim rx8154, using default of 30 days
Missing daysSupply for rxTba claim rx8155, using default of 30 days
Missing daysSupply for rxTba claim rx8156, using default of 30 days
Missing daysSupply for rxTba claim rx8157, using default of 30 days
Missing daysSupply for rxTba claim rx8158, using default of 30 days
Missing daysSupply for rxTba claim rx8159, using default of 30 days
Missing daysSupply for rxTba claim rx8160, using default of 30 days
Missing daysSupply for rxTba claim rx8161, using default of 30 days
Missing daysSupply for rxTba claim rx8162, using default of 30 days
Missing daysSupply for rxTba claim rx8163, using default of 30 days
Missing daysSupply for rxTba claim rx8164, using default of 30 days
Missing daysSupply for rxTba claim rx8165, using default of 30 days
Missing daysSupply for rxTba claim rx8166, using default of 30 days
Missing daysSupply for rxTba claim rx8167, using default of 30 days
Missing daysSupply for rxTba claim rx8168, using default of 30 days
Missing daysSupply for rxTba claim rx8169, using default of 30 days
Missing daysSupply for rxTba claim rx8170, using default of 30 days
Missing daysSupply for rxTba claim rx8171, using default of 30 days
Missing daysSupply for rxTba claim rx8172, using default of 30 days
Missing daysSupply for rxTba claim rx8173, using default of 30 days
Missing daysSupply for rxTba claim rx8174, using default of 30 days
Missing daysSupply for rxTba claim rx8175, using default of 30 days
Missing daysSupply for rxTba claim rx8176, using default of 30 days
Missing daysSupply for rxTba claim rx8177, using default of 30 days
Missing daysSupply for rxTba claim rx8178, using default of 30 days
Missing daysSupply for rxTba claim rx8179, using default of 30 days
Missing daysSupply for rxTba claim rx8180, using default of 30 days
Missing daysSupply for rxTba claim rx8181, using default of 30 days
Missing daysSupply for rxTba claim rx8182, using default of 30 days
Missing daysSupply for rxTba claim rx8183, using default of 30 days
Missing daysSupply for rxTba claim rx8184, using default of 30 days
Missing daysSupply for rxTba claim rx8185, using default of 30 days
Missing daysSupply for rxTba claim rx8186, using default of 30 days
Missing daysSupply for rxTba claim rx8187, using default of 30 days
Missing daysSupply for rxTba claim rx8188, using default of 30 days
Missing daysSupply for rxTba claim rx8189, using default of 30 days
Missing daysSupply for rxTba claim rx8190, using default of 30 days
Missing daysSupply for rxTba claim rx8191, using default of 30 days
Missing daysSupply for rxTba claim rx8192, using default of 30 days
Missing daysSupply for rxTba claim rx8193, using default of 30 days
Missing daysSupply for rxTba claim rx8194, using default of 30 days
Missing daysSupply for rxTba claim rx8195, using default of 30 days
Missing daysSupply for rxTba claim rx8196, using default of 30 days
Missing daysSupply for rxTba claim rx8197, using default of 30 days
Missing daysSupply for rxTba claim rx8198, using default of 30 days
Missing daysSupply for rxTba claim rx8199, using default of 30 days
Missing daysSupply for rxTba claim rx8200, using default of 30 days
Missing daysSupply for rxTba claim rx8201, using default of 30 days
Missing daysSupply for rxTba claim rx8202, using default of 30 days
Missing daysSupply for rxTba claim rx8203, using default of 30 days
Missing daysSupply for rxTba claim rx8204, using default of 30 days
Missing daysSupply for rxTba claim rx8205, using default of 30 days
Missing daysSupply for rxTba claim rx8206, using default of 30 days
Missing daysSupply for rxTba claim rx8207, using default of 30 days
Missing daysSupply for rxTba claim rx8208, using default of 30 days
Missing daysSupply for rxTba claim rx8209, using default of 30 days
Missing daysSupply for rxTba claim rx8210, using default of 30 days
Missing daysSupply for rxTba claim rx8211, using default of 30 days
Missing daysSupply for rxTba claim rx8212, using default of 30 days
Missing daysSupply for rxTba claim rx8213, using default of 30 days
Missing daysSupply for rxTba claim rx8214, using default of 30 days
Missing daysSupply for rxTba claim rx8215, using default of 30 days
Missing daysSupply for rxTba claim rx8216, using default of 30 days
Missing daysSupply for rxTba claim rx8217, using default of 30 days
Missing daysSupply for rxTba claim rx8218, using default of 30 days
Missing daysSupply for rxTba claim rx8219, using default of 30 days
Missing daysSupply for rxTba claim rx8220, using default of 30 days
Missing daysSupply for rxTba claim rx8221, using default of 30 days
Missing daysSupply for rxTba claim rx8222, using default of 30 days
Missing daysSupply for rxTba claim rx8223, using default of 30 days
Missing daysSupply for rxTba claim rx8224, using default of 30 days
Missing daysSupply for rxTba claim rx8225, using default of 30 days
Missing daysSupply for rxTba claim rx8226, using default of 30 days
Missing daysSupply for rxTba claim rx8227, using default of 30 days
Missing daysSupply for rxTba claim rx8228, using default of 30 days
Missing daysSupply for rxTba claim rx8229, using default of 30 days
Missing daysSupply for rxTba claim rx8230, using default of 30 days
Missing daysSupply for rxTba claim rx8231, using default of 30 days
Missing daysSupply for rxTba claim rx8232, using default of 30 days
Missing daysSupply for rxTba claim rx8233, using default of 30 days
Missing daysSupply for rxTba claim rx8234, using default of 30 days
Missing daysSupply for rxTba claim rx8235, using default of 30 days
Missing daysSupply for rxTba claim rx8236, using default of 30 days
Missing daysSupply for rxTba claim rx8237, using default of 30 days
Missing daysSupply for rxTba claim rx8238, using default of 30 days
Missing daysSupply for rxTba claim rx8239, using default of 30 days
Missing daysSupply for rxTba claim rx8240, using default of 30 days
Missing daysSupply for rxTba claim rx8241, using default of 30 days
Missing daysSupply for rxTba claim rx8242, using default of 30 days
Missing daysSupply for rxTba claim rx8243, using default of 30 days
Missing daysSupply for rxTba claim rx8244, using default of 30 days
Missing daysSupply for rxTba claim rx8245, using default of 30 days
Missing daysSupply for rxTba claim rx8246, using default of 30 days
Missing daysSupply for rxTba claim rx8247, using default of 30 days
Missing daysSupply for rxTba claim rx8248, using default of 30 days
Missing daysSupply for rxTba claim rx8249, using default of 30 days
Missing daysSupply for rxTba claim rx8250, using default of 30 days
Missing daysSupply for rxTba claim rx8251, using default of 30 days
Missing daysSupply for rxTba claim rx8252, using default of 30 days
Missing daysSupply for rxTba claim rx8253, using default of 30 days
Missing daysSupply for rxTba claim rx8254, using default of 30 days
Missing daysSupply for rxTba claim rx8255, using default of 30 days
Missing daysSupply for rxTba claim rx8256, using default of 30 days
Missing daysSupply for rxTba claim rx8257, using default of 30 days
Missing daysSupply for rxTba claim rx8258, using default of 30 days
Missing daysSupply for rxTba claim rx8259, using default of 30 days
Missing daysSupply for rxTba claim rx8260, using default of 30 days
Missing daysSupply for rxTba claim rx8261, using default of 30 days
Missing daysSupply for rxTba claim rx8262, using default of 30 days
Missing daysSupply for rxTba claim rx8263, using default of 30 days
Missing daysSupply for rxTba claim rx8264, using default of 30 days
Missing daysSupply for rxTba claim rx8265, using default of 30 days
Missing daysSupply for rxTba claim rx8266, using default of 30 days
Missing daysSupply for rxTba claim rx8267, using default of 30 days
Missing daysSupply for rxTba claim rx8268, using default of 30 days
Missing daysSupply for rxTba claim rx8269, using default of 30 days
Missing daysSupply for rxTba claim rx8270, using default of 30 days
Missing daysSupply for rxTba claim rx8271, using default of 30 days
Missing daysSupply for rxTba claim rx8272, using default of 30 days
Missing daysSupply for rxTba claim rx8273, using default of 30 days
Missing daysSupply for rxTba claim rx8274, using default of 30 days
Missing daysSupply for rxTba claim rx8275, using default of 30 days
Missing daysSupply for rxTba claim rx8276, using default of 30 days
Missing daysSupply for rxTba claim rx8277, using default of 30 days
Missing daysSupply for rxTba claim rx8278, using default of 30 days
Missing daysSupply for rxTba claim rx8279, using default of 30 days
Missing daysSupply for rxTba claim rx8280, using default of 30 days
Missing daysSupply for rxTba claim rx8281, using default of 30 days
Missing daysSupply for rxTba claim rx8282, using default of 30 days
Missing daysSupply for rxTba claim rx8283, using default of 30 days
Missing daysSupply for rxTba claim rx8284, using default of 30 days
Missing daysSupply for rxTba claim rx8285, using default of 30 days
Missing daysSupply for rxTba claim rx8286, using default of 30 days
Missing daysSupply for rxTba claim rx8287, using default of 30 days
Missing daysSupply for rxTba claim rx8288, using default of 30 days
Missing daysSupply for rxTba claim rx8289, using default of 30 days
Missing daysSupply for rxTba claim rx8290, using default of 30 days
Missing daysSupply for rxTba claim rx8291, using default of 30 days
Missing daysSupply for rxTba claim rx8292, using default of 30 days
Missing daysSupply for rxTba claim rx8293, using default of 30 days
Missing daysSupply for rxTba claim rx8294, using default of 30 days
Missing daysSupply for rxTba claim rx8295, using default of 30 days
Missing daysSupply for rxTba claim rx8296, using default of 30 days
Missing daysSupply for rxTba claim rx8297, using default of 30 days
Missing daysSupply for rxTba claim rx8298, using default of 30 days
Missing daysSupply for rxTba claim rx8299, using default of 30 days
Missing daysSupply for rxTba claim rx8300, using default of 30 days
Missing daysSupply for rxTba claim rx8301, using default of 30 days
Missing daysSupply for rxTba claim rx8302, using default of 30 days
Missing daysSupply for rxTba claim rx8303, using default of 30 days
Missing daysSupply for rxTba claim rx8304, using default of 30 days
Missing daysSupply for rxTba claim rx8305, using default of 30 days
Missing daysSupply for rxTba claim rx8306, using default of 30 days
Missing daysSupply for rxTba claim rx8307, using default of 30 days
Missing daysSupply for rxTba claim rx8308, using default of 30 days
Missing daysSupply for rxTba claim rx8309, using default of 30 days
Missing daysSupply for rxTba claim rx8310, using default of 30 days
Missing daysSupply for rxTba claim rx8311, using default of 30 days
Missing daysSupply for rxTba claim rx8312, using default of 30 days
Missing daysSupply for rxTba claim rx8313, using default of 30 days
Missing daysSupply for rxTba claim rx8314, using default of 30 days
Missing daysSupply for rxTba claim rx8315, using default of 30 days
Missing daysSupply for rxTba claim rx8316, using default of 30 days
Missing daysSupply for rxTba claim rx8317, using default of 30 days
Missing daysSupply for rxTba claim rx8318, using default of 30 days
Missing daysSupply for rxTba claim rx8319, using default of 30 days
Missing daysSupply for rxTba claim rx8320, using default of 30 days
Missing daysSupply for rxTba claim rx8321, using default of 30 days
Missing daysSupply for rxTba claim rx8322, using default of 30 days
Missing daysSupply for rxTba claim rx8323, using default of 30 days
Missing daysSupply for rxTba claim rx8324, using default of 30 days
Missing daysSupply for rxTba claim rx8325, using default of 30 days
Missing daysSupply for rxTba claim rx8326, using default of 30 days
Missing daysSupply for rxTba claim rx8327, using default of 30 days
Missing daysSupply for rxTba claim rx8328, using default of 30 days
Missing daysSupply for rxTba claim rx8329, using default of 30 days
Missing daysSupply for rxTba claim rx8330, using default of 30 days
Missing daysSupply for rxTba claim rx8331, using default of 30 days
Missing daysSupply for rxTba claim rx8332, using default of 30 days
Missing daysSupply for rxTba claim rx8333, using default of 30 days
Missing daysSupply for rxTba claim rx8334, using default of 30 days
Missing daysSupply for rxTba claim rx8335, using default of 30 days
Missing daysSupply for rxTba claim rx8336, using default of 30 days
Missing daysSupply for rxTba claim rx8337, using default of 30 days
Missing daysSupply for rxTba claim rx8338, using default of 30 days
Missing daysSupply for rxTba claim rx8339, using default of 30 days
Missing daysSupply for rxTba claim rx8340, using default of 30 days
Missing daysSupply for rxTba claim rx8341, using default of 30 days
Missing daysSupply for rxTba claim rx8342, using default of 30 days
Missing daysSupply for rxTba claim rx8343, using default of 30 days
Missing daysSupply for rxTba claim rx8344, using default of 30 days
Missing daysSupply for rxTba claim rx8345, using default of 30 days
Missing daysSupply for rxTba claim rx8346, using default of 30 days
Missing daysSupply for rxTba claim rx8347, using default of 30 days
Missing daysSupply for rxTba claim rx8348, using default of 30 days
Missing daysSupply for rxTba claim rx8349, using default of 30 days
Missing daysSupply for rxTba claim rx8350, using default of 30 days
Missing daysSupply for rxTba claim rx8351, using default of 30 days
Missing daysSupply for rxTba claim rx8352, using default of 30 days
Missing daysSupply for rxTba claim rx8353, using default of 30 days
Missing daysSupply for rxTba claim rx8354, using default of 30 days
Missing daysSupply for rxTba claim rx8355, using default of 30 days
Missing daysSupply for rxTba claim rx8356, using default of 30 days
Missing daysSupply for rxTba claim rx8357, using default of 30 days
Missing daysSupply for rxTba claim rx8358, using default of 30 days
Missing daysSupply for rxTba claim rx8359, using default of 30 days
Missing daysSupply for rxTba claim rx8360, using default of 30 days
Missing daysSupply for rxTba claim rx8361, using default of 30 days
Missing daysSupply for rxTba claim rx8362, using default of 30 days
Missing daysSupply for rxTba claim rx8363, using default of 30 days
Missing daysSupply for rxTba claim rx8364, using default of 30 days
Missing daysSupply for rxTba claim rx8365, using default of 30 days
Missing daysSupply for rxTba claim rx8366, using default of 30 days
Missing daysSupply for rxTba claim rx8367, using default of 30 days
Missing daysSupply for rxTba claim rx8368, using default of 30 days
Missing daysSupply for rxTba claim rx8369, using default of 30 days
Missing daysSupply for rxTba claim rx8370, using default of 30 days
Missing daysSupply for rxTba claim rx8371, using default of 30 days
Missing daysSupply for rxTba claim rx8372, using default of 30 days
Missing daysSupply for rxTba claim rx8373, using default of 30 days
Missing daysSupply for rxTba claim rx8374, using default of 30 days
Missing daysSupply for rxTba claim rx8375, using default of 30 days
Missing daysSupply for rxTba claim rx8376, using default of 30 days
Missing daysSupply for rxTba claim rx8377, using default of 30 days
Missing daysSupply for rxTba claim rx8378, using default of 30 days
Missing daysSupply for rxTba claim rx8379, using default of 30 days
Missing daysSupply for rxTba claim rx8380, using default of 30 days
Missing daysSupply for rxTba claim rx8381, using default of 30 days
Missing daysSupply for rxTba claim rx8382, using default of 30 days
Missing daysSupply for rxTba claim rx8383, using default of 30 days
Missing daysSupply for rxTba claim rx8384, using default of 30 days
Missing daysSupply for rxTba claim rx8385, using default of 30 days
Missing daysSupply for rxTba claim rx8386, using default of 30 days
Missing daysSupply for rxTba claim rx8387, using default of 30 days
Missing daysSupply for rxTba claim rx8388, using default of 30 days
Missing daysSupply for rxTba claim rx8389, using default of 30 days
Missing daysSupply for rxTba claim rx8390, using default of 30 days
Missing daysSupply for rxTba claim rx8391, using default of 30 days
Missing daysSupply for rxTba claim rx8392, using default of 30 days
Missing daysSupply for rxTba claim rx8393, using default of 30 days
Missing daysSupply for rxTba claim rx8394, using default of 30 days
Missing daysSupply for rxTba claim rx8395, using default of 30 days
Missing daysSupply for rxTba claim rx8396, using default of 30 days
Missing daysSupply for rxTba claim rx8397, using default of 30 days
Missing daysSupply for rxTba claim rx8398, using default of 30 days
Missing daysSupply for rxTba claim rx8399, using default of 30 days
Missing daysSupply for rxTba claim rx8400, using default of 30 days
Missing daysSupply for rxTba claim rx8401, using default of 30 days
Missing daysSupply for rxTba claim rx8402, using default of 30 days
Missing daysSupply for rxTba claim rx8403, using default of 30 days
Missing daysSupply for rxTba claim rx8404, using default of 30 days
Missing daysSupply for rxTba claim rx8405, using default of 30 days
Missing daysSupply for rxTba claim rx8406, using default of 30 days
Missing daysSupply for rxTba claim rx8407, using default of 30 days
Missing daysSupply for rxTba claim rx8408, using default of 30 days
Missing daysSupply for rxTba claim rx8409, using default of 30 days
Missing daysSupply for rxTba claim rx8410, using default of 30 days
Missing daysSupply for rxTba claim rx8411, using default of 30 days
Missing daysSupply for rxTba claim rx8412, using default of 30 days
Missing daysSupply for rxTba claim rx8413, using default of 30 days
Missing daysSupply for rxTba claim rx8414, using default of 30 days
Missing daysSupply for rxTba claim rx8415, using default of 30 days
Missing daysSupply for rxTba claim rx8416, using default of 30 days
Missing daysSupply for rxTba claim rx8417, using default of 30 days
Missing daysSupply for rxTba claim rx8418, using default of 30 days
Missing daysSupply for rxTba claim rx8419, using default of 30 days
Missing daysSupply for rxTba claim rx8420, using default of 30 days
Missing daysSupply for rxTba claim rx8421, using default of 30 days
Missing daysSupply for rxTba claim rx8422, using default of 30 days
Missing daysSupply for rxTba claim rx8423, using default of 30 days
Missing daysSupply for rxTba claim rx8424, using default of 30 days
Missing daysSupply for rxTba claim rx8425, using default of 30 days
Missing daysSupply for rxTba claim rx8426, using default of 30 days
Missing daysSupply for rxTba claim rx8427, using default of 30 days
Missing daysSupply for rxTba claim rx8428, using default of 30 days
Missing daysSupply for rxTba claim rx8429, using default of 30 days
Missing daysSupply for rxTba claim rx8430, using default of 30 days
Missing daysSupply for rxTba claim rx8431, using default of 30 days
Missing daysSupply for rxTba claim rx8432, using default of 30 days
Missing daysSupply for rxTba claim rx8433, using default of 30 days
Missing daysSupply for rxTba claim rx8434, using default of 30 days
Missing daysSupply for rxTba claim rx8435, using default of 30 days
Missing daysSupply for rxTba claim rx8436, using default of 30 days
Missing daysSupply for rxTba claim rx8437, using default of 30 days
Missing daysSupply for rxTba claim rx8438, using default of 30 days
Missing daysSupply for rxTba claim rx8439, using default of 30 days
Missing daysSupply for rxTba claim rx8440, using default of 30 days
Missing daysSupply for rxTba claim rx8441, using default of 30 days
Missing daysSupply for rxTba claim rx8442, using default of 30 days
Missing daysSupply for rxTba claim rx8443, using default of 30 days
Missing daysSupply for rxTba claim rx8444, using default of 30 days
Missing daysSupply for rxTba claim rx8445, using default of 30 days
Missing daysSupply for rxTba claim rx8446, using default of 30 days
Missing daysSupply for rxTba claim rx8447, using default of 30 days
Missing daysSupply for rxTba claim rx8448, using default of 30 days
Missing daysSupply for rxTba claim rx8449, using default of 30 days
Missing daysSupply for rxTba claim rx8450, using default of 30 days
Missing daysSupply for rxTba claim rx8451, using default of 30 days
Missing daysSupply for rxTba claim rx8452, using default of 30 days
Missing daysSupply for rxTba claim rx8453, using default of 30 days
Missing daysSupply for rxTba claim rx8454, using default of 30 days
Missing daysSupply for rxTba claim rx8455, using default of 30 days
Missing daysSupply for rxTba claim rx8456, using default of 30 days
Missing daysSupply for rxTba claim rx8457, using default of 30 days
Missing daysSupply for rxTba claim rx8458, using default of 30 days
Missing daysSupply for rxTba claim rx8459, using default of 30 days
Missing daysSupply for rxTba claim rx8460, using default of 30 days
Missing daysSupply for rxTba claim rx8461, using default of 30 days
Missing daysSupply for rxTba claim rx8462, using default of 30 days
Missing daysSupply for rxTba claim rx8463, using default of 30 days
Missing daysSupply for rxTba claim rx8464, using default of 30 days
Missing daysSupply for rxTba claim rx8465, using default of 30 days
Missing daysSupply for rxTba claim rx8466, using default of 30 days
Missing daysSupply for rxTba claim rx8467, using default of 30 days
Missing daysSupply for rxTba claim rx8468, using default of 30 days
Missing daysSupply for rxTba claim rx8469, using default of 30 days
Missing daysSupply for rxTba claim rx8470, using default of 30 days
Missing daysSupply for rxTba claim rx8471, using default of 30 days
Missing daysSupply for rxTba claim rx8472, using default of 30 days
Missing daysSupply for rxTba claim rx8473, using default of 30 days
Missing daysSupply for rxTba claim rx8474, using default of 30 days
Missing daysSupply for rxTba claim rx8475, using default of 30 days
Missing daysSupply for rxTba claim rx8476, using default of 30 days
Missing daysSupply for rxTba claim rx8477, using default of 30 days
Missing daysSupply for rxTba claim rx8478, using default of 30 days
Missing daysSupply for rxTba claim rx8479, using default of 30 days
Missing daysSupply for rxTba claim rx8480, using default of 30 days
Missing daysSupply for rxTba claim rx8481, using default of 30 days
Missing daysSupply for rxTba claim rx8482, using default of 30 days
Missing daysSupply for rxTba claim rx8483, using default of 30 days
Missing daysSupply for rxTba claim rx8484, using default of 30 days
Missing daysSupply for rxTba claim rx8485, using default of 30 days
Missing daysSupply for rxTba claim rx8486, using default of 30 days
Missing daysSupply for rxTba claim rx8487, using default of 30 days
Missing daysSupply for rxTba claim rx8488, using default of 30 days
Missing daysSupply for rxTba claim rx8489, using default of 30 days
Missing daysSupply for rxTba claim rx8490, using default of 30 days
Missing daysSupply for rxTba claim rx8491, using default of 30 days
Missing daysSupply for rxTba claim rx8492, using default of 30 days
Missing daysSupply for rxTba claim rx8493, using default of 30 days
Missing daysSupply for rxTba claim rx8494, using default of 30 days
Missing daysSupply for rxTba claim rx8495, using default of 30 days
Missing daysSupply for rxTba claim rx8496, using default of 30 days
Missing daysSupply for rxTba claim rx8497, using default of 30 days
Missing daysSupply for rxTba claim rx8498, using default of 30 days
Missing daysSupply for rxTba claim rx8499, using default of 30 days
Missing daysSupply for rxTba claim rx8500, using default of 30 days
Missing daysSupply for rxTba claim rx8501, using default of 30 days
Missing daysSupply for rxTba claim rx8502, using default of 30 days
Missing daysSupply for rxTba claim rx8503, using default of 30 days
Missing daysSupply for rxTba claim rx8504, using default of 30 days
Missing daysSupply for rxTba claim rx8505, using default of 30 days
Missing daysSupply for rxTba claim rx8506, using default of 30 days
Missing daysSupply for rxTba claim rx8507, using default of 30 days
Missing daysSupply for rxTba claim rx8508, using default of 30 days
Missing daysSupply for rxTba claim rx8509, using default of 30 days
Missing daysSupply for rxTba claim rx8510, using default of 30 days
Missing daysSupply for rxTba claim rx8511, using default of 30 days
Missing daysSupply for rxTba claim rx8512, using default of 30 days
Missing daysSupply for rxTba claim rx8513, using default of 30 days
Missing daysSupply for rxTba claim rx8514, using default of 30 days
Missing daysSupply for rxTba claim rx8515, using default of 30 days
Missing daysSupply for rxTba claim rx8516, using default of 30 days
Missing daysSupply for rxTba claim rx8517, using default of 30 days
Missing daysSupply for rxTba claim rx8518, using default of 30 days
Missing daysSupply for rxTba claim rx8519, using default of 30 days
Missing daysSupply for rxTba claim rx8520, using default of 30 days
Missing daysSupply for rxTba claim rx8521, using default of 30 days
Missing daysSupply for rxTba claim rx8522, using default of 30 days
Missing daysSupply for rxTba claim rx8523, using default of 30 days
Missing daysSupply for rxTba claim rx8524, using default of 30 days
Missing daysSupply for rxTba claim rx8525, using default of 30 days
Missing daysSupply for rxTba claim rx8526, using default of 30 days
Missing daysSupply for rxTba claim rx8527, using default of 30 days
Missing daysSupply for rxTba claim rx8528, using default of 30 days
Missing daysSupply for rxTba claim rx8529, using default of 30 days
Missing daysSupply for rxTba claim rx8530, using default of 30 days
Missing daysSupply for rxTba claim rx8531, using default of 30 days
Missing daysSupply for rxTba claim rx8532, using default of 30 days
Missing daysSupply for rxTba claim rx8533, using default of 30 days
Missing daysSupply for rxTba claim rx8534, using default of 30 days
Missing daysSupply for rxTba claim rx8535, using default of 30 days
Missing daysSupply for rxTba claim rx8536, using default of 30 days
Missing daysSupply for rxTba claim rx8537, using default of 30 days
Missing daysSupply for rxTba claim rx8538, using default of 30 days
Missing daysSupply for rxTba claim rx8539, using default of 30 days
Missing daysSupply for rxTba claim rx8540, using default of 30 days
Missing daysSupply for rxTba claim rx8541, using default of 30 days
Missing daysSupply for rxTba claim rx8542, using default of 30 days
Missing daysSupply for rxTba claim rx8543, using default of 30 days
Missing daysSupply for rxTba claim rx8544, using default of 30 days
Missing daysSupply for rxTba claim rx8545, using default of 30 days
Missing daysSupply for rxTba claim rx8546, using default of 30 days
Missing daysSupply for rxTba claim rx8547, using default of 30 days
Missing daysSupply for rxTba claim rx8548, using default of 30 days
Missing daysSupply for rxTba claim rx8549, using default of 30 days
Missing daysSupply for rxTba claim rx8550, using default of 30 days
Missing daysSupply for rxTba claim rx8551, using default of 30 days
Missing daysSupply for rxTba claim rx8552, using default of 30 days
Missing daysSupply for rxTba claim rx8553, using default of 30 days
Missing daysSupply for rxTba claim rx8554, using default of 30 days
Missing daysSupply for rxTba claim rx8555, using default of 30 days
Missing daysSupply for rxTba claim rx8556, using default of 30 days
Missing daysSupply for rxTba claim rx8557, using default of 30 days
Missing daysSupply for rxTba claim rx8558, using default of 30 days
Missing daysSupply for rxTba claim rx8559, using default of 30 days
Missing daysSupply for rxTba claim rx8560, using default of 30 days
Missing daysSupply for rxTba claim rx8561, using default of 30 days
Missing daysSupply for rxTba claim rx8562, using default of 30 days
Missing daysSupply for rxTba claim rx8563, using default of 30 days
Missing daysSupply for rxTba claim rx8564, using default of 30 days
Missing daysSupply for rxTba claim rx8565, using default of 30 days
Missing daysSupply for rxTba claim rx8566, using default of 30 days
Missing daysSupply for rxTba claim rx8567, using default of 30 days
Missing daysSupply for rxTba claim rx8568, using default of 30 days
Missing daysSupply for rxTba claim rx8569, using default of 30 days
Missing daysSupply for rxTba claim rx8570, using default of 30 days
Missing daysSupply for rxTba claim rx8571, using default of 30 days
Missing daysSupply for rxTba claim rx8572, using default of 30 days
Missing daysSupply for rxTba claim rx8573, using default of 30 days
Missing daysSupply for rxTba claim rx8574, using default of 30 days
Missing daysSupply for rxTba claim rx8575, using default of 30 days
Missing daysSupply for rxTba claim rx8576, using default of 30 days
Missing daysSupply for rxTba claim rx8577, using default of 30 days
Missing daysSupply for rxTba claim rx8578, using default of 30 days
Missing daysSupply for rxTba claim rx8579, using default of 30 days
Missing daysSupply for rxTba claim rx8580, using default of 30 days
Missing daysSupply for rxTba claim rx8581, using default of 30 days
Missing daysSupply for rxTba claim rx8582, using default of 30 days
Missing daysSupply for rxTba claim rx8583, using default of 30 days
Missing daysSupply for rxTba claim rx8584, using default of 30 days
Missing daysSupply for rxTba claim rx8585, using default of 30 days
Missing daysSupply for rxTba claim rx8586, using default of 30 days
Missing daysSupply for rxTba claim rx8587, using default of 30 days
Missing daysSupply for rxTba claim rx8588, using default of 30 days
Missing daysSupply for rxTba claim rx8589, using default of 30 days
Missing daysSupply for rxTba claim rx8590, using default of 30 days
Missing daysSupply for rxTba claim rx8591, using default of 30 days
Missing daysSupply for rxTba claim rx8592, using default of 30 days
Missing daysSupply for rxTba claim rx8593, using default of 30 days
Missing daysSupply for rxTba claim rx8594, using default of 30 days
Missing daysSupply for rxTba claim rx8595, using default of 30 days
Missing daysSupply for rxTba claim rx8596, using default of 30 days
Missing daysSupply for rxTba claim rx8597, using default of 30 days
Missing daysSupply for rxTba claim rx8598, using default of 30 days
Missing daysSupply for rxTba claim rx8599, using default of 30 days
Missing daysSupply for rxTba claim rx8600, using default of 30 days
Missing daysSupply for rxTba claim rx8601, using default of 30 days
Missing daysSupply for rxTba claim rx8602, using default of 30 days
Missing daysSupply for rxTba claim rx8603, using default of 30 days
Missing daysSupply for rxTba claim rx8604, using default of 30 days
Missing daysSupply for rxTba claim rx8605, using default of 30 days
Missing daysSupply for rxTba claim rx8606, using default of 30 days
Missing daysSupply for rxTba claim rx8607, using default of 30 days
Missing daysSupply for rxTba claim rx8608, using default of 30 days
Missing daysSupply for rxTba claim rx8609, using default of 30 days
Missing daysSupply for rxTba claim rx8610, using default of 30 days
Missing daysSupply for rxTba claim rx8611, using default of 30 days
Missing daysSupply for rxTba claim rx8612, using default of 30 days
Missing daysSupply for rxTba claim rx8613, using default of 30 days
Missing daysSupply for rxTba claim rx8614, using default of 30 days
Missing daysSupply for rxTba claim rx8615, using default of 30 days
Missing daysSupply for rxTba claim rx8616, using default of 30 days
Missing daysSupply for rxTba claim rx8617, using default of 30 days
Missing daysSupply for rxTba claim rx8618, using default of 30 days
Missing daysSupply for rxTba claim rx8619, using default of 30 days
Missing daysSupply for rxTba claim rx8620, using default of 30 days
Missing daysSupply for rxTba claim rx8621, using default of 30 days
Missing daysSupply for rxTba claim rx8622, using default of 30 days
Missing daysSupply for rxTba claim rx8623, using default of 30 days
Missing daysSupply for rxTba claim rx8624, using default of 30 days
Missing daysSupply for rxTba claim rx8625, using default of 30 days
Missing daysSupply for rxTba claim rx8626, using default of 30 days
Missing daysSupply for rxTba claim rx8627, using default of 30 days
Missing daysSupply for rxTba claim rx8628, using default of 30 days
Missing daysSupply for rxTba claim rx8629, using default of 30 days
Missing daysSupply for rxTba claim rx8630, using default of 30 days
Missing daysSupply for rxTba claim rx8631, using default of 30 days
Missing daysSupply for rxTba claim rx8632, using default of 30 days
Missing daysSupply for rxTba claim rx8633, using default of 30 days
Missing daysSupply for rxTba claim rx8634, using default of 30 days
Missing daysSupply for rxTba claim rx8635, using default of 30 days
Missing daysSupply for rxTba claim rx8636, using default of 30 days
Missing daysSupply for rxTba claim rx8637, using default of 30 days
Missing daysSupply for rxTba claim rx8638, using default of 30 days
Missing daysSupply for rxTba claim rx8639, using default of 30 days
Missing daysSupply for rxTba claim rx8640, using default of 30 days
Missing daysSupply for rxTba claim rx8641, using default of 30 days
Missing daysSupply for rxTba claim rx8642, using default of 30 days
Missing daysSupply for rxTba claim rx8643, using default of 30 days
Missing daysSupply for rxTba claim rx8644, using default of 30 days
Missing daysSupply for rxTba claim rx8645, using default of 30 days
Missing daysSupply for rxTba claim rx8646, using default of 30 days
Missing daysSupply for rxTba claim rx8647, using default of 30 days
Missing daysSupply for rxTba claim rx8648, using default of 30 days
Missing daysSupply for rxTba claim rx8649, using default of 30 days
Missing daysSupply for rxTba claim rx8650, using default of 30 days
Missing daysSupply for rxTba claim rx8651, using default of 30 days
Missing daysSupply for rxTba claim rx8652, using default of 30 days
Missing daysSupply for rxTba claim rx8653, using default of 30 days
Missing daysSupply for rxTba claim rx8654, using default of 30 days
Missing daysSupply for rxTba claim rx8655, using default of 30 days
Missing daysSupply for rxTba claim rx8656, using default of 30 days
Missing daysSupply for rxTba claim rx8657, using default of 30 days
Missing daysSupply for rxTba claim rx8658, using default of 30 days
Missing daysSupply for rxTba claim rx8659, using default of 30 days
Missing daysSupply for rxTba claim rx8660, using default of 30 days
Missing daysSupply for rxTba claim rx8661, using default of 30 days
Missing daysSupply for rxTba claim rx8662, using default of 30 days
Missing daysSupply for rxTba claim rx8663, using default of 30 days
Missing daysSupply for rxTba claim rx8664, using default of 30 days
Missing daysSupply for rxTba claim rx8665, using default of 30 days
Missing daysSupply for rxTba claim rx8666, using default of 30 days
Missing daysSupply for rxTba claim rx8667, using default of 30 days
Missing daysSupply for rxTba claim rx8668, using default of 30 days
Missing daysSupply for rxTba claim rx8669, using default of 30 days
Missing daysSupply for rxTba claim rx8670, using default of 30 days
Missing daysSupply for rxTba claim rx8671, using default of 30 days
Missing daysSupply for rxTba claim rx8672, using default of 30 days
Missing daysSupply for rxTba claim rx8673, using default of 30 days
Missing daysSupply for rxTba claim rx8674, using default of 30 days
Missing daysSupply for rxTba claim rx8675, using default of 30 days
Missing daysSupply for rxTba claim rx8676, using default of 30 days
Missing daysSupply for rxTba claim rx8677, using default of 30 days
Missing daysSupply for rxTba claim rx8678, using default of 30 days
Missing daysSupply for rxTba claim rx8679, using default of 30 days
Missing daysSupply for rxTba claim rx8680, using default of 30 days
Missing daysSupply for rxTba claim rx8681, using default of 30 days
Missing daysSupply for rxTba claim rx8682, using default of 30 days
Missing daysSupply for rxTba claim rx8683, using default of 30 days
Missing daysSupply for rxTba claim rx8684, using default of 30 days
Missing daysSupply for rxTba claim rx8685, using default of 30 days
Missing daysSupply for rxTba claim rx8686, using default of 30 days
Missing daysSupply for rxTba claim rx8687, using default of 30 days
Missing daysSupply for rxTba claim rx8688, using default of 30 days
Missing daysSupply for rxTba claim rx8689, using default of 30 days
Missing daysSupply for rxTba claim rx8690, using default of 30 days
Missing daysSupply for rxTba claim rx8691, using default of 30 days
Missing daysSupply for rxTba claim rx8692, using default of 30 days
Missing daysSupply for rxTba claim rx8693, using default of 30 days
Missing daysSupply for rxTba claim rx8694, using default of 30 days
Missing daysSupply for rxTba claim rx8695, using default of 30 days
Missing daysSupply for rxTba claim rx8696, using default of 30 days
Missing daysSupply for rxTba claim rx8697, using default of 30 days
Missing daysSupply for rxTba claim rx8698, using default of 30 days
Missing daysSupply for rxTba claim rx8699, using default of 30 days
Missing daysSupply for rxTba claim rx8700, using default of 30 days
Missing daysSupply for rxTba claim rx8701, using default of 30 days
Missing daysSupply for rxTba claim rx8702, using default of 30 days
Missing daysSupply for rxTba claim rx8703, using default of 30 days
Missing daysSupply for rxTba claim rx8704, using default of 30 days
Missing daysSupply for rxTba claim rx8705, using default of 30 days
Missing daysSupply for rxTba claim rx8706, using default of 30 days
Missing daysSupply for rxTba claim rx8707, using default of 30 days
Missing daysSupply for rxTba claim rx8708, using default of 30 days
Missing daysSupply for rxTba claim rx8709, using default of 30 days
Missing daysSupply for rxTba claim rx8710, using default of 30 days
Missing daysSupply for rxTba claim rx8711, using default of 30 days
Missing daysSupply for rxTba claim rx8712, using default of 30 days
Missing daysSupply for rxTba claim rx8713, using default of 30 days
Missing daysSupply for rxTba claim rx8714, using default of 30 days
Missing daysSupply for rxTba claim rx8715, using default of 30 days
Missing daysSupply for rxTba claim rx8716, using default of 30 days
Missing daysSupply for rxTba claim rx8717, using default of 30 days
Missing daysSupply for rxTba claim rx8718, using default of 30 days
Missing daysSupply for rxTba claim rx8719, using default of 30 days
Missing daysSupply for rxTba claim rx8720, using default of 30 days
Missing daysSupply for rxTba claim rx8721, using default of 30 days
Missing daysSupply for rxTba claim rx8722, using default of 30 days
Missing daysSupply for rxTba claim rx8723, using default of 30 days
Missing daysSupply for rxTba claim rx8724, using default of 30 days
Missing daysSupply for rxTba claim rx8725, using default of 30 days
Missing daysSupply for rxTba claim rx8726, using default of 30 days
Missing daysSupply for rxTba claim rx8727, using default of 30 days
Missing daysSupply for rxTba claim rx8728, using default of 30 days
Missing daysSupply for rxTba claim rx8729, using default of 30 days
Missing daysSupply for rxTba claim rx8730, using default of 30 days
Missing daysSupply for rxTba claim rx8731, using default of 30 days
Missing daysSupply for rxTba claim rx8732, using default of 30 days
Missing daysSupply for rxTba claim rx8733, using default of 30 days
Missing daysSupply for rxTba claim rx8734, using default of 30 days
Missing daysSupply for rxTba claim rx8735, using default of 30 days
Missing daysSupply for rxTba claim rx8736, using default of 30 days
Missing daysSupply for rxTba claim rx8737, using default of 30 days
Missing daysSupply for rxTba claim rx8738, using default of 30 days
Missing daysSupply for rxTba claim rx8739, using default of 30 days
Missing daysSupply for rxTba claim rx8740, using default of 30 days
Missing daysSupply for rxTba claim rx8741, using default of 30 days
Missing daysSupply for rxTba claim rx8742, using default of 30 days
Missing daysSupply for rxTba claim rx8743, using default of 30 days
Missing daysSupply for rxTba claim rx8744, using default of 30 days
Missing daysSupply for rxTba claim rx8745, using default of 30 days
Missing daysSupply for rxTba claim rx8746, using default of 30 days
Missing daysSupply for rxTba claim rx8747, using default of 30 days
Missing daysSupply for rxTba claim rx8748, using default of 30 days
Missing daysSupply for rxTba claim rx8749, using default of 30 days
Missing daysSupply for rxTba claim rx8750, using default of 30 days
Missing daysSupply for rxTba claim rx8751, using default of 30 days
Missing daysSupply for rxTba claim rx8752, using default of 30 days
Missing daysSupply for rxTba claim rx8753, using default of 30 days
Missing daysSupply for rxTba claim rx8754, using default of 30 days
Missing daysSupply for rxTba claim rx8755, using default of 30 days
Missing daysSupply for rxTba claim rx8756, using default of 30 days
Missing daysSupply for rxTba claim rx8757, using default of 30 days
Missing daysSupply for rxTba claim rx8758, using default of 30 days
Missing daysSupply for rxTba claim rx8759, using default of 30 days
Missing daysSupply for rxTba claim rx8760, using default of 30 days
Missing daysSupply for rxTba claim rx8761, using default of 30 days
Missing daysSupply for rxTba claim rx8762, using default of 30 days
Missing daysSupply for rxTba claim rx8763, using default of 30 days
Missing daysSupply for rxTba claim rx8764, using default of 30 days
Missing daysSupply for rxTba claim rx8765, using default of 30 days
Missing daysSupply for rxTba claim rx8766, using default of 30 days
Missing daysSupply for rxTba claim rx8767, using default of 30 days
Missing daysSupply for rxTba claim rx8768, using default of 30 days
Missing daysSupply for rxTba claim rx8769, using default of 30 days
Missing daysSupply for rxTba claim rx8770, using default of 30 days
Missing daysSupply for rxTba claim rx8771, using default of 30 days
Missing daysSupply for rxTba claim rx8772, using default of 30 days
Missing daysSupply for rxTba claim rx8773, using default of 30 days
Missing daysSupply for rxTba claim rx8774, using default of 30 days
Missing daysSupply for rxTba claim rx8775, using default of 30 days
Missing daysSupply for rxTba claim rx8776, using default of 30 days
Missing daysSupply for rxTba claim rx8777, using default of 30 days
Missing daysSupply for rxTba claim rx8778, using default of 30 days
Missing daysSupply for rxTba claim rx8779, using default of 30 days
Missing daysSupply for rxTba claim rx8780, using default of 30 days
Missing daysSupply for rxTba claim rx8781, using default of 30 days
Missing daysSupply for rxTba claim rx8782, using default of 30 days
Missing daysSupply for rxTba claim rx8783, using default of 30 days
Missing daysSupply for rxTba claim rx8784, using default of 30 days
Missing daysSupply for rxTba claim rx8785, using default of 30 days
Missing daysSupply for rxTba claim rx8786, using default of 30 days
Missing daysSupply for rxTba claim rx8787, using default of 30 days
Missing daysSupply for rxTba claim rx8788, using default of 30 days
Missing daysSupply for rxTba claim rx8789, using default of 30 days
Missing daysSupply for rxTba claim rx8790, using default of 30 days
Missing daysSupply for rxTba claim rx8791, using default of 30 days
Missing daysSupply for rxTba claim rx8792, using default of 30 days
Missing daysSupply for rxTba claim rx8793, using default of 30 days
Missing daysSupply for rxTba claim rx8794, using default of 30 days
Missing daysSupply for rxTba claim rx8795, using default of 30 days
Missing daysSupply for rxTba claim rx8796, using default of 30 days
Missing daysSupply for rxTba claim rx8797, using default of 30 days
Missing daysSupply for rxTba claim rx8798, using default of 30 days
Missing daysSupply for rxTba claim rx8799, using default of 30 days
Missing daysSupply for rxTba claim rx8800, using default of 30 days
Missing daysSupply for rxTba claim rx8801, using default of 30 days
Missing daysSupply for rxTba claim rx8802, using default of 30 days
Missing daysSupply for rxTba claim rx8803, using default of 30 days
Missing daysSupply for rxTba claim rx8804, using default of 30 days
Missing daysSupply for rxTba claim rx8805, using default of 30 days
Missing daysSupply for rxTba claim rx8806, using default of 30 days
Missing daysSupply for rxTba claim rx8807, using default of 30 days
Missing daysSupply for rxTba claim rx8808, using default of 30 days
Missing daysSupply for rxTba claim rx8809, using default of 30 days
Missing daysSupply for rxTba claim rx8810, using default of 30 days
Missing daysSupply for rxTba claim rx8811, using default of 30 days
Missing daysSupply for rxTba claim rx8812, using default of 30 days
Missing daysSupply for rxTba claim rx8813, using default of 30 days
Missing daysSupply for rxTba claim rx8814, using default of 30 days
Missing daysSupply for rxTba claim rx8815, using default of 30 days
Missing daysSupply for rxTba claim rx8816, using default of 30 days
Missing daysSupply for rxTba claim rx8817, using default of 30 days
Missing daysSupply for rxTba claim rx8818, using default of 30 days
Missing daysSupply for rxTba claim rx8819, using default of 30 days
Missing daysSupply for rxTba claim rx8820, using default of 30 days
Missing daysSupply for rxTba claim rx8821, using default of 30 days
Missing daysSupply for rxTba claim rx8822, using default of 30 days
Missing daysSupply for rxTba claim rx8823, using default of 30 days
Missing daysSupply for rxTba claim rx8824, using default of 30 days
Missing daysSupply for rxTba claim rx8825, using default of 30 days
Missing daysSupply for rxTba claim rx8826, using default of 30 days
Missing daysSupply for rxTba claim rx8827, using default of 30 days
Missing daysSupply for rxTba claim rx8828, using default of 30 days
Missing daysSupply for rxTba claim rx8829, using default of 30 days
Missing daysSupply for rxTba claim rx8830, using default of 30 days
Missing daysSupply for rxTba claim rx8831, using default of 30 days
Missing daysSupply for rxTba claim rx8832, using default of 30 days
Missing daysSupply for rxTba claim rx8833, using default of 30 days
Missing daysSupply for rxTba claim rx8834, using default of 30 days
Missing daysSupply for rxTba claim rx8835, using default of 30 days
Missing daysSupply for rxTba claim rx8836, using default of 30 days
Missing daysSupply for rxTba claim rx8837, using default of 30 days
Missing daysSupply for rxTba claim rx8838, using default of 30 days
Missing daysSupply for rxTba claim rx8839, using default of 30 days
Missing daysSupply for rxTba claim rx8840, using default of 30 days
Missing daysSupply for rxTba claim rx8841, using default of 30 days
Missing daysSupply for rxTba claim rx8842, using default of 30 days
Missing daysSupply for rxTba claim rx8843, using default of 30 days
Missing daysSupply for rxTba claim rx8844, using default of 30 days
Missing daysSupply for rxTba claim rx8845, using default of 30 days
Missing daysSupply for rxTba claim rx8846, using default of 30 days
Missing daysSupply for rxTba claim rx8847, using default of 30 days
Missing daysSupply for rxTba claim rx8848, using default of 30 days
Missing daysSupply for rxTba claim rx8849, using default of 30 days
Missing daysSupply for rxTba claim rx8850, using default of 30 days
Missing daysSupply for rxTba claim rx8851, using default of 30 days
Missing daysSupply for rxTba claim rx8852, using default of 30 days
Missing daysSupply for rxTba claim rx8853, using default of 30 days
Missing daysSupply for rxTba claim rx8854, using default of 30 days
Missing daysSupply for rxTba claim rx8855, using default of 30 days
Missing daysSupply for rxTba claim rx8856, using default of 30 days
Missing daysSupply for rxTba claim rx8857, using default of 30 days
Missing daysSupply for rxTba claim rx8858, using default of 30 days
Missing daysSupply for rxTba claim rx8859, using default of 30 days
Missing daysSupply for rxTba claim rx8860, using default of 30 days
Missing daysSupply for rxTba claim rx8861, using default of 30 days
Missing daysSupply for rxTba claim rx8862, using default of 30 days
Missing daysSupply for rxTba claim rx8863, using default of 30 days
Missing daysSupply for rxTba claim rx8864, using default of 30 days
Missing daysSupply for rxTba claim rx8865, using default of 30 days
Missing daysSupply for rxTba claim rx8866, using default of 30 days
Missing daysSupply for rxTba claim rx8867, using default of 30 days
Missing daysSupply for rxTba claim rx8868, using default of 30 days
Missing daysSupply for rxTba claim rx8869, using default of 30 days
Missing daysSupply for rxTba claim rx8870, using default of 30 days
Missing daysSupply for rxTba claim rx8871, using default of 30 days
Missing daysSupply for rxTba claim rx8872, using default of 30 days
Missing daysSupply for rxTba claim rx8873, using default of 30 days
Missing daysSupply for rxTba claim rx8874, using default of 30 days
Missing daysSupply for rxTba claim rx8875, using default of 30 days
Missing daysSupply for rxTba claim rx8876, using default of 30 days
Missing daysSupply for rxTba claim rx8877, using default of 30 days
Missing daysSupply for rxTba claim rx8878, using default of 30 days
Missing daysSupply for rxTba claim rx8879, using default of 30 days
Missing daysSupply for rxTba claim rx8880, using default of 30 days
Missing daysSupply for rxTba claim rx8881, using default of 30 days
Missing daysSupply for rxTba claim rx8882, using default of 30 days
Missing daysSupply for rxTba claim rx8883, using default of 30 days
Missing daysSupply for rxTba claim rx8884, using default of 30 days
Missing daysSupply for rxTba claim rx8885, using default of 30 days
Missing daysSupply for rxTba claim rx8886, using default of 30 days
Missing daysSupply for rxTba claim rx8887, using default of 30 days
Missing daysSupply for rxTba claim rx8888, using default of 30 days
Missing daysSupply for rxTba claim rx8889, using default of 30 days
Missing daysSupply for rxTba claim rx8890, using default of 30 days
Missing daysSupply for rxTba claim rx8891, using default of 30 days
Missing daysSupply for rxTba claim rx8892, using default of 30 days
Missing daysSupply for rxTba claim rx8893, using default of 30 days
Missing daysSupply for rxTba claim rx8894, using default of 30 days
Missing daysSupply for rxTba claim rx8895, using default of 30 days
Missing daysSupply for rxTba claim rx8896, using default of 30 days
Missing daysSupply for rxTba claim rx8897, using default of 30 days
Missing daysSupply for rxTba claim rx8898, using default of 30 days
Missing daysSupply for rxTba claim rx8899, using default of 30 days
Missing daysSupply for rxTba claim rx8900, using default of 30 days
Missing daysSupply for rxTba claim rx8901, using default of 30 days
Missing daysSupply for rxTba claim rx8902, using default of 30 days
Missing daysSupply for rxTba claim rx8903, using default of 30 days
Missing daysSupply for rxTba claim rx8904, using default of 30 days
Missing daysSupply for rxTba claim rx8905, using default of 30 days
Missing daysSupply for rxTba claim rx8906, using default of 30 days
Missing daysSupply for rxTba claim rx8907, using default of 30 days
Missing daysSupply for rxTba claim rx8908, using default of 30 days
Missing daysSupply for rxTba claim rx8909, using default of 30 days
Missing daysSupply for rxTba claim rx8910, using default of 30 days
Missing daysSupply for rxTba claim rx8911, using default of 30 days
Missing daysSupply for rxTba claim rx8912, using default of 30 days
Missing daysSupply for rxTba claim rx8913, using default of 30 days
Missing daysSupply for rxTba claim rx8914, using default of 30 days
Missing daysSupply for rxTba claim rx8915, using default of 30 days
Missing daysSupply for rxTba claim rx8916, using default of 30 days
Missing daysSupply for rxTba claim rx8917, using default of 30 days
Missing daysSupply for rxTba claim rx8918, using default of 30 days
Missing daysSupply for rxTba claim rx8919, using default of 30 days
Missing daysSupply for rxTba claim rx8920, using default of 30 days
Missing daysSupply for rxTba claim rx8921, using default of 30 days
Missing daysSupply for rxTba claim rx8922, using default of 30 days
Missing daysSupply for rxTba claim rx8923, using default of 30 days
Missing daysSupply for rxTba claim rx8924, using default of 30 days
Missing daysSupply for rxTba claim rx8925, using default of 30 days
Missing daysSupply for rxTba claim rx8926, using default of 30 days
Missing daysSupply for rxTba claim rx8927, using default of 30 days
Missing daysSupply for rxTba claim rx8928, using default of 30 days
Missing daysSupply for rxTba claim rx8929, using default of 30 days
Missing daysSupply for rxTba claim rx8930, using default of 30 days
Missing daysSupply for rxTba claim rx8931, using default of 30 days
Missing daysSupply for rxTba claim rx8932, using default of 30 days
Missing daysSupply for rxTba claim rx8933, using default of 30 days
Missing daysSupply for rxTba claim rx8934, using default of 30 days
Missing daysSupply for rxTba claim rx8935, using default of 30 days
Missing daysSupply for rxTba claim rx8936, using default of 30 days
Missing daysSupply for rxTba claim rx8937, using default of 30 days
Missing daysSupply for rxTba claim rx8938, using default of 30 days
Missing daysSupply for rxTba claim rx8939, using default of 30 days
Missing daysSupply for rxTba claim rx8940, using default of 30 days
Missing daysSupply for rxTba claim rx8941, using default of 30 days
Missing daysSupply for rxTba claim rx8942, using default of 30 days
Missing daysSupply for rxTba claim rx8943, using default of 30 days
Missing daysSupply for rxTba claim rx8944, using default of 30 days
Missing daysSupply for rxTba claim rx8945, using default of 30 days
Missing daysSupply for rxTba claim rx8946, using default of 30 days
Missing daysSupply for rxTba claim rx8947, using default of 30 days
Missing daysSupply for rxTba claim rx8948, using default of 30 days
Missing daysSupply for rxTba claim rx8949, using default of 30 days
Missing daysSupply for rxTba claim rx8950, using default of 30 days
Missing daysSupply for rxTba claim rx8951, using default of 30 days
Missing daysSupply for rxTba claim rx8952, using default of 30 days
Missing daysSupply for rxTba claim rx8953, using default of 30 days
Missing daysSupply for rxTba claim rx8954, using default of 30 days
Missing daysSupply for rxTba claim rx8955, using default of 30 days
Missing daysSupply for rxTba claim rx8956, using default of 30 days
Missing daysSupply for rxTba claim rx8957, using default of 30 days
Missing daysSupply for rxTba claim rx8958, using default of 30 days
Missing daysSupply for rxTba claim rx8959, using default of 30 days
Missing daysSupply for rxTba claim rx8960, using default of 30 days
Missing daysSupply for rxTba claim rx8961, using default of 30 days
Missing daysSupply for rxTba claim rx8962, using default of 30 days
Missing daysSupply for rxTba claim rx8963, using default of 30 days
Missing daysSupply for rxTba claim rx8964, using default of 30 days
Missing daysSupply for rxTba claim rx8965, using default of 30 days
Missing daysSupply for rxTba claim rx8966, using default of 30 days
Missing daysSupply for rxTba claim rx8967, using default of 30 days
Missing daysSupply for rxTba claim rx8968, using default of 30 days
Missing daysSupply for rxTba claim rx8969, using default of 30 days
Missing daysSupply for rxTba claim rx8970, using default of 30 days
Missing daysSupply for rxTba claim rx8971, using default of 30 days
Missing daysSupply for rxTba claim rx8972, using default of 30 days
Missing daysSupply for rxTba claim rx8973, using default of 30 days
Missing daysSupply for rxTba claim rx8974, using default of 30 days
Missing daysSupply for rxTba claim rx8975, using default of 30 days
Missing daysSupply for rxTba claim rx8976, using default of 30 days
Missing daysSupply for rxTba claim rx8977, using default of 30 days
Missing daysSupply for rxTba claim rx8978, using default of 30 days
Missing daysSupply for rxTba claim rx8979, using default of 30 days
Missing daysSupply for rxTba claim rx8980, using default of 30 days
Missing daysSupply for rxTba claim rx8981, using default of 30 days
Missing daysSupply for rxTba claim rx8982, using default of 30 days
Missing daysSupply for rxTba claim rx8983, using default of 30 days
Missing daysSupply for rxTba claim rx8984, using default of 30 days
Missing daysSupply for rxTba claim rx8985, using default of 30 days
Missing daysSupply for rxTba claim rx8986, using default of 30 days
Missing daysSupply for rxTba claim rx8987, using default of 30 days
Missing daysSupply for rxTba claim rx8988, using default of 30 days
Missing daysSupply for rxTba claim rx8989, using default of 30 days
Missing daysSupply for rxTba claim rx8990, using default of 30 days
Missing daysSupply for rxTba claim rx8991, using default of 30 days
Missing daysSupply for rxTba claim rx8992, using default of 30 days
Missing daysSupply for rxTba claim rx8993, using default of 30 days
Missing daysSupply for rxTba claim rx8994, using default of 30 days
Missing daysSupply for rxTba claim rx8995, using default of 30 days
Missing daysSupply for rxTba claim rx8996, using default of 30 days
Missing daysSupply for rxTba claim rx8997, using default of 30 days
Missing daysSupply for rxTba claim rx8998, using default of 30 days
Missing daysSupply for rxTba claim rx8999, using default of 30 days
Missing daysSupply for rxTba claim rx9000, using default of 30 days
Missing daysSupply for rxTba claim rx9001, using default of 30 days
Missing daysSupply for rxTba claim rx9002, using default of 30 days
Missing daysSupply for rxTba claim rx9003, using default of 30 days
Missing daysSupply for rxTba claim rx9004, using default of 30 days
Missing daysSupply for rxTba claim rx9005, using default of 30 days
Missing daysSupply for rxTba claim rx9006, using default of 30 days
Missing daysSupply for rxTba claim rx9007, using default of 30 days
Missing daysSupply for rxTba claim rx9008, using default of 30 days
Missing daysSupply for rxTba claim rx9009, using default of 30 days
Missing daysSupply for rxTba claim rx9010, using default of 30 days
Missing daysSupply for rxTba claim rx9011, using default of 30 days
Missing daysSupply for rxTba claim rx9012, using default of 30 days
Missing daysSupply for rxTba claim rx9013, using default of 30 days
Missing daysSupply for rxTba claim rx9014, using default of 30 days
Missing daysSupply for rxTba claim rx9015, using default of 30 days
Missing daysSupply for rxTba claim rx9016, using default of 30 days
Missing daysSupply for rxTba claim rx9017, using default of 30 days
Missing daysSupply for rxTba claim rx9018, using default of 30 days
Missing daysSupply for rxTba claim rx9019, using default of 30 days
Missing daysSupply for rxTba claim rx9020, using default of 30 days
Missing daysSupply for rxTba claim rx9021, using default of 30 days
Missing daysSupply for rxTba claim rx9022, using default of 30 days
Missing daysSupply for rxTba claim rx9023, using default of 30 days
Missing daysSupply for rxTba claim rx9024, using default of 30 days
Missing daysSupply for rxTba claim rx9025, using default of 30 days
Missing daysSupply for rxTba claim rx9026, using default of 30 days
Missing daysSupply for rxTba claim rx9027, using default of 30 days
Missing daysSupply for rxTba claim rx9028, using default of 30 days
Missing daysSupply for rxTba claim rx9029, using default of 30 days
Missing daysSupply for rxTba claim rx9030, using default of 30 days
Missing daysSupply for rxTba claim rx9031, using default of 30 days
Missing daysSupply for rxTba claim rx9032, using default of 30 days
Missing daysSupply for rxTba claim rx9033, using default of 30 days
Missing daysSupply for rxTba claim rx9034, using default of 30 days
Missing daysSupply for rxTba claim rx9035, using default of 30 days
Missing daysSupply for rxTba claim rx9036, using default of 30 days
Missing daysSupply for rxTba claim rx9037, using default of 30 days
Missing daysSupply for rxTba claim rx9038, using default of 30 days
Missing daysSupply for rxTba claim rx9039, using default of 30 days
Missing daysSupply for rxTba claim rx9040, using default of 30 days
Missing daysSupply for rxTba claim rx9041, using default of 30 days
Missing daysSupply for rxTba claim rx9042, using default of 30 days
Missing daysSupply for rxTba claim rx9043, using default of 30 days
Missing daysSupply for rxTba claim rx9044, using default of 30 days
Missing daysSupply for rxTba claim rx9045, using default of 30 days
Missing daysSupply for rxTba claim rx9046, using default of 30 days
Missing daysSupply for rxTba claim rx9047, using default of 30 days
Missing daysSupply for rxTba claim rx9048, using default of 30 days
Missing daysSupply for rxTba claim rx9049, using default of 30 days
Missing daysSupply for rxTba claim rx9050, using default of 30 days
Missing daysSupply for rxTba claim rx9051, using default of 30 days
Missing daysSupply for rxTba claim rx9052, using default of 30 days
Missing daysSupply for rxTba claim rx9053, using default of 30 days
Missing daysSupply for rxTba claim rx9054, using default of 30 days
Missing daysSupply for rxTba claim rx9055, using default of 30 days
Missing daysSupply for rxTba claim rx9056, using default of 30 days
Missing daysSupply for rxTba claim rx9057, using default of 30 days
Missing daysSupply for rxTba claim rx9058, using default of 30 days
Missing daysSupply for rxTba claim rx9059, using default of 30 days
Missing daysSupply for rxTba claim rx9060, using default of 30 days
Missing daysSupply for rxTba claim rx9061, using default of 30 days
Missing daysSupply for rxTba claim rx9062, using default of 30 days
Missing daysSupply for rxTba claim rx9063, using default of 30 days
Missing daysSupply for rxTba claim rx9064, using default of 30 days
Missing daysSupply for rxTba claim rx9065, using default of 30 days
Missing daysSupply for rxTba claim rx9066, using default of 30 days
Missing daysSupply for rxTba claim rx9067, using default of 30 days
Missing daysSupply for rxTba claim rx9068, using default of 30 days
Missing daysSupply for rxTba claim rx9069, using default of 30 days
Missing daysSupply for rxTba claim rx9070, using default of 30 days
Missing daysSupply for rxTba claim rx9071, using default of 30 days
Missing daysSupply for rxTba claim rx9072, using default of 30 days
Missing daysSupply for rxTba claim rx9073, using default of 30 days
Missing daysSupply for rxTba claim rx9074, using default of 30 days
Missing daysSupply for rxTba claim rx9075, using default of 30 days
Missing daysSupply for rxTba claim rx9076, using default of 30 days
Missing daysSupply for rxTba claim rx9077, using default of 30 days
Missing daysSupply for rxTba claim rx9078, using default of 30 days
Missing daysSupply for rxTba claim rx9079, using default of 30 days
Missing daysSupply for rxTba claim rx9080, using default of 30 days
Missing daysSupply for rxTba claim rx9081, using default of 30 days
Missing daysSupply for rxTba claim rx9082, using default of 30 days
Missing daysSupply for rxTba claim rx9083, using default of 30 days
Missing daysSupply for rxTba claim rx9084, using default of 30 days
Missing daysSupply for rxTba claim rx9085, using default of 30 days
Missing daysSupply for rxTba claim rx9086, using default of 30 days
Missing daysSupply for rxTba claim rx9087, using default of 30 days
Missing daysSupply for rxTba claim rx9088, using default of 30 days
Missing daysSupply for rxTba claim rx9089, using default of 30 days
Missing daysSupply for rxTba claim rx9090, using default of 30 days
Missing daysSupply for rxTba claim rx9091, using default of 30 days
Missing daysSupply for rxTba claim rx9092, using default of 30 days
Missing daysSupply for rxTba claim rx9093, using default of 30 days
Missing daysSupply for rxTba claim rx9094, using default of 30 days
Missing daysSupply for rxTba claim rx9095, using default of 30 days
Missing daysSupply for rxTba claim rx9096, using default of 30 days
Missing daysSupply for rxTba claim rx9097, using default of 30 days
Missing daysSupply for rxTba claim rx9098, using default of 30 days
Missing daysSupply for rxTba claim rx9099, using default of 30 days
Missing daysSupply for rxTba claim rx9100, using default of 30 days
Missing daysSupply for rxTba claim rx9101, using default of 30 days
Missing daysSupply for rxTba claim rx9102, using default of 30 days
Missing daysSupply for rxTba claim rx9103, using default of 30 days
Missing daysSupply for rxTba claim rx9104, using default of 30 days
Missing daysSupply for rxTba claim rx9105, using default of 30 days
Missing daysSupply for rxTba claim rx9106, using default of 30 days
Missing daysSupply for rxTba claim rx9107, using default of 30 days
Missing daysSupply for rxTba claim rx9108, using default of 30 days
Missing daysSupply for rxTba claim rx9109, using default of 30 days
Missing daysSupply for rxTba claim rx9110, using default of 30 days
Missing daysSupply for rxTba claim rx9111, using default of 30 days
Missing daysSupply for rxTba claim rx9112, using default of 30 days
Missing daysSupply for rxTba claim rx9113, using default of 30 days
Missing daysSupply for rxTba claim rx9114, using default of 30 days
Missing daysSupply for rxTba claim rx9115, using default of 30 days
Missing daysSupply for rxTba claim rx9116, using default of 30 days
Missing daysSupply for rxTba claim rx9117, using default of 30 days
Missing daysSupply for rxTba claim rx9118, using default of 30 days
Missing daysSupply for rxTba claim rx9119, using default of 30 days
Missing daysSupply for rxTba claim rx9120, using default of 30 days
Missing daysSupply for rxTba claim rx9121, using default of 30 days
Missing daysSupply for rxTba claim rx9122, using default of 30 days
Missing daysSupply for rxTba claim rx9123, using default of 30 days
Missing daysSupply for rxTba claim rx9124, using default of 30 days
Missing daysSupply for rxTba claim rx9125, using default of 30 days
Missing daysSupply for rxTba claim rx9126, using default of 30 days
Missing daysSupply for rxTba claim rx9127, using default of 30 days
Missing daysSupply for rxTba claim rx9128, using default of 30 days
Missing daysSupply for rxTba claim rx9129, using default of 30 days
Missing daysSupply for rxTba claim rx9130, using default of 30 days
Missing daysSupply for rxTba claim rx9131, using default of 30 days
Missing daysSupply for rxTba claim rx9132, using default of 30 days
Missing daysSupply for rxTba claim rx9133, using default of 30 days
Missing daysSupply for rxTba claim rx9134, using default of 30 days
Missing daysSupply for rxTba claim rx9135, using default of 30 days
Missing daysSupply for rxTba claim rx9136, using default of 30 days
Missing daysSupply for rxTba claim rx9137, using default of 30 days
Missing daysSupply for rxTba claim rx9138, using default of 30 days
Missing daysSupply for rxTba claim rx9139, using default of 30 days
Missing daysSupply for rxTba claim rx9140, using default of 30 days
Missing daysSupply for rxTba claim rx9141, using default of 30 days
Missing daysSupply for rxTba claim rx9142, using default of 30 days
Missing daysSupply for rxTba claim rx9143, using default of 30 days
Missing daysSupply for rxTba claim rx9144, using default of 30 days
Missing daysSupply for rxTba claim rx9145, using default of 30 days
Missing daysSupply for rxTba claim rx9146, using default of 30 days
Missing daysSupply for rxTba claim rx9147, using default of 30 days
Missing daysSupply for rxTba claim rx9148, using default of 30 days
Missing daysSupply for rxTba claim rx9149, using default of 30 days
Missing daysSupply for rxTba claim rx9150, using default of 30 days
Missing daysSupply for rxTba claim rx9151, using default of 30 days
Missing daysSupply for rxTba claim rx9152, using default of 30 days
Missing daysSupply for rxTba claim rx9153, using default of 30 days
Missing daysSupply for rxTba claim rx9154, using default of 30 days
Missing daysSupply for rxTba claim rx9155, using default of 30 days
Missing daysSupply for rxTba claim rx9156, using default of 30 days
Missing daysSupply for rxTba claim rx9157, using default of 30 days
Missing daysSupply for rxTba claim rx9158, using default of 30 days
Missing daysSupply for rxTba claim rx9159, using default of 30 days
Missing daysSupply for rxTba claim rx9160, using default of 30 days
Missing daysSupply for rxTba claim rx9161, using default of 30 days
Missing daysSupply for rxTba claim rx9162, using default of 30 days
Missing daysSupply for rxTba claim rx9163, using default of 30 days
Missing daysSupply for rxTba claim rx9164, using default of 30 days
Missing daysSupply for rxTba claim rx9165, using default of 30 days
Missing daysSupply for rxTba claim rx9166, using default of 30 days
Missing daysSupply for rxTba claim rx9167, using default of 30 days
Missing daysSupply for rxTba claim rx9168, using default of 30 days
Missing daysSupply for rxTba claim rx9169, using default of 30 days
Missing daysSupply for rxTba claim rx9170, using default of 30 days
Missing daysSupply for rxTba claim rx9171, using default of 30 days
Missing daysSupply for rxTba claim rx9172, using default of 30 days
Missing daysSupply for rxTba claim rx9173, using default of 30 days
Missing daysSupply for rxTba claim rx9174, using default of 30 days
Missing daysSupply for rxTba claim rx9175, using default of 30 days
Missing daysSupply for rxTba claim rx9176, using default of 30 days
Missing daysSupply for rxTba claim rx9177, using default of 30 days
Missing daysSupply for rxTba claim rx9178, using default of 30 days
Missing daysSupply for rxTba claim rx9179, using default of 30 days
Missing daysSupply for rxTba claim rx9180, using default of 30 days
Missing daysSupply for rxTba claim rx9181, using default of 30 days
Missing daysSupply for rxTba claim rx9182, using default of 30 days
Missing daysSupply for rxTba claim rx9183, using default of 30 days
Missing daysSupply for rxTba claim rx9184, using default of 30 days
Missing daysSupply for rxTba claim rx9185, using default of 30 days
Missing daysSupply for rxTba claim rx9186, using default of 30 days
Missing daysSupply for rxTba claim rx9187, using default of 30 days
Missing daysSupply for rxTba claim rx9188, using default of 30 days
Missing daysSupply for rxTba claim rx9189, using default of 30 days
Missing daysSupply for rxTba claim rx9190, using default of 30 days
Missing daysSupply for rxTba claim rx9191, using default of 30 days
Missing daysSupply for rxTba claim rx9192, using default of 30 days
Missing daysSupply for rxTba claim rx9193, using default of 30 days
Missing daysSupply for rxTba claim rx9194, using default of 30 days
Missing daysSupply for rxTba claim rx9195, using default of 30 days
Missing daysSupply for rxTba claim rx9196, using default of 30 days
Missing daysSupply for rxTba claim rx9197, using default of 30 days
Missing daysSupply for rxTba claim rx9198, using default of 30 days
Missing daysSupply for rxTba claim rx9199, using default of 30 days
Missing daysSupply for rxTba claim rx9200, using default of 30 days
Missing daysSupply for rxTba claim rx9201, using default of 30 days
Missing daysSupply for rxTba claim rx9202, using default of 30 days
Missing daysSupply for rxTba claim rx9203, using default of 30 days
Missing daysSupply for rxTba claim rx9204, using default of 30 days
Missing daysSupply for rxTba claim rx9205, using default of 30 days
Missing daysSupply for rxTba claim rx9206, using default of 30 days
Missing daysSupply for rxTba claim rx9207, using default of 30 days
Missing daysSupply for rxTba claim rx9208, using default of 30 days
Missing daysSupply for rxTba claim rx9209, using default of 30 days
Missing daysSupply for rxTba claim rx9210, using default of 30 days
Missing daysSupply for rxTba claim rx9211, using default of 30 days
Missing daysSupply for rxTba claim rx9212, using default of 30 days
Missing daysSupply for rxTba claim rx9213, using default of 30 days
Missing daysSupply for rxTba claim rx9214, using default of 30 days
Missing daysSupply for rxTba claim rx9215, using default of 30 days
Missing daysSupply for rxTba claim rx9216, using default of 30 days
Missing daysSupply for rxTba claim rx9217, using default of 30 days
Missing daysSupply for rxTba claim rx9218, using default of 30 days
Missing daysSupply for rxTba claim rx9219, using default of 30 days
Missing daysSupply for rxTba claim rx9220, using default of 30 days
Missing daysSupply for rxTba claim rx9221, using default of 30 days
Missing daysSupply for rxTba claim rx9222, using default of 30 days
Missing daysSupply for rxTba claim rx9223, using default of 30 days
Missing daysSupply for rxTba claim rx9224, using default of 30 days
Missing daysSupply for rxTba claim rx9225, using default of 30 days
Missing daysSupply for rxTba claim rx9226, using default of 30 days
Missing daysSupply for rxTba claim rx9227, using default of 30 days
Missing daysSupply for rxTba claim rx9228, using default of 30 days
Missing daysSupply for rxTba claim rx9229, using default of 30 days
Missing daysSupply for rxTba claim rx9230, using default of 30 days
Missing daysSupply for rxTba claim rx9231, using default of 30 days
Missing daysSupply for rxTba claim rx9232, using default of 30 days
Missing daysSupply for rxTba claim rx9233, using default of 30 days
Missing daysSupply for rxTba claim rx9234, using default of 30 days
Missing daysSupply for rxTba claim rx9235, using default of 30 days
Missing daysSupply for rxTba claim rx9236, using default of 30 days
Missing daysSupply for rxTba claim rx9237, using default of 30 days
Missing daysSupply for rxTba claim rx9238, using default of 30 days
Missing daysSupply for rxTba claim rx9239, using default of 30 days
Missing daysSupply for rxTba claim rx9240, using default of 30 days
Missing daysSupply for rxTba claim rx9241, using default of 30 days
Missing daysSupply for rxTba claim rx9242, using default of 30 days
Missing daysSupply for rxTba claim rx9243, using default of 30 days
Missing daysSupply for rxTba claim rx9244, using default of 30 days
Missing daysSupply for rxTba claim rx9245, using default of 30 days
Missing daysSupply for rxTba claim rx9246, using default of 30 days
Missing daysSupply for rxTba claim rx9247, using default of 30 days
Missing daysSupply for rxTba claim rx9248, using default of 30 days
Missing daysSupply for rxTba claim rx9249, using default of 30 days
Missing daysSupply for rxTba claim rx9250, using default of 30 days
Missing daysSupply for rxTba claim rx9251, using default of 30 days
Missing daysSupply for rxTba claim rx9252, using default of 30 days
Missing daysSupply for rxTba claim rx9253, using default of 30 days
Missing daysSupply for rxTba claim rx9254, using default of 30 days
Missing daysSupply for rxTba claim rx9255, using default of 30 days
Missing daysSupply for rxTba claim rx9256, using default of 30 days
Missing daysSupply for rxTba claim rx9257, using default of 30 days
Missing daysSupply for rxTba claim rx9258, using default of 30 days
Missing daysSupply for rxTba claim rx9259, using default of 30 days
Missing daysSupply for rxTba claim rx9260, using default of 30 days
Missing daysSupply for rxTba claim rx9261, using default of 30 days
Missing daysSupply for rxTba claim rx9262, using default of 30 days
Missing daysSupply for rxTba claim rx9263, using default of 30 days
Missing daysSupply for rxTba claim rx9264, using default of 30 days
Missing daysSupply for rxTba claim rx9265, using default of 30 days
Missing daysSupply for rxTba claim rx9266, using default of 30 days
Missing daysSupply for rxTba claim rx9267, using default of 30 days
Missing daysSupply for rxTba claim rx9268, using default of 30 days
Missing daysSupply for rxTba claim rx9269, using default of 30 days
Missing daysSupply for rxTba claim rx9270, using default of 30 days
Missing daysSupply for rxTba claim rx9271, using default of 30 days
Missing daysSupply for rxTba claim rx9272, using default of 30 days
Missing daysSupply for rxTba claim rx9273, using default of 30 days
Missing daysSupply for rxTba claim rx9274, using default of 30 days
Missing daysSupply for rxTba claim rx9275, using default of 30 days
Missing daysSupply for rxTba claim rx9276, using default of 30 days
Missing daysSupply for rxTba claim rx9277, using default of 30 days
Missing daysSupply for rxTba claim rx9278, using default of 30 days
Missing daysSupply for rxTba claim rx9279, using default of 30 days
Missing daysSupply for rxTba claim rx9280, using default of 30 days
Missing daysSupply for rxTba claim rx9281, using default of 30 days
Missing daysSupply for rxTba claim rx9282, using default of 30 days
Missing daysSupply for rxTba claim rx9283, using default of 30 days
Missing daysSupply for rxTba claim rx9284, using default of 30 days
Missing daysSupply for rxTba claim rx9285, using default of 30 days
Missing daysSupply for rxTba claim rx9286, using default of 30 days
Missing daysSupply for rxTba claim rx9287, using default of 30 days
Missing daysSupply for rxTba claim rx9288, using default of 30 days
Missing daysSupply for rxTba claim rx9289, using default of 30 days
Missing daysSupply for rxTba claim rx9290, using default of 30 days
Missing daysSupply for rxTba claim rx9291, using default of 30 days
Missing daysSupply for rxTba claim rx9292, using default of 30 days
Missing daysSupply for rxTba claim rx9293, using default of 30 days
Missing daysSupply for rxTba claim rx9294, using default of 30 days
Missing daysSupply for rxTba claim rx9295, using default of 30 days
Missing daysSupply for rxTba claim rx9296, using default of 30 days
Missing daysSupply for rxTba claim rx9297, using default of 30 days
Missing daysSupply for rxTba claim rx9298, using default of 30 days
Missing daysSupply for rxTba claim rx9299, using default of 30 days
Missing daysSupply for rxTba claim rx9300, using default of 30 days
Missing daysSupply for rxTba claim rx9301, using default of 30 days
Missing daysSupply for rxTba claim rx9302, using default of 30 days
Missing daysSupply for rxTba claim rx9303, using default of 30 days
Missing daysSupply for rxTba claim rx9304, using default of 30 days
Missing daysSupply for rxTba claim rx9305, using default of 30 days
Missing daysSupply for rxTba claim rx9306, using default of 30 days
Missing daysSupply for rxTba claim rx9307, using default of 30 days
Missing daysSupply for rxTba claim rx9308, using default of 30 days
Missing daysSupply for rxTba claim rx9309, using default of 30 days
Missing daysSupply for rxTba claim rx9310, using default of 30 days
Missing daysSupply for rxTba claim rx9311, using default of 30 days
Missing daysSupply for rxTba claim rx9312, using default of 30 days
Missing daysSupply for rxTba claim rx9313, using default of 30 days
Missing daysSupply for rxTba claim rx9314, using default of 30 days
Missing daysSupply for rxTba claim rx9315, using default of 30 days
Missing daysSupply for rxTba claim rx9316, using default of 30 days
Missing daysSupply for rxTba claim rx9317, using default of 30 days
Missing daysSupply for rxTba claim rx9318, using default of 30 days
Missing daysSupply for rxTba claim rx9319, using default of 30 days
Missing daysSupply for rxTba claim rx9320, using default of 30 days
Missing daysSupply for rxTba claim rx9321, using default of 30 days
Missing daysSupply for rxTba claim rx9322, using default of 30 days
Missing daysSupply for rxTba claim rx9323, using default of 30 days
Missing daysSupply for rxTba claim rx9324, using default of 30 days
Missing daysSupply for rxTba claim rx9325, using default of 30 days
Missing daysSupply for rxTba claim rx9326, using default of 30 days
Missing daysSupply for rxTba claim rx9327, using default of 30 days
Missing daysSupply for rxTba claim rx9328, using default of 30 days
Missing daysSupply for rxTba claim rx9329, using default of 30 days
Missing daysSupply for rxTba claim rx9330, using default of 30 days
Missing daysSupply for rxTba claim rx9331, using default of 30 days
Missing daysSupply for rxTba claim rx9332, using default of 30 days
Missing daysSupply for rxTba claim rx9333, using default of 30 days
Missing daysSupply for rxTba claim rx9334, using default of 30 days
Missing daysSupply for rxTba claim rx9335, using default of 30 days
Missing daysSupply for rxTba claim rx9336, using default of 30 days
Missing daysSupply for rxTba claim rx9337, using default of 30 days
Missing daysSupply for rxTba claim rx9338, using default of 30 days
Missing daysSupply for rxTba claim rx9339, using default of 30 days
Missing daysSupply for rxTba claim rx9340, using default of 30 days
Missing daysSupply for rxTba claim rx9341, using default of 30 days
Missing daysSupply for rxTba claim rx9342, using default of 30 days
Missing daysSupply for rxTba claim rx9343, using default of 30 days
Missing daysSupply for rxTba claim rx9344, using default of 30 days
Missing daysSupply for rxTba claim rx9345, using default of 30 days
Missing daysSupply for rxTba claim rx9346, using default of 30 days
Missing daysSupply for rxTba claim rx9347, using default of 30 days
Missing daysSupply for rxTba claim rx9348, using default of 30 days
Missing daysSupply for rxTba claim rx9349, using default of 30 days
Missing daysSupply for rxTba claim rx9350, using default of 30 days
Missing daysSupply for rxTba claim rx9351, using default of 30 days
Missing daysSupply for rxTba claim rx9352, using default of 30 days
Missing daysSupply for rxTba claim rx9353, using default of 30 days
Missing daysSupply for rxTba claim rx9354, using default of 30 days
Missing daysSupply for rxTba claim rx9355, using default of 30 days
Missing daysSupply for rxTba claim rx9356, using default of 30 days
Missing daysSupply for rxTba claim rx9357, using default of 30 days
Missing daysSupply for rxTba claim rx9358, using default of 30 days
Missing daysSupply for rxTba claim rx9359, using default of 30 days
Missing daysSupply for rxTba claim rx9360, using default of 30 days
Missing daysSupply for rxTba claim rx9361, using default of 30 days
Missing daysSupply for rxTba claim rx9362, using default of 30 days
Missing daysSupply for rxTba claim rx9363, using default of 30 days
Missing daysSupply for rxTba claim rx9364, using default of 30 days
Missing daysSupply for rxTba claim rx9365, using default of 30 days
Missing daysSupply for rxTba claim rx9366, using default of 30 days
Missing daysSupply for rxTba claim rx9367, using default of 30 days
Missing daysSupply for rxTba claim rx9368, using default of 30 days
Missing daysSupply for rxTba claim rx9369, using default of 30 days
Missing daysSupply for rxTba claim rx9370, using default of 30 days
Missing daysSupply for rxTba claim rx9371, using default of 30 days
Missing daysSupply for rxTba claim rx9372, using default of 30 days
Missing daysSupply for rxTba claim rx9373, using default of 30 days
Missing daysSupply for rxTba claim rx9374, using default of 30 days
Missing daysSupply for rxTba claim rx9375, using default of 30 days
Missing daysSupply for rxTba claim rx9376, using default of 30 days
Missing daysSupply for rxTba claim rx9377, using default of 30 days
Missing daysSupply for rxTba claim rx9378, using default of 30 days
Missing daysSupply for rxTba claim rx9379, using default of 30 days
Missing daysSupply for rxTba claim rx9380, using default of 30 days
Missing daysSupply for rxTba claim rx9381, using default of 30 days
Missing daysSupply for rxTba claim rx9382, using default of 30 days
Missing daysSupply for rxTba claim rx9383, using default of 30 days
Missing daysSupply for rxTba claim rx9384, using default of 30 days
Missing daysSupply for rxTba claim rx9385, using default of 30 days
Missing daysSupply for rxTba claim rx9386, using default of 30 days
Missing daysSupply for rxTba claim rx9387, using default of 30 days
Missing daysSupply for rxTba claim rx9388, using default of 30 days
Missing daysSupply for rxTba claim rx9389, using default of 30 days
Missing daysSupply for rxTba claim rx9390, using default of 30 days
Missing daysSupply for rxTba claim rx9391, using default of 30 days
Missing daysSupply for rxTba claim rx9392, using default of 30 days
Missing daysSupply for rxTba claim rx9393, using default of 30 days
Missing daysSupply for rxTba claim rx9394, using default of 30 days
Missing daysSupply for rxTba claim rx9395, using default of 30 days
Missing daysSupply for rxTba claim rx9396, using default of 30 days
Missing daysSupply for rxTba claim rx9397, using default of 30 days
Missing daysSupply for rxTba claim rx9398, using default of 30 days
Missing daysSupply for rxTba claim rx9399, using default of 30 days
Missing daysSupply for rxTba claim rx9400, using default of 30 days
Missing daysSupply for rxTba claim rx9401, using default of 30 days
Missing daysSupply for rxTba claim rx9402, using default of 30 days
Missing daysSupply for rxTba claim rx9403, using default of 30 days
Missing daysSupply for rxTba claim rx9404, using default of 30 days
Missing daysSupply for rxTba claim rx9405, using default of 30 days
Missing daysSupply for rxTba claim rx9406, using default of 30 days
Missing daysSupply for rxTba claim rx9407, using default of 30 days
Missing daysSupply for rxTba claim rx9408, using default of 30 days
Missing daysSupply for rxTba claim rx9409, using default of 30 days
Missing daysSupply for rxTba claim rx9410, using default of 30 days
Missing daysSupply for rxTba claim rx9411, using default of 30 days
Missing daysSupply for rxTba claim rx9412, using default of 30 days
Missing daysSupply for rxTba claim rx9413, using default of 30 days
Missing daysSupply for rxTba claim rx9414, using default of 30 days
Missing daysSupply for rxTba claim rx9415, using default of 30 days
Missing daysSupply for rxTba claim rx9416, using default of 30 days
Missing daysSupply for rxTba claim rx9417, using default of 30 days
Missing daysSupply for rxTba claim rx9418, using default of 30 days
Missing daysSupply for rxTba claim rx9419, using default of 30 days
Missing daysSupply for rxTba claim rx9420, using default of 30 days
Missing daysSupply for rxTba claim rx9421, using default of 30 days
Missing daysSupply for rxTba claim rx9422, using default of 30 days
Missing daysSupply for rxTba claim rx9423, using default of 30 days
Missing daysSupply for rxTba claim rx9424, using default of 30 days
Missing daysSupply for rxTba claim rx9425, using default of 30 days
Missing daysSupply for rxTba claim rx9426, using default of 30 days
Missing daysSupply for rxTba claim rx9427, using default of 30 days
Missing daysSupply for rxTba claim rx9428, using default of 30 days
Missing daysSupply for rxTba claim rx9429, using default of 30 days
Missing daysSupply for rxTba claim rx9430, using default of 30 days
Missing daysSupply for rxTba claim rx9431, using default of 30 days
Missing daysSupply for rxTba claim rx9432, using default of 30 days
Missing daysSupply for rxTba claim rx9433, using default of 30 days
Missing daysSupply for rxTba claim rx9434, using default of 30 days
Missing daysSupply for rxTba claim rx9435, using default of 30 days
Missing daysSupply for rxTba claim rx9436, using default of 30 days
Missing daysSupply for rxTba claim rx9437, using default of 30 days
Missing daysSupply for rxTba claim rx9438, using default of 30 days
Missing daysSupply for rxTba claim rx9439, using default of 30 days
Missing daysSupply for rxTba claim rx9440, using default of 30 days
Missing daysSupply for rxTba claim rx9441, using default of 30 days
Missing daysSupply for rxTba claim rx9442, using default of 30 days
Missing daysSupply for rxTba claim rx9443, using default of 30 days
Missing daysSupply for rxTba claim rx9444, using default of 30 days
Missing daysSupply for rxTba claim rx9445, using default of 30 days
Missing daysSupply for rxTba claim rx9446, using default of 30 days
Missing daysSupply for rxTba claim rx9447, using default of 30 days
Missing daysSupply for rxTba claim rx9448, using default of 30 days
Missing daysSupply for rxTba claim rx9449, using default of 30 days
Missing daysSupply for rxTba claim rx9450, using default of 30 days
Missing daysSupply for rxTba claim rx9451, using default of 30 days
Missing daysSupply for rxTba claim rx9452, using default of 30 days
Missing daysSupply for rxTba claim rx9453, using default of 30 days
Missing daysSupply for rxTba claim rx9454, using default of 30 days
Missing daysSupply for rxTba claim rx9455, using default of 30 days
Missing daysSupply for rxTba claim rx9456, using default of 30 days
Missing daysSupply for rxTba claim rx9457, using default of 30 days
Missing daysSupply for rxTba claim rx9458, using default of 30 days
Missing daysSupply for rxTba claim rx9459, using default of 30 days
Missing daysSupply for rxTba claim rx9460, using default of 30 days
Missing daysSupply for rxTba claim rx9461, using default of 30 days
Missing daysSupply for rxTba claim rx9462, using default of 30 days
Missing daysSupply for rxTba claim rx9463, using default of 30 days
Missing daysSupply for rxTba claim rx9464, using default of 30 days
Missing daysSupply for rxTba claim rx9465, using default of 30 days
Missing daysSupply for rxTba claim rx9466, using default of 30 days
Missing daysSupply for rxTba claim rx9467, using default of 30 days
Missing daysSupply for rxTba claim rx9468, using default of 30 days
Missing daysSupply for rxTba claim rx9469, using default of 30 days
Missing daysSupply for rxTba claim rx9470, using default of 30 days
Missing daysSupply for rxTba claim rx9471, using default of 30 days
Missing daysSupply for rxTba claim rx9472, using default of 30 days
Missing daysSupply for rxTba claim rx9473, using default of 30 days
Missing daysSupply for rxTba claim rx9474, using default of 30 days
Missing daysSupply for rxTba claim rx9475, using default of 30 days
Missing daysSupply for rxTba claim rx9476, using default of 30 days
Missing daysSupply for rxTba claim rx9477, using default of 30 days
Missing daysSupply for rxTba claim rx9478, using default of 30 days
Missing daysSupply for rxTba claim rx9479, using default of 30 days
Missing daysSupply for rxTba claim rx9480, using default of 30 days
Missing daysSupply for rxTba claim rx9481, using default of 30 days
Missing daysSupply for rxTba claim rx9482, using default of 30 days
Missing daysSupply for rxTba claim rx9483, using default of 30 days
Missing daysSupply for rxTba claim rx9484, using default of 30 days
Missing daysSupply for rxTba claim rx9485, using default of 30 days
Missing daysSupply for rxTba claim rx9486, using default of 30 days
Missing daysSupply for rxTba claim rx9487, using default of 30 days
Missing daysSupply for rxTba claim rx9488, using default of 30 days
Missing daysSupply for rxTba claim rx9489, using default of 30 days
Missing daysSupply for rxTba claim rx9490, using default of 30 days
Missing daysSupply for rxTba claim rx9491, using default of 30 days
Missing daysSupply for rxTba claim rx9492, using default of 30 days
Missing daysSupply for rxTba claim rx9493, using default of 30 days
Missing daysSupply for rxTba claim rx9494, using default of 30 days
Missing daysSupply for rxTba claim rx9495, using default of 30 days
Missing daysSupply for rxTba claim rx9496, using default of 30 days
Missing daysSupply for rxTba claim rx9497, using default of 30 days
Missing daysSupply for rxTba claim rx9498, using default of 30 days
Missing daysSupply for rxTba claim rx9499, using default of 30 days
Missing daysSupply for rxTba claim rx9500, using default of 30 days
Missing daysSupply for rxTba claim rx9501, using default of 30 days
Missing daysSupply for rxTba claim rx9502, using default of 30 days
Missing daysSupply for rxTba claim rx9503, using default of 30 days
Missing daysSupply for rxTba claim rx9504, using default of 30 days
Missing daysSupply for rxTba claim rx9505, using default of 30 days
Missing daysSupply for rxTba claim rx9506, using default of 30 days
Missing daysSupply for rxTba claim rx9507, using default of 30 days
Missing daysSupply for rxTba claim rx9508, using default of 30 days
Missing daysSupply for rxTba claim rx9509, using default of 30 days
Missing daysSupply for rxTba claim rx9510, using default of 30 days
Missing daysSupply for rxTba claim rx9511, using default of 30 days
Missing daysSupply for rxTba claim rx9512, using default of 30 days
Missing daysSupply for rxTba claim rx9513, using default of 30 days
Missing daysSupply for rxTba claim rx9514, using default of 30 days
Missing daysSupply for rxTba claim rx9515, using default of 30 days
Missing daysSupply for rxTba claim rx9516, using default of 30 days
Missing daysSupply for rxTba claim rx9517, using default of 30 days
Missing daysSupply for rxTba claim rx9518, using default of 30 days
Missing daysSupply for rxTba claim rx9519, using default of 30 days
Missing daysSupply for rxTba claim rx9520, using default of 30 days
Missing daysSupply for rxTba claim rx9521, using default of 30 days
Missing daysSupply for rxTba claim rx9522, using default of 30 days
Missing daysSupply for rxTba claim rx9523, using default of 30 days
Missing daysSupply for rxTba claim rx9524, using default of 30 days
Missing daysSupply for rxTba claim rx9525, using default of 30 days
Missing daysSupply for rxTba claim rx9526, using default of 30 days
Missing daysSupply for rxTba claim rx9527, using default of 30 days
Missing daysSupply for rxTba claim rx9528, using default of 30 days
Missing daysSupply for rxTba claim rx9529, using default of 30 days
Missing daysSupply for rxTba claim rx9530, using default of 30 days
Missing daysSupply for rxTba claim rx9531, using default of 30 days
Missing daysSupply for rxTba claim rx9532, using default of 30 days
Missing daysSupply for rxTba claim rx9533, using default of 30 days
Missing daysSupply for rxTba claim rx9534, using default of 30 days
Missing daysSupply for rxTba claim rx9535, using default of 30 days
Missing daysSupply for rxTba claim rx9536, using default of 30 days
Missing daysSupply for rxTba claim rx9537, using default of 30 days
Missing daysSupply for rxTba claim rx9538, using default of 30 days
Missing daysSupply for rxTba claim rx9539, using default of 30 days
Missing daysSupply for rxTba claim rx9540, using default of 30 days
Missing daysSupply for rxTba claim rx9541, using default of 30 days
Missing daysSupply for rxTba claim rx9542, using default of 30 days
Missing daysSupply for rxTba claim rx9543, using default of 30 days
Missing daysSupply for rxTba claim rx9544, using default of 30 days
Missing daysSupply for rxTba claim rx9545, using default of 30 days
Missing daysSupply for rxTba claim rx9546, using default of 30 days
Missing daysSupply for rxTba claim rx9547, using default of 30 days
Missing daysSupply for rxTba claim rx9548, using default of 30 days
Missing daysSupply for rxTba claim rx9549, using default of 30 days
Missing daysSupply for rxTba claim rx9550, using default of 30 days
Missing daysSupply for rxTba claim rx9551, using default of 30 days
Missing daysSupply for rxTba claim rx9552, using default of 30 days
Missing daysSupply for rxTba claim rx9553, using default of 30 days
Missing daysSupply for rxTba claim rx9554, using default of 30 days
Missing daysSupply for rxTba claim rx9555, using default of 30 days
Missing daysSupply for rxTba claim rx9556, using default of 30 days
Missing daysSupply for rxTba claim rx9557, using default of 30 days
Missing daysSupply for rxTba claim rx9558, using default of 30 days
Missing daysSupply for rxTba claim rx9559, using default of 30 days
Missing daysSupply for rxTba claim rx9560, using default of 30 days
Missing daysSupply for rxTba claim rx9561, using default of 30 days
Missing daysSupply for rxTba claim rx9562, using default of 30 days
Missing daysSupply for rxTba claim rx9563, using default of 30 days
Missing daysSupply for rxTba claim rx9564, using default of 30 days
Missing daysSupply for rxTba claim rx9565, using default of 30 days
Missing daysSupply for rxTba claim rx9566, using default of 30 days
Missing daysSupply for rxTba claim rx9567, using default of 30 days
Missing daysSupply for rxTba claim rx9568, using default of 30 days
Missing daysSupply for rxTba claim rx9569, using default of 30 days
Missing daysSupply for rxTba claim rx9570, using default of 30 days
Missing daysSupply for rxTba claim rx9571, using default of 30 days
Missing daysSupply for rxTba claim rx9572, using default of 30 days
Missing daysSupply for rxTba claim rx9573, using default of 30 days
Missing daysSupply for rxTba claim rx9574, using default of 30 days
Missing daysSupply for rxTba claim rx9575, using default of 30 days
Missing daysSupply for rxTba claim rx9576, using default of 30 days
Missing daysSupply for rxTba claim rx9577, using default of 30 days
Missing daysSupply for rxTba claim rx9578, using default of 30 days
Missing daysSupply for rxTba claim rx9579, using default of 30 days
Missing daysSupply for rxTba claim rx9580, using default of 30 days
Missing daysSupply for rxTba claim rx9581, using default of 30 days
Missing daysSupply for rxTba claim rx9582, using default of 30 days
Missing daysSupply for rxTba claim rx9583, using default of 30 days
Missing daysSupply for rxTba claim rx9584, using default of 30 days
Missing daysSupply for rxTba claim rx9585, using default of 30 days
Missing daysSupply for rxTba claim rx9586, using default of 30 days
Missing daysSupply for rxTba claim rx9587, using default of 30 days
Missing daysSupply for rxTba claim rx9588, using default of 30 days
Missing daysSupply for rxTba claim rx9589, using default of 30 days
Missing daysSupply for rxTba claim rx9590, using default of 30 days
Missing daysSupply for rxTba claim rx9591, using default of 30 days
Missing daysSupply for rxTba claim rx9592, using default of 30 days
Missing daysSupply for rxTba claim rx9593, using default of 30 days
Missing daysSupply for rxTba claim rx9594, using default of 30 days
Missing daysSupply for rxTba claim rx9595, using default of 30 days
Missing daysSupply for rxTba claim rx9596, using default of 30 days
Missing daysSupply for rxTba claim rx9597, using default of 30 days
Missing daysSupply for rxTba claim rx9598, using default of 30 days
Missing daysSupply for rxTba claim rx9599, using default of 30 days
Missing daysSupply for rxTba claim rx9600, using default of 30 days
Missing daysSupply for rxTba claim rx9601, using default of 30 days
Missing daysSupply for rxTba claim rx9602, using default of 30 days
Missing daysSupply for rxTba claim rx9603, using default of 30 days
Missing daysSupply for rxTba claim rx9604, using default of 30 days
Missing daysSupply for rxTba claim rx9605, using default of 30 days
Missing daysSupply for rxTba claim rx9606, using default of 30 days
Missing daysSupply for rxTba claim rx9607, using default of 30 days
Missing daysSupply for rxTba claim rx9608, using default of 30 days
Missing daysSupply for rxTba claim rx9609, using default of 30 days
Missing daysSupply for rxTba claim rx9610, using default of 30 days
Missing daysSupply for rxTba claim rx9611, using default of 30 days
Missing daysSupply for rxTba claim rx9612, using default of 30 days
Missing daysSupply for rxTba claim rx9613, using default of 30 days
Missing daysSupply for rxTba claim rx9614, using default of 30 days
Missing daysSupply for rxTba claim rx9615, using default of 30 days
Missing daysSupply for rxTba claim rx9616, using default of 30 days
Missing daysSupply for rxTba claim rx9617, using default of 30 days
Missing daysSupply for rxTba claim rx9618, using default of 30 days
Missing daysSupply for rxTba claim rx9619, using default of 30 days
Missing daysSupply for rxTba claim rx9620, using default of 30 days
Missing daysSupply for rxTba claim rx9621, using default of 30 days
Missing daysSupply for rxTba claim rx9622, using default of 30 days
Missing daysSupply for rxTba claim rx9623, using default of 30 days
Missing daysSupply for rxTba claim rx9624, using default of 30 days
Missing daysSupply for rxTba claim rx9625, using default of 30 days
Missing daysSupply for rxTba claim rx9626, using default of 30 days
Missing daysSupply for rxTba claim rx9627, using default of 30 days
Missing daysSupply for rxTba claim rx9628, using default of 30 days
Missing daysSupply for rxTba claim rx9629, using default of 30 days
Missing daysSupply for rxTba claim rx9630, using default of 30 days
Missing daysSupply for rxTba claim rx9631, using default of 30 days
Missing daysSupply for rxTba claim rx9632, using default of 30 days
Missing daysSupply for rxTba claim rx9633, using default of 30 days
Missing daysSupply for rxTba claim rx9634, using default of 30 days
Missing daysSupply for rxTba claim rx9635, using default of 30 days
Missing daysSupply for rxTba claim rx9636, using default of 30 days
Missing daysSupply for rxTba claim rx9637, using default of 30 days
Missing daysSupply for rxTba claim rx9638, using default of 30 days
Missing daysSupply for rxTba claim rx9639, using default of 30 days
Missing daysSupply for rxTba claim rx9640, using default of 30 days
Missing daysSupply for rxTba claim rx9641, using default of 30 days
Missing daysSupply for rxTba claim rx9642, using default of 30 days
Missing daysSupply for rxTba claim rx9643, using default of 30 days
Missing daysSupply for rxTba claim rx9644, using default of 30 days
Missing daysSupply for rxTba claim rx9645, using default of 30 days
Missing daysSupply for rxTba claim rx9646, using default of 30 days
Missing daysSupply for rxTba claim rx9647, using default of 30 days
Missing daysSupply for rxTba claim rx9648, using default of 30 days
Missing daysSupply for rxTba claim rx9649, using default of 30 days
Missing daysSupply for rxTba claim rx9650, using default of 30 days
Missing daysSupply for rxTba claim rx9651, using default of 30 days
Missing daysSupply for rxTba claim rx9652, using default of 30 days
Missing daysSupply for rxTba claim rx9653, using default of 30 days
Missing daysSupply for rxTba claim rx9654, using default of 30 days
Missing daysSupply for rxTba claim rx9655, using default of 30 days
Missing daysSupply for rxTba claim rx9656, using default of 30 days
Missing daysSupply for rxTba claim rx9657, using default of 30 days
Missing daysSupply for rxTba claim rx9658, using default of 30 days
Missing daysSupply for rxTba claim rx9659, using default of 30 days
Missing daysSupply for rxTba claim rx9660, using default of 30 days
Missing daysSupply for rxTba claim rx9661, using default of 30 days
Missing daysSupply for rxTba claim rx9662, using default of 30 days
Missing daysSupply for rxTba claim rx9663, using default of 30 days
Missing daysSupply for rxTba claim rx9664, using default of 30 days
Missing daysSupply for rxTba claim rx9665, using default of 30 days
Missing daysSupply for rxTba claim rx9666, using default of 30 days
Missing daysSupply for rxTba claim rx9667, using default of 30 days
Missing daysSupply for rxTba claim rx9668, using default of 30 days
Missing daysSupply for rxTba claim rx9669, using default of 30 days
Missing daysSupply for rxTba claim rx9670, using default of 30 days
Missing daysSupply for rxTba claim rx9671, using default of 30 days
Missing daysSupply for rxTba claim rx9672, using default of 30 days
Missing daysSupply for rxTba claim rx9673, using default of 30 days
Missing daysSupply for rxTba claim rx9674, using default of 30 days
Missing daysSupply for rxTba claim rx9675, using default of 30 days
Missing daysSupply for rxTba claim rx9676, using default of 30 days
Missing daysSupply for rxTba claim rx9677, using default of 30 days
Missing daysSupply for rxTba claim rx9678, using default of 30 days
Missing daysSupply for rxTba claim rx9679, using default of 30 days
Missing daysSupply for rxTba claim rx9680, using default of 30 days
Missing daysSupply for rxTba claim rx9681, using default of 30 days
Missing daysSupply for rxTba claim rx9682, using default of 30 days
Missing daysSupply for rxTba claim rx9683, using default of 30 days
Missing daysSupply for rxTba claim rx9684, using default of 30 days
Missing daysSupply for rxTba claim rx9685, using default of 30 days
Missing daysSupply for rxTba claim rx9686, using default of 30 days
Missing daysSupply for rxTba claim rx9687, using default of 30 days
Missing daysSupply for rxTba claim rx9688, using default of 30 days
Missing daysSupply for rxTba claim rx9689, using default of 30 days
Missing daysSupply for rxTba claim rx9690, using default of 30 days
Missing daysSupply for rxTba claim rx9691, using default of 30 days
Missing daysSupply for rxTba claim rx9692, using default of 30 days
Missing daysSupply for rxTba claim rx9693, using default of 30 days
Missing daysSupply for rxTba claim rx9694, using default of 30 days
Missing daysSupply for rxTba claim rx9695, using default of 30 days
Missing daysSupply for rxTba claim rx9696, using default of 30 days
Missing daysSupply for rxTba claim rx9697, using default of 30 days
Missing daysSupply for rxTba claim rx9698, using default of 30 days
Missing daysSupply for rxTba claim rx9699, using default of 30 days
Missing daysSupply for rxTba claim rx9700, using default of 30 days
Missing daysSupply for rxTba claim rx9701, using default of 30 days
Missing daysSupply for rxTba claim rx9702, using default of 30 days
Missing daysSupply for rxTba claim rx9703, using default of 30 days
Missing daysSupply for rxTba claim rx9704, using default of 30 days
Missing daysSupply for rxTba claim rx9705, using default of 30 days
Missing daysSupply for rxTba claim rx9706, using default of 30 days
Missing daysSupply for rxTba claim rx9707, using default of 30 days
Missing daysSupply for rxTba claim rx9708, using default of 30 days
Missing daysSupply for rxTba claim rx9709, using default of 30 days
Missing daysSupply for rxTba claim rx9710, using default of 30 days
Missing daysSupply for rxTba claim rx9711, using default of 30 days
Missing daysSupply for rxTba claim rx9712, using default of 30 days
Missing daysSupply for rxTba claim rx9713, using default of 30 days
Missing daysSupply for rxTba claim rx9714, using default of 30 days
Missing daysSupply for rxTba claim rx9715, using default of 30 days
Missing daysSupply for rxTba claim rx9716, using default of 30 days
Missing daysSupply for rxTba claim rx9717, using default of 30 days
Missing daysSupply for rxTba claim rx9718, using default of 30 days
Missing daysSupply for rxTba claim rx9719, using default of 30 days
Missing daysSupply for rxTba claim rx9720, using default of 30 days
Missing daysSupply for rxTba claim rx9721, using default of 30 days
Missing daysSupply for rxTba claim rx9722, using default of 30 days
Missing daysSupply for rxTba claim rx9723, using default of 30 days
Missing daysSupply for rxTba claim rx9724, using default of 30 days
Missing daysSupply for rxTba claim rx9725, using default of 30 days
Missing daysSupply for rxTba claim rx9726, using default of 30 days
Missing daysSupply for rxTba claim rx9727, using default of 30 days
Missing daysSupply for rxTba claim rx9728, using default of 30 days
Missing daysSupply for rxTba claim rx9729, using default of 30 days
Missing daysSupply for rxTba claim rx9730, using default of 30 days
Missing daysSupply for rxTba claim rx9731, using default of 30 days
Missing daysSupply for rxTba claim rx9732, using default of 30 days
Missing daysSupply for rxTba claim rx9733, using default of 30 days
Missing daysSupply for rxTba claim rx9734, using default of 30 days
Missing daysSupply for rxTba claim rx9735, using default of 30 days
Missing daysSupply for rxTba claim rx9736, using default of 30 days
Missing daysSupply for rxTba claim rx9737, using default of 30 days
Missing daysSupply for rxTba claim rx9738, using default of 30 days
Missing daysSupply for rxTba claim rx9739, using default of 30 days
Missing daysSupply for rxTba claim rx9740, using default of 30 days
Missing daysSupply for rxTba claim rx9741, using default of 30 days
Missing daysSupply for rxTba claim rx9742, using default of 30 days
Missing daysSupply for rxTba claim rx9743, using default of 30 days
Missing daysSupply for rxTba claim rx9744, using default of 30 days
Missing daysSupply for rxTba claim rx9745, using default of 30 days
Missing daysSupply for rxTba claim rx9746, using default of 30 days
Missing daysSupply for rxTba claim rx9747, using default of 30 days
Missing daysSupply for rxTba claim rx9748, using default of 30 days
Missing daysSupply for rxTba claim rx9749, using default of 30 days
Missing daysSupply for rxTba claim rx9750, using default of 30 days
Missing daysSupply for rxTba claim rx9751, using default of 30 days
Missing daysSupply for rxTba claim rx9752, using default of 30 days
Missing daysSupply for rxTba claim rx9753, using default of 30 days
Missing daysSupply for rxTba claim rx9754, using default of 30 days
Missing daysSupply for rxTba claim rx9755, using default of 30 days
Missing daysSupply for rxTba claim rx9756, using default of 30 days
Missing daysSupply for rxTba claim rx9757, using default of 30 days
Missing daysSupply for rxTba claim rx9758, using default of 30 days
Missing daysSupply for rxTba claim rx9759, using default of 30 days
Missing daysSupply for rxTba claim rx9760, using default of 30 days
Missing daysSupply for rxTba claim rx9761, using default of 30 days
Missing daysSupply for rxTba claim rx9762, using default of 30 days
Missing daysSupply for rxTba claim rx9763, using default of 30 days
Missing daysSupply for rxTba claim rx9764, using default of 30 days
Missing daysSupply for rxTba claim rx9765, using default of 30 days
Missing daysSupply for rxTba claim rx9766, using default of 30 days
Missing daysSupply for rxTba claim rx9767, using default of 30 days
Missing daysSupply for rxTba claim rx9768, using default of 30 days
Missing daysSupply for rxTba claim rx9769, using default of 30 days
Missing daysSupply for rxTba claim rx9770, using default of 30 days
Missing daysSupply for rxTba claim rx9771, using default of 30 days
Missing daysSupply for rxTba claim rx9772, using default of 30 days
Missing daysSupply for rxTba claim rx9773, using default of 30 days
Missing daysSupply for rxTba claim rx9774, using default of 30 days
Missing daysSupply for rxTba claim rx9775, using default of 30 days
Missing daysSupply for rxTba claim rx9776, using default of 30 days
Missing daysSupply for rxTba claim rx9777, using default of 30 days
Missing daysSupply for rxTba claim rx9778, using default of 30 days
Missing daysSupply for rxTba claim rx9779, using default of 30 days
Missing daysSupply for rxTba claim rx9780, using default of 30 days
Missing daysSupply for rxTba claim rx9781, using default of 30 days
Missing daysSupply for rxTba claim rx9782, using default of 30 days
Missing daysSupply for rxTba claim rx9783, using default of 30 days
Missing daysSupply for rxTba claim rx9784, using default of 30 days
Missing daysSupply for rxTba claim rx9785, using default of 30 days
Missing daysSupply for rxTba claim rx9786, using default of 30 days
Missing daysSupply for rxTba claim rx9787, using default of 30 days
Missing daysSupply for rxTba claim rx9788, using default of 30 days
Missing daysSupply for rxTba claim rx9789, using default of 30 days
Missing daysSupply for rxTba claim rx9790, using default of 30 days
Missing daysSupply for rxTba claim rx9791, using default of 30 days
Missing daysSupply for rxTba claim rx9792, using default of 30 days
Missing daysSupply for rxTba claim rx9793, using default of 30 days
Missing daysSupply for rxTba claim rx9794, using default of 30 days
Missing daysSupply for rxTba claim rx9795, using default of 30 days
Missing daysSupply for rxTba claim rx9796, using default of 30 days
Missing daysSupply for rxTba claim rx9797, using default of 30 days
Missing daysSupply for rxTba claim rx9798, using default of 30 days
Missing daysSupply for rxTba claim rx9799, using default of 30 days
Missing daysSupply for rxTba claim rx9800, using default of 30 days
Missing daysSupply for rxTba claim rx9801, using default of 30 days
Missing daysSupply for rxTba claim rx9802, using default of 30 days
Missing daysSupply for rxTba claim rx9803, using default of 30 days
Missing daysSupply for rxTba claim rx9804, using default of 30 days
Missing daysSupply for rxTba claim rx9805, using default of 30 days
Missing daysSupply for rxTba claim rx9806, using default of 30 days
Missing daysSupply for rxTba claim rx9807, using default of 30 days
Missing daysSupply for rxTba claim rx9808, using default of 30 days
Missing daysSupply for rxTba claim rx9809, using default of 30 days
Missing daysSupply for rxTba claim rx9810, using default of 30 days
Missing daysSupply for rxTba claim rx9811, using default of 30 days
Missing daysSupply for rxTba claim rx9812, using default of 30 days
Missing daysSupply for rxTba claim rx9813, using default of 30 days
Missing daysSupply for rxTba claim rx9814, using default of 30 days
Missing daysSupply for rxTba claim rx9815, using default of 30 days
Missing daysSupply for rxTba claim rx9816, using default of 30 days
Missing daysSupply for rxTba claim rx9817, using default of 30 days
Missing daysSupply for rxTba claim rx9818, using default of 30 days
Missing daysSupply for rxTba claim rx9819, using default of 30 days
Missing daysSupply for rxTba claim rx9820, using default of 30 days
Missing daysSupply for rxTba claim rx9821, using default of 30 days
Missing daysSupply for rxTba claim rx9822, using default of 30 days
Missing daysSupply for rxTba claim rx9823, using default of 30 days
Missing daysSupply for rxTba claim rx9824, using default of 30 days
Missing daysSupply for rxTba claim rx9825, using default of 30 days
Missing daysSupply for rxTba claim rx9826, using default of 30 days
Missing daysSupply for rxTba claim rx9827, using default of 30 days
Missing daysSupply for rxTba claim rx9828, using default of 30 days
Missing daysSupply for rxTba claim rx9829, using default of 30 days
Missing daysSupply for rxTba claim rx9830, using default of 30 days
Missing daysSupply for rxTba claim rx9831, using default of 30 days
Missing daysSupply for rxTba claim rx9832, using default of 30 days
Missing daysSupply for rxTba claim rx9833, using default of 30 days
Missing daysSupply for rxTba claim rx9834, using default of 30 days
Missing daysSupply for rxTba claim rx9835, using default of 30 days
Missing daysSupply for rxTba claim rx9836, using default of 30 days
Missing daysSupply for rxTba claim rx9837, using default of 30 days
Missing daysSupply for rxTba claim rx9838, using default of 30 days
Missing daysSupply for rxTba claim rx9839, using default of 30 days
Missing daysSupply for rxTba claim rx9840, using default of 30 days
Missing daysSupply for rxTba claim rx9841, using default of 30 days
Missing daysSupply for rxTba claim rx9842, using default of 30 days
Missing daysSupply for rxTba claim rx9843, using default of 30 days
Missing daysSupply for rxTba claim rx9844, using default of 30 days
Missing daysSupply for rxTba claim rx9845, using default of 30 days
Missing daysSupply for rxTba claim rx9846, using default of 30 days
Missing daysSupply for rxTba claim rx9847, using default of 30 days
Missing daysSupply for rxTba claim rx9848, using default of 30 days
Missing daysSupply for rxTba claim rx9849, using default of 30 days
Missing daysSupply for rxTba claim rx9850, using default of 30 days
Missing daysSupply for rxTba claim rx9851, using default of 30 days
Missing daysSupply for rxTba claim rx9852, using default of 30 days
Missing daysSupply for rxTba claim rx9853, using default of 30 days
Missing daysSupply for rxTba claim rx9854, using default of 30 days
Missing daysSupply for rxTba claim rx9855, using default of 30 days
Missing daysSupply for rxTba claim rx9856, using default of 30 days
Missing daysSupply for rxTba claim rx9857, using default of 30 days
Missing daysSupply for rxTba claim rx9858, using default of 30 days
Missing daysSupply for rxTba claim rx9859, using default of 30 days
Missing daysSupply for rxTba claim rx9860, using default of 30 days
Missing daysSupply for rxTba claim rx9861, using default of 30 days
Missing daysSupply for rxTba claim rx9862, using default of 30 days
Missing daysSupply for rxTba claim rx9863, using default of 30 days
Missing daysSupply for rxTba claim rx9864, using default of 30 days
Missing daysSupply for rxTba claim rx9865, using default of 30 days
Missing daysSupply for rxTba claim rx9866, using default of 30 days
Missing daysSupply for rxTba claim rx9867, using default of 30 days
Missing daysSupply for rxTba claim rx9868, using default of 30 days
Missing daysSupply for rxTba claim rx9869, using default of 30 days
Missing daysSupply for rxTba claim rx9870, using default of 30 days
Missing daysSupply for rxTba claim rx9871, using default of 30 days
Missing daysSupply for rxTba claim rx9872, using default of 30 days
Missing daysSupply for rxTba claim rx9873, using default of 30 days
Missing daysSupply for rxTba claim rx9874, using default of 30 days
Missing daysSupply for rxTba claim rx9875, using default of 30 days
Missing daysSupply for rxTba claim rx9876, using default of 30 days
Missing daysSupply for rxTba claim rx9877, using default of 30 days
Missing daysSupply for rxTba claim rx9878, using default of 30 days
Missing daysSupply for rxTba claim rx9879, using default of 30 days
Missing daysSupply for rxTba claim rx9880, using default of 30 days
Missing daysSupply for rxTba claim rx9881, using default of 30 days
Missing daysSupply for rxTba claim rx9882, using default of 30 days
Missing daysSupply for rxTba claim rx9883, using default of 30 days
Missing daysSupply for rxTba claim rx9884, using default of 30 days
Missing daysSupply for rxTba claim rx9885, using default of 30 days
Missing daysSupply for rxTba claim rx9886, using default of 30 days
Missing daysSupply for rxTba claim rx9887, using default of 30 days
Missing daysSupply for rxTba claim rx9888, using default of 30 days
Missing daysSupply for rxTba claim rx9889, using default of 30 days
Missing daysSupply for rxTba claim rx9890, using default of 30 days
Missing daysSupply for rxTba claim rx9891, using default of 30 days
Missing daysSupply for rxTba claim rx9892, using default of 30 days
Missing daysSupply for rxTba claim rx9893, using default of 30 days
Missing daysSupply for rxTba claim rx9894, using default of 30 days
Missing daysSupply for rxTba claim rx9895, using default of 30 days
Missing daysSupply for rxTba claim rx9896, using default of 30 days
Missing daysSupply for rxTba claim rx9897, using default of 30 days
Missing daysSupply for rxTba claim rx9898, using default of 30 days
Missing daysSupply for rxTba claim rx9899, using default of 30 days
Missing daysSupply for rxTba claim rx9900, using default of 30 days
Missing daysSupply for rxTba claim rx9901, using default of 30 days
Missing daysSupply for rxTba claim rx9902, using default of 30 days
Missing daysSupply for rxTba claim rx9903, using default of 30 days
Missing daysSupply for rxTba claim rx9904, using default of 30 days
Missing daysSupply for rxTba claim rx9905, using default of 30 days
Missing daysSupply for rxTba claim rx9906, using default of 30 days
Missing daysSupply for rxTba claim rx9907, using default of 30 days
Missing daysSupply for rxTba claim rx9908, using default of 30 days
Missing daysSupply for rxTba claim rx9909, using default of 30 days
Missing daysSupply for rxTba claim rx9910, using default of 30 days
Missing daysSupply for rxTba claim rx9911, using default of 30 days
Missing daysSupply for rxTba claim rx9912, using default of 30 days
Missing daysSupply for rxTba claim rx9913, using default of 30 days
Missing daysSupply for rxTba claim rx9914, using default of 30 days
Missing daysSupply for rxTba claim rx9915, using default of 30 days
Missing daysSupply for rxTba claim rx9916, using default of 30 days
Missing daysSupply for rxTba claim rx9917, using default of 30 days
Missing daysSupply for rxTba claim rx9918, using default of 30 days
Missing daysSupply for rxTba claim rx9919, using default of 30 days
Missing daysSupply for rxTba claim rx9920, using default of 30 days
Missing daysSupply for rxTba claim rx9921, using default of 30 days
Missing daysSupply for rxTba claim rx9922, using default of 30 days
Missing daysSupply for rxTba claim rx9923, using default of 30 days
Missing daysSupply for rxTba claim rx9924, using default of 30 days
Missing daysSupply for rxTba claim rx9925, using default of 30 days
Missing daysSupply for rxTba claim rx9926, using default of 30 days
Missing daysSupply for rxTba claim rx9927, using default of 30 days
Missing daysSupply for rxTba claim rx9928, using default of 30 days
Missing daysSupply for rxTba claim rx9929, using default of 30 days
Missing daysSupply for rxTba claim rx9930, using default of 30 days
Missing daysSupply for rxTba claim rx9931, using default of 30 days
Missing daysSupply for rxTba claim rx9932, using default of 30 days
Missing daysSupply for rxTba claim rx9933, using default of 30 days
Missing daysSupply for rxTba claim rx9934, using default of 30 days
Missing daysSupply for rxTba claim rx9935, using default of 30 days
Missing daysSupply for rxTba claim rx9936, using default of 30 days
Missing daysSupply for rxTba claim rx9937, using default of 30 days
Missing daysSupply for rxTba claim rx9938, using default of 30 days
Missing daysSupply for rxTba claim rx9939, using default of 30 days
Missing daysSupply for rxTba claim rx9940, using default of 30 days
Missing daysSupply for rxTba claim rx9941, using default of 30 days
Missing daysSupply for rxTba claim rx9942, using default of 30 days
Missing daysSupply for rxTba claim rx9943, using default of 30 days
Missing daysSupply for rxTba claim rx9944, using default of 30 days
Missing daysSupply for rxTba claim rx9945, using default of 30 days
Missing daysSupply for rxTba claim rx9946, using default of 30 days
Missing daysSupply for rxTba claim rx9947, using default of 30 days
Missing daysSupply for rxTba claim rx9948, using default of 30 days
Missing daysSupply for rxTba claim rx9949, using default of 30 days
Missing daysSupply for rxTba claim rx9950, using default of 30 days
Missing daysSupply for rxTba claim rx9951, using default of 30 days
Missing daysSupply for rxTba claim rx9952, using default of 30 days
Missing daysSupply for rxTba claim rx9953, using default of 30 days
Missing daysSupply for rxTba claim rx9954, using default of 30 days
Missing daysSupply for rxTba claim rx9955, using default of 30 days
Missing daysSupply for rxTba claim rx9956, using default of 30 days
Missing daysSupply for rxTba claim rx9957, using default of 30 days
Missing daysSupply for rxTba claim rx9958, using default of 30 days
Missing daysSupply for rxTba claim rx9959, using default of 30 days
Missing daysSupply for rxTba claim rx9960, using default of 30 days
Missing daysSupply for rxTba claim rx9961, using default of 30 days
Missing daysSupply for rxTba claim rx9962, using default of 30 days
Missing daysSupply for rxTba claim rx9963, using default of 30 days
Missing daysSupply for rxTba claim rx9964, using default of 30 days
Missing daysSupply for rxTba claim rx9965, using default of 30 days
Missing daysSupply for rxTba claim rx9966, using default of 30 days
Missing daysSupply for rxTba claim rx9967, using default of 30 days
Missing daysSupply for rxTba claim rx9968, using default of 30 days
Missing daysSupply for rxTba claim rx9969, using default of 30 days
Missing daysSupply for rxTba claim rx9970, using default of 30 days
Missing daysSupply for rxTba claim rx9971, using default of 30 days
Missing daysSupply for rxTba claim rx9972, using default of 30 days
Missing daysSupply for rxTba claim rx9973, using default of 30 days
Missing daysSupply for rxTba claim rx9974, using default of 30 days
Missing daysSupply for rxTba claim rx9975, using default of 30 days
Missing daysSupply for rxTba claim rx9976, using default of 30 days
Missing daysSupply for rxTba claim rx9977, using default of 30 days
Missing daysSupply for rxTba claim rx9978, using default of 30 days
Missing daysSupply for rxTba claim rx9979, using default of 30 days
Missing daysSupply for rxTba claim rx9980, using default of 30 days
Missing daysSupply for rxTba claim rx9981, using default of 30 days
Missing daysSupply for rxTba claim rx9982, using default of 30 days
Missing daysSupply for rxTba claim rx9983, using default of 30 days
Missing daysSupply for rxTba claim rx9984, using default of 30 days
Missing daysSupply for rxTba claim rx9985, using default of 30 days
Missing daysSupply for rxTba claim rx9986, using default of 30 days
Missing daysSupply for rxTba claim rx9987, using default of 30 days
Missing daysSupply for rxTba claim rx9988, using default of 30 days
Missing daysSupply for rxTba claim rx9989, using default of 30 days
Missing daysSupply for rxTba claim rx9990, using default of 30 days
Missing daysSupply for rxTba claim rx9991, using default of 30 days
Missing daysSupply for rxTba claim rx9992, using default of 30 days
Missing daysSupply for rxTba claim rx9993, using default of 30 days
Missing daysSupply for rxTba claim rx9994, using default of 30 days
Missing daysSupply for rxTba claim rx9995, using default of 30 days
Missing daysSupply for rxTba claim rx9996, using default of 30 days
Missing daysSupply for rxTba claim rx9997, using default of 30 days
Missing daysSupply for rxTba claim rx9998, using default of 30 days
Missing daysSupply for rxTba claim rx9999, using default of 30 days

stderr | src/error-handling.test.ts > Error Handling and Fallback Mechanism Tests > Date Parsing Error Handling > should throw DateParseError for invalid dates
Could not parse date for rxTba claim rx1, using default date
Missing daysSupply for rxTba claim rx1, using default of 30 days

stderr | src/error-handling.test.ts > Error Handling and Fallback Mechanism Tests > Date Parsing Error Handling > should provide helpful date format suggestions
Could not parse date for rxTba claim rx1, using default date
Missing daysSupply for rxTba claim rx1, using default of 30 days

stderr | src/error-handling.test.ts > Error Handling and Fallback Mechanism Tests > Hybrid Parser Fallback Mechanisms > should fall back to simple parsing when complex parsing fails
No array found at path 'rxHistory' for claim type 'rxHistory'
No array found at path 'medHistory.claims' for claim type 'medHistory'

stderr | src/error-handling.test.ts > Error Handling and Fallback Mechanism Tests > Hybrid Parser Fallback Mechanisms > should determine appropriate parsing strategy
Missing daysSupply for rxTba claim rx1, using default of 30 days

stderr | src/error-handling.test.ts > Error Handling and Fallback Mechanism Tests > Recovery Suggestions > should provide recovery suggestions for date errors
Could not parse date for rxTba claim rx1, using default date
Missing daysSupply for rxTba claim rx1, using default of 30 days

stderr | src/error-handling.test.ts > Error Handling and Fallback Mechanism Tests > Graceful Degradation > should handle partial data corruption
Missing daysSupply for rxTba claim rx1, using default of 30 days
Could not parse date for rxTba claim rx2, using default date
Missing daysSupply for rxTba claim rx2, using default of 30 days
Missing daysSupply for rxTba claim rx3, using default of 30 days

 ✓ src/configManager.test.ts  (15 tests) 34ms
 ✓ src/advancedFeaturesSummary.test.ts  (6 tests) 36ms
stdout | src/advancedFeaturesSummary.test.ts > Advanced Features Summary - Task 9 Verification > ConfigManager Integration with Fixed Parsing > should provide valid configuration and handle both legacy and flexible formats
✅ ConfigManager integration verified

stdout | src/advancedFeaturesSummary.test.ts > Advanced Features Summary - Task 9 Verification > FlexibleClaimsParser with Custom Configurations > should work with custom configurations and handle complex scenarios
✅ FlexibleClaimsParser custom configurations verified

stdout | src/advancedFeaturesSummary.test.ts > Advanced Features Summary - Task 9 Verification > Comprehensive Error Handling Preservation > should preserve error handling capabilities
✅ Error handling preservation verified

stderr | src/advancedFeaturesSummary.test.ts > Advanced Features Summary - Task 9 Verification > Comprehensive Error Handling Preservation > should preserve error handling capabilities
No array found at path 'nonexistent.path' for claim type 'test'

stdout | src/advancedFeaturesSummary.test.ts > Advanced Features Summary - Task 9 Verification > All Extension Features and Settings > should support all configuration options and settings
✅ All extension features and settings verified

stdout | src/advancedFeaturesSummary.test.ts > Advanced Features Summary - Task 9 Verification > HybridParser Integration > should integrate with advanced features
✅ HybridParser integration verified

stdout | src/advancedFeaturesSummary.test.ts > Advanced Features Summary - Task 9 Verification > Overall Advanced Features Status > should confirm all advanced features are working
🎉 ALL ADVANCED FEATURES VERIFIED AS WORKING!
✅ ConfigManager: Legacy and flexible configuration support
✅ FlexibleClaimsParser: Custom configurations and complex scenarios
✅ Error Handling: Comprehensive error handling preserved
✅ Extension Features: All settings and configuration options
✅ HybridParser: Integration with advanced features

 ✓ src/flexibleClaimsParser.test.ts  (7 tests) 46ms
stderr | src/errorHandling.test.ts > Error Handling > Date Parsing Error Handling > should handle empty date strings
Missing dos field for rxTba claim 1, using fallback date

stderr | src/errorHandling.test.ts > Error Handling > Date Parsing Error Handling > should handle null date values
Missing dos field for rxTba claim 1, using fallback date

stderr | src/errorHandling.test.ts > Error Handling > Date Parsing Error Handling > should handle invalid date formats
Could not parse date for rxTba claim 1, using default date

stderr | src/errorHandling.test.ts > Error Handling > Date Parsing Error Handling > should provide format suggestions in date errors
Could not parse date for rxTba claim 1, using default date

stderr | src/errorHandling.test.ts > Error Handling > Partial Data Recovery > should process valid claims and skip invalid ones
Could not parse date for rxTba claim 2, using default date

stderr | src/errorHandling.test.ts > Error Handling > Partial Data Recovery > should throw error when all claims are invalid
Could not parse date for rxTba claim 1, using default date
Could not parse date for rxTba claim 2, using default date

 ❯ src/errorHandling.test.ts  (14 tests | 6 failed) 68ms
   ❯ src/errorHandling.test.ts > Error Handling > Date Parsing Error Handling > should handle empty date strings
     → expected function to throw an error, but it didn't
   ❯ src/errorHandling.test.ts > Error Handling > Date Parsing Error Handling > should handle null date values
     → expected function to throw an error, but it didn't
   ❯ src/errorHandling.test.ts > Error Handling > Date Parsing Error Handling > should handle invalid date formats
     → expected function to throw an error, but it didn't
   ❯ src/errorHandling.test.ts > Error Handling > Date Parsing Error Handling > should provide format suggestions in date errors
     → expected AssertionError{ …(6) } to be an instance of DateParseError
   ❯ src/errorHandling.test.ts > Error Handling > Partial Data Recovery > should process valid claims and skip invalid ones
     → expected [ …(3) ] to have a length of 2 but got 3
   ❯ src/errorHandling.test.ts > Error Handling > Partial Data Recovery > should throw error when all claims are invalid
     → expected function to throw an error, but it didn't
 ✓ src/timelineRenderer.test.ts  (9 tests) 39ms
stdout | src/timelineRenderer.test.ts > TimelineRenderer > createPanel > should create a new webview panel with correct configuration
=== DIAGNOSTIC: TimelineRenderer.createPanel started ===

stdout | src/timelineRenderer.test.ts > TimelineRenderer > createPanel > should set HTML content for the webview
=== DIAGNOSTIC: TimelineRenderer.createPanel started ===

stdout | src/timelineRenderer.test.ts > TimelineRenderer > createPanel > should reuse existing panel if one exists
=== DIAGNOSTIC: TimelineRenderer.createPanel started ===
=== DIAGNOSTIC: TimelineRenderer.createPanel started ===

stdout | src/timelineRenderer.test.ts > TimelineRenderer > updateData > should send updateData message to webview
=== DIAGNOSTIC: TimelineRenderer.createPanel started ===

stdout | src/timelineRenderer.test.ts > TimelineRenderer > updateData > should serialize dates to ISO strings
=== DIAGNOSTIC: TimelineRenderer.createPanel started ===

stdout | src/timelineRenderer.test.ts > TimelineRenderer > message handling > should handle ready message by sending initial data
=== DIAGNOSTIC: TimelineRenderer.createPanel started ===

stdout | src/timelineRenderer.test.ts > TimelineRenderer > message handling > should handle select message by showing claim details
=== DIAGNOSTIC: TimelineRenderer.createPanel started ===

stdout | src/timelineRenderer.test.ts > TimelineRenderer > message handling > should handle error message by showing error notification
=== DIAGNOSTIC: TimelineRenderer.createPanel started ===

stderr | src/timelineRenderer.test.ts > TimelineRenderer > message handling > should handle error message by showing error notification
Webview error: { message: 'Test error' }

stdout | src/timelineRenderer.test.ts > TimelineRenderer > dispose > should dispose the panel when dispose is called
=== DIAGNOSTIC: TimelineRenderer.createPanel started ===

stdout | src/diagnosticTest.test.ts > DiagnosticTest > should run diagnostic test successfully
=== DIAGNOSTIC TEST STARTED ===
Testing file: /home/pk/git/vscode-json-viewer/test-claims.json

stdout | src/diagnosticTest.test.ts > DiagnosticTest > should run diagnostic test successfully
File content loaded: {
  "rxTba": [
    {
      "id": "rx1",
      "dos": "2024-01-15",
      "dayssupply": 30,
      "medication": "Test Medication",
      "dosage": "10mg once daily"
    },
    {
      "id": "rx2",
      "dos": "2024-02-01",
      "dayssupply": 7,
      "medication": "Another Medication",
      "dosage": "5mg twice daily"
    }
  ]
}
Simple parser result: {
  success: true,
  error: null,
  timelineData: {
    claims: [ [Object], [Object] ],
    dateRange: { start: 2024-01-15T00:00:00.000Z, end: 2024-02-14T00:00:00.000Z },
    metadata: { totalClaims: 2, claimTypes: [Array] }
  },
  outputFormat: {
    claimsStructure: { totalClaims: 2, claimTypes: [Array], dateRange: [Object] },
    dateFormats: {
      startDateType: 'object',
      endDateType: 'object',
      startDateISO: '2024-01-15T00:00:00.000Z',
      endDateISO: '2024-02-14T00:00:00.000Z'
    },
    fieldTypes: {
      id: 'string',
      type: 'string',
      displayName: 'string',
      color: 'string',
      details: 'object'
    },
    sampleClaim: {
      id: 'rx1',
      type: 'rxTba',
      startDate: '2024-01-15T00:00:00.000Z',
      endDate: '2024-02-14T00:00:00.000Z',
      displayName: 'Test Medication',
      color: '#FF6B6B',
      detailsKeys: [Array]
    }
  },
  claimCount: 2,
  processingSteps: [
    'Starting simple parsing approach',
    'Found rxTba array with 2 items',
    'Processing item 0: {"id":"rx1","dos":"2024-01-15","dayssupply":30,"medication":"Test Medication","dosage":"10mg once daily"}',
    'Created claim: {"id":"rx1","type":"rxTba","startDate":"2024-01-15T00:00:00.000Z","endDate":"2024-02-14T00:00:00.000Z","displayName":"Test Medication"}',
    'Processing item 1: {"id":"rx2","dos":"2024-02-01","dayssupply":7,"medication":"Another Medication","dosage":"5mg twice daily"}',
    'Created claim: {"id":"rx2","type":"rxTba","startDate":"2024-02-01T00:00:00.000Z","endDate":"2024-02-08T00:00:00.000Z","displayName":"Another Medication"}',
    'Simple parsing completed successfully'
  ]
}

stdout | src/diagnosticTest.test.ts > DiagnosticTest > should run diagnostic test successfully
Complex parser result: {
  success: true,
  error: null,
  timelineData: {
    claims: [ [Object], [Object] ],
    dateRange: { start: 2024-01-15T05:00:00.000Z, end: 2024-02-14T05:00:00.000Z },
    metadata: { totalClaims: 2, claimTypes: [Array] }
  },
  outputFormat: {
    claimsStructure: { totalClaims: 2, claimTypes: [Array], dateRange: [Object] },
    dateFormats: {
      startDateType: 'object',
      endDateType: 'object',
      startDateISO: '2024-02-01T05:00:00.000Z',
      endDateISO: '2024-02-08T05:00:00.000Z'
    },
    fieldTypes: {
      id: 'string',
      type: 'string',
      displayName: 'string',
      color: 'string',
      details: 'object'
    },
    sampleClaim: {
      id: 'rx2',
      type: 'rxTba',
      startDate: '2024-02-01T05:00:00.000Z',
      endDate: '2024-02-08T05:00:00.000Z',
      displayName: 'Another Medication',
      color: '#FF6B6B',
      detailsKeys: [Array]
    }
  },
  claimCount: 2,
  processingSteps: [
    'Starting complex ClaimsParser test',
    'Using config: {"rxTbaPath":"rxTba","rxHistoryPath":"rxHistory","medHistoryPath":"medHistory","dateFormat":"YYYY-MM-DD","colors":{"rxTba":"#FF6B6B","rxHistory":"#4ECDC4","medHistory":"#45B7D1"}}',
    'Complex parsing completed successfully'
  ]
}

stdout | src/diagnosticTest.test.ts > DiagnosticTest > should run diagnostic test successfully
Flexible parser result: {
  success: true,
  error: null,
  timelineData: {
    claims: [ [Object], [Object] ],
    dateRange: { start: 2024-01-15T05:00:00.000Z, end: 2024-02-14T05:00:00.000Z },
    metadata: { totalClaims: 2, claimTypes: [Array] }
  },
  outputFormat: {
    claimsStructure: { totalClaims: 2, claimTypes: [Array], dateRange: [Object] },
    dateFormats: {
      startDateType: 'object',
      endDateType: 'object',
      startDateISO: '2024-02-01T05:00:00.000Z',
      endDateISO: '2024-02-08T05:00:00.000Z'
    },
    fieldTypes: {
      id: 'string',
      type: 'string',
      displayName: 'string',
      color: 'string',
      details: 'object'
    },
    sampleClaim: {
      id: 'rx2',
      type: 'rxTba',
      startDate: '2024-02-01T05:00:00.000Z',
      endDate: '2024-02-08T05:00:00.000Z',
      displayName: 'Another Medication',
      color: '#FF6B6B',
      detailsKeys: [Array]
    }
  },
  claimCount: 2,
  processingSteps: [
    'Starting FlexibleClaimsParser test',
    'Using flexible config: {\n' +
      '  "globalDateFormat": "YYYY-MM-DD",\n' +
      '  "claimTypes": [\n' +
      '    {\n' +
      '      "name": "rxTba",\n' +
      '      "arrayPath": "rxTba",\n' +
      '      "color": "#FF6B6B",\n' +
      '      "idField": {\n' +
      '        "path": "id",\n' +
      '        "defaultValue": "auto-generated"\n' +
      '      },\n' +
      '      "startDate": {\n' +
      '        "type": "field",\n' +
      '        "field": "dos"\n' +
      '      },\n' +
      '      "endDate": {\n' +
      '        "type": "calculation",\n' +
      '        "calculation": {\n' +
      '          "baseField": "dos",\n' +
      '          "operation": "add",\n' +
      '          "value": "dayssupply",\n' +
      '          "unit": "days"\n' +
      '        }\n' +
      '      },\n' +
      '      "displayName": {\n' +
      '        "path": "medication",\n' +
      '        "defaultValue": "Unknown Medication"\n' +
      '      },\n' +
      '      "displayFields": [\n' +
      '        {\n' +
      '          "label": "Dosage",\n' +
      '          "path": "dosage",\n' +
      '          "showInTooltip": true\n' +
      '        },\n' +
      '        {\n' +
      '          "label": "Days Supply",\n' +
      '          "path": "dayssupply",\n' +
      '          "format": "number",\n' +
      '          "showInTooltip": true\n' +
      '        }\n' +
      '      ]\n' +
      '    }\n' +
      '  ]\n' +
      '}',
    'Flexible parsing completed successfully'
  ]
}
=== DIAGNOSTIC TEST COMPLETED ===
=== DIAGNOSTIC TEST RESULTS ===
File Path: /home/pk/git/vscode-json-viewer/test-claims.json
File Exists: true
File Content: {
  "rxTba": [
    {
      "id": "rx1",
      "dos": "2024-01-15",
      "dayssupply": 30,
      "medication": "Test Medication",
      "dosage": "10mg once daily"
    },
    {
      "id": "rx2",
      "dos": "2024-02-01",
      "dayssupply": 7,
      "medication": "Another Medication",
      "dosage": "5mg twice daily"
    }
  ]
}

--- Simple Parser Result ---
Success: true
Error: null
Claim Count: 2
Processing Steps: [
  'Starting simple parsing approach',
  'Found rxTba array with 2 items',
  'Processing item 0: {"id":"rx1","dos":"2024-01-15","dayssupply":30,"medication":"Test Medication","dosage":"10mg once daily"}',
  'Created claim: {"id":"rx1","type":"rxTba","startDate":"2024-01-15T00:00:00.000Z","endDate":"2024-02-14T00:00:00.000Z","displayName":"Test Medication"}',
  'Processing item 1: {"id":"rx2","dos":"2024-02-01","dayssupply":7,"medication":"Another Medication","dosage":"5mg twice daily"}',
  'Created claim: {"id":"rx2","type":"rxTba","startDate":"2024-02-01T00:00:00.000Z","endDate":"2024-02-08T00:00:00.000Z","displayName":"Another Medication"}',
  'Simple parsing completed successfully'
]
Output Format: {
  "claimsStructure": {
    "totalClaims": 2,
    "claimTypes": [
      "rxTba"
    ],
    "dateRange": {
      "start": "2024-01-15T00:00:00.000Z",
      "end": "2024-02-14T00:00:00.000Z"
    }
  },
  "dateFormats": {
    "startDateType": "object",
    "endDateType": "object",
    "startDateISO": "2024-01-15T00:00:00.000Z",
    "endDateISO": "2024-02-14T00:00:00.000Z"
  },
  "fieldTypes": {
    "id": "string",
    "type": "string",
    "displayName": "string",
    "color": "string",
    "details": "object"
  },
  "sampleClaim": {
    "id": "rx1",
    "type": "rxTba",
    "startDate": "2024-01-15T00:00:00.000Z",
    "endDate": "2024-02-14T00:00:00.000Z",
    "displayName": "Test Medication",
    "color": "#FF6B6B",
    "detailsKeys": [
      "id",
      "dos",
      "dayssupply",
      "medication",
      "dosage"
    ]
  }
}

--- Complex Parser Result ---
Success: true
Error: null
Claim Count: 2
Processing Steps: [
  'Starting complex ClaimsParser test',
  'Using config: {"rxTbaPath":"rxTba","rxHistoryPath":"rxHistory","medHistoryPath":"medHistory","dateFormat":"YYYY-MM-DD","colors":{"rxTba":"#FF6B6B","rxHistory":"#4ECDC4","medHistory":"#45B7D1"}}',
  'Complex parsing completed successfully'
]
Output Format: {
  "claimsStructure": {
    "totalClaims": 2,
    "claimTypes": [
      "rxTba"
    ],
    "dateRange": {
      "start": "2024-01-15T05:00:00.000Z",
      "end": "2024-02-14T05:00:00.000Z"
    }
  },
  "dateFormats": {
    "startDateType": "object",
    "endDateType": "object",
    "startDateISO": "2024-02-01T05:00:00.000Z",
    "endDateISO": "2024-02-08T05:00:00.000Z"
  },
  "fieldTypes": {
    "id": "string",
    "type": "string",
    "displayName": "string",
    "color": "string",
    "details": "object"
  },
  "sampleClaim": {
    "id": "rx2",
    "type": "rxTba",
    "startDate": "2024-02-01T05:00:00.000Z",
    "endDate": "2024-02-08T05:00:00.000Z",
    "displayName": "Another Medication",
    "color": "#FF6B6B",
    "detailsKeys": [
      "medication",
      "dosage",
      "daysSupply",
      "prescriber",
      "quantity",
      "pharmacy",
      "copay",
      "ndc",
      "fillDate",
      "refillsRemaining",
      "id",
      "dos",
      "dayssupply"
    ]
  }
}

--- Flexible Parser Result ---
Success: true
Error: null
Claim Count: 2
Processing Steps: [
  'Starting FlexibleClaimsParser test',
  'Using flexible config: {\n' +
    '  "globalDateFormat": "YYYY-MM-DD",\n' +
    '  "claimTypes": [\n' +
    '    {\n' +
    '      "name": "rxTba",\n' +
    '      "arrayPath": "rxTba",\n' +
    '      "color": "#FF6B6B",\n' +
    '      "idField": {\n' +
    '        "path": "id",\n' +
    '        "defaultValue": "auto-generated"\n' +
    '      },\n' +
    '      "startDate": {\n' +
    '        "type": "field",\n' +
    '        "field": "dos"\n' +
    '      },\n' +
    '      "endDate": {\n' +
    '        "type": "calculation",\n' +
    '        "calculation": {\n' +
    '          "baseField": "dos",\n' +
    '          "operation": "add",\n' +
    '          "value": "dayssupply",\n' +
    '          "unit": "days"\n' +
    '        }\n' +
    '      },\n' +
    '      "displayName": {\n' +
    '        "path": "medication",\n' +
    '        "defaultValue": "Unknown Medication"\n' +
    '      },\n' +
    '      "displayFields": [\n' +
    '        {\n' +
    '          "label": "Dosage",\n' +
    '          "path": "dosage",\n' +
    '          "showInTooltip": true\n' +
    '        },\n' +
    '        {\n' +
    '          "label": "Days Supply",\n' +
    '          "path": "dayssupply",\n' +
    '          "format": "number",\n' +
    '          "showInTooltip": true\n' +
    '        }\n' +
    '      ]\n' +
    '    }\n' +
    '  ]\n' +
    '}',
  'Flexible parsing completed successfully'
]
Output Format: {
  "claimsStructure": {
    "totalClaims": 2,
    "claimTypes": [
      "rxTba"
    ],
    "dateRange": {
      "start": "2024-01-15T05:00:00.000Z",
      "end": "2024-02-14T05:00:00.000Z"
    }
  },
  "dateFormats": {
    "startDateType": "object",
    "endDateType": "object",
    "startDateISO": "2024-02-01T05:00:00.000Z",
    "endDateISO": "2024-02-08T05:00:00.000Z"
  },
  "fieldTypes": {
    "id": "string",
    "type": "string",
    "displayName": "string",
    "color": "string",
    "details": "object"
  },
  "sampleClaim": {
    "id": "rx2",
    "type": "rxTba",
    "startDate": "2024-02-01T05:00:00.000Z",
    "endDate": "2024-02-08T05:00:00.000Z",
    "displayName": "Another Medication",
    "color": "#FF6B6B",
    "detailsKeys": [
      "id",
      "dos",
      "dayssupply",
      "medication",
      "dosage",
      "displayFields"
    ]
  }
}

--- Data Structure Differences ---
startDate.format: Simple=2024-01-15T00:00:00.000Z vs Complex=2024-02-01T05:00:00.000Z (high)
startDate.format: Simple=2024-01-15T00:00:00.000Z vs Flexible=2024-02-01T05:00:00.000Z (high)

--- Recommendations ---
• ✓ Simple parsing approach works - use this as reference format
• ✓ Complex ClaimsParser works correctly
• ✓ FlexibleClaimsParser works correctly
• Data structure differences found:
•   ⚠️  HIGH: startDate.format differs between Simple and Complex
•   ⚠️  HIGH: startDate.format differs between Simple and Flexible

stdout | src/diagnosticTest.test.ts > DiagnosticTest > should handle missing file gracefully
=== DIAGNOSTIC TEST STARTED ===
Testing file: non-existent-file.json

stdout | src/diagnosticTest.test.ts > DiagnosticTest > should identify differences between parser outputs
=== DIAGNOSTIC TEST STARTED ===
Testing file: /home/pk/git/vscode-json-viewer/test-claims.json

stdout | src/diagnosticTest.test.ts > DiagnosticTest > should identify differences between parser outputs
File content loaded: {
  "rxTba": [
    {
      "id": "rx1",
      "dos": "2024-01-15",
      "dayssupply": 30,
      "medication": "Test Medication",
      "dosage": "10mg once daily"
    },
    {
      "id": "rx2",
      "dos": "2024-02-01",
      "dayssupply": 7,
      "medication": "Another Medication",
      "dosage": "5mg twice daily"
    }
  ]
}
Simple parser result: {
  success: true,
  error: null,
  timelineData: {
    claims: [ [Object], [Object] ],
    dateRange: { start: 2024-01-15T00:00:00.000Z, end: 2024-02-14T00:00:00.000Z },
    metadata: { totalClaims: 2, claimTypes: [Array] }
  },
  outputFormat: {
    claimsStructure: { totalClaims: 2, claimTypes: [Array], dateRange: [Object] },
    dateFormats: {
      startDateType: 'object',
      endDateType: 'object',
      startDateISO: '2024-01-15T00:00:00.000Z',
      endDateISO: '2024-02-14T00:00:00.000Z'
    },
    fieldTypes: {
      id: 'string',
      type: 'string',
      displayName: 'string',
      color: 'string',
      details: 'object'
    },
    sampleClaim: {
      id: 'rx1',
      type: 'rxTba',
      startDate: '2024-01-15T00:00:00.000Z',
      endDate: '2024-02-14T00:00:00.000Z',
      displayName: 'Test Medication',
      color: '#FF6B6B',
      detailsKeys: [Array]
    }
  },
  claimCount: 2,
  processingSteps: [
    'Starting simple parsing approach',
    'Found rxTba array with 2 items',
    'Processing item 0: {"id":"rx1","dos":"2024-01-15","dayssupply":30,"medication":"Test Medication","dosage":"10mg once daily"}',
    'Created claim: {"id":"rx1","type":"rxTba","startDate":"2024-01-15T00:00:00.000Z","endDate":"2024-02-14T00:00:00.000Z","displayName":"Test Medication"}',
    'Processing item 1: {"id":"rx2","dos":"2024-02-01","dayssupply":7,"medication":"Another Medication","dosage":"5mg twice daily"}',
    'Created claim: {"id":"rx2","type":"rxTba","startDate":"2024-02-01T00:00:00.000Z","endDate":"2024-02-08T00:00:00.000Z","displayName":"Another Medication"}',
    'Simple parsing completed successfully'
  ]
}

stdout | src/diagnosticTest.test.ts > DiagnosticTest > should identify differences between parser outputs
Complex parser result: {
  success: true,
  error: null,
  timelineData: {
    claims: [ [Object], [Object] ],
    dateRange: { start: 2024-01-15T05:00:00.000Z, end: 2024-02-14T05:00:00.000Z },
    metadata: { totalClaims: 2, claimTypes: [Array] }
  },
  outputFormat: {
    claimsStructure: { totalClaims: 2, claimTypes: [Array], dateRange: [Object] },
    dateFormats: {
      startDateType: 'object',
      endDateType: 'object',
      startDateISO: '2024-02-01T05:00:00.000Z',
      endDateISO: '2024-02-08T05:00:00.000Z'
    },
    fieldTypes: {
      id: 'string',
      type: 'string',
      displayName: 'string',
      color: 'string',
      details: 'object'
    },
    sampleClaim: {
      id: 'rx2',
      type: 'rxTba',
      startDate: '2024-02-01T05:00:00.000Z',
      endDate: '2024-02-08T05:00:00.000Z',
      displayName: 'Another Medication',
      color: '#FF6B6B',
      detailsKeys: [Array]
    }
  },
  claimCount: 2,
  processingSteps: [
    'Starting complex ClaimsParser test',
    'Using config: {"rxTbaPath":"rxTba","rxHistoryPath":"rxHistory","medHistoryPath":"medHistory","dateFormat":"YYYY-MM-DD","colors":{"rxTba":"#FF6B6B","rxHistory":"#4ECDC4","medHistory":"#45B7D1"}}',
    'Complex parsing completed successfully'
  ]
}

stdout | src/diagnosticTest.test.ts > DiagnosticTest > should identify differences between parser outputs
Flexible parser result: {
  success: true,
  error: null,
  timelineData: {
    claims: [ [Object], [Object] ],
    dateRange: { start: 2024-01-15T05:00:00.000Z, end: 2024-02-14T05:00:00.000Z },
    metadata: { totalClaims: 2, claimTypes: [Array] }
  },
  outputFormat: {
    claimsStructure: { totalClaims: 2, claimTypes: [Array], dateRange: [Object] },
    dateFormats: {
      startDateType: 'object',
      endDateType: 'object',
      startDateISO: '2024-02-01T05:00:00.000Z',
      endDateISO: '2024-02-08T05:00:00.000Z'
    },
    fieldTypes: {
      id: 'string',
      type: 'string',
      displayName: 'string',
      color: 'string',
      details: 'object'
    },
    sampleClaim: {
      id: 'rx2',
      type: 'rxTba',
      startDate: '2024-02-01T05:00:00.000Z',
      endDate: '2024-02-08T05:00:00.000Z',
      displayName: 'Another Medication',
      color: '#FF6B6B',
      detailsKeys: [Array]
    }
  },
  claimCount: 2,
  processingSteps: [
    'Starting FlexibleClaimsParser test',
    'Using flexible config: {\n' +
      '  "globalDateFormat": "YYYY-MM-DD",\n' +
      '  "claimTypes": [\n' +
      '    {\n' +
      '      "name": "rxTba",\n' +
      '      "arrayPath": "rxTba",\n' +
      '      "color": "#FF6B6B",\n' +
      '      "idField": {\n' +
      '        "path": "id",\n' +
      '        "defaultValue": "auto-generated"\n' +
      '      },\n' +
      '      "startDate": {\n' +
      '        "type": "field",\n' +
      '        "field": "dos"\n' +
      '      },\n' +
      '      "endDate": {\n' +
      '        "type": "calculation",\n' +
      '        "calculation": {\n' +
      '          "baseField": "dos",\n' +
      '          "operation": "add",\n' +
      '          "value": "dayssupply",\n' +
      '          "unit": "days"\n' +
      '        }\n' +
      '      },\n' +
      '      "displayName": {\n' +
      '        "path": "medication",\n' +
      '        "defaultValue": "Unknown Medication"\n' +
      '      },\n' +
      '      "displayFields": [\n' +
      '        {\n' +
      '          "label": "Dosage",\n' +
      '          "path": "dosage",\n' +
      '          "showInTooltip": true\n' +
      '        },\n' +
      '        {\n' +
      '          "label": "Days Supply",\n' +
      '          "path": "dayssupply",\n' +
      '          "format": "number",\n' +
      '          "showInTooltip": true\n' +
      '        }\n' +
      '      ]\n' +
      '    }\n' +
      '  ]\n' +
      '}',
    'Flexible parsing completed successfully'
  ]
}
=== DIAGNOSTIC TEST COMPLETED ===

 ✓ src/diagnosticTest.test.ts  (3 tests) 66ms
 ✓ src/hybridParser.test.ts  (5 tests) 167ms
 ❯ src/hybridParser.integration.test.ts  (2 tests | 1 failed) 59ms
   ❯ src/hybridParser.integration.test.ts > HybridParser Integration > should parse test-claims.json successfully
     → expected 'rx2' to be 'rx1' // Object.is equality
stdout | src/hybridParser.integration.test.ts > HybridParser Integration > should determine parsing strategy for test-claims.json
✓ HybridParser determined strategy: complex

 ✓ src/comprehensive-regression.test.ts  (2 tests) 254ms
